> Task :tck-build-logic:extractPluginRequests UP-TO-DATE
> Task :tck-build-logic:generatePluginAdapters UP-TO-DATE
> Task :tck-build-logic:compileJava UP-TO-DATE
> Task :tck-build-logic:compileGroovy UP-TO-DATE
> Task :tck-build-logic:compileGroovyPlugins UP-TO-DATE
> Task :tck-build-logic:pluginDescriptors UP-TO-DATE
> Task :tck-build-logic:processResources UP-TO-DATE
> Task :tck-build-logic:classes UP-TO-DATE
> Task :tck-build-logic:jar UP-TO-DATE

> Configure project :
GraalVM Reachability Metadata TCK
---------------------------------

> Task :populateArtifactURLs
I filled in the missing fields for the `3.0.0-alpha1` entry in `metadata/org.apache.logging.log4j/log4j-slf4j2-impl/index.json`. The file still parses as valid JSON.

- **source-code-url:** `https://repo1.maven.org/maven2/org/apache/logging/log4j/log4j-slf4j2-impl/$version$/log4j-slf4j2-impl-$version$-sources.jar`. The Maven sources jar for `3.0.0-alpha1` returned HTTP 200.
- **repository-url:** `https://github.com/apache/logging-log4j2`
- **test-code-url:** `https://github.com/apache/logging-log4j2/tree/rel/$version$/log4j-slf4j2-impl/src/test`. Maven has no tests jar for this version (404), so I used the GitHub `rel/3.0.0-alpha1` tag, which returned HTTP 200.
- **documentation-url:** `https://github.com/apache/logging-log4j2/blob/rel/$version$/src/site/markdown/log4j-slf4j2-impl.md`. This page exists at the tag (HTTP 200). The Antora path used by the 2.24.3 entry gives a 404 at this tag.
- **description:** "Apache Log4j SLF4J 2 Binding bridges the SLF4J 2 API to Log4j so SLF4J logging calls are forwarded into Log4j. It lets applications and libraries that use SLF4J 2 run with Log4j as the logging implementation without changing their SLF4J logging code."
- **language:** left absent, since this is a plain Java library.

I did not run any Gradle checks.
Ran agent for org.apache.logging.log4j:log4j-slf4j2-impl:3.0.0-alpha1 (exit 0). Log: /home/oracle/oracle/graalvm-reachability-metadata/forge/local_repositories/forge_worktrees/9369-77f2f582/build/agent-url-discovery-logs/org.apache.logging.log4j-log4j-slf4j2-impl-3.0.0-alpha1.log
Completed populateArtifactURLs: invoked=1, prompted=0, skipped=0, overwriteExisting=false, verifyArtifactSources=false, limit=null

[Incubating] Problems report is available at: file:///home/oracle/oracle/graalvm-reachability-metadata/forge/local_repositories/forge_worktrees/9369-77f2f582/build/reports/problems/problems-report.html

Deprecated Gradle features were used in this build, making it incompatible with Gradle 10.

You can use '--warning-mode all' to show the individual deprecation warnings and determine if they come from your own scripts or plugins.

For more on this, please refer to https://docs.gradle.org/9.1.0/userguide/command_line_interface.html#sec:command_line_warnings in the Gradle documentation.

BUILD SUCCESSFUL in 38s
9 actionable tasks: 1 executed, 8 up-to-date
