Command: ./gradlew spotlessApply -Pcoordinates=org.springframework.cloud:spring-cloud-vault-config:5.0.2
Working directory: /home/mihailo/git/graalvm-reachability-metadata/forge/local_repositories/forge_worktrees/9705-b5831e6c

--- output ---
> Task :tck-build-logic:extractPluginRequests UP-TO-DATE
> Task :tck-build-logic:generatePluginAdapters UP-TO-DATE
> Task :tck-build-logic:compileJava UP-TO-DATE
> Task :tck-build-logic:compileGroovy UP-TO-DATE
> Task :tck-build-logic:compileGroovyPlugins UP-TO-DATE
> Task :tck-build-logic:pluginDescriptors UP-TO-DATE
> Task :tck-build-logic:processResources UP-TO-DATE
> Task :tck-build-logic:classes UP-TO-DATE
> Task :tck-build-logic:jar UP-TO-DATE

> Configure project :
GraalVM Reachability Metadata TCK
---------------------------------

> Task :spotlessInternalRegisterDependencies
> Task :spotlessGroovy FROM-CACHE
> Task :spotlessGroovyApply UP-TO-DATE
> Task :spotlessGroovyGradle
> Task :spotlessGroovyGradleApply
> Task :spotlessJava
> Task :spotlessJavaApply
> Task :spotlessJson FROM-CACHE
> Task :spotlessJsonApply UP-TO-DATE
> Task :spotlessPython FROM-CACHE
> Task :spotlessPythonApply UP-TO-DATE
> Task :spotlessShell FROM-CACHE
> Task :spotlessShellApply UP-TO-DATE
> Task :spotlessApply

[Incubating] Problems report is available at: file:///home/mihailo/git/graalvm-reachability-metadata/forge/local_repositories/forge_worktrees/9705-b5831e6c/build/reports/problems/problems-report.html

Deprecated Gradle features were used in this build, making it incompatible with Gradle 10.

You can use '--warning-mode all' to show the individual deprecation warnings and determine if they come from your own scripts or plugins.

For more on this, please refer to https://docs.gradle.org/9.1.0/userguide/command_line_interface.html#sec:command_line_warnings in the Gradle documentation.

BUILD SUCCESSFUL in 43s
21 actionable tasks: 5 executed, 4 from cache, 12 up-to-date
Consider enabling configuration cache to speed up this build: https://docs.gradle.org/9.1.0/userguide/configuration_cache_enabling.html
