> Task :tck-build-logic:extractPluginRequests UP-TO-DATE
> Task :tck-build-logic:generatePluginAdapters UP-TO-DATE
> Task :tck-build-logic:compileJava UP-TO-DATE
> Task :tck-build-logic:compileGroovy UP-TO-DATE
> Task :tck-build-logic:compileGroovyPlugins UP-TO-DATE
> Task :tck-build-logic:pluginDescriptors UP-TO-DATE
> Task :tck-build-logic:processResources UP-TO-DATE
> Task :tck-build-logic:classes UP-TO-DATE
> Task :tck-build-logic:jar UP-TO-DATE

> Configure project :
GraalVM Reachability Metadata TCK
---------------------------------

> Task :populateArtifactURLs
I filled in the missing fields in `metadata/com.sun.xml.stream.buffer/streambuffer/index.json` for the `2.1.0` entry. I checked each URL with `curl` for HTTP 200, but I didn't open any of them to read the contents. The other fields are unchanged and the JSON is valid.

- **source-code-url:** `https://repo1.maven.org/maven2/com/sun/xml/stream/buffer/streambuffer/$version$/streambuffer-$version$-sources.jar`. I preferred the sources jar on Maven Central, as you asked.
- **repository-url:** `https://github.com/eclipse-ee4j/metro-xmlstreambuffer`. This is the `<url>` in the library's pom.
- **test-code-url:** `https://github.com/eclipse-ee4j/metro-xmlstreambuffer/tree/$version$/streambuffer/src/test`. Maven Central has no tests jar for this library, so I used the GitHub `2.1.0` tag.
- **documentation-url:** `https://javadoc.io/doc/com.sun.xml.stream.buffer/streambuffer/$version$/index.html`. The Maven javadoc jar isn't browsable, so I used the versioned javadoc.io page for it.
- **description:** "Stream Buffer is a Java library that provides a compact, stream-based representation of an XML infoset. It lets applications record XML events from SAX, StAX, or DOM sources and replay them efficiently, and it is used by Metro web services." The pom only says "Stream based representation for XML infoset". The SAX/StAX/DOM and Metro details come from my own knowledge of the library, not from anything I checked.
- **language:** left absent, since this is a plain Java library and not specific to Kotlin, Groovy or Scala.
Ran agent for com.sun.xml.stream.buffer:streambuffer:2.1.0 (exit 0). Log: /home/oracle/oracle/metadata2/graalvm-reachability-metadata/forge/local_repositories/forge_worktrees/9941-c679939a/build/agent-url-discovery-logs/com.sun.xml.stream.buffer-streambuffer-2.1.0.log
Completed populateArtifactURLs: invoked=1, prompted=0, skipped=0, overwriteExisting=false, verifyArtifactSources=false, limit=null

[Incubating] Problems report is available at: file:///home/oracle/oracle/metadata2/graalvm-reachability-metadata/forge/local_repositories/forge_worktrees/9941-c679939a/build/reports/problems/problems-report.html

Deprecated Gradle features were used in this build, making it incompatible with Gradle 10.

You can use '--warning-mode all' to show the individual deprecation warnings and determine if they come from your own scripts or plugins.

For more on this, please refer to https://docs.gradle.org/9.1.0/userguide/command_line_interface.html#sec:command_line_warnings in the Gradle documentation.

BUILD SUCCESSFUL in 28s
9 actionable tasks: 1 executed, 8 up-to-date
