Command: ./gradlew spotlessCheck -Pcoordinates=io.smallrye.reactive:mutiny-zero:1.3.1
Working directory: /home/oracle/oracle/graalvm-reachability-metadata/forge/local_repositories/forge_worktrees/10461-54644b1c

--- output ---
> Task :tck-build-logic:extractPluginRequests UP-TO-DATE
> Task :tck-build-logic:generatePluginAdapters UP-TO-DATE
> Task :tck-build-logic:compileJava UP-TO-DATE
> Task :tck-build-logic:compileGroovy UP-TO-DATE
> Task :tck-build-logic:compileGroovyPlugins UP-TO-DATE
> Task :tck-build-logic:pluginDescriptors UP-TO-DATE
> Task :tck-build-logic:processResources UP-TO-DATE
> Task :tck-build-logic:classes UP-TO-DATE
> Task :tck-build-logic:jar UP-TO-DATE

> Configure project :
GraalVM Reachability Metadata TCK
---------------------------------

> Task :spotlessInternalRegisterDependencies UP-TO-DATE
> Task :spotlessGroovy UP-TO-DATE
> Task :spotlessGroovyCheck UP-TO-DATE
> Task :spotlessGroovyGradle UP-TO-DATE
> Task :spotlessGroovyGradleCheck UP-TO-DATE
> Task :spotlessJava UP-TO-DATE
> Task :spotlessJavaCheck UP-TO-DATE
> Task :spotlessJson UP-TO-DATE
> Task :spotlessJsonCheck UP-TO-DATE
> Task :spotlessPython UP-TO-DATE
> Task :spotlessPythonCheck UP-TO-DATE
> Task :spotlessShell UP-TO-DATE
> Task :spotlessShellCheck UP-TO-DATE
> Task :spotlessCheck UP-TO-DATE

[Incubating] Problems report is available at: file:///home/oracle/oracle/graalvm-reachability-metadata/forge/local_repositories/forge_worktrees/10461-54644b1c/build/reports/problems/problems-report.html

Deprecated Gradle features were used in this build, making it incompatible with Gradle 10.

You can use '--warning-mode all' to show the individual deprecation warnings and determine if they come from your own scripts or plugins.

For more on this, please refer to https://docs.gradle.org/9.1.0/userguide/command_line_interface.html#sec:command_line_warnings in the Gradle documentation.

BUILD SUCCESSFUL in 1m 26s
21 actionable tasks: 21 up-to-date
Consider enabling configuration cache to speed up this build: https://docs.gradle.org/9.1.0/userguide/configuration_cache_enabling.html
