> Task :tck-build-logic:extractPluginRequests UP-TO-DATE
> Task :tck-build-logic:generatePluginAdapters UP-TO-DATE
> Task :tck-build-logic:compileJava UP-TO-DATE
> Task :tck-build-logic:compileGroovy UP-TO-DATE
> Task :tck-build-logic:compileGroovyPlugins UP-TO-DATE
> Task :tck-build-logic:pluginDescriptors UP-TO-DATE
> Task :tck-build-logic:processResources UP-TO-DATE
> Task :tck-build-logic:classes UP-TO-DATE
> Task :tck-build-logic:jar UP-TO-DATE

> Configure project :
GraalVM Reachability Metadata TCK
---------------------------------

> Task :populateArtifactURLs
I couldn't update `metadata/jakarta.websocket/jakarta.websocket-api/index.json`. The Edit tool was denied because the session is in don't-ask mode, and I didn't try another way to write the file. Nothing has been changed.

Here is what I would have added to the `2.3.0-M1` entry:

- **`source-code-url`:** `https://repo.maven.apache.org/maven2/jakarta/websocket/jakarta.websocket-api/$version$/jakarta.websocket-api-$version$-sources.jar`. I checked that the 2.3.0-M1 sources jar exists on Maven Central (HTTP 200).
- **`repository-url`:** `https://github.com/jakartaee/websocket`.
- **`test-code-url`:** `N/A`. The tests jar for 2.3.0-M1 returns 404 on Maven Central, and the existing 2.1.0 entry also uses `N/A`.
- **`documentation-url`:** `https://repo.maven.apache.org/maven2/jakarta/websocket/jakarta.websocket-api/$version$/jakarta.websocket-api-$version$-javadoc.jar`. The javadoc jar for 2.3.0-M1 exists on Maven Central (HTTP 200).
- **`description`:** "Jakarta WebSocket API provides the standard Java contract for building WebSocket server and client endpoints in Jakarta EE applications. It defines annotations and interfaces such as ServerEndpoint, ServerContainer, ServerEndpointConfig, and HandshakeRequest while leaving runtime behavior to a compatible implementation."
- **`language`:** left absent, because this is a plain Java library and not language-specific.

If you allow edits, or tell me to apply the change another way, I'll make it.
Ran agent for jakarta.websocket:jakarta.websocket-api:2.3.0-M1 (exit 0). Log: /home/oracle/oracle/metadata2/graalvm-reachability-metadata/forge/local_repositories/forge_worktrees/9358-0d3679e0/build/agent-url-discovery-logs/jakarta.websocket-jakarta.websocket-api-2.3.0-M1.log
Completed populateArtifactURLs: invoked=1, prompted=0, skipped=0, overwriteExisting=false, verifyArtifactSources=false, limit=null

[Incubating] Problems report is available at: file:///home/oracle/oracle/metadata2/graalvm-reachability-metadata/forge/local_repositories/forge_worktrees/9358-0d3679e0/build/reports/problems/problems-report.html

Deprecated Gradle features were used in this build, making it incompatible with Gradle 10.

You can use '--warning-mode all' to show the individual deprecation warnings and determine if they come from your own scripts or plugins.

For more on this, please refer to https://docs.gradle.org/9.1.0/userguide/command_line_interface.html#sec:command_line_warnings in the Gradle documentation.

BUILD SUCCESSFUL in 21s
9 actionable tasks: 1 executed, 8 up-to-date
