> Task :tck-build-logic:extractPluginRequests UP-TO-DATE
> Task :tck-build-logic:generatePluginAdapters UP-TO-DATE
> Task :tck-build-logic:compileJava UP-TO-DATE
> Task :tck-build-logic:compileGroovy UP-TO-DATE
> Task :tck-build-logic:compileGroovyPlugins UP-TO-DATE
> Task :tck-build-logic:pluginDescriptors UP-TO-DATE
> Task :tck-build-logic:processResources UP-TO-DATE
> Task :tck-build-logic:classes UP-TO-DATE
> Task :tck-build-logic:jar UP-TO-DATE

> Configure project :
GraalVM Reachability Metadata TCK
---------------------------------

> Task :populateArtifactURLs
I filled in the missing fields for the `4.2.1.Final` entry in `metadata/io.netty/netty-codec-dns/index.json`. I didn't run any JSON or Gradle checks on the edited file.

- **source-code-url:** `https://repo.maven.apache.org/maven2/io/netty/netty-codec-dns/$version$/netty-codec-dns-$version$-sources.jar`
- **repository-url:** `https://github.com/netty/netty`
- **test-code-url:** `https://repo.maven.apache.org/maven2/io/netty/netty-codec-dns/$version$/netty-codec-dns-$version$-test-sources.jar`
- **documentation-url:** `https://repo.maven.apache.org/maven2/io/netty/netty-codec-dns/$version$/netty-codec-dns-$version$-javadoc.jar`
- **description:** "Netty Codec DNS provides DNS protocol message types, encoders, and decoders for Netty's asynchronous networking framework. It supports building and parsing DNS queries and responses for resolver and DNS-related network components." This is the same two-sentence text the `4.1.79.Final` and `4.1.74.Final` entries already use.
- **language:** left absent, because this is a plain Java library and not specific to Kotlin, Groovy or Scala.

The only tested version is `4.2.1.Final`. I checked with `curl` that the sources, test-sources and javadoc jars for that version each return HTTP 200 on Maven Central, so the templates render to working URLs.

I didn't touch any other fields or entries.
Ran agent for io.netty:netty-codec-dns:4.2.1.Final (exit 0). Log: /home/oracle/oracle/metadata2/graalvm-reachability-metadata/forge/local_repositories/forge_worktrees/9339-05e374e1/build/agent-url-discovery-logs/io.netty-netty-codec-dns-4.2.1.Final.log
Completed populateArtifactURLs: invoked=1, prompted=0, skipped=0, overwriteExisting=false, verifyArtifactSources=false, limit=null

[Incubating] Problems report is available at: file:///home/oracle/oracle/metadata2/graalvm-reachability-metadata/forge/local_repositories/forge_worktrees/9339-05e374e1/build/reports/problems/problems-report.html

Deprecated Gradle features were used in this build, making it incompatible with Gradle 10.

You can use '--warning-mode all' to show the individual deprecation warnings and determine if they come from your own scripts or plugins.

For more on this, please refer to https://docs.gradle.org/9.1.0/userguide/command_line_interface.html#sec:command_line_warnings in the Gradle documentation.

BUILD SUCCESSFUL in 22s
9 actionable tasks: 1 executed, 8 up-to-date
