Command: ./gradlew generateLibraryStats -Pcoordinates=com.microsoft.azure:msal4j:1.15.0
Working directory: /home/oracle/oracle/graalvm-reachability-metadata/forge/local_repositories/forge_worktrees/10067-7f621195

--- output ---
> Task :tck-build-logic:extractPluginRequests UP-TO-DATE
> Task :tck-build-logic:generatePluginAdapters UP-TO-DATE
> Task :tck-build-logic:compileJava UP-TO-DATE
> Task :tck-build-logic:compileGroovy UP-TO-DATE
> Task :tck-build-logic:compileGroovyPlugins UP-TO-DATE
> Task :tck-build-logic:pluginDescriptors UP-TO-DATE
> Task :tck-build-logic:processResources UP-TO-DATE
> Task :tck-build-logic:classes UP-TO-DATE
> Task :tck-build-logic:jar UP-TO-DATE

> Configure project :
GraalVM Reachability Metadata TCK
---------------------------------

> Task :generateLibraryStats
> Task :tck-build-logic:extractPluginRequests UP-TO-DATE
> Task :tck-build-logic:generatePluginAdapters UP-TO-DATE
> Task :tck-build-logic:compileJava UP-TO-DATE
> Task :tck-build-logic:compileGroovy UP-TO-DATE
> Task :tck-build-logic:compileGroovyPlugins UP-TO-DATE
> Task :tck-build-logic:pluginDescriptors UP-TO-DATE
> Task :tck-build-logic:processResources UP-TO-DATE
> Task :tck-build-logic:classes UP-TO-DATE
> Task :tck-build-logic:jar UP-TO-DATE

> Configure project :
GraalVM Reachability Metadata TCK
---------------------------------

> Task :jacocoCodeCoverageReport
> Task :tck-build-logic:extractPluginRequests UP-TO-DATE
> Task :tck-build-logic:generatePluginAdapters UP-TO-DATE
> Task :tck-build-logic:compileJava UP-TO-DATE
> Task :tck-build-logic:compileGroovy UP-TO-DATE
> Task :tck-build-logic:compileGroovyPlugins UP-TO-DATE
> Task :tck-build-logic:pluginDescriptors UP-TO-DATE
> Task :tck-build-logic:processResources UP-TO-DATE
> Task :tck-build-logic:classes UP-TO-DATE
> Task :tck-build-logic:jar UP-TO-DATE
> Task :tck-test-support:compileJava UP-TO-DATE
> Task :tck-test-support:processResources UP-TO-DATE
> Task :tck-test-support:classes UP-TO-DATE
> Task :checkTestTimeoutAnnotations
> Task :tck-test-support:jar UP-TO-DATE
> Task :compileCodeCoverageJava NO-SOURCE
> Task :processCodeCoverageResources NO-SOURCE
> Task :codeCoverageClasses UP-TO-DATE
> Task :codeCoverageTest SKIPPED
> Task :compileJava NO-SOURCE
> Task :processResources NO-SOURCE
> Task :classes UP-TO-DATE
> Task :compileTestJava UP-TO-DATE
> Task :processTestResources NO-SOURCE
> Task :testClasses UP-TO-DATE
> Task :test UP-TO-DATE
> Task :jacocoCodeCoverageReport

[Incubating] Problems report is available at: file:///home/oracle/oracle/graalvm-reachability-metadata/forge/local_repositories/forge_worktrees/10067-7f621195/tests/src/com.microsoft.azure/msal4j/1.15.0/build/reports/problems/problems-report.html

Deprecated Gradle features were used in this build, making it incompatible with Gradle 10.

You can use '--warning-mode all' to show the individual deprecation warnings and determine if they come from your own scripts or plugins.

For more on this, please refer to https://docs.gradle.org/9.1.0/userguide/command_line_interface.html#sec:command_line_warnings in the Gradle documentation.

BUILD SUCCESSFUL in 5s
15 actionable tasks: 2 executed, 13 up-to-date

[Incubating] Problems report is available at: file:///home/oracle/oracle/graalvm-reachability-metadata/forge/local_repositories/forge_worktrees/10067-7f621195/build/reports/problems/problems-report.html

Deprecated Gradle features were used in this build, making it incompatible with Gradle 10.

You can use '--warning-mode all' to show the individual deprecation warnings and determine if they come from your own scripts or plugins.

For more on this, please refer to https://docs.gradle.org/9.1.0/userguide/command_line_interface.html#sec:command_line_warnings in the Gradle documentation.

BUILD SUCCESSFUL in 8s
9 actionable tasks: 1 executed, 8 up-to-date
> Task :tck-build-logic:extractPluginRequests UP-TO-DATE
> Task :tck-build-logic:generatePluginAdapters UP-TO-DATE
> Task :tck-build-logic:compileJava UP-TO-DATE
> Task :tck-build-logic:compileGroovy UP-TO-DATE
> Task :tck-build-logic:compileGroovyPlugins UP-TO-DATE
> Task :tck-build-logic:pluginDescriptors UP-TO-DATE
> Task :tck-build-logic:processResources UP-TO-DATE
> Task :tck-build-logic:classes UP-TO-DATE
> Task :tck-build-logic:jar UP-TO-DATE

> Task :generateDynamicAccessReport
> Task :tck-build-logic:extractPluginRequests UP-TO-DATE
> Task :tck-build-logic:generatePluginAdapters UP-TO-DATE
> Task :tck-build-logic:compileJava UP-TO-DATE
> Task :tck-build-logic:compileGroovy UP-TO-DATE
> Task :tck-build-logic:compileGroovyPlugins UP-TO-DATE
> Task :tck-build-logic:pluginDescriptors UP-TO-DATE
> Task :tck-build-logic:processResources UP-TO-DATE
> Task :tck-build-logic:classes UP-TO-DATE
> Task :tck-build-logic:jar UP-TO-DATE
> Task :compileJava NO-SOURCE
> Task :tck-test-support:compileJava UP-TO-DATE
> Task :processResources NO-SOURCE
> Task :classes UP-TO-DATE
> Task :tck-test-support:processResources UP-TO-DATE
> Task :tck-test-support:classes UP-TO-DATE
> Task :tck-test-support:jar UP-TO-DATE
> Task :jar UP-TO-DATE
> Task :compileTestJava UP-TO-DATE
> Task :checkTestTimeoutAnnotations
> Task :processTestResources NO-SOURCE
> Task :testClasses UP-TO-DATE
> Task :test UP-TO-DATE
> Task :generateTestResourcesConfigFile UP-TO-DATE

> Task :nativeTestCompile
[native-image-plugin] GraalVM Toolchain detection is disabled
[native-image-plugin] GraalVM location read from environment variable: GRAALVM_HOME
[native-image-plugin] Native Image executable path: /home/oracle/oracle/graal/sdk/mxbuild/linux-amd64/GRAALVM_NI_EE_JAVA25/graalvm-ni-ee-25.4.4.1.1-dev+1.1/lib/svm/bin/native-image
Picked up NATIVE_IMAGE_OPTIONS: -H:+UnlockExperimentalVMOptions -H:-OutlineStringBuilderAppends -H:-OutlineStringBufferAppends -H:-OutlineIndyStringConcatenations -H:-OutlineSBMaterializations
Warning: Invalid classpath entry: /home/oracle/oracle/graalvm-reachability-metadata/forge/local_repositories/forge_worktrees/10067-7f621195/tests/src/com.microsoft.azure/msal4j/1.15.0/build/resources/test
Warning: Using a deprecated option --no-fallback from command line. No effect, no replacement available
Warning: Using a deprecated option --enable-url-protocols= from command line. Use reachability metadata instead.
Apply jar:file:///home/oracle/oracle/graal/sdk/mxbuild/linux-amd64/GRAALVM_NI_EE_JAVA25/graalvm-ni-ee-25.4.4.1.1-dev+1.1/lib/svm/svm-guest.jar!/META-INF/native-image/org.graalvm.nativeimage.guest/native-image.properties
Apply jar:file:///home/oracle/oracle/graal/sdk/mxbuild/linux-amd64/GRAALVM_NI_EE_JAVA25/graalvm-ni-ee-25.4.4.1.1-dev+1.1/lib/svm/library-support.jar!/META-INF/native-image/com.oracle.svm/polyglot/native-image.properties
Apply jar:file:///home/oracle/oracle/graal/sdk/mxbuild/linux-amd64/GRAALVM_NI_EE_JAVA25/graalvm-ni-ee-25.4.4.1.1-dev+1.1/lib/svm/svm-guest-staging.jar!/META-INF/native-image/org.graalvm.nativeimage.guest/reachability-metadata.json
Executing [
DRIVER_TEMP_DIR_ENV_VARIABLE=/tmp/driverRoot-343603775372037839 \
HOME=/home/oracle \
LANG=en_US.UTF-8 \
LC_ADDRESS=sr_RS \
LC_IDENTIFICATION=sr_RS \
LC_MEASUREMENT=sr_RS \
LC_MONETARY=sr_RS \
LC_NAME=sr_RS \
LC_NUMERIC=sr_RS \
LC_PAPER=sr_RS \
LC_TELEPHONE=sr_RS \
LC_TIME=sr_RS \
PATH=/home/oracle/.local/graalvm/graalvm-25.4.4.1.1-dev+1.1/bin:/home/oracle/.cargo/bin:/home/oracle/.local/bin:/home/oracle/.local/share/pi-node/node-v22.23.2-linux-x64/bin:/home/oracle/.local/bin:/usr/local/sbin:/usr/local/bin:/usr/sbin:/usr/bin:/sbin:/bin:/usr/games:/usr/local/games:/snap/bin:/snap/bin:/home/oracle/oracle/mx \
PWD=/home/oracle/oracle/graalvm-reachability-metadata/forge/local_repositories/forge_worktrees/10067-7f621195/tests/src/com.microsoft.azure/msal4j/1.15.0 \
/home/oracle/oracle/graal/sdk/mxbuild/linux-amd64/GRAALVM_NI_EE_JAVA25/graalvm-ni-ee-25.4.4.1.1-dev+1.1/bin/java \
-XX:+UnlockExperimentalVMOptions \
-XX:+EnableJVMCI \
-Dgraalvm.locatorDisabled=true \
-Dtruffle.TruffleRuntime=com.oracle.truffle.api.impl.DefaultTruffleRuntime \
-Dgraalvm.ForcePolyglotInvalid=true \
-Dsubstratevm.HostLibC=glibc \
--add-exports=java.base/com.sun.crypto.provider=org.graalvm.nativeimage.builder \
--add-exports=java.base/jdk.internal.access=jdk.graal.compiler.hostvmaccess,org.graalvm.nativeimage.builder \
--add-exports=java.base/jdk.internal.event=org.graalvm.nativeimage.builder \
--add-exports=java.base/jdk.internal.foreign=org.graalvm.nativeimage.builder \
--add-exports=java.base/jdk.internal.loader=jdk.graal.compiler.hostvmaccess,org.graalvm.nativeimage.base,org.graalvm.nativeimage.builder \
--add-exports=java.base/jdk.internal.logger=org.graalvm.nativeimage.builder \
--add-exports=java.base/jdk.internal.misc=com.oracle.graal.graal_enterprise,com.oracle.svm.svm_enterprise,jdk.graal.compiler,jdk.graal.compiler.hostvmaccess,org.graalvm.nativeimage.builder,org.graalvm.nativeimage.guest.staging,org.graalvm.nativeimage.objectfile,org.graalvm.nativeimage.pointsto \
--add-exports=java.base/jdk.internal.module=jdk.graal.compiler.hostvmaccess,jdk.graal.compiler.vmaccess,org.graalvm.nativeimage.base,org.graalvm.nativeimage.builder,org.graalvm.nativeimage.shared \
--add-exports=java.base/jdk.internal.perf=org.graalvm.nativeimage.builder \
--add-exports=java.base/jdk.internal.platform=org.graalvm.nativeimage.builder \
--add-exports=java.base/jdk.internal.ref=org.graalvm.nativeimage.builder,org.graalvm.nativeimage.objectfile \
--add-exports=java.base/jdk.internal.reflect=org.graalvm.nativeimage.builder \
--add-exports=java.base/jdk.internal.util=com.oracle.svm.svm_enterprise,org.graalvm.nativeimage.builder \
--add-exports=java.base/jdk.internal.vm.annotation=org.graalvm.nativeimage.builder \
--add-exports=java.base/jdk.internal.vm=org.graalvm.nativeimage.builder \
--add-exports=java.base/jdk.internal=org.graalvm.nativeimage.builder \
--add-exports=java.base/sun.invoke.util=org.graalvm.nativeimage.builder \
--add-exports=java.base/sun.net.www.protocol.file=org.graalvm.nativeimage.builder \
--add-exports=java.base/sun.net.www.protocol.ftp=org.graalvm.nativeimage.builder \
--add-exports=java.base/sun.net.www.protocol.http=org.graalvm.nativeimage.builder \
--add-exports=java.base/sun.net.www.protocol.https=org.graalvm.nativeimage.builder \
--add-exports=java.base/sun.net.www.protocol.jar=org.graalvm.nativeimage.builder \
--add-exports=java.base/sun.net.www.protocol.jmod=org.graalvm.nativeimage.builder \
--add-exports=java.base/sun.net.www.protocol.jrt=org.graalvm.nativeimage.builder \
--add-exports=java.base/sun.net.www.protocol.mailto=org.graalvm.nativeimage.builder \
--add-exports=java.base/sun.net.www=org.graalvm.nativeimage.builder \
--add-exports=java.base/sun.net=org.graalvm.nativeimage.builder \
--add-exports=java.base/sun.nio.ch=org.graalvm.nativeimage.builder,org.graalvm.nativeimage.objectfile \
--add-exports=java.base/sun.reflect.annotation=jdk.graal.compiler.vmaccess,org.graalvm.nativeimage.builder \
--add-exports=java.base/sun.reflect.generics.factory=org.graalvm.nativeimage.builder \
--add-exports=java.base/sun.reflect.generics.reflectiveObjects=org.graalvm.nativeimage.builder \
--add-exports=java.base/sun.reflect.generics.repository=org.graalvm.nativeimage.builder \
--add-exports=java.base/sun.reflect.generics.scope=org.graalvm.nativeimage.builder \
--add-exports=java.base/sun.reflect.generics.tree=org.graalvm.nativeimage.builder \
--add-exports=java.base/sun.security.jca=org.graalvm.nativeimage.builder \
--add-exports=java.base/sun.security.provider=org.graalvm.nativeimage.builder \
--add-exports=java.base/sun.security.rsa=org.graalvm.nativeimage.builder \
--add-exports=java.base/sun.security.ssl=org.graalvm.nativeimage.builder \
--add-exports=java.base/sun.security.util=org.graalvm.nativeimage.builder \
--add-exports=java.base/sun.security.x509=org.graalvm.nativeimage.builder \
--add-exports=java.base/sun.text.spi=org.graalvm.nativeimage.builder \
--add-exports=java.base/sun.util.calendar=org.graalvm.nativeimage.builder \
--add-exports=java.base/sun.util.cldr=org.graalvm.nativeimage.builder \
--add-exports=java.base/sun.util.locale.provider=org.graalvm.nativeimage.builder \
--add-exports=java.base/sun.util.locale=org.graalvm.nativeimage.builder \
--add-exports=java.base/sun.util.resources=org.graalvm.nativeimage.builder \
--add-exports=java.base/sun.util.spi=org.graalvm.nativeimage.builder \
--add-exports=java.base/sun.util=org.graalvm.nativeimage.builder \
--add-exports=java.management/com.sun.jmx.mbeanserver=org.graalvm.nativeimage.builder \
--add-exports=java.management/sun.management=org.graalvm.nativeimage.builder,org.graalvm.nativeimage.pointsto \
--add-exports=jdk.graal.compiler/jdk.graal.compiler.annotation=jdk.graal.compiler.hostvmaccess,jdk.graal.compiler.vmaccess \
--add-exports=jdk.graal.compiler/jdk.graal.compiler.api.replacements=jdk.graal.compiler.hostvmaccess \
--add-exports=jdk.graal.compiler/jdk.graal.compiler.api.runtime=jdk.graal.compiler.hostvmaccess \
--add-exports=jdk.graal.compiler/jdk.graal.compiler.core.target=jdk.graal.compiler.hostvmaccess \
--add-exports=jdk.graal.compiler/jdk.graal.compiler.phases.util=jdk.graal.compiler.hostvmaccess,jdk.graal.compiler.vmaccess \
--add-exports=jdk.graal.compiler/jdk.graal.compiler.runtime=jdk.graal.compiler.hostvmaccess \
--add-exports=jdk.graal.compiler/jdk.graal.compiler.util.json=com.oracle.graal.reporter \
--add-exports=jdk.internal.vm.ci/jdk.vm.ci.aarch64=com.oracle.graal.graal_enterprise,com.oracle.svm.svm_enterprise,jdk.graal.compiler,org.graalvm.nativeimage.builder,org.graalvm.nativeimage.objectfile \
--add-exports=jdk.internal.vm.ci/jdk.vm.ci.amd64=com.oracle.graal.graal_enterprise,com.oracle.svm.svm_enterprise,jdk.graal.compiler,org.graalvm.nativeimage.builder,org.graalvm.nativeimage.objectfile \
--add-exports=jdk.internal.vm.ci/jdk.vm.ci.code.site=com.oracle.svm.svm_enterprise,jdk.graal.compiler,org.graalvm.nativeimage.builder \
--add-exports=jdk.internal.vm.ci/jdk.vm.ci.code.stack=jdk.graal.compiler,org.graalvm.nativeimage.builder \
--add-exports=jdk.internal.vm.ci/jdk.vm.ci.code=com.oracle.graal.graal_enterprise,com.oracle.svm.svm_enterprise,jdk.graal.compiler,jdk.graal.compiler.hostvmaccess,jdk.graal.compiler.vmaccess,org.graalvm.nativeimage.base,org.graalvm.nativeimage.builder,org.graalvm.nativeimage.objectfile,org.graalvm.nativeimage.pointsto,org.graalvm.truffle.compiler \
--add-exports=jdk.internal.vm.ci/jdk.vm.ci.common=com.oracle.graal.graal_enterprise,com.oracle.svm.svm_enterprise,jdk.graal.compiler,org.graalvm.nativeimage.builder,org.graalvm.nativeimage.pointsto \
--add-exports=jdk.internal.vm.ci/jdk.vm.ci.hotspot.aarch64=jdk.graal.compiler \
--add-exports=jdk.internal.vm.ci/jdk.vm.ci.hotspot.amd64=jdk.graal.compiler \
--add-exports=jdk.internal.vm.ci/jdk.vm.ci.hotspot.riscv64=jdk.graal.compiler \
--add-exports=jdk.internal.vm.ci/jdk.vm.ci.hotspot=com.oracle.graal.graal_enterprise,jdk.graal.compiler,org.graalvm.nativeimage.builder \
--add-exports=jdk.internal.vm.ci/jdk.vm.ci.meta.annotation=com.oracle.graal.graal_enterprise,com.oracle.svm.svm_enterprise,jdk.graal.compiler,jdk.graal.compiler.hostvmaccess,jdk.graal.compiler.vmaccess,org.graalvm.nativeimage.base,org.graalvm.nativeimage.builder,org.graalvm.nativeimage.configure,org.graalvm.nativeimage.guest.staging,org.graalvm.nativeimage.objectfile,org.graalvm.nativeimage.pointsto \
--add-exports=jdk.internal.vm.ci/jdk.vm.ci.meta=com.oracle.graal.graal_enterprise,com.oracle.svm.svm_enterprise,jdk.graal.compiler,jdk.graal.compiler.hostvmaccess,jdk.graal.compiler.vmaccess,org.graalvm.nativeimage.base,org.graalvm.nativeimage.builder,org.graalvm.nativeimage.configure,org.graalvm.nativeimage.guest.staging,org.graalvm.nativeimage.objectfile,org.graalvm.nativeimage.pointsto,org.graalvm.truffle.compiler \
--add-exports=jdk.internal.vm.ci/jdk.vm.ci.riscv64=com.oracle.svm.svm_enterprise,jdk.graal.compiler,org.graalvm.nativeimage.builder \
--add-exports=jdk.internal.vm.ci/jdk.vm.ci.runtime=com.oracle.graal.graal_enterprise,jdk.graal.compiler,jdk.graal.compiler.hostvmaccess,org.graalvm.nativeimage.base,org.graalvm.nativeimage.builder,org.graalvm.nativeimage.pointsto \
--add-exports=jdk.internal.vm.ci/jdk.vm.ci.services=com.oracle.graal.graal_enterprise,com.oracle.svm.svm_enterprise,jdk.graal.compiler,org.graalvm.nativeimage.builder \
--add-exports=jdk.jfr/jdk.jfr.events=org.graalvm.nativeimage.builder \
--add-exports=jdk.jfr/jdk.jfr.internal.event=org.graalvm.nativeimage.builder \
--add-exports=jdk.jfr/jdk.jfr.internal.jfc=com.oracle.svm.svm_enterprise,org.graalvm.nativeimage.builder \
--add-exports=jdk.jfr/jdk.jfr.internal.settings=org.graalvm.nativeimage.builder \
--add-exports=jdk.jfr/jdk.jfr.internal.tracing=org.graalvm.nativeimage.builder \
--add-exports=jdk.jfr/jdk.jfr.internal=com.oracle.svm.svm_enterprise,org.graalvm.nativeimage.builder \
--add-exports=jdk.management/com.sun.management.internal=org.graalvm.nativeimage.builder \
-XX:-UseJVMCICompiler \
-XX:MaxRAMPercentage=69.41056211384283 \
'-Dsvm.build.memoryUsageReasonText=21.63GiB of memory (69.4% of system memory, using all available memory)' \
-Xss10m \
-XX:+UseParallelGC \
-XX:GCTimeRatio=9 \
-XX:+ExitOnOutOfMemoryError \
-XX:+UseCompressedOops \
-Djava.awt.headless=true \
'-Dorg.graalvm.vendor=Oracle Corporation' \
-Dorg.graalvm.vendorurl=https://www.graalvm.org/ \
'-Dorg.graalvm.vendorversion=Oracle GraalVM 25.4.4.1.1-dev+1.1' \
-Dorg.graalvm.version=25.4.4.1.1-dev \
-Dcom.oracle.graalvm.isaot=true \
-Djava.system.class.loader=com.oracle.svm.hosted.NativeImageSystemClassLoader \
-Djava.util.concurrent.ForkJoinPool.common.exceptionHandler=com.oracle.svm.hosted.CommonPoolUncaughtExceptionHandler \
'-Djava.util.concurrent.ForkJoinPool.common.threadFactory=com.oracle.svm.hosted.NativeImageSystemClassLoader$NativeImageForkJoinWorkerThreadFactory' \
-Dorg.graalvm.nativeimage.imagecode=buildtime \
-Xshare:off \
-Djdk.internal.lambda.disableEagerInitialization=true \
-Djdk.internal.lambda.eagerlyInitialize=false \
-Djava.lang.invoke.InnerClassLambdaMetafactory.initializeLambdas=false \
-Djava.lang.invoke.MethodHandle.DONT_INLINE_THRESHOLD=-1 \
-Djava.lang.invoke.MethodHandle.PROFILE_GWT=false \
-Djunit.platform.listeners.uid.tracking.output.dir=/home/oracle/oracle/graalvm-reachability-metadata/forge/local_repositories/forge_worktrees/10067-7f621195/tests/src/com.microsoft.azure/msal4j/1.15.0/build/test-results/test/testlist \
-Dcom.oracle.svm.provided=/home/oracle/oracle/graal/sdk/mxbuild/linux-amd64/GRAALVM_NI_EE_JAVA25/graalvm-ni-ee-25.4.4.1.1-dev+1.1/lib/svm/svm-shared.jar:/home/oracle/oracle/graal/sdk/mxbuild/linux-amd64/GRAALVM_NI_EE_JAVA25/graalvm-ni-ee-25.4.4.1.1-dev+1.1/lib/svm/svm-guest.jar:/home/oracle/oracle/graal/sdk/mxbuild/linux-amd64/GRAALVM_NI_EE_JAVA25/graalvm-ni-ee-25.4.4.1.1-dev+1.1/lib/svm/library-support.jar:/home/oracle/oracle/graal/sdk/mxbuild/linux-amd64/GRAALVM_NI_EE_JAVA25/graalvm-ni-ee-25.4.4.1.1-dev+1.1/lib/svm/svm-guest-staging.jar:/home/oracle/oracle/graal/sdk/mxbuild/linux-amd64/GRAALVM_NI_EE_JAVA25/graalvm-ni-ee-25.4.4.1.1-dev+1.1/lib/svm/vmaccess-guest.jar \
--add-modules=ALL-DEFAULT \
--enable-native-access=org.graalvm.truffle.runtime,jdk.graal.compiler.hostvmaccess,com.oracle.truffle.enterprise.svm,org.graalvm.espresso.shared.svm,org.graalvm.truffle.runtime.svm,org.graalvm.truffle.compiler,org.graalvm.nativeimage.guest.staging,org.graalvm.nativeimage.shaded.capnproto,com.oracle.graal.reporter,org.graalvm.nativeimage.objectfile,org.graalvm.nativeimage.builder,org.graalvm.nativeimage.shared,org.graalvm.nativeimage.foreign,jdk.graal.compiler.vmaccess,org.graalvm.nativeimage.pointsto,org.graalvm.nativeimage.configure,org.graalvm.nativeimage.base,com.oracle.svm.svm_enterprise,org.graalvm.truffle,jdk.graal.compiler.vmaccess.guest \
--module-path \
/home/oracle/oracle/graal/sdk/mxbuild/linux-amd64/GRAALVM_NI_EE_JAVA25/graalvm-ni-ee-25.4.4.1.1-dev+1.1/lib/truffle/truffle-runtime.jar:/home/oracle/oracle/graal/sdk/mxbuild/linux-amd64/GRAALVM_NI_EE_JAVA25/graalvm-ni-ee-25.4.4.1.1-dev+1.1/lib/truffle/truffle-api.jar:/home/oracle/oracle/graal/sdk/mxbuild/linux-amd64/GRAALVM_NI_EE_JAVA25/graalvm-ni-ee-25.4.4.1.1-dev+1.1/lib/truffle/truffle-compiler.jar:/home/oracle/oracle/graal/sdk/mxbuild/linux-amd64/GRAALVM_NI_EE_JAVA25/graalvm-ni-ee-25.4.4.1.1-dev+1.1/lib/truffle/builder/truffle-runtime-svm.jar:/home/oracle/oracle/graal/sdk/mxbuild/linux-amd64/GRAALVM_NI_EE_JAVA25/graalvm-ni-ee-25.4.4.1.1-dev+1.1/lib/truffle/builder/truffle-enterprise-svm.jar:/home/oracle/oracle/graal/sdk/mxbuild/linux-amd64/GRAALVM_NI_EE_JAVA25/graalvm-ni-ee-25.4.4.1.1-dev+1.1/lib/svm/builder/pointsto.jar:/home/oracle/oracle/graal/sdk/mxbuild/linux-amd64/GRAALVM_NI_EE_JAVA25/graalvm-ni-ee-25.4.4.1.1-dev+1.1/lib/svm/builder/svm-shared.jar:/home/oracle/oracle/graal/sdk/mxbuild/linux-amd64/GRAALVM_NI_EE_JAVA25/graalvm-ni-ee-25.4.4.1.1-dev+1.1/lib/svm/builder/hostvmaccess.jar:/home/oracle/oracle/graal/sdk/mxbuild/linux-amd64/GRAALVM_NI_EE_JAVA25/graalvm-ni-ee-25.4.4.1.1-dev+1.1/lib/svm/builder/vmaccess.jar:/home/oracle/oracle/graal/sdk/mxbuild/linux-amd64/GRAALVM_NI_EE_JAVA25/graalvm-ni-ee-25.4.4.1.1-dev+1.1/lib/svm/builder/svm-foreign.jar:/home/oracle/oracle/graal/sdk/mxbuild/linux-amd64/GRAALVM_NI_EE_JAVA25/graalvm-ni-ee-25.4.4.1.1-dev+1.1/lib/svm/builder/native-image-base.jar:/home/oracle/oracle/graal/sdk/mxbuild/linux-amd64/GRAALVM_NI_EE_JAVA25/graalvm-ni-ee-25.4.4.1.1-dev+1.1/lib/svm/builder/reporter.jar:/home/oracle/oracle/graal/sdk/mxbuild/linux-amd64/GRAALVM_NI_EE_JAVA25/graalvm-ni-ee-25.4.4.1.1-dev+1.1/lib/svm/builder/svm-configure.jar:/home/oracle/oracle/graal/sdk/mxbuild/linux-amd64/GRAALVM_NI_EE_JAVA25/graalvm-ni-ee-25.4.4.1.1-dev+1.1/lib/svm/builder/svm-capnproto-runtime.jar:/home/oracle/oracle/graal/sdk/mxbuild/linux-amd64/GRAALVM_NI_EE_JAVA25/graalvm-ni-ee-25.4.4.1.1-dev+1.1/lib/svm/builder/espresso-svm.jar:/home/oracle/oracle/graal/sdk/mxbuild/linux-amd64/GRAALVM_NI_EE_JAVA25/graalvm-ni-ee-25.4.4.1.1-dev+1.1/lib/svm/builder/svm.jar:/home/oracle/oracle/graal/sdk/mxbuild/linux-amd64/GRAALVM_NI_EE_JAVA25/graalvm-ni-ee-25.4.4.1.1-dev+1.1/lib/svm/builder/svm-guest-staging.jar:/home/oracle/oracle/graal/sdk/mxbuild/linux-amd64/GRAALVM_NI_EE_JAVA25/graalvm-ni-ee-25.4.4.1.1-dev+1.1/lib/svm/builder/vmaccess-guest.jar:/home/oracle/oracle/graal/sdk/mxbuild/linux-amd64/GRAALVM_NI_EE_JAVA25/graalvm-ni-ee-25.4.4.1.1-dev+1.1/lib/svm/builder/svm-enterprise.jar:/home/oracle/oracle/graal/sdk/mxbuild/linux-amd64/GRAALVM_NI_EE_JAVA25/graalvm-ni-ee-25.4.4.1.1-dev+1.1/lib/svm/builder/objectfile.jar \
--module \
org.graalvm.nativeimage.builder/com.oracle.svm.hosted.NativeImageGeneratorRunner \
-keepalive \
/proc/720892/comm \
-imagecp \
/home/oracle/oracle/graalvm-reachability-metadata/forge/local_repositories/forge_worktrees/10067-7f621195/tests/src/com.microsoft.azure/msal4j/1.15.0/build/libs/com.microsoft.azure.msal4j_tests.jar:/tmp/metadata-forge-gradle/dc7946488e7e4c64/ro-dep-cache/modules-2/files-2.1/org.graalvm.buildtools/junit-platform-native/1.0.0/2974f834a2f0a0105f2284fba7ef16dc4d60de56/junit-platform-native-1.0.0.jar:/tmp/metadata-forge-gradle/dc7946488e7e4c64/ro-dep-cache/modules-2/files-2.1/org.junit.jupiter/junit-jupiter/5.9.2/26c586fbe0ebd81b48c9f11f0d998124248697ae/junit-jupiter-5.9.2.jar:/tmp/metadata-forge-gradle/dc7946488e7e4c64/ro-dep-cache/modules-2/files-2.1/org.junit.platform/junit-platform-reporting/1.9.2/8bea292e2a546e4c21071f6bee60917ffd9f0101/junit-platform-reporting-1.9.2.jar:/tmp/metadata-forge-gradle/dc7946488e7e4c64/ro-dep-cache/modules-2/files-2.1/org.junit.platform/junit-platform-launcher/1.9.2/38e0bfad8c57d4cd1a8f27926c25ffe9543068d6/junit-platform-launcher-1.9.2.jar:/tmp/metadata-forge-gradle/dc7946488e7e4c64/ro-dep-cache/modules-2/files-2.1/org.junit.vintage/junit-vintage-engine/5.9.2/53421816bde124a564a64ba005dcc0c8e66a9722/junit-vintage-engine-5.9.2.jar:/tmp/metadata-forge-gradle/dc7946488e7e4c64/ro-dep-cache/modules-2/files-2.1/org.junit.jupiter/junit-jupiter-params/5.9.2/bc2765afb7b85b583c710dd259a11c6b8c39e912/junit-jupiter-params-5.9.2.jar:/tmp/metadata-forge-gradle/dc7946488e7e4c64/ro-dep-cache/modules-2/files-2.1/org.junit.jupiter/junit-jupiter-engine/5.9.2/572f7a553b53f83ee59cc045ce1c3772864ab76c/junit-jupiter-engine-5.9.2.jar:/tmp/metadata-forge-gradle/dc7946488e7e4c64/ro-dep-cache/modules-2/files-2.1/org.junit.jupiter/junit-jupiter-api/5.9.2/fed843581520eac594bc36bb4b0f55e7b947dda9/junit-jupiter-api-5.9.2.jar:/tmp/metadata-forge-gradle/dc7946488e7e4c64/ro-dep-cache/modules-2/files-2.1/org.junit.platform/junit-platform-engine/1.9.2/40aeef2be7b04f96bb91e8b054affc28b7c7c935/junit-platform-engine-1.9.2.jar:/tmp/metadata-forge-gradle/dc7946488e7e4c64/ro-dep-cache/modules-2/files-2.1/org.junit.platform/junit-platform-commons/1.9.2/6f9f8621d8230cd38aa42e58ccbc0c00569131ce/junit-platform-commons-1.9.2.jar:/tmp/metadata-forge-gradle/dc7946488e7e4c64/ro-dep-cache/modules-2/files-2.1/org.junit.platform/junit-platform-console/1.9.2/5548148dd55e820c42bd817ab93c1eaa05ce37f6/junit-platform-console-1.9.2.jar:/home/oracle/oracle/graalvm-reachability-metadata/forge/local_repositories/forge_worktrees/10067-7f621195/tests/tck-test-support/build/libs/tck-test-support-1.0.0-SNAPSHOT.jar:/tmp/metadata-forge-gradle/dc7946488e7e4c64/worktree-homes/10067-7f621195-a109add6/caches/modules-2/files-2.1/com.microsoft.azure/msal4j/1.15.0/52fd60d5dc3f0fb3ed5c19b63f6f2312cd1f6add/msal4j-1.15.0.jar:/tmp/metadata-forge-gradle/dc7946488e7e4c64/ro-dep-cache/modules-2/files-2.1/org.assertj/assertj-core/3.22.0/c300c0c6a24559f35fa0bd3a5472dc1edcd0111e/assertj-core-3.22.0.jar:/tmp/metadata-forge-gradle/dc7946488e7e4c64/worktree-homes/10067-7f621195-a109add6/caches/modules-2/files-2.1/com.nimbusds/oauth2-oidc-sdk/11.9.1/fa9a2e447e2cef4dfda40a854dd7ec35624a7799/oauth2-oidc-sdk-11.9.1.jar:/tmp/metadata-forge-gradle/dc7946488e7e4c64/worktree-homes/10067-7f621195-a109add6/caches/modules-2/files-2.1/net.minidev/json-smart/2.5.0/57a64f421b472849c40e77d2e7cce3a141b41e99/json-smart-2.5.0.jar:/tmp/metadata-forge-gradle/dc7946488e7e4c64/ro-dep-cache/modules-2/files-2.1/org.slf4j/slf4j-api/1.7.36/6c62681a2f655b49963a5983b8b0950a6120ae14/slf4j-api-1.7.36.jar:/tmp/metadata-forge-gradle/dc7946488e7e4c64/worktree-homes/10067-7f621195-a109add6/caches/modules-2/files-2.1/com.fasterxml.jackson.core/jackson-annotations/2.13.4/858c6cc78e1f08a885b1613e1d817c829df70a6e/jackson-annotations-2.13.4.jar:/tmp/metadata-forge-gradle/dc7946488e7e4c64/worktree-homes/10067-7f621195-a109add6/caches/modules-2/files-2.1/com.fasterxml.jackson.core/jackson-core/2.13.4/cf934c681294b97ef6d80082faeefbe1edadf56/jackson-core-2.13.4.jar:/tmp/metadata-forge-gradle/dc7946488e7e4c64/worktree-homes/10067-7f621195-a109add6/caches/modules-2/files-2.1/com.fasterxml.jackson.core/jackson-databind/2.13.4.2/325c06bdfeb628cfb80ebaaf1a26cc1eb558a585/jackson-databind-2.13.4.2.jar:/tmp/metadata-forge-gradle/dc7946488e7e4c64/ro-dep-cache/modules-2/files-2.1/junit/junit/4.13.2/8ac9e16d933b6fb43bc7f576336b8f4d7eb5ba12/junit-4.13.2.jar:/tmp/metadata-forge-gradle/dc7946488e7e4c64/worktree-homes/10067-7f621195-a109add6/caches/modules-2/files-2.1/com.nimbusds/nimbus-jose-jwt/9.37.3/700f71ffefd60c16bd8ce711a956967ea9071cec/nimbus-jose-jwt-9.37.3.jar:/tmp/metadata-forge-gradle/dc7946488e7e4c64/worktree-homes/10067-7f621195-a109add6/caches/modules-2/files-2.1/com.github.stephenc.jcip/jcip-annotations/1.0-1/ef31541dd28ae2cefdd17c7ebf352d93e9058c63/jcip-annotations-1.0-1.jar:/tmp/metadata-forge-gradle/dc7946488e7e4c64/worktree-homes/10067-7f621195-a109add6/caches/modules-2/files-2.1/com.nimbusds/content-type/2.3/e3aa0be212d7a42839a8f3f506f5b990bcce0222/content-type-2.3.jar:/tmp/metadata-forge-gradle/dc7946488e7e4c64/worktree-homes/10067-7f621195-a109add6/caches/modules-2/files-2.1/com.nimbusds/lang-tag/1.7/97c73ecd70bc7e8eefb26c5eea84f251a63f1031/lang-tag-1.7.jar:/tmp/metadata-forge-gradle/dc7946488e7e4c64/worktree-homes/10067-7f621195-a109add6/caches/modules-2/files-2.1/net.minidev/accessors-smart/2.5.0/aca011492dfe9c26f4e0659028a4fe0970829dd8/accessors-smart-2.5.0.jar:/tmp/metadata-forge-gradle/dc7946488e7e4c64/ro-dep-cache/modules-2/files-2.1/org.opentest4j/opentest4j/1.2.0/28c11eb91f9b6d8e200631d46e20a7f407f2a046/opentest4j-1.2.0.jar:/tmp/metadata-forge-gradle/dc7946488e7e4c64/ro-dep-cache/modules-2/files-2.1/org.hamcrest/hamcrest-core/1.3/42a25dc3219429f0e5d060061f71acb49bf010a0/hamcrest-core-1.3.jar:/tmp/metadata-forge-gradle/dc7946488e7e4c64/ro-dep-cache/modules-2/files-2.1/org.ow2.asm/asm/9.3/8e6300ef51c1d801a7ed62d07cd221aca3a90640/asm-9.3.jar:/home/oracle/oracle/graalvm-reachability-metadata/forge/local_repositories/forge_worktrees/10067-7f621195/tests/src/com.microsoft.azure/msal4j/1.15.0/build/classes/java/test:/home/oracle/oracle/graalvm-reachability-metadata/forge/local_repositories/forge_worktrees/10067-7f621195/tests/src/com.microsoft.azure/msal4j/1.15.0/build/resources/test:/home/oracle/oracle/graalvm-reachability-metadata/forge/local_repositories/forge_worktrees/10067-7f621195/tests/src/com.microsoft.azure/msal4j/1.15.0/build/test-results/test/testlist \
-imagemp \
/home/oracle/oracle/graal/sdk/mxbuild/linux-amd64/GRAALVM_NI_EE_JAVA25/graalvm-ni-ee-25.4.4.1.1-dev+1.1/lib/svm/library-support.jar:/home/oracle/oracle/graal/sdk/mxbuild/linux-amd64/GRAALVM_NI_EE_JAVA25/graalvm-ni-ee-25.4.4.1.1-dev+1.1/lib/svm/svm-guest.jar \
-H:CLibraryPath=/home/oracle/oracle/graal/sdk/mxbuild/linux-amd64/GRAALVM_NI_EE_JAVA25/graalvm-ni-ee-25.4.4.1.1-dev+1.1/lib/svm/clibraries/linux-amd64/glibc,/home/oracle/oracle/graal/sdk/mxbuild/linux-amd64/GRAALVM_NI_EE_JAVA25/graalvm-ni-ee-25.4.4.1.1-dev+1.1/lib/svm/clibraries/linux-amd64,/home/oracle/oracle/graal/sdk/mxbuild/linux-amd64/GRAALVM_NI_EE_JAVA25/graalvm-ni-ee-25.4.4.1.1-dev+1.1/lib/svm/clibraries \
-H:Path@driver=/home/oracle/oracle/graalvm-reachability-metadata/forge/local_repositories/forge_worktrees/10067-7f621195/tests/src/com.microsoft.azure/msal4j/1.15.0/build/native/nativeTestCompile \
-H:+UnlockExperimentalVMOptions@user \
-H:-OutlineStringBuilderAppends@user \
-H:-OutlineStringBufferAppends@user \
-H:-OutlineIndyStringConcatenations@user \
-H:-OutlineSBMaterializations@user \
-H:FallbackThreshold@user+api=0 \
-H:Name@user+api=com.microsoft.azure.msal4j_tests-tests \
-H:ConfigurationFileDirectories@user=/home/oracle/oracle/graalvm-reachability-metadata/forge/local_repositories/forge_worktrees/10067-7f621195/tests/src/com.microsoft.azure/msal4j/1.15.0/build/native/generated/generateTestResourcesConfigFile,/home/oracle/oracle/graalvm-reachability-metadata/forge/local_repositories/forge_worktrees/10067-7f621195/metadata/org.junit.jupiter/junit-jupiter-api/5.8.2,/home/oracle/oracle/graalvm-reachability-metadata/forge/local_repositories/forge_worktrees/10067-7f621195/metadata/org.opentest4j/opentest4j/1.2.0,/home/oracle/oracle/graalvm-reachability-metadata/forge/local_repositories/forge_worktrees/10067-7f621195/metadata/org.junit.platform/junit-platform-commons/1.8.2,/home/oracle/oracle/graalvm-reachability-metadata/forge/local_repositories/forge_worktrees/10067-7f621195/metadata/org.junit.jupiter/junit-jupiter-params/5.9.2,/home/oracle/oracle/graalvm-reachability-metadata/forge/local_repositories/forge_worktrees/10067-7f621195/metadata/org.junit.jupiter/junit-jupiter-engine/5.8.2,/home/oracle/oracle/graalvm-reachability-metadata/forge/local_repositories/forge_worktrees/10067-7f621195/metadata/org.junit.platform/junit-platform-engine/1.11.1,/home/oracle/oracle/graalvm-reachability-metadata/forge/local_repositories/forge_worktrees/10067-7f621195/metadata/org.junit.platform/junit-platform-launcher/1.9.2,/home/oracle/oracle/graalvm-reachability-metadata/forge/local_repositories/forge_worktrees/10067-7f621195/metadata/org.junit.platform/junit-platform-reporting/1.9.2,/home/oracle/oracle/graalvm-reachability-metadata/forge/local_repositories/forge_worktrees/10067-7f621195/metadata/org.junit.vintage/junit-vintage-engine/5.9.1,/home/oracle/oracle/graalvm-reachability-metadata/forge/local_repositories/forge_worktrees/10067-7f621195/metadata/junit/junit/4.13.2,/home/oracle/oracle/graalvm-reachability-metadata/forge/local_repositories/forge_worktrees/10067-7f621195/metadata/org.hamcrest/hamcrest-core/1.3,/home/oracle/oracle/graalvm-reachability-metadata/forge/local_repositories/forge_worktrees/10067-7f621195/metadata/com.microsoft.azure/msal4j/1.15.0,/home/oracle/oracle/graalvm-reachability-metadata/forge/local_repositories/forge_worktrees/10067-7f621195/metadata/com.nimbusds/oauth2-oidc-sdk/11.9.1,/home/oracle/oracle/graalvm-reachability-metadata/forge/local_repositories/forge_worktrees/10067-7f621195/metadata/com.github.stephenc.jcip/jcip-annotations/1.0-1,/home/oracle/oracle/graalvm-reachability-metadata/forge/local_repositories/forge_worktrees/10067-7f621195/metadata/net.minidev/json-smart/2.1.1,/home/oracle/oracle/graalvm-reachability-metadata/forge/local_repositories/forge_worktrees/10067-7f621195/metadata/net.minidev/accessors-smart/1.2,/home/oracle/oracle/graalvm-reachability-metadata/forge/local_repositories/forge_worktrees/10067-7f621195/metadata/org.ow2.asm/asm/9.4,/home/oracle/oracle/graalvm-reachability-metadata/forge/local_repositories/forge_worktrees/10067-7f621195/metadata/com.nimbusds/nimbus-jose-jwt/3.10,/home/oracle/oracle/graalvm-reachability-metadata/forge/local_repositories/forge_worktrees/10067-7f621195/metadata/org.slf4j/slf4j-api/1.7.36,/home/oracle/oracle/graalvm-reachability-metadata/forge/local_repositories/forge_worktrees/10067-7f621195/metadata/com.fasterxml.jackson.core/jackson-databind/2.15.2,/home/oracle/oracle/graalvm-reachability-metadata/forge/local_repositories/forge_worktrees/10067-7f621195/metadata/com.fasterxml.jackson.core/jackson-annotations/2.3.0,/home/oracle/oracle/graalvm-reachability-metadata/forge/local_repositories/forge_worktrees/10067-7f621195/metadata/com.fasterxml.jackson.core/jackson-core/2.6.0 \
-H:Optimize@user+api=b \
-H:+ReportExceptionStackTraces@user \
-H:TrackDynamicAccess@user=path=/tmp/metadata-forge-gradle/dc7946488e7e4c64/worktree-homes/10067-7f621195-a109add6/caches/modules-2/files-2.1/com.microsoft.azure/msal4j/1.15.0/52fd60d5dc3f0fb3ed5c19b63f6f2312cd1f6add/msal4j-1.15.0.jar \
-H:Preserve@user=path=/tmp/metadata-forge-gradle/dc7946488e7e4c64/worktree-homes/10067-7f621195-a109add6/caches/modules-2/files-2.1/com.microsoft.azure/msal4j/1.15.0/52fd60d5dc3f0fb3ed5c19b63f6f2312cd1f6add/msal4j-1.15.0.jar \
-H:EnableURLProtocols@user+api=http,https \
-H:Features@user+api=org.graalvm.junit.platform.JUnitPlatformFeature \
-H:-UnlockExperimentalVMOptions@user \
'-H:Class@explicit main-class=org.graalvm.junit.platform.NativeImageJUnitLauncher' \
-H:ImageBuildID@driver=10418818-24a2-0c5b-94b8-b7392cb0d05f \
'-H:AddExports@jar:file:///home/oracle/oracle/graal/sdk/mxbuild/linux-amd64/GRAALVM_NI_EE_JAVA25/graalvm-ni-ee-25.4.4.1.1-dev+1.1/lib/svm/svm-guest.jar!/META-INF/native-image/org.graalvm.nativeimage.guest/native-image.properties+api=java.base/jdk.internal.misc=org.graalvm.nativeimage.guest' \
'-H:Features@jar:file:///home/oracle/oracle/graal/sdk/mxbuild/linux-amd64/GRAALVM_NI_EE_JAVA25/graalvm-ni-ee-25.4.4.1.1-dev+1.1/lib/svm/svm-guest.jar!/META-INF/native-image/org.graalvm.nativeimage.guest/native-image.properties+api=com.oracle.svm.guest.features.jdk.hosted.JavaNetHttpFeature' \
'-H:ClassInitialization@jar:file:///home/oracle/oracle/graal/sdk/mxbuild/linux-amd64/GRAALVM_NI_EE_JAVA25/graalvm-ni-ee-25.4.4.1.1-dev+1.1/lib/svm/svm-guest.jar!/META-INF/native-image/org.graalvm.nativeimage.guest/native-image.properties+api=sun.net.httpserver.simpleserver:run_time' \
'-H:Features@jar:file:///home/oracle/oracle/graal/sdk/mxbuild/linux-amd64/GRAALVM_NI_EE_JAVA25/graalvm-ni-ee-25.4.4.1.1-dev+1.1/lib/svm/library-support.jar!/META-INF/native-image/com.oracle.svm/polyglot/native-image.properties+api=com.oracle.svm.polyglot.groovy.GroovyIndyInterfaceFeature' \
'-H:ReachabilityMetadataResources@jar:file:///home/oracle/oracle/graal/sdk/mxbuild/linux-amd64/GRAALVM_NI_EE_JAVA25/graalvm-ni-ee-25.4.4.1.1-dev+1.1/lib/svm/svm-guest-staging.jar!/META-INF/native-image/org.graalvm.nativeimage.guest/reachability-metadata.json+api=META-INF/native-image/org.graalvm.nativeimage.guest/reachability-metadata.json' \
-H:DriverWarningsCount=3
]
Warning: Option 'FallbackThreshold' is deprecated and might be removed in a future release: It no longer has any effect, and no replacement is available. Please refer to the GraalVM release notes.
========================================================================================================================
GraalVM Native Image: Generating 'com.microsoft.azure.msal4j_tests-tests' (executable)...
========================================================================================================================
For detailed information and explanations on the build output, visit:
https://github.com/oracle/graal/blob/master/docs/reference-manual/native-image/BuildOutput.md
------------------------------------------------------------------------------------------------------------------------
[1/8] Initializing...                                                                                   (5.7s @ 0.31GiB)
 Builder configuration:
 - Java version: 25.0.4.1.1+1-LTS, vendor version: Oracle GraalVM 25.4.4.1.1-dev+1.1
 - Graal compiler: optimization level: b, target machine: x86-64-v3, PGO: off
 - C compiler: gcc (linux, x86_64, 13.3.0)
 - Assertions: disabled, system assertions: disabled
 - 1 user-specific feature(s):
   - org.graalvm.junit.platform.JUnitPlatformFeature
 Image configuration:
 - Garbage collector: Serial GC (max heap size: 80% of RAM)
 - Assertions: disabled (class-specific config may apply), system assertions: disabled
------------------------------------------------------------------------------------------------------------------------
 6 experimental option(s) unlocked:
 - '-H:-OutlineSBMaterializations' (origin(s): command line)
 - '-H:Preserve' (origin(s): command line)
 - '-H:-OutlineStringBufferAppends' (origin(s): command line)
 - '-H:-OutlineIndyStringConcatenations' (origin(s): command line)
 - '-H:-OutlineStringBuilderAppends' (origin(s): command line)
 - '-H:TrackDynamicAccess' (origin(s): command line)
------------------------------------------------------------------------------------------------------------------------
Build resources:
 - 21.63GiB of memory (69.4% of system memory, using all available memory)
 - 12 thread(s) (100.0% of 12 available processor(s), determined at start)
[junit-platform-native] Running in 'test listener' mode using files matching pattern [junit-platform-unique-ids*] found in folder [/home/oracle/oracle/graalvm-reachability-metadata/forge/local_repositories/forge_worktrees/10067-7f621195/tests/src/com.microsoft.azure/msal4j/1.15.0/build/test-results/test/testlist] and its subfolders.
[2/8] Performing analysis...  [*****]                                                                  (29.8s @ 1.45GiB)
   14,378 types,  19,740 fields, and  69,160 methods found reachable
    1,460 types,   1,268 fields, and   4,094 methods registered for reflection
      873 types,   1,137 fields, and   1,634 methods registered for JNI access
      175 resource accesses registered with 404.22KiB total size
        5 native libraries: dl, m, pthread, rt, z
[3/8] Building universe...                                                                              (4.1s @ 1.64GiB)
[4/8] Parsing methods...      [**]                                                                      (3.3s @ 1.78GiB)
[5/8] Inlining methods...     [***]                                                                     (1.8s @ 1.86GiB)
[6/8] Compiling methods...    [****]                                                                   (15.6s @ 1.40GiB)
[7/8] Laying out methods...   [**]                                                                      (4.3s @ 1.74GiB)
[8/8] Creating image...       [**]                                                                      (4.3s @ 1.98GiB)
  20.11MiB (41.82%) for code area:    45,910 compilation units
  23.31MiB (48.49%) for image heap:  337,022 objects and 45 resources
   4.66MiB ( 9.69%) for other data
  48.08MiB in total image size, 44.31MiB in total file size
------------------------------------------------------------------------------------------------------------------------
Top 10 origins of code area:                                Top 10 object types in image heap:
   1.93MiB o.g.n.runtime/com.oracle.svm.core.code              6.01MiB byte[] for code metadata
 834.56KiB java.base/java.util                                 4.37MiB byte[] for string data
 827.54KiB java.base/sun.security.ssl                          2.30MiB java.base/java.lang.String
 752.39KiB java.base/java.lang.invoke                          1.80MiB java.base/java.lang.Class
 460.17KiB java.base/com.sun.crypto.provider                   1.54MiB o.g.n.runtime/c.o.s.core.hub.DynamicHubCompanion
 425.24KiB com.microsoft.aad.msal4j                            1.18MiB byte[] for general heap data
 419.11KiB java.base/java.lang                               921.06KiB byte[] for reflection metadata
 407.88KiB java.base/jdk.internal.classfile.impl             502.11KiB java.base/java.lang.Object[]
 362.16KiB java.desktop/sun.awt.X11                          406.16KiB byte[] for embedded resources
 345.25KiB java.desktop/sun.font                             328.10KiB java.base/java.lang.String[]
  13.46MiB for 494 more packages                               4.01MiB for 3238 more object types
                            Use '--emit build-report' to create a report with more details.
------------------------------------------------------------------------------------------------------------------------
Security report:
 - Binary includes Java deserialization.
 - CycloneDX SBOM with 31 component(s) is embedded in binary (1.76KiB). 6 type(s) could not be associated to a component.
 - Advanced obfuscation not enabled; enable with '-H:AdvancedObfuscation=""' (experimental support).
------------------------------------------------------------------------------------------------------------------------
Recommendations:
 G1GC: Use the G1 GC ('--gc=G1') for improved latency and throughput.
 PGO:  Use Profile-Guided Optimizations ('--pgo') for improved throughput.
 FUTR: Use '--future-defaults=all' to prepare for future releases.
 AWT:  Use the tracing agent to collect metadata for AWT.
 HEAP: Set max heap for improved and more predictable memory usage.
------------------------------------------------------------------------------------------------------------------------
                       6.5s (8.9% of total time) in 881 GCs | Peak RSS: 2.90GiB | CPU load: 9.28
------------------------------------------------------------------------------------------------------------------------
Build artifacts:
 /home/oracle/oracle/graalvm-reachability-metadata/forge/local_repositories/forge_worktrees/10067-7f621195/tests/src/com.microsoft.azure/msal4j/1.15.0/build/native/nativeTestCompile/com.microsoft.azure.msal4j_tests-tests (executable, 44.31MiB)
 /home/oracle/oracle/graalvm-reachability-metadata/forge/local_repositories/forge_worktrees/10067-7f621195/tests/src/com.microsoft.azure/msal4j/1.15.0/build/native/nativeTestCompile/libawt.so (jdk_library, 902.46KiB)
 /home/oracle/oracle/graalvm-reachability-metadata/forge/local_repositories/forge_worktrees/10067-7f621195/tests/src/com.microsoft.azure/msal4j/1.15.0/build/native/nativeTestCompile/libawt_headless.so (jdk_library, 41.65KiB)
 /home/oracle/oracle/graalvm-reachability-metadata/forge/local_repositories/forge_worktrees/10067-7f621195/tests/src/com.microsoft.azure/msal4j/1.15.0/build/native/nativeTestCompile/libawt_xawt.so (jdk_library, 508.23KiB)
 /home/oracle/oracle/graalvm-reachability-metadata/forge/local_repositories/forge_worktrees/10067-7f621195/tests/src/com.microsoft.azure/msal4j/1.15.0/build/native/nativeTestCompile/libfontmanager.so (jdk_library, 1.94MiB)
 /home/oracle/oracle/graalvm-reachability-metadata/forge/local_repositories/forge_worktrees/10067-7f621195/tests/src/com.microsoft.azure/msal4j/1.15.0/build/native/nativeTestCompile/libjava.so (jdk_library_shim, 9.02KiB)
 /home/oracle/oracle/graalvm-reachability-metadata/forge/local_repositories/forge_worktrees/10067-7f621195/tests/src/com.microsoft.azure/msal4j/1.15.0/build/native/nativeTestCompile/libjvm.so (jdk_library_shim, 9.02KiB)
 /home/oracle/oracle/graalvm-reachability-metadata/forge/local_repositories/forge_worktrees/10067-7f621195/tests/src/com.microsoft.azure/msal4j/1.15.0/build/native/nativeTestCompile/libmanagement_ext.so (jdk_library, 32.23KiB)
========================================================================================================================
Finished generating 'com.microsoft.azure.msal4j_tests-tests' in 1m 11s.

The build process encountered 4 warnings.

[native-image-plugin] Native Image written to: /home/oracle/oracle/graalvm-reachability-metadata/forge/local_repositories/forge_worktrees/10067-7f621195/tests/src/com.microsoft.azure/msal4j/1.15.0/build/native/nativeTestCompile

> Task :generateDynamicAccessReport

[Incubating] Problems report is available at: file:///home/oracle/oracle/graalvm-reachability-metadata/forge/local_repositories/forge_worktrees/10067-7f621195/tests/src/com.microsoft.azure/msal4j/1.15.0/build/reports/problems/problems-report.html

Deprecated Gradle features were used in this build, making it incompatible with Gradle 10.

You can use '--warning-mode all' to show the individual deprecation warnings and determine if they come from your own scripts or plugins.

For more on this, please refer to https://docs.gradle.org/9.1.0/userguide/command_line_interface.html#sec:command_line_warnings in the Gradle documentation.

BUILD SUCCESSFUL in 1m 19s
17 actionable tasks: 2 executed, 15 up-to-date
Consider enabling configuration cache to speed up this build: https://docs.gradle.org/9.1.0/userguide/configuration_cache_enabling.html
No dynamic access JSON files were generated for com.microsoft.azure:msal4j:1.15.0 because the output directory is missing: /home/oracle/oracle/graalvm-reachability-metadata/forge/local_repositories/forge_worktrees/10067-7f621195/tests/src/com.microsoft.azure/msal4j/1.15.0/build/native/nativeTestCompile/dynamic-access

[Incubating] Problems report is available at: file:///home/oracle/oracle/graalvm-reachability-metadata/forge/local_repositories/forge_worktrees/10067-7f621195/build/reports/problems/problems-report.html

Deprecated Gradle features were used in this build, making it incompatible with Gradle 10.

You can use '--warning-mode all' to show the individual deprecation warnings and determine if they come from your own scripts or plugins.

For more on this, please refer to https://docs.gradle.org/9.1.0/userguide/command_line_interface.html#sec:command_line_warnings in the Gradle documentation.

BUILD SUCCESSFUL in 1m 22s
9 actionable tasks: 1 executed, 8 up-to-date
Updated library stats for 1 coordinate(s) under /home/oracle/oracle/graalvm-reachability-metadata/forge/local_repositories/forge_worktrees/10067-7f621195/stats.

[Incubating] Problems report is available at: file:///home/oracle/oracle/graalvm-reachability-metadata/forge/local_repositories/forge_worktrees/10067-7f621195/build/reports/problems/problems-report.html

Deprecated Gradle features were used in this build, making it incompatible with Gradle 10.

You can use '--warning-mode all' to show the individual deprecation warnings and determine if they come from your own scripts or plugins.

For more on this, please refer to https://docs.gradle.org/9.1.0/userguide/command_line_interface.html#sec:command_line_warnings in the Gradle documentation.

BUILD SUCCESSFUL in 1m 51s
9 actionable tasks: 1 executed, 8 up-to-date
