Command: ./gradlew addLibraryAsLatestMetadataIndexJson -Pcoordinates=org.hibernate:hibernate-spatial:8.0.0.Beta1
Working directory: /home/oracle/oracle/graalvm-reachability-metadata/forge/local_repositories/forge_worktrees/9383-9fb3a2d9

--- output ---

Welcome to Gradle 9.1.0!

Here are the highlights of this release:
 - Full Java 25 support
 - Native task graph visualization
 - Enhanced console output

For more details see https://docs.gradle.org/9.1.0/release-notes.html

Starting a Gradle Daemon (subsequent builds will be faster)
Shared read-only dependency cache is an incubating feature.
> Task :tck-build-logic:extractPluginRequests UP-TO-DATE
> Task :tck-build-logic:generatePluginAdapters UP-TO-DATE
> Task :tck-build-logic:compileJava UP-TO-DATE
> Task :tck-build-logic:compileGroovy UP-TO-DATE
> Task :tck-build-logic:compileGroovyPlugins UP-TO-DATE
> Task :tck-build-logic:pluginDescriptors UP-TO-DATE
> Task :tck-build-logic:processResources UP-TO-DATE
> Task :tck-build-logic:classes UP-TO-DATE
> Task :tck-build-logic:jar UP-TO-DATE

> Configure project :
GraalVM Reachability Metadata TCK
---------------------------------

> Task :addLibraryAsLatestMetadataIndexJson

[Incubating] Problems report is available at: file:///home/oracle/oracle/graalvm-reachability-metadata/forge/local_repositories/forge_worktrees/9383-9fb3a2d9/build/reports/problems/problems-report.html

Deprecated Gradle features were used in this build, making it incompatible with Gradle 10.

You can use '--warning-mode all' to show the individual deprecation warnings and determine if they come from your own scripts or plugins.

For more on this, please refer to https://docs.gradle.org/9.1.0/userguide/command_line_interface.html#sec:command_line_warnings in the Gradle documentation.

BUILD SUCCESSFUL in 27s
9 actionable tasks: 1 executed, 8 up-to-date
