Command: ./gradlew generateDynamicAccessCoverageReport -Pcoordinates=org.apache.activemq:activemq-broker:6.0.0
Working directory: /home/mihailo/git/graalvm-reachability-metadata-copy/forge/local_repositories/forge_worktrees/8927-22ccdc70

--- output ---
> Task :tck-build-logic:extractPluginRequests UP-TO-DATE
> Task :tck-build-logic:generatePluginAdapters UP-TO-DATE
> Task :tck-build-logic:compileJava UP-TO-DATE
> Task :tck-build-logic:compileGroovy UP-TO-DATE
> Task :tck-build-logic:compileGroovyPlugins UP-TO-DATE
> Task :tck-build-logic:pluginDescriptors UP-TO-DATE
> Task :tck-build-logic:processResources UP-TO-DATE
> Task :tck-build-logic:classes UP-TO-DATE
> Task :tck-build-logic:jar UP-TO-DATE

> Configure project :
GraalVM Reachability Metadata TCK
---------------------------------

> Task :generateDynamicAccessCoverageReport
> Task :tck-build-logic:extractPluginRequests UP-TO-DATE
> Task :tck-build-logic:generatePluginAdapters UP-TO-DATE
> Task :tck-build-logic:compileJava UP-TO-DATE
> Task :tck-build-logic:compileGroovy UP-TO-DATE
> Task :tck-build-logic:compileGroovyPlugins UP-TO-DATE
> Task :tck-build-logic:pluginDescriptors UP-TO-DATE
> Task :tck-build-logic:processResources UP-TO-DATE
> Task :tck-build-logic:classes UP-TO-DATE
> Task :tck-build-logic:jar UP-TO-DATE

> Configure project :
GraalVM Reachability Metadata TCK
---------------------------------

> Task :jacocoCodeCoverageReport
Starting a Gradle Daemon, 2 busy and 1 incompatible and 10 stopped Daemons could not be reused, use --status for details
> Task :tck-build-logic:extractPluginRequests UP-TO-DATE
> Task :tck-build-logic:generatePluginAdapters UP-TO-DATE
> Task :tck-build-logic:compileJava UP-TO-DATE
> Task :tck-build-logic:compileGroovy UP-TO-DATE
> Task :tck-build-logic:compileGroovyPlugins UP-TO-DATE
> Task :tck-build-logic:pluginDescriptors UP-TO-DATE
> Task :tck-build-logic:processResources UP-TO-DATE
> Task :tck-build-logic:classes UP-TO-DATE
> Task :tck-build-logic:jar UP-TO-DATE
> Task :checkTestTimeoutAnnotations
> Task :tck-test-support:compileJava UP-TO-DATE
> Task :tck-test-support:processResources UP-TO-DATE
> Task :processCodeCoverageResources NO-SOURCE
> Task :tck-test-support:classes UP-TO-DATE
> Task :compileCodeCoverageJava NO-SOURCE
> Task :codeCoverageClasses UP-TO-DATE
> Task :tck-test-support:jar UP-TO-DATE
> Task :compileJava NO-SOURCE
> Task :codeCoverageTest SKIPPED
> Task :processResources NO-SOURCE
> Task :classes UP-TO-DATE
> Task :compileTestJava UP-TO-DATE
> Task :processTestResources NO-SOURCE
> Task :testClasses UP-TO-DATE
> Task :test UP-TO-DATE
> Task :jacocoCodeCoverageReport

[Incubating] Problems report is available at: file:///home/mihailo/git/graalvm-reachability-metadata-copy/forge/local_repositories/forge_worktrees/8927-22ccdc70/tests/src/org.apache.activemq/activemq-broker/6.0.0/build/reports/problems/problems-report.html

Deprecated Gradle features were used in this build, making it incompatible with Gradle 10.

You can use '--warning-mode all' to show the individual deprecation warnings and determine if they come from your own scripts or plugins.

For more on this, please refer to https://docs.gradle.org/9.1.0/userguide/command_line_interface.html#sec:command_line_warnings in the Gradle documentation.

BUILD SUCCESSFUL in 11s
15 actionable tasks: 2 executed, 13 up-to-date

[Incubating] Problems report is available at: file:///home/mihailo/git/graalvm-reachability-metadata-copy/forge/local_repositories/forge_worktrees/8927-22ccdc70/build/reports/problems/problems-report.html

Deprecated Gradle features were used in this build, making it incompatible with Gradle 10.

You can use '--warning-mode all' to show the individual deprecation warnings and determine if they come from your own scripts or plugins.

For more on this, please refer to https://docs.gradle.org/9.1.0/userguide/command_line_interface.html#sec:command_line_warnings in the Gradle documentation.

BUILD SUCCESSFUL in 13s
9 actionable tasks: 1 executed, 8 up-to-date
> Task :tck-build-logic:extractPluginRequests UP-TO-DATE
> Task :tck-build-logic:generatePluginAdapters UP-TO-DATE
> Task :tck-build-logic:compileJava UP-TO-DATE
> Task :tck-build-logic:compileGroovy UP-TO-DATE
> Task :tck-build-logic:compileGroovyPlugins UP-TO-DATE
> Task :tck-build-logic:pluginDescriptors UP-TO-DATE
> Task :tck-build-logic:processResources UP-TO-DATE
> Task :tck-build-logic:classes UP-TO-DATE
> Task :tck-build-logic:jar UP-TO-DATE

> Task :generateDynamicAccessReport
> Task :tck-build-logic:extractPluginRequests UP-TO-DATE
> Task :tck-build-logic:generatePluginAdapters UP-TO-DATE
> Task :tck-build-logic:compileJava UP-TO-DATE
> Task :tck-build-logic:compileGroovy UP-TO-DATE
> Task :tck-build-logic:compileGroovyPlugins UP-TO-DATE
> Task :tck-build-logic:pluginDescriptors UP-TO-DATE
> Task :tck-build-logic:processResources UP-TO-DATE
> Task :tck-build-logic:classes UP-TO-DATE
> Task :tck-build-logic:jar UP-TO-DATE
> Task :compileJava NO-SOURCE
> Task :tck-test-support:compileJava UP-TO-DATE
> Task :processResources NO-SOURCE
> Task :tck-test-support:processResources UP-TO-DATE
> Task :classes UP-TO-DATE
> Task :tck-test-support:classes UP-TO-DATE
> Task :tck-test-support:jar UP-TO-DATE
> Task :jar UP-TO-DATE
> Task :compileTestJava UP-TO-DATE
> Task :checkTestTimeoutAnnotations
> Task :processTestResources NO-SOURCE
> Task :testClasses UP-TO-DATE
> Task :test UP-TO-DATE
> Task :generateTestResourcesConfigFile UP-TO-DATE
> Task :nativeTestCompile UP-TO-DATE
> Task :generateDynamicAccessReport UP-TO-DATE

[Incubating] Problems report is available at: file:///home/mihailo/git/graalvm-reachability-metadata-copy/forge/local_repositories/forge_worktrees/8927-22ccdc70/tests/src/org.apache.activemq/activemq-broker/6.0.0/build/reports/problems/problems-report.html

Deprecated Gradle features were used in this build, making it incompatible with Gradle 10.

You can use '--warning-mode all' to show the individual deprecation warnings and determine if they come from your own scripts or plugins.

For more on this, please refer to https://docs.gradle.org/9.1.0/userguide/command_line_interface.html#sec:command_line_warnings in the Gradle documentation.

BUILD SUCCESSFUL in 2s
17 actionable tasks: 1 executed, 16 up-to-date
Consider enabling configuration cache to speed up this build: https://docs.gradle.org/9.1.0/userguide/configuration_cache_enabling.html
/home/mihailo/git/graalvm-reachability-metadata-copy/forge/local_repositories/forge_worktrees/8927-22ccdc70/tests/src/org.apache.activemq/activemq-broker/6.0.0/build/native/nativeTestCompile/dynamic-access/activemq-broker-6.0.0/reflection-calls.json
/home/mihailo/git/graalvm-reachability-metadata-copy/forge/local_repositories/forge_worktrees/8927-22ccdc70/tests/src/org.apache.activemq/activemq-broker/6.0.0/build/native/nativeTestCompile/dynamic-access/activemq-broker-6.0.0/resource-calls.json

[Incubating] Problems report is available at: file:///home/mihailo/git/graalvm-reachability-metadata-copy/forge/local_repositories/forge_worktrees/8927-22ccdc70/build/reports/problems/problems-report.html

Deprecated Gradle features were used in this build, making it incompatible with Gradle 10.

You can use '--warning-mode all' to show the individual deprecation warnings and determine if they come from your own scripts or plugins.

For more on this, please refer to https://docs.gradle.org/9.1.0/userguide/command_line_interface.html#sec:command_line_warnings in the Gradle documentation.

BUILD SUCCESSFUL in 3s
9 actionable tasks: 1 executed, 8 up-to-date
Wrote dynamic-access coverage report for org.apache.activemq:activemq-broker:6.0.0 to /home/mihailo/git/graalvm-reachability-metadata-copy/forge/local_repositories/forge_worktrees/8927-22ccdc70/tests/src/org.apache.activemq/activemq-broker/6.0.0/build/reports/dynamic-access/dynamic-access-coverage.json.

[Incubating] Problems report is available at: file:///home/mihailo/git/graalvm-reachability-metadata-copy/forge/local_repositories/forge_worktrees/8927-22ccdc70/build/reports/problems/problems-report.html

Deprecated Gradle features were used in this build, making it incompatible with Gradle 10.

You can use '--warning-mode all' to show the individual deprecation warnings and determine if they come from your own scripts or plugins.

For more on this, please refer to https://docs.gradle.org/9.1.0/userguide/command_line_interface.html#sec:command_line_warnings in the Gradle documentation.

BUILD SUCCESSFUL in 22s
9 actionable tasks: 1 executed, 8 up-to-date
