> Task :tck-build-logic:extractPluginRequests UP-TO-DATE
> Task :tck-build-logic:generatePluginAdapters UP-TO-DATE
> Task :tck-build-logic:compileJava UP-TO-DATE
> Task :tck-build-logic:compileGroovy UP-TO-DATE
> Task :tck-build-logic:compileGroovyPlugins UP-TO-DATE
> Task :tck-build-logic:pluginDescriptors UP-TO-DATE
> Task :tck-build-logic:processResources UP-TO-DATE
> Task :tck-build-logic:classes UP-TO-DATE
> Task :tck-build-logic:jar UP-TO-DATE

> Configure project :
GraalVM Reachability Metadata TCK
---------------------------------

> Task :populateArtifactURLs
I filled in the missing fields for the `0.12.7` entry in `metadata/io.jsonwebtoken/jjwt-gson/index.json`. I checked each URL with an HTTP request for version `0.12.7`, and all four return 200.

- **`source-code-url`:** `https://repo1.maven.org/maven2/io/jsonwebtoken/jjwt-gson/$version$/jjwt-gson-$version$-sources.jar` (the Maven sources jar)
- **`repository-url`:** `https://github.com/jwtk/jjwt`
- **`test-code-url`:** `https://github.com/jwtk/jjwt/tree/$version$/extensions/gson/src/test`. No Maven tests jar was checked; I reused the GitHub template from the older entries.
- **`documentation-url`:** `https://github.com/jwtk/jjwt/blob/$version$/README.adoc`. The older entries use `README.md`, but that returns 404 at tag `0.12.7`. The sibling `jjwt-jackson` entry for `0.12.7` also uses `README.adoc`.
- **`description`:** "Provides Gson-based JSON serialization and deserialization support for the JJWT library. When present on the runtime classpath, it lets JJWT automatically use Gson to process JWT headers and claims." This is the same text the older entries already use.
- **`language`:** left absent, because this is a plain Java library.

I didn't change any other fields.
Ran agent for io.jsonwebtoken:jjwt-gson:0.12.7 (exit 0). Log: /home/oracle/oracle/metadata2/graalvm-reachability-metadata/forge/local_repositories/forge_worktrees/9337-7e972cf2/build/agent-url-discovery-logs/io.jsonwebtoken-jjwt-gson-0.12.7.log
Completed populateArtifactURLs: invoked=1, prompted=0, skipped=0, overwriteExisting=false, verifyArtifactSources=false, limit=null

[Incubating] Problems report is available at: file:///home/oracle/oracle/metadata2/graalvm-reachability-metadata/forge/local_repositories/forge_worktrees/9337-7e972cf2/build/reports/problems/problems-report.html

Deprecated Gradle features were used in this build, making it incompatible with Gradle 10.

You can use '--warning-mode all' to show the individual deprecation warnings and determine if they come from your own scripts or plugins.

For more on this, please refer to https://docs.gradle.org/9.1.0/userguide/command_line_interface.html#sec:command_line_warnings in the Gradle documentation.

BUILD SUCCESSFUL in 23s
9 actionable tasks: 1 executed, 8 up-to-date
