Command: ./gradlew generateDynamicAccessCoverageReport -Pcoordinates=com.couchbase.client:core-io:3.11.3
Working directory: /home/oracle/oracle/graalvm-reachability-metadata/forge/local_repositories/forge_worktrees/9736-2de9402b

--- output ---
> Task :tck-build-logic:extractPluginRequests UP-TO-DATE
> Task :tck-build-logic:generatePluginAdapters UP-TO-DATE
> Task :tck-build-logic:compileJava UP-TO-DATE
> Task :tck-build-logic:compileGroovy UP-TO-DATE
> Task :tck-build-logic:compileGroovyPlugins UP-TO-DATE
> Task :tck-build-logic:pluginDescriptors UP-TO-DATE
> Task :tck-build-logic:processResources UP-TO-DATE
> Task :tck-build-logic:classes UP-TO-DATE
> Task :tck-build-logic:jar UP-TO-DATE

> Configure project :
GraalVM Reachability Metadata TCK
---------------------------------

> Task :generateDynamicAccessCoverageReport
Starting a Gradle Daemon, 1 busy Daemon could not be reused, use --status for details
Shared read-only dependency cache is an incubating feature.
> Task :tck-build-logic:extractPluginRequests UP-TO-DATE
> Task :tck-build-logic:generatePluginAdapters UP-TO-DATE
> Task :tck-build-logic:compileJava UP-TO-DATE
> Task :tck-build-logic:compileGroovy UP-TO-DATE
> Task :tck-build-logic:compileGroovyPlugins UP-TO-DATE
> Task :tck-build-logic:pluginDescriptors UP-TO-DATE
> Task :tck-build-logic:processResources UP-TO-DATE
> Task :tck-build-logic:classes UP-TO-DATE
> Task :tck-build-logic:jar UP-TO-DATE

> Configure project :
GraalVM Reachability Metadata TCK
---------------------------------

> Task :jacocoCodeCoverageReport
Starting a Gradle Daemon, 2 busy Daemons could not be reused, use --status for details
Shared read-only dependency cache is an incubating feature.
> Task :tck-build-logic:extractPluginRequests UP-TO-DATE
> Task :tck-build-logic:generatePluginAdapters UP-TO-DATE
> Task :tck-build-logic:compileJava UP-TO-DATE
> Task :tck-build-logic:compileGroovy UP-TO-DATE
> Task :tck-build-logic:compileGroovyPlugins UP-TO-DATE
> Task :tck-build-logic:pluginDescriptors UP-TO-DATE
> Task :tck-build-logic:processResources UP-TO-DATE
> Task :tck-build-logic:classes UP-TO-DATE
> Task :tck-build-logic:jar UP-TO-DATE
> Task :tck-test-support:compileJava UP-TO-DATE
> Task :checkTestTimeoutAnnotations
> Task :tck-test-support:processResources UP-TO-DATE
> Task :tck-test-support:classes UP-TO-DATE
> Task :compileCodeCoverageJava NO-SOURCE
> Task :tck-test-support:jar UP-TO-DATE
> Task :processCodeCoverageResources NO-SOURCE
> Task :codeCoverageClasses UP-TO-DATE
> Task :codeCoverageTest SKIPPED
> Task :compileJava NO-SOURCE
> Task :processResources NO-SOURCE
> Task :classes UP-TO-DATE
> Task :compileTestJava UP-TO-DATE
> Task :processTestResources NO-SOURCE
> Task :testClasses UP-TO-DATE
> Task :test UP-TO-DATE
> Task :jacocoCodeCoverageReport

[Incubating] Problems report is available at: file:///home/oracle/oracle/graalvm-reachability-metadata/forge/local_repositories/forge_worktrees/9736-2de9402b/tests/src/com.couchbase.client/core-io/3.11.3/build/reports/problems/problems-report.html

Deprecated Gradle features were used in this build, making it incompatible with Gradle 10.

You can use '--warning-mode all' to show the individual deprecation warnings and determine if they come from your own scripts or plugins.

For more on this, please refer to https://docs.gradle.org/9.1.0/userguide/command_line_interface.html#sec:command_line_warnings in the Gradle documentation.

BUILD SUCCESSFUL in 23s
15 actionable tasks: 2 executed, 13 up-to-date

[Incubating] Problems report is available at: file:///home/oracle/oracle/graalvm-reachability-metadata/forge/local_repositories/forge_worktrees/9736-2de9402b/build/reports/problems/problems-report.html

Deprecated Gradle features were used in this build, making it incompatible with Gradle 10.

You can use '--warning-mode all' to show the individual deprecation warnings and determine if they come from your own scripts or plugins.

For more on this, please refer to https://docs.gradle.org/9.1.0/userguide/command_line_interface.html#sec:command_line_warnings in the Gradle documentation.

BUILD SUCCESSFUL in 36s
9 actionable tasks: 1 executed, 8 up-to-date
> Task :tck-build-logic:extractPluginRequests UP-TO-DATE
> Task :tck-build-logic:generatePluginAdapters UP-TO-DATE
> Task :tck-build-logic:compileJava UP-TO-DATE
> Task :tck-build-logic:compileGroovy UP-TO-DATE
> Task :tck-build-logic:compileGroovyPlugins UP-TO-DATE
> Task :tck-build-logic:pluginDescriptors UP-TO-DATE
> Task :tck-build-logic:processResources UP-TO-DATE
> Task :tck-build-logic:classes UP-TO-DATE
> Task :tck-build-logic:jar UP-TO-DATE

> Task :generateDynamicAccessReport
> Task :tck-build-logic:extractPluginRequests UP-TO-DATE
> Task :tck-build-logic:generatePluginAdapters UP-TO-DATE
> Task :tck-build-logic:compileJava UP-TO-DATE
> Task :tck-build-logic:compileGroovy UP-TO-DATE
> Task :tck-build-logic:compileGroovyPlugins UP-TO-DATE
> Task :tck-build-logic:pluginDescriptors UP-TO-DATE
> Task :tck-build-logic:processResources UP-TO-DATE
> Task :tck-build-logic:classes UP-TO-DATE
> Task :tck-build-logic:jar UP-TO-DATE
> Task :compileJava NO-SOURCE
> Task :processResources NO-SOURCE
> Task :classes UP-TO-DATE
> Task :tck-test-support:compileJava UP-TO-DATE
> Task :tck-test-support:processResources UP-TO-DATE
> Task :jar UP-TO-DATE
> Task :tck-test-support:classes UP-TO-DATE
> Task :tck-test-support:jar UP-TO-DATE
> Task :compileTestJava UP-TO-DATE
> Task :checkTestTimeoutAnnotations
> Task :processTestResources NO-SOURCE
> Task :testClasses UP-TO-DATE
> Task :test UP-TO-DATE
> Task :generateTestResourcesConfigFile UP-TO-DATE
> Task :nativeTestCompile UP-TO-DATE
> Task :generateDynamicAccessReport UP-TO-DATE

[Incubating] Problems report is available at: file:///home/oracle/oracle/graalvm-reachability-metadata/forge/local_repositories/forge_worktrees/9736-2de9402b/tests/src/com.couchbase.client/core-io/3.11.3/build/reports/problems/problems-report.html

Deprecated Gradle features were used in this build, making it incompatible with Gradle 10.

You can use '--warning-mode all' to show the individual deprecation warnings and determine if they come from your own scripts or plugins.

For more on this, please refer to https://docs.gradle.org/9.1.0/userguide/command_line_interface.html#sec:command_line_warnings in the Gradle documentation.

BUILD SUCCESSFUL in 3s
17 actionable tasks: 1 executed, 16 up-to-date
Consider enabling configuration cache to speed up this build: https://docs.gradle.org/9.1.0/userguide/configuration_cache_enabling.html
/home/oracle/oracle/graalvm-reachability-metadata/forge/local_repositories/forge_worktrees/9736-2de9402b/tests/src/com.couchbase.client/core-io/3.11.3/build/native/nativeTestCompile/dynamic-access/core-io-3.11.3/reflection-calls.json
/home/oracle/oracle/graalvm-reachability-metadata/forge/local_repositories/forge_worktrees/9736-2de9402b/tests/src/com.couchbase.client/core-io/3.11.3/build/native/nativeTestCompile/dynamic-access/core-io-3.11.3/resource-calls.json

[Incubating] Problems report is available at: file:///home/oracle/oracle/graalvm-reachability-metadata/forge/local_repositories/forge_worktrees/9736-2de9402b/build/reports/problems/problems-report.html

Deprecated Gradle features were used in this build, making it incompatible with Gradle 10.

You can use '--warning-mode all' to show the individual deprecation warnings and determine if they come from your own scripts or plugins.

For more on this, please refer to https://docs.gradle.org/9.1.0/userguide/command_line_interface.html#sec:command_line_warnings in the Gradle documentation.

BUILD SUCCESSFUL in 6s
9 actionable tasks: 1 executed, 8 up-to-date

File system event consumer thread stopped due to exception
java.lang.OutOfMemoryError: Java heap space
	at java.base/sun.nio.fs.Util.toString(Util.java:63)
	at java.base/sun.nio.fs.UnixPath.toString(UnixPath.java:817)
	at org.gradle.internal.watch.vfs.impl.WatchingVirtualFileSystem$FilterChangesToOutputsChangesHandler.handleChange(WatchingVirtualFileSystem.java:355)
	at org.gradle.internal.watch.registry.impl.DefaultFileWatcherRegistry$1.handleChangeEvent(DefaultFileWatcherRegistry.java:83)
	at org.gradle.fileevents.internal.AbstractFileEventFunctions$ChangeEvent.handleEvent(AbstractFileEventFunctions.java:244)
	at org.gradle.internal.watch.registry.impl.DefaultFileWatcherRegistry.lambda$createAndStartEventConsumerThread$0(DefaultFileWatcherRegistry.java:78)
	at org.gradle.internal.watch.registry.impl.DefaultFileWatcherRegistry$$Lambda/0x00000000cb82e348.run(Unknown Source)
	at java.base/java.lang.Thread.runWith(Thread.java:1487)
	at java.base/java.lang.Thread.run(Thread.java:1474)

> Task :generateDynamicAccessCoverageReport FAILED

[Incubating] Problems report is available at: file:///home/oracle/oracle/graalvm-reachability-metadata/forge/local_repositories/forge_worktrees/9736-2de9402b/build/reports/problems/problems-report.html

FAILURE: Build failed with an exception.

* What went wrong:
Execution failed for task ':generateDynamicAccessCoverageReport'.
> Java heap space

* Try:
> Run with --stacktrace option to get the stack trace.
> Run with --info or --debug option to get more log output.
> Run with --scan to generate a Build Scan (Powered by Develocity).
> Get more help at https://help.gradle.org.

Deprecated Gradle features were used in this build, making it incompatible with Gradle 10.

You can use '--warning-mode all' to show the individual deprecation warnings and determine if they come from your own scripts or plugins.

For more on this, please refer to https://docs.gradle.org/9.1.0/userguide/command_line_interface.html#sec:command_line_warnings in the Gradle documentation.

BUILD FAILED in 1m 6s
9 actionable tasks: 1 executed, 8 up-to-date
