Command: ./gradlew generateDynamicAccessCoverageReport -Pcoordinates=org.springframework.cloud:spring-cloud-vault-config:5.0.2
Working directory: /home/mihailo/git/graalvm-reachability-metadata/forge/local_repositories/forge_worktrees/9705-b5831e6c

--- output ---
> Task :tck-build-logic:extractPluginRequests UP-TO-DATE
> Task :tck-build-logic:generatePluginAdapters UP-TO-DATE
> Task :tck-build-logic:compileJava UP-TO-DATE
> Task :tck-build-logic:compileGroovy UP-TO-DATE
> Task :tck-build-logic:compileGroovyPlugins UP-TO-DATE
> Task :tck-build-logic:pluginDescriptors UP-TO-DATE
> Task :tck-build-logic:processResources UP-TO-DATE
> Task :tck-build-logic:classes UP-TO-DATE
> Task :tck-build-logic:jar UP-TO-DATE

> Configure project :
GraalVM Reachability Metadata TCK
---------------------------------

> Task :generateDynamicAccessCoverageReport
> Task :tck-build-logic:extractPluginRequests UP-TO-DATE
> Task :tck-build-logic:generatePluginAdapters UP-TO-DATE
> Task :tck-build-logic:compileJava UP-TO-DATE
> Task :tck-build-logic:compileGroovy UP-TO-DATE
> Task :tck-build-logic:compileGroovyPlugins UP-TO-DATE
> Task :tck-build-logic:pluginDescriptors UP-TO-DATE
> Task :tck-build-logic:processResources UP-TO-DATE
> Task :tck-build-logic:classes UP-TO-DATE
> Task :tck-build-logic:jar UP-TO-DATE

> Configure project :
GraalVM Reachability Metadata TCK
---------------------------------

> Task :jacocoCodeCoverageReport
> Task :tck-build-logic:extractPluginRequests UP-TO-DATE
> Task :tck-build-logic:generatePluginAdapters UP-TO-DATE
> Task :tck-build-logic:compileJava UP-TO-DATE
> Task :tck-build-logic:compileGroovy UP-TO-DATE
> Task :tck-build-logic:compileGroovyPlugins UP-TO-DATE
> Task :tck-build-logic:pluginDescriptors UP-TO-DATE
> Task :tck-build-logic:processResources UP-TO-DATE
> Task :tck-build-logic:classes UP-TO-DATE
> Task :tck-build-logic:jar UP-TO-DATE
> Task :tck-test-support:compileJava UP-TO-DATE
> Task :checkTestTimeoutAnnotations
> Task :tck-test-support:processResources UP-TO-DATE
> Task :tck-test-support:classes UP-TO-DATE
> Task :compileCodeCoverageJava NO-SOURCE
> Task :tck-test-support:jar UP-TO-DATE
> Task :processCodeCoverageResources NO-SOURCE
> Task :codeCoverageClasses UP-TO-DATE
> Task :codeCoverageTest SKIPPED
> Task :compileJava NO-SOURCE
> Task :processResources NO-SOURCE
> Task :classes UP-TO-DATE
> Task :compileTestJava
> Task :processTestResources UP-TO-DATE
> Task :testClasses
> Task :test
> Task :jacocoCodeCoverageReport

[Incubating] Problems report is available at: file:///home/mihailo/git/graalvm-reachability-metadata/forge/local_repositories/forge_worktrees/9705-b5831e6c/tests/src/org.springframework.cloud/spring-cloud-vault-config/5.0.2/build/reports/problems/problems-report.html

Deprecated Gradle features were used in this build, making it incompatible with Gradle 10.

You can use '--warning-mode all' to show the individual deprecation warnings and determine if they come from your own scripts or plugins.

For more on this, please refer to https://docs.gradle.org/9.1.0/userguide/command_line_interface.html#sec:command_line_warnings in the Gradle documentation.

BUILD SUCCESSFUL in 8s
16 actionable tasks: 4 executed, 12 up-to-date

[Incubating] Problems report is available at: file:///home/mihailo/git/graalvm-reachability-metadata/forge/local_repositories/forge_worktrees/9705-b5831e6c/build/reports/problems/problems-report.html

Deprecated Gradle features were used in this build, making it incompatible with Gradle 10.

You can use '--warning-mode all' to show the individual deprecation warnings and determine if they come from your own scripts or plugins.

For more on this, please refer to https://docs.gradle.org/9.1.0/userguide/command_line_interface.html#sec:command_line_warnings in the Gradle documentation.

BUILD SUCCESSFUL in 9s
9 actionable tasks: 1 executed, 8 up-to-date
> Task :tck-build-logic:extractPluginRequests UP-TO-DATE
> Task :tck-build-logic:generatePluginAdapters UP-TO-DATE
> Task :tck-build-logic:compileJava UP-TO-DATE
> Task :tck-build-logic:compileGroovy UP-TO-DATE
> Task :tck-build-logic:compileGroovyPlugins UP-TO-DATE
> Task :tck-build-logic:pluginDescriptors UP-TO-DATE
> Task :tck-build-logic:processResources UP-TO-DATE
> Task :tck-build-logic:classes UP-TO-DATE
> Task :tck-build-logic:jar UP-TO-DATE

> Task :generateDynamicAccessReport
> Task :tck-build-logic:extractPluginRequests UP-TO-DATE
> Task :tck-build-logic:generatePluginAdapters UP-TO-DATE
> Task :tck-build-logic:compileJava UP-TO-DATE
> Task :tck-build-logic:compileGroovy UP-TO-DATE
> Task :tck-build-logic:compileGroovyPlugins UP-TO-DATE
> Task :tck-build-logic:pluginDescriptors UP-TO-DATE
> Task :tck-build-logic:processResources UP-TO-DATE
> Task :tck-build-logic:classes UP-TO-DATE
> Task :tck-build-logic:jar UP-TO-DATE
> Task :compileJava NO-SOURCE
> Task :processResources NO-SOURCE
> Task :classes UP-TO-DATE
> Task :jar UP-TO-DATE
> Task :tck-test-support:compileJava UP-TO-DATE
> Task :checkTestTimeoutAnnotations
> Task :tck-test-support:processResources UP-TO-DATE
> Task :processTestResources UP-TO-DATE
> Task :tck-test-support:classes UP-TO-DATE
> Task :tck-test-support:jar UP-TO-DATE
> Task :compileTestJava UP-TO-DATE
> Task :testClasses UP-TO-DATE
> Task :test UP-TO-DATE

> Task :generateTestResourcesConfigFile
[native-image-plugin] Resources configuration written into /home/mihailo/git/graalvm-reachability-metadata/forge/local_repositories/forge_worktrees/9705-b5831e6c/tests/src/org.springframework.cloud/spring-cloud-vault-config/5.0.2/build/native/generated/generateTestResourcesConfigFile/resource-config.json

> Task :nativeTestCompile
[native-image-plugin] GraalVM Toolchain detection is disabled
[native-image-plugin] GraalVM location read from environment variable: GRAALVM_HOME
[native-image-plugin] Native Image executable path: /home/mihailo/git/graal/sdk/mxbuild/linux-amd64/GRAALVM_JAVA25/graalvm-25.1.0-dev+10.1/lib/svm/bin/native-image
Apply jar:file:///tmp/metadata-forge-gradle/6c511174d24457d7/caches/modules-2/files-2.1/org.springframework/spring-web/7.0.8/d7cddac31ee023d25d37f48e2ff0e168cf635c14/spring-web-7.0.8.jar!/META-INF/native-image/org.springframework/spring-web/native-image.properties
Apply jar:file:///tmp/metadata-forge-gradle/6c511174d24457d7/caches/modules-2/files-2.1/org.testcontainers/testcontainers/2.0.5/7e5013c78fd678ba8958db23c6883274019f2f2f/testcontainers-2.0.5.jar!/META-INF/native-image/org.testcontainers/testcontainers/native-image.properties
Apply jar:file:///tmp/metadata-forge-gradle/6c511174d24457d7/caches/modules-2/files-2.1/org.springframework.boot/spring-boot/4.0.7/8c5c38df73a912978dd95fe4f7594045558180ac/spring-boot-4.0.7.jar!/META-INF/native-image/log4j-generated/org.springframework.boot/spring-boot-log4j/reflect-config.json
Apply jar:file:///tmp/metadata-forge-gradle/6c511174d24457d7/caches/modules-2/files-2.1/org.springframework/spring-core/7.0.8/25f5ebd179f92d7d12779e3761c96da4b0109ad/spring-core-7.0.8.jar!/META-INF/native-image/org.springframework/spring-core/native-image.properties
Apply jar:file:///tmp/metadata-forge-gradle/6c511174d24457d7/caches/modules-2/files-2.1/org.apache.logging.log4j/log4j-api/2.25.4/89ff2217b193fb187b134aa6ebcbfa8a28b018a9/log4j-api-2.25.4.jar!/META-INF/native-image/org.apache.logging.log4j/log4j-api/resource-config.json
Apply file:///home/mihailo/git/graalvm-reachability-metadata/forge/local_repositories/forge_worktrees/9705-b5831e6c/tests/src/org.springframework.cloud/spring-cloud-vault-config/5.0.2/build/resources/test/META-INF/native-image/reachability-metadata.json
Warning: Using a deprecated option --no-fallback from command line. No effect, no replacement available
Warning: The option '-H:TrackDynamicAccess=path=/tmp/metadata-forge-gradle/6c511174d24457d7/caches/modules-2/files-2.1/org.springframework.cloud/spring-cloud-vault-config/5.0.2/1127223ead10844072c1c6f05ec78ad6b4ac38b7/spring-cloud-vault-config-5.0.2.jar' is experimental and must be enabled via '-H:+UnlockExperimentalVMOptions' in the future.
Warning: The option '-H:Preserve=path=/tmp/metadata-forge-gradle/6c511174d24457d7/caches/modules-2/files-2.1/org.springframework.cloud/spring-cloud-vault-config/5.0.2/1127223ead10844072c1c6f05ec78ad6b4ac38b7/spring-cloud-vault-config-5.0.2.jar' is experimental and must be enabled via '-H:+UnlockExperimentalVMOptions' in the future.
Warning: Please re-evaluate whether any experimental option is required, and either remove or unlock it. The build output lists all active experimental options, including where they come from and possible alternatives. If you think an experimental option should be considered as stable, please file an issue.
Apply jar:file:///home/mihailo/git/graal/sdk/mxbuild/linux-amd64/GRAALVM_JAVA25/graalvm-25.1.0-dev+10.1/lib/svm/svm-guest.jar!/META-INF/native-image/org.graalvm.nativeimage.guest/native-image.properties
Apply jar:file:///home/mihailo/git/graal/sdk/mxbuild/linux-amd64/GRAALVM_JAVA25/graalvm-25.1.0-dev+10.1/lib/svm/svm-guest.jar!/META-INF/native-image/org.graalvm.nativeimage.guest/reachability-metadata.json
Apply jar:file:///home/mihailo/git/graal/sdk/mxbuild/linux-amd64/GRAALVM_JAVA25/graalvm-25.1.0-dev+10.1/lib/svm/library-support.jar!/META-INF/native-image/com.oracle.svm/polyglot/native-image.properties
Apply jar:file:///home/mihailo/git/graal/sdk/mxbuild/linux-amd64/GRAALVM_JAVA25/graalvm-25.1.0-dev+10.1/lib/svm/library-support.jar!/META-INF/native-image/com.oracle.svm/thirdparty/native-image.properties
Executing [
DRIVER_TEMP_DIR_ENV_VARIABLE=/tmp/driverRoot-797425154835582545 \
HOME=/home/mihailo \
LANG=en_US.UTF-8 \
PATH=/home/mihailo/.local/opt/grype-0.104.0:/home/mihailo/git/mx:/home/mihailo/.sdkman/candidates/maven/current/bin:/home/mihailo/.sdkman/candidates/java/current/bin:/home/mihailo/.nvm/versions/node/v22.23.2/bin:/home/mihailo/.cargo/bin:/usr/local/sbin:/usr/local/bin:/usr/sbin:/usr/bin:/sbin:/bin:/usr/games:/usr/local/games:/snap/bin:/snap/bin \
PWD=/home/mihailo/git/graalvm-reachability-metadata/forge/local_repositories/forge_worktrees/9705-b5831e6c/tests/src/org.springframework.cloud/spring-cloud-vault-config/5.0.2 \
/home/mihailo/git/graal/sdk/mxbuild/linux-amd64/GRAALVM_JAVA25/graalvm-25.1.0-dev+10.1/bin/java \
-XX:+UnlockExperimentalVMOptions \
-XX:+EnableJVMCI \
-Dgraalvm.locatorDisabled=true \
-Dtruffle.TruffleRuntime=com.oracle.truffle.api.impl.DefaultTruffleRuntime \
-Dgraalvm.ForcePolyglotInvalid=true \
-Dsubstratevm.HostLibC=glibc \
--add-exports=java.base/com.sun.crypto.provider=org.graalvm.nativeimage.builder \
--add-exports=java.base/jdk.internal.access=jdk.graal.compiler.hostvmaccess,org.graalvm.nativeimage.builder \
--add-exports=java.base/jdk.internal.event=org.graalvm.nativeimage.builder \
--add-exports=java.base/jdk.internal.foreign=org.graalvm.nativeimage.builder \
--add-exports=java.base/jdk.internal.loader=jdk.graal.compiler.hostvmaccess,org.graalvm.nativeimage.base,org.graalvm.nativeimage.builder \
--add-exports=java.base/jdk.internal.logger=org.graalvm.nativeimage.builder \
--add-exports=java.base/jdk.internal.misc=com.oracle.graal.graal_enterprise,com.oracle.svm.svm_enterprise,jdk.graal.compiler,jdk.graal.compiler.hostvmaccess,org.graalvm.nativeimage.builder,org.graalvm.nativeimage.objectfile,org.graalvm.nativeimage.pointsto \
--add-exports=java.base/jdk.internal.module=jdk.graal.compiler.hostvmaccess,jdk.graal.compiler.vmaccess,org.graalvm.nativeimage.base,org.graalvm.nativeimage.builder,org.graalvm.nativeimage.shared \
--add-exports=java.base/jdk.internal.perf=org.graalvm.nativeimage.builder \
--add-exports=java.base/jdk.internal.platform=org.graalvm.nativeimage.builder \
--add-exports=java.base/jdk.internal.ref=org.graalvm.nativeimage.builder,org.graalvm.nativeimage.objectfile \
--add-exports=java.base/jdk.internal.reflect=org.graalvm.nativeimage.builder \
--add-exports=java.base/jdk.internal.util=org.graalvm.nativeimage.builder \
--add-exports=java.base/jdk.internal.vm.annotation=org.graalvm.nativeimage.builder \
--add-exports=java.base/jdk.internal.vm=org.graalvm.nativeimage.builder \
--add-exports=java.base/jdk.internal=org.graalvm.nativeimage.builder \
--add-exports=java.base/sun.invoke.util=org.graalvm.nativeimage.builder \
--add-exports=java.base/sun.net.www=org.graalvm.nativeimage.builder \
--add-exports=java.base/sun.net=org.graalvm.nativeimage.builder \
--add-exports=java.base/sun.nio.ch=org.graalvm.nativeimage.builder,org.graalvm.nativeimage.objectfile \
--add-exports=java.base/sun.reflect.annotation=org.graalvm.nativeimage.base,org.graalvm.nativeimage.builder \
--add-exports=java.base/sun.reflect.generics.factory=org.graalvm.nativeimage.builder \
--add-exports=java.base/sun.reflect.generics.reflectiveObjects=org.graalvm.nativeimage.builder \
--add-exports=java.base/sun.reflect.generics.repository=org.graalvm.nativeimage.builder \
--add-exports=java.base/sun.reflect.generics.scope=org.graalvm.nativeimage.builder \
--add-exports=java.base/sun.reflect.generics.tree=org.graalvm.nativeimage.builder \
--add-exports=java.base/sun.security.jca=org.graalvm.nativeimage.builder \
--add-exports=java.base/sun.security.provider=org.graalvm.nativeimage.builder \
--add-exports=java.base/sun.security.rsa=org.graalvm.nativeimage.builder \
--add-exports=java.base/sun.security.ssl=org.graalvm.nativeimage.builder \
--add-exports=java.base/sun.security.util=org.graalvm.nativeimage.builder \
--add-exports=java.base/sun.security.x509=org.graalvm.nativeimage.builder \
--add-exports=java.base/sun.text.spi=org.graalvm.nativeimage.builder \
--add-exports=java.base/sun.util.calendar=org.graalvm.nativeimage.builder \
--add-exports=java.base/sun.util.cldr=org.graalvm.nativeimage.builder \
--add-exports=java.base/sun.util.locale.provider=org.graalvm.nativeimage.builder \
--add-exports=java.base/sun.util.locale=org.graalvm.nativeimage.builder \
--add-exports=java.base/sun.util.resources=org.graalvm.nativeimage.builder \
--add-exports=java.base/sun.util.spi=org.graalvm.nativeimage.builder \
--add-exports=java.base/sun.util=org.graalvm.nativeimage.builder \
--add-exports=java.management/com.sun.jmx.mbeanserver=org.graalvm.nativeimage.builder \
--add-exports=java.management/sun.management=org.graalvm.nativeimage.builder,org.graalvm.nativeimage.pointsto \
--add-exports=jdk.graal.compiler/jdk.graal.compiler.api.replacements=jdk.graal.compiler.hostvmaccess \
--add-exports=jdk.graal.compiler/jdk.graal.compiler.api.runtime=jdk.graal.compiler.hostvmaccess \
--add-exports=jdk.graal.compiler/jdk.graal.compiler.core.target=jdk.graal.compiler.hostvmaccess \
--add-exports=jdk.graal.compiler/jdk.graal.compiler.phases.util=jdk.graal.compiler.hostvmaccess,jdk.graal.compiler.vmaccess \
--add-exports=jdk.graal.compiler/jdk.graal.compiler.runtime=jdk.graal.compiler.hostvmaccess \
--add-exports=jdk.graal.compiler/jdk.graal.compiler.util.json=com.oracle.graal.reporter \
--add-exports=jdk.internal.vm.ci/jdk.vm.ci.aarch64=com.oracle.graal.graal_enterprise,com.oracle.svm.svm_enterprise,jdk.graal.compiler,org.graalvm.nativeimage.builder,org.graalvm.nativeimage.objectfile \
--add-exports=jdk.internal.vm.ci/jdk.vm.ci.amd64=com.oracle.graal.graal_enterprise,com.oracle.svm.svm_enterprise,jdk.graal.compiler,org.graalvm.nativeimage.builder,org.graalvm.nativeimage.objectfile \
--add-exports=jdk.internal.vm.ci/jdk.vm.ci.code.site=com.oracle.svm.svm_enterprise,jdk.graal.compiler,org.graalvm.nativeimage.builder \
--add-exports=jdk.internal.vm.ci/jdk.vm.ci.code.stack=jdk.graal.compiler,org.graalvm.nativeimage.builder \
--add-exports=jdk.internal.vm.ci/jdk.vm.ci.code=com.oracle.graal.graal_enterprise,com.oracle.svm.svm_enterprise,jdk.graal.compiler,jdk.graal.compiler.hostvmaccess,jdk.graal.compiler.vmaccess,org.graalvm.nativeimage.base,org.graalvm.nativeimage.builder,org.graalvm.nativeimage.objectfile,org.graalvm.nativeimage.pointsto,org.graalvm.truffle.compiler \
--add-exports=jdk.internal.vm.ci/jdk.vm.ci.common=com.oracle.graal.graal_enterprise,com.oracle.svm.svm_enterprise,jdk.graal.compiler,org.graalvm.nativeimage.builder,org.graalvm.nativeimage.pointsto \
--add-exports=jdk.internal.vm.ci/jdk.vm.ci.hotspot.aarch64=jdk.graal.compiler \
--add-exports=jdk.internal.vm.ci/jdk.vm.ci.hotspot.amd64=jdk.graal.compiler \
--add-exports=jdk.internal.vm.ci/jdk.vm.ci.hotspot.riscv64=jdk.graal.compiler \
--add-exports=jdk.internal.vm.ci/jdk.vm.ci.hotspot=com.oracle.graal.graal_enterprise,jdk.graal.compiler,org.graalvm.nativeimage.builder \
--add-exports=jdk.internal.vm.ci/jdk.vm.ci.meta.annotation=com.oracle.graal.graal_enterprise,com.oracle.svm.svm_enterprise,jdk.graal.compiler,jdk.graal.compiler.hostvmaccess,jdk.graal.compiler.vmaccess,org.graalvm.nativeimage.base,org.graalvm.nativeimage.builder,org.graalvm.nativeimage.configure,org.graalvm.nativeimage.guest.staging,org.graalvm.nativeimage.objectfile,org.graalvm.nativeimage.pointsto \
--add-exports=jdk.internal.vm.ci/jdk.vm.ci.meta=com.oracle.graal.graal_enterprise,com.oracle.svm.svm_enterprise,jdk.graal.compiler,jdk.graal.compiler.hostvmaccess,jdk.graal.compiler.vmaccess,org.graalvm.nativeimage.base,org.graalvm.nativeimage.builder,org.graalvm.nativeimage.configure,org.graalvm.nativeimage.guest.staging,org.graalvm.nativeimage.objectfile,org.graalvm.nativeimage.pointsto,org.graalvm.truffle.compiler \
--add-exports=jdk.internal.vm.ci/jdk.vm.ci.riscv64=com.oracle.svm.svm_enterprise,jdk.graal.compiler,org.graalvm.nativeimage.builder \
--add-exports=jdk.internal.vm.ci/jdk.vm.ci.runtime=com.oracle.graal.graal_enterprise,jdk.graal.compiler,jdk.graal.compiler.hostvmaccess,org.graalvm.nativeimage.base,org.graalvm.nativeimage.builder,org.graalvm.nativeimage.pointsto \
--add-exports=jdk.internal.vm.ci/jdk.vm.ci.services=com.oracle.graal.graal_enterprise,com.oracle.svm.svm_enterprise,jdk.graal.compiler,org.graalvm.nativeimage.builder \
--add-exports=jdk.jfr/jdk.jfr.events=org.graalvm.nativeimage.builder \
--add-exports=jdk.jfr/jdk.jfr.internal.event=org.graalvm.nativeimage.builder \
--add-exports=jdk.jfr/jdk.jfr.internal.jfc=com.oracle.svm.svm_enterprise,org.graalvm.nativeimage.builder \
--add-exports=jdk.jfr/jdk.jfr.internal.settings=org.graalvm.nativeimage.builder \
--add-exports=jdk.jfr/jdk.jfr.internal.tracing=org.graalvm.nativeimage.builder \
--add-exports=jdk.jfr/jdk.jfr.internal=com.oracle.svm.svm_enterprise,org.graalvm.nativeimage.builder \
--add-exports=jdk.management/com.sun.management.internal=org.graalvm.nativeimage.builder \
-XX:+UseJVMCINativeLibrary \
-XX:MaxRAMPercentage=48.18998631506648 \
'-Dsvm.build.memoryUsageReasonText=30.00GiB of memory (48.2% of system memory, capped at 30GiB)' \
-Xss10m \
-XX:+UseParallelGC \
-XX:GCTimeRatio=9 \
-XX:+ExitOnOutOfMemoryError \
-XX:+UseCompressedOops \
-Djava.awt.headless=true \
'-Dorg.graalvm.vendor=Oracle Corporation' \
-Dorg.graalvm.vendorurl=https://www.graalvm.org/ \
'-Dorg.graalvm.vendorversion=Oracle GraalVM 25.1.0-dev+10.1' \
-Dorg.graalvm.version=25.1.0-dev \
-Dcom.oracle.graalvm.isaot=true \
-Djava.system.class.loader=com.oracle.svm.hosted.NativeImageSystemClassLoader \
-Djava.util.concurrent.ForkJoinPool.common.exceptionHandler=com.oracle.svm.hosted.CommonPoolUncaughtExceptionHandler \
'-Djava.util.concurrent.ForkJoinPool.common.threadFactory=com.oracle.svm.hosted.NativeImageSystemClassLoader$NativeImageForkJoinWorkerThreadFactory' \
-Dorg.graalvm.nativeimage.imagecode=buildtime \
-Xshare:off \
-Djdk.internal.lambda.disableEagerInitialization=true \
-Djdk.internal.lambda.eagerlyInitialize=false \
-Djava.lang.invoke.InnerClassLambdaMetafactory.initializeLambdas=false \
-Djava.lang.invoke.MethodHandle.DONT_INLINE_THRESHOLD=-1 \
-Djava.lang.invoke.MethodHandle.PROFILE_GWT=false \
-Djunit.platform.listeners.uid.tracking.output.dir=/home/mihailo/git/graalvm-reachability-metadata/forge/local_repositories/forge_worktrees/9705-b5831e6c/tests/src/org.springframework.cloud/spring-cloud-vault-config/5.0.2/build/test-results/test/testlist \
-Dcom.oracle.svm.provided=/home/mihailo/git/graal/sdk/mxbuild/linux-amd64/GRAALVM_JAVA25/graalvm-25.1.0-dev+10.1/lib/svm/svm-guest-staging.jar:/home/mihailo/git/graal/sdk/mxbuild/linux-amd64/GRAALVM_JAVA25/graalvm-25.1.0-dev+10.1/lib/svm/svm-guest.jar:/home/mihailo/git/graal/sdk/mxbuild/linux-amd64/GRAALVM_JAVA25/graalvm-25.1.0-dev+10.1/lib/svm/svm-shared.jar:/home/mihailo/git/graal/sdk/mxbuild/linux-amd64/GRAALVM_JAVA25/graalvm-25.1.0-dev+10.1/lib/svm/vmaccess-guest.jar:/home/mihailo/git/graal/sdk/mxbuild/linux-amd64/GRAALVM_JAVA25/graalvm-25.1.0-dev+10.1/lib/svm/library-support.jar \
--add-modules=ALL-DEFAULT \
--enable-native-access=org.graalvm.nativeimage.guest.staging,org.graalvm.nativeimage.foreign,com.oracle.svm.svm_enterprise,jdk.graal.compiler.vmaccess.guest,org.graalvm.nativeimage.shaded.capnproto,org.graalvm.nativeimage.configure,jdk.graal.compiler.hostvmaccess,jdk.graal.compiler.vmaccess,org.graalvm.nativeimage.pointsto,org.graalvm.nativeimage.builder,com.oracle.graal.reporter,org.graalvm.nativeimage.objectfile,org.graalvm.nativeimage.base,org.graalvm.nativeimage.shared,org.graalvm.espresso.shared.svm \
--module-path \
/home/mihailo/git/graal/sdk/mxbuild/linux-amd64/GRAALVM_JAVA25/graalvm-25.1.0-dev+10.1/lib/svm/builder/svm-configure.jar:/home/mihailo/git/graal/sdk/mxbuild/linux-amd64/GRAALVM_JAVA25/graalvm-25.1.0-dev+10.1/lib/svm/builder/svm-capnproto-runtime.jar:/home/mihailo/git/graal/sdk/mxbuild/linux-amd64/GRAALVM_JAVA25/graalvm-25.1.0-dev+10.1/lib/svm/builder/svm-enterprise.jar:/home/mihailo/git/graal/sdk/mxbuild/linux-amd64/GRAALVM_JAVA25/graalvm-25.1.0-dev+10.1/lib/svm/builder/native-image-base.jar:/home/mihailo/git/graal/sdk/mxbuild/linux-amd64/GRAALVM_JAVA25/graalvm-25.1.0-dev+10.1/lib/svm/builder/pointsto.jar:/home/mihailo/git/graal/sdk/mxbuild/linux-amd64/GRAALVM_JAVA25/graalvm-25.1.0-dev+10.1/lib/svm/builder/vmaccess.jar:/home/mihailo/git/graal/sdk/mxbuild/linux-amd64/GRAALVM_JAVA25/graalvm-25.1.0-dev+10.1/lib/svm/builder/objectfile.jar:/home/mihailo/git/graal/sdk/mxbuild/linux-amd64/GRAALVM_JAVA25/graalvm-25.1.0-dev+10.1/lib/svm/builder/svm-guest-staging.jar:/home/mihailo/git/graal/sdk/mxbuild/linux-amd64/GRAALVM_JAVA25/graalvm-25.1.0-dev+10.1/lib/svm/builder/espresso-svm.jar:/home/mihailo/git/graal/sdk/mxbuild/linux-amd64/GRAALVM_JAVA25/graalvm-25.1.0-dev+10.1/lib/svm/builder/svm-shared.jar:/home/mihailo/git/graal/sdk/mxbuild/linux-amd64/GRAALVM_JAVA25/graalvm-25.1.0-dev+10.1/lib/svm/builder/hostvmaccess.jar:/home/mihailo/git/graal/sdk/mxbuild/linux-amd64/GRAALVM_JAVA25/graalvm-25.1.0-dev+10.1/lib/svm/builder/svm.jar:/home/mihailo/git/graal/sdk/mxbuild/linux-amd64/GRAALVM_JAVA25/graalvm-25.1.0-dev+10.1/lib/svm/builder/vmaccess-guest.jar:/home/mihailo/git/graal/sdk/mxbuild/linux-amd64/GRAALVM_JAVA25/graalvm-25.1.0-dev+10.1/lib/svm/builder/reporter.jar:/home/mihailo/git/graal/sdk/mxbuild/linux-amd64/GRAALVM_JAVA25/graalvm-25.1.0-dev+10.1/lib/svm/builder/svm-foreign.jar \
--module \
org.graalvm.nativeimage.builder/com.oracle.svm.hosted.NativeImageGeneratorRunner \
-keepalive \
/proc/1590799/comm \
-imagecp \
/home/mihailo/git/graalvm-reachability-metadata/forge/local_repositories/forge_worktrees/9705-b5831e6c/tests/src/org.springframework.cloud/spring-cloud-vault-config/5.0.2/build/libs/org.springframework.cloud.spring-cloud-vault-config_tests.jar:/tmp/metadata-forge-gradle/6c511174d24457d7/caches/modules-2/files-2.1/org.graalvm.buildtools/junit-platform-native/1.0.0/2974f834a2f0a0105f2284fba7ef16dc4d60de56/junit-platform-native-1.0.0.jar:/tmp/metadata-forge-gradle/6c511174d24457d7/caches/modules-2/files-2.1/org.junit.jupiter/junit-jupiter/5.9.2/26c586fbe0ebd81b48c9f11f0d998124248697ae/junit-jupiter-5.9.2.jar:/tmp/metadata-forge-gradle/6c511174d24457d7/caches/modules-2/files-2.1/org.junit.platform/junit-platform-reporting/1.9.2/8bea292e2a546e4c21071f6bee60917ffd9f0101/junit-platform-reporting-1.9.2.jar:/tmp/metadata-forge-gradle/6c511174d24457d7/caches/modules-2/files-2.1/org.junit.platform/junit-platform-launcher/1.9.2/38e0bfad8c57d4cd1a8f27926c25ffe9543068d6/junit-platform-launcher-1.9.2.jar:/tmp/metadata-forge-gradle/6c511174d24457d7/caches/modules-2/files-2.1/org.junit.vintage/junit-vintage-engine/5.9.2/53421816bde124a564a64ba005dcc0c8e66a9722/junit-vintage-engine-5.9.2.jar:/tmp/metadata-forge-gradle/6c511174d24457d7/caches/modules-2/files-2.1/org.junit.jupiter/junit-jupiter-params/5.9.2/bc2765afb7b85b583c710dd259a11c6b8c39e912/junit-jupiter-params-5.9.2.jar:/tmp/metadata-forge-gradle/6c511174d24457d7/caches/modules-2/files-2.1/org.junit.jupiter/junit-jupiter-engine/5.9.2/572f7a553b53f83ee59cc045ce1c3772864ab76c/junit-jupiter-engine-5.9.2.jar:/tmp/metadata-forge-gradle/6c511174d24457d7/caches/modules-2/files-2.1/org.junit.jupiter/junit-jupiter-api/5.9.2/fed843581520eac594bc36bb4b0f55e7b947dda9/junit-jupiter-api-5.9.2.jar:/tmp/metadata-forge-gradle/6c511174d24457d7/caches/modules-2/files-2.1/org.junit.platform/junit-platform-engine/1.9.2/40aeef2be7b04f96bb91e8b054affc28b7c7c935/junit-platform-engine-1.9.2.jar:/tmp/metadata-forge-gradle/6c511174d24457d7/caches/modules-2/files-2.1/org.junit.platform/junit-platform-commons/1.9.2/6f9f8621d8230cd38aa42e58ccbc0c00569131ce/junit-platform-commons-1.9.2.jar:/tmp/metadata-forge-gradle/6c511174d24457d7/caches/modules-2/files-2.1/org.junit.platform/junit-platform-console/1.9.2/5548148dd55e820c42bd817ab93c1eaa05ce37f6/junit-platform-console-1.9.2.jar:/home/mihailo/git/graalvm-reachability-metadata/forge/local_repositories/forge_worktrees/9705-b5831e6c/tests/tck-test-support/build/libs/tck-test-support-1.0.0-SNAPSHOT.jar:/tmp/metadata-forge-gradle/6c511174d24457d7/caches/modules-2/files-2.1/org.springframework.cloud/spring-cloud-vault-config/5.0.2/1127223ead10844072c1c6f05ec78ad6b4ac38b7/spring-cloud-vault-config-5.0.2.jar:/tmp/metadata-forge-gradle/6c511174d24457d7/caches/modules-2/files-2.1/org.assertj/assertj-core/3.22.0/c300c0c6a24559f35fa0bd3a5472dc1edcd0111e/assertj-core-3.22.0.jar:/tmp/metadata-forge-gradle/6c511174d24457d7/caches/modules-2/files-2.1/org.springframework.cloud/spring-cloud-starter/5.0.2/ea120e5e7b48c2ffcb6acccc40f5b2f98109ff7e/spring-cloud-starter-5.0.2.jar:/tmp/metadata-forge-gradle/6c511174d24457d7/caches/modules-2/files-2.1/org.springframework.boot/spring-boot-starter/4.0.7/b8ec76ce41b25e6e72216e5eefdad22ae6d5acf7/spring-boot-starter-4.0.7.jar:/tmp/metadata-forge-gradle/6c511174d24457d7/caches/modules-2/files-2.1/org.springframework.boot/spring-boot-autoconfigure/4.0.7/d5c18ccc03b75be48128a6e8a527b01619ae3257/spring-boot-autoconfigure-4.0.7.jar:/tmp/metadata-forge-gradle/6c511174d24457d7/caches/modules-2/files-2.1/org.springframework.boot/spring-boot-test/4.0.7/c84e4c58aa4a5d086ad7549ebfca467fa16d5d94/spring-boot-test-4.0.7.jar:/tmp/metadata-forge-gradle/6c511174d24457d7/caches/modules-2/files-2.1/org.testcontainers/testcontainers-vault/2.0.5/4ddc9baa604a5a30a0c99521a9fb110803f7c3dc/testcontainers-vault-2.0.5.jar:/tmp/metadata-forge-gradle/6c511174d24457d7/caches/modules-2/files-2.1/org.springframework/spring-web/7.0.8/d7cddac31ee023d25d37f48e2ff0e168cf635c14/spring-web-7.0.8.jar:/tmp/metadata-forge-gradle/6c511174d24457d7/caches/modules-2/files-2.1/org.springframework.vault/spring-vault-core/4.0.3/a48f8dc5994adc616c43902572c6a8a02ebd2abc/spring-vault-core-4.0.3.jar:/tmp/metadata-forge-gradle/6c511174d24457d7/caches/modules-2/files-2.1/tools.jackson.core/jackson-core/3.0.4/c5be0f5814e161030c29fc48b92c27331729ab7f/jackson-core-3.0.4.jar:/tmp/metadata-forge-gradle/6c511174d24457d7/caches/modules-2/files-2.1/tools.jackson.core/jackson-databind/3.0.4/b5f818b0b9c79d344aede4b87064cc0e323f9ef2/jackson-databind-3.0.4.jar:/tmp/metadata-forge-gradle/6c511174d24457d7/caches/modules-2/files-2.1/org.testcontainers/testcontainers/2.0.5/7e5013c78fd678ba8958db23c6883274019f2f2f/testcontainers-2.0.5.jar:/home/mihailo/.m2/repository/com/github/docker-java/docker-java-api/3.7.1/docker-java-api-3.7.1.jar:/tmp/metadata-forge-gradle/6c511174d24457d7/caches/modules-2/files-2.1/com.fasterxml.jackson.core/jackson-annotations/2.20/6a5e7291ea3f2b590a7ce400adb7b3aea4d7e12c/jackson-annotations-2.20.jar:/tmp/metadata-forge-gradle/6c511174d24457d7/caches/modules-2/files-2.1/org.springframework.boot/spring-boot/4.0.7/8c5c38df73a912978dd95fe4f7594045558180ac/spring-boot-4.0.7.jar:/tmp/metadata-forge-gradle/6c511174d24457d7/caches/modules-2/files-2.1/org.springframework/spring-test/7.0.8/a69fb470b6fbf2960552150e4a37e6903dbd2f49/spring-test-7.0.8.jar:/tmp/metadata-forge-gradle/6c511174d24457d7/caches/modules-2/files-2.1/junit/junit/4.13.2/8ac9e16d933b6fb43bc7f576336b8f4d7eb5ba12/junit-4.13.2.jar:/tmp/metadata-forge-gradle/6c511174d24457d7/caches/modules-2/files-2.1/org.springframework/spring-context/7.0.8/6c58b590fd8d71afc36797cf6555e82500f1eb64/spring-context-7.0.8.jar:/tmp/metadata-forge-gradle/6c511174d24457d7/caches/modules-2/files-2.1/org.springframework/spring-aop/7.0.8/b73e58e9b7dbc4db6b4ebbe3336be0e901b0d261/spring-aop-7.0.8.jar:/tmp/metadata-forge-gradle/6c511174d24457d7/caches/modules-2/files-2.1/org.springframework/spring-beans/7.0.8/829cdf4c82a9409e0e10922b9e57e2ef12d5f04d/spring-beans-7.0.8.jar:/tmp/metadata-forge-gradle/6c511174d24457d7/caches/modules-2/files-2.1/org.springframework/spring-expression/7.0.8/bb844eefd513820e356b575d7ea0f7084147af59/spring-expression-7.0.8.jar:/tmp/metadata-forge-gradle/6c511174d24457d7/caches/modules-2/files-2.1/org.springframework/spring-core/7.0.8/25f5ebd179f92d7d12779e3761c96da4b0109ad/spring-core-7.0.8.jar:/tmp/metadata-forge-gradle/6c511174d24457d7/caches/modules-2/files-2.1/io.micrometer/micrometer-observation/1.16.6/b27b7a8bcf517739465f01d4e4531e825b542ee3/micrometer-observation-1.16.6.jar:/tmp/metadata-forge-gradle/6c511174d24457d7/caches/modules-2/files-2.1/org.springframework.cloud/spring-cloud-context/5.0.2/e4e7dae65086cdefe008f34448e7780241264d61/spring-cloud-context-5.0.2.jar:/tmp/metadata-forge-gradle/6c511174d24457d7/caches/modules-2/files-2.1/org.springframework.cloud/spring-cloud-commons/5.0.2/5fa6753f2359fd12173b8c4fb61810f1ef26aff8/spring-cloud-commons-5.0.2.jar:/tmp/metadata-forge-gradle/6c511174d24457d7/caches/modules-2/files-2.1/org.bouncycastle/bcprov-jdk18on/1.81.1/7bcb4c4664600c51190ab3774710a51bfdeb2eb/bcprov-jdk18on-1.81.1.jar:/tmp/metadata-forge-gradle/6c511174d24457d7/caches/modules-2/files-2.1/io.micrometer/micrometer-commons/1.16.6/44a1653f97e278a4815b378619bbd2d9764c97e0/micrometer-commons-1.16.6.jar:/home/mihailo/.m2/repository/org/jspecify/jspecify/1.0.0/jspecify-1.0.0.jar:/home/mihailo/.m2/repository/com/github/docker-java/docker-java-transport-zerodep/3.7.1/docker-java-transport-zerodep-3.7.1.jar:/tmp/metadata-forge-gradle/6c511174d24457d7/caches/modules-2/files-2.1/org.springframework.boot/spring-boot-starter-logging/4.0.7/a4124d5c103e0ecc45a662639bb0972cd4d8a441/spring-boot-starter-logging-4.0.7.jar:/tmp/metadata-forge-gradle/6c511174d24457d7/caches/modules-2/files-2.1/ch.qos.logback/logback-classic/1.5.34/e598899bad5824511cd3019299254230468e1fa2/logback-classic-1.5.34.jar:/tmp/metadata-forge-gradle/6c511174d24457d7/caches/modules-2/files-2.1/org.apache.logging.log4j/log4j-to-slf4j/2.25.4/68df56640a5d245192e91bd2ac89e504b477cc10/log4j-to-slf4j-2.25.4.jar:/tmp/metadata-forge-gradle/6c511174d24457d7/caches/modules-2/files-2.1/org.slf4j/jul-to-slf4j/2.0.18/79739c98001d5c9d078d087d5a348ec9e474ec8f/jul-to-slf4j-2.0.18.jar:/home/mihailo/.m2/repository/org/slf4j/slf4j-api/2.0.18/slf4j-api-2.0.18.jar:/home/mihailo/.m2/repository/org/apache/commons/commons-compress/1.28.0/commons-compress-1.28.0.jar:/home/mihailo/.m2/repository/org/rnorth/duct-tape/duct-tape/1.0.8/duct-tape-1.0.8.jar:/tmp/metadata-forge-gradle/6c511174d24457d7/caches/modules-2/files-2.1/org.opentest4j/opentest4j/1.2.0/28c11eb91f9b6d8e200631d46e20a7f407f2a046/opentest4j-1.2.0.jar:/tmp/metadata-forge-gradle/6c511174d24457d7/caches/modules-2/files-2.1/org.hamcrest/hamcrest-core/1.3/42a25dc3219429f0e5d060061f71acb49bf010a0/hamcrest-core-1.3.jar:/tmp/metadata-forge-gradle/6c511174d24457d7/caches/modules-2/files-2.1/commons-logging/commons-logging/1.3.5/a3fcc5d3c29b2b03433aa2d2f2d2c1b1638924a1/commons-logging-1.3.5.jar:/tmp/metadata-forge-gradle/6c511174d24457d7/caches/modules-2/files-2.1/jakarta.annotation/jakarta.annotation-api/3.0.0/54f928fadec906a99d558536756d171917b9d936/jakarta.annotation-api-3.0.0.jar:/home/mihailo/.m2/repository/org/yaml/snakeyaml/2.5/snakeyaml-2.5.jar:/tmp/metadata-forge-gradle/6c511174d24457d7/caches/modules-2/files-2.1/org.springframework.security/spring-security-crypto/7.0.6/cf6c29b98b9a65b6e439caa60c8c412017e4b265/spring-security-crypto-7.0.6.jar:/home/mihailo/.m2/repository/commons-codec/commons-codec/1.19.0/commons-codec-1.19.0.jar:/home/mihailo/.m2/repository/commons-io/commons-io/2.20.0/commons-io-2.20.0.jar:/home/mihailo/.m2/repository/org/apache/commons/commons-lang3/3.18.0/commons-lang3-3.18.0.jar:/home/mihailo/.m2/repository/org/jetbrains/annotations/17.0.0/annotations-17.0.0.jar:/home/mihailo/.m2/repository/com/github/docker-java/docker-java-transport/3.7.1/docker-java-transport-3.7.1.jar:/tmp/metadata-forge-gradle/6c511174d24457d7/caches/modules-2/files-2.1/net.java.dev.jna/jna/5.18.1/b27ba04287cc4abe769642fe8318d39fc89bf937/jna-5.18.1.jar:/tmp/metadata-forge-gradle/6c511174d24457d7/caches/modules-2/files-2.1/ch.qos.logback/logback-core/1.5.34/378692f76c337b3325c15bffb89e013dc1f897b4/logback-core-1.5.34.jar:/tmp/metadata-forge-gradle/6c511174d24457d7/caches/modules-2/files-2.1/org.apache.logging.log4j/log4j-api/2.25.4/89ff2217b193fb187b134aa6ebcbfa8a28b018a9/log4j-api-2.25.4.jar:/home/mihailo/git/graalvm-reachability-metadata/forge/local_repositories/forge_worktrees/9705-b5831e6c/tests/src/org.springframework.cloud/spring-cloud-vault-config/5.0.2/build/classes/java/test:/home/mihailo/git/graalvm-reachability-metadata/forge/local_repositories/forge_worktrees/9705-b5831e6c/tests/src/org.springframework.cloud/spring-cloud-vault-config/5.0.2/build/resources/test:/home/mihailo/git/graalvm-reachability-metadata/forge/local_repositories/forge_worktrees/9705-b5831e6c/tests/src/org.springframework.cloud/spring-cloud-vault-config/5.0.2/build/test-results/test/testlist \
-imagemp \
/home/mihailo/git/graal/sdk/mxbuild/linux-amd64/GRAALVM_JAVA25/graalvm-25.1.0-dev+10.1/lib/svm/library-support.jar:/home/mihailo/git/graal/sdk/mxbuild/linux-amd64/GRAALVM_JAVA25/graalvm-25.1.0-dev+10.1/lib/svm/svm-guest.jar \
-H:CLibraryPath=/home/mihailo/git/graal/sdk/mxbuild/linux-amd64/GRAALVM_JAVA25/graalvm-25.1.0-dev+10.1/lib/svm/clibraries/linux-amd64/glibc,/home/mihailo/git/graal/sdk/mxbuild/linux-amd64/GRAALVM_JAVA25/graalvm-25.1.0-dev+10.1/lib/svm/clibraries/linux-amd64,/home/mihailo/git/graal/sdk/mxbuild/linux-amd64/GRAALVM_JAVA25/graalvm-25.1.0-dev+10.1/lib/svm/clibraries \
-H:Path@driver=/home/mihailo/git/graalvm-reachability-metadata/forge/local_repositories/forge_worktrees/9705-b5831e6c/tests/src/org.springframework.cloud/spring-cloud-vault-config/5.0.2/build/native/nativeTestCompile \
'-H:EnableURLProtocols@jar:file:///tmp/metadata-forge-gradle/6c511174d24457d7/caches/modules-2/files-2.1/org.springframework/spring-web/7.0.8/d7cddac31ee023d25d37f48e2ff0e168cf635c14/spring-web-7.0.8.jar!/META-INF/native-image/org.springframework/spring-web/native-image.properties+api=http' \
'-H:EnableURLProtocols@jar:file:///tmp/metadata-forge-gradle/6c511174d24457d7/caches/modules-2/files-2.1/org.springframework/spring-web/7.0.8/d7cddac31ee023d25d37f48e2ff0e168cf635c14/spring-web-7.0.8.jar!/META-INF/native-image/org.springframework/spring-web/native-image.properties+api=https' \
'-H:EnableURLProtocols@jar:file:///tmp/metadata-forge-gradle/6c511174d24457d7/caches/modules-2/files-2.1/org.testcontainers/testcontainers/2.0.5/7e5013c78fd678ba8958db23c6883274019f2f2f/testcontainers-2.0.5.jar!/META-INF/native-image/org.testcontainers/testcontainers/native-image.properties+api=http' \
'-H:EnableURLProtocols@jar:file:///tmp/metadata-forge-gradle/6c511174d24457d7/caches/modules-2/files-2.1/org.testcontainers/testcontainers/2.0.5/7e5013c78fd678ba8958db23c6883274019f2f2f/testcontainers-2.0.5.jar!/META-INF/native-image/org.testcontainers/testcontainers/native-image.properties+api=https' \
'-H:ReflectionConfigurationResources@jar:file:///tmp/metadata-forge-gradle/6c511174d24457d7/caches/modules-2/files-2.1/org.springframework.boot/spring-boot/4.0.7/8c5c38df73a912978dd95fe4f7594045558180ac/spring-boot-4.0.7.jar!/META-INF/native-image/log4j-generated/org.springframework.boot/spring-boot-log4j/reflect-config.json+api=META-INF/native-image/log4j-generated/org.springframework.boot/spring-boot-log4j/reflect-config.json' \
'-H:ClassInitialization@jar:file:///tmp/metadata-forge-gradle/6c511174d24457d7/caches/modules-2/files-2.1/org.springframework/spring-core/7.0.8/25f5ebd179f92d7d12779e3761c96da4b0109ad/spring-core-7.0.8.jar!/META-INF/native-image/org.springframework/spring-core/native-image.properties+api=org.springframework.aot.nativex.feature.ThrowawayClassLoader:build_time' \
'-H:Features@jar:file:///tmp/metadata-forge-gradle/6c511174d24457d7/caches/modules-2/files-2.1/org.springframework/spring-core/7.0.8/25f5ebd179f92d7d12779e3761c96da4b0109ad/spring-core-7.0.8.jar!/META-INF/native-image/org.springframework/spring-core/native-image.properties+api=org.springframework.aot.nativex.feature.PreComputeFieldFeature' \
'-H:ResourceConfigurationResources@jar:file:///tmp/metadata-forge-gradle/6c511174d24457d7/caches/modules-2/files-2.1/org.apache.logging.log4j/log4j-api/2.25.4/89ff2217b193fb187b134aa6ebcbfa8a28b018a9/log4j-api-2.25.4.jar!/META-INF/native-image/org.apache.logging.log4j/log4j-api/resource-config.json+api=META-INF/native-image/org.apache.logging.log4j/log4j-api/resource-config.json' \
-H:ReachabilityMetadataResources@file:///home/mihailo/git/graalvm-reachability-metadata/forge/local_repositories/forge_worktrees/9705-b5831e6c/tests/src/org.springframework.cloud/spring-cloud-vault-config/5.0.2/build/resources/test/META-INF/native-image/reachability-metadata.json+api=META-INF/native-image/reachability-metadata.json \
-H:FallbackThreshold@user+api=0 \
-H:Name@user+api=org.springframework.cloud.spring-cloud-vault-config_tests-tests \
-H:ConfigurationFileDirectories@user=/home/mihailo/git/graalvm-reachability-metadata/forge/local_repositories/forge_worktrees/9705-b5831e6c/tests/src/org.springframework.cloud/spring-cloud-vault-config/5.0.2/build/native/generated/generateTestResourcesConfigFile,/home/mihailo/git/graalvm-reachability-metadata/forge/local_repositories/forge_worktrees/9705-b5831e6c/metadata/org.junit.jupiter/junit-jupiter-api/5.8.2,/home/mihailo/git/graalvm-reachability-metadata/forge/local_repositories/forge_worktrees/9705-b5831e6c/metadata/org.opentest4j/opentest4j/1.2.0,/home/mihailo/git/graalvm-reachability-metadata/forge/local_repositories/forge_worktrees/9705-b5831e6c/metadata/org.junit.platform/junit-platform-commons/1.8.2,/home/mihailo/git/graalvm-reachability-metadata/forge/local_repositories/forge_worktrees/9705-b5831e6c/metadata/org.junit.jupiter/junit-jupiter-params/5.9.2,/home/mihailo/git/graalvm-reachability-metadata/forge/local_repositories/forge_worktrees/9705-b5831e6c/metadata/org.junit.jupiter/junit-jupiter-engine/5.8.2,/home/mihailo/git/graalvm-reachability-metadata/forge/local_repositories/forge_worktrees/9705-b5831e6c/metadata/org.junit.platform/junit-platform-engine/1.11.1,/home/mihailo/git/graalvm-reachability-metadata/forge/local_repositories/forge_worktrees/9705-b5831e6c/metadata/org.junit.platform/junit-platform-launcher/1.9.2,/home/mihailo/git/graalvm-reachability-metadata/forge/local_repositories/forge_worktrees/9705-b5831e6c/metadata/org.junit.platform/junit-platform-reporting/1.9.2,/home/mihailo/git/graalvm-reachability-metadata/forge/local_repositories/forge_worktrees/9705-b5831e6c/metadata/org.junit.vintage/junit-vintage-engine/5.9.1,/home/mihailo/git/graalvm-reachability-metadata/forge/local_repositories/forge_worktrees/9705-b5831e6c/metadata/junit/junit/4.13.2,/home/mihailo/git/graalvm-reachability-metadata/forge/local_repositories/forge_worktrees/9705-b5831e6c/metadata/org.hamcrest/hamcrest-core/1.3,/home/mihailo/git/graalvm-reachability-metadata/forge/local_repositories/forge_worktrees/9705-b5831e6c/metadata/org.springframework.cloud/spring-cloud-vault-config/5.0.2,/home/mihailo/git/graalvm-reachability-metadata/forge/local_repositories/forge_worktrees/9705-b5831e6c/metadata/org.springframework/spring-web/5.3.18,/home/mihailo/git/graalvm-reachability-metadata/forge/local_repositories/forge_worktrees/9705-b5831e6c/metadata/org.springframework/spring-core/5.3.15,/home/mihailo/git/graalvm-reachability-metadata/forge/local_repositories/forge_worktrees/9705-b5831e6c/metadata/commons-logging/commons-logging/1.2,/home/mihailo/git/graalvm-reachability-metadata/forge/local_repositories/forge_worktrees/9705-b5831e6c/metadata/org.jspecify/jspecify/1.0.0,/home/mihailo/git/graalvm-reachability-metadata/forge/local_repositories/forge_worktrees/9705-b5831e6c/metadata/io.micrometer/micrometer-observation/1.18.0-M1,/home/mihailo/git/graalvm-reachability-metadata/forge/local_repositories/forge_worktrees/9705-b5831e6c/metadata/io.micrometer/micrometer-commons/1.16.0,/home/mihailo/git/graalvm-reachability-metadata/forge/local_repositories/forge_worktrees/9705-b5831e6c/metadata/ch.qos.logback/logback-classic/1.5.29,/home/mihailo/git/graalvm-reachability-metadata/forge/local_repositories/forge_worktrees/9705-b5831e6c/metadata/ch.qos.logback/logback-core/1.5.33,/home/mihailo/git/graalvm-reachability-metadata/forge/local_repositories/forge_worktrees/9705-b5831e6c/metadata/org.slf4j/slf4j-api/1.7.36,/home/mihailo/git/graalvm-reachability-metadata/forge/local_repositories/forge_worktrees/9705-b5831e6c/metadata/org.slf4j/jul-to-slf4j/1.7.30,/home/mihailo/git/graalvm-reachability-metadata/forge/local_repositories/forge_worktrees/9705-b5831e6c/metadata/org.springframework/spring-context/5.3.15,/home/mihailo/git/graalvm-reachability-metadata/forge/local_repositories/forge_worktrees/9705-b5831e6c/metadata/org.springframework/spring-aop/6.1.0,/home/mihailo/git/graalvm-reachability-metadata/forge/local_repositories/forge_worktrees/9705-b5831e6c/metadata/org.springframework/spring-expression/6.2.7,/home/mihailo/git/graalvm-reachability-metadata/forge/local_repositories/forge_worktrees/9705-b5831e6c/metadata/jakarta.annotation/jakarta.annotation-api/3.0.0,/home/mihailo/git/graalvm-reachability-metadata/forge/local_repositories/forge_worktrees/9705-b5831e6c/metadata/org.yaml/snakeyaml/2.0,/home/mihailo/git/graalvm-reachability-metadata/forge/local_repositories/forge_worktrees/9705-b5831e6c/metadata/org.springframework.cloud/spring-cloud-context/5.0.1,/home/mihailo/git/graalvm-reachability-metadata/forge/local_repositories/forge_worktrees/9705-b5831e6c/metadata/org.springframework.security/spring-security-crypto/6.4.0,/home/mihailo/git/graalvm-reachability-metadata/forge/local_repositories/forge_worktrees/9705-b5831e6c/metadata/tools.jackson.core/jackson-databind/3.0.0,/home/mihailo/git/graalvm-reachability-metadata/forge/local_repositories/forge_worktrees/9705-b5831e6c/metadata/com.fasterxml.jackson.core/jackson-annotations/2.3.0,/home/mihailo/git/graalvm-reachability-metadata/forge/local_repositories/forge_worktrees/9705-b5831e6c/metadata/tools.jackson.core/jackson-core/3.0.0,/home/mihailo/git/graalvm-reachability-metadata/forge/local_repositories/forge_worktrees/9705-b5831e6c/metadata/org.springframework/spring-test/6.0.0,/home/mihailo/git/graalvm-reachability-metadata/forge/local_repositories/forge_worktrees/9705-b5831e6c/metadata/org.testcontainers/testcontainers/1.19.8,/home/mihailo/git/graalvm-reachability-metadata/forge/local_repositories/forge_worktrees/9705-b5831e6c/metadata/org.apache.commons/commons-compress/1.23.0,/home/mihailo/git/graalvm-reachability-metadata/forge/local_repositories/forge_worktrees/9705-b5831e6c/metadata/commons-codec/commons-codec/1.10,/home/mihailo/git/graalvm-reachability-metadata/forge/local_repositories/forge_worktrees/9705-b5831e6c/metadata/commons-io/commons-io/2.17.0,/home/mihailo/git/graalvm-reachability-metadata/forge/local_repositories/forge_worktrees/9705-b5831e6c/metadata/org.apache.commons/commons-lang3/3.11,/home/mihailo/git/graalvm-reachability-metadata/forge/local_repositories/forge_worktrees/9705-b5831e6c/metadata/org.rnorth.duct-tape/duct-tape/1.0.8,/home/mihailo/git/graalvm-reachability-metadata/forge/local_repositories/forge_worktrees/9705-b5831e6c/metadata/org.jetbrains/annotations/13.0,/home/mihailo/git/graalvm-reachability-metadata/forge/local_repositories/forge_worktrees/9705-b5831e6c/metadata/com.github.docker-java/docker-java-api/3.2.13,/home/mihailo/git/graalvm-reachability-metadata/forge/local_repositories/forge_worktrees/9705-b5831e6c/metadata/com.github.docker-java/docker-java-transport-zerodep/3.2.13,/home/mihailo/git/graalvm-reachability-metadata/forge/local_repositories/forge_worktrees/9705-b5831e6c/metadata/com.github.docker-java/docker-java-transport/3.2.13,/home/mihailo/git/graalvm-reachability-metadata/forge/local_repositories/forge_worktrees/9705-b5831e6c/metadata/net.java.dev.jna/jna/5.8.0 \
-H:Optimize@user+api=b \
-H:+ReportExceptionStackTraces@user \
-H:TrackDynamicAccess@user=path=/tmp/metadata-forge-gradle/6c511174d24457d7/caches/modules-2/files-2.1/org.springframework.cloud/spring-cloud-vault-config/5.0.2/1127223ead10844072c1c6f05ec78ad6b4ac38b7/spring-cloud-vault-config-5.0.2.jar \
-H:Preserve@user=path=/tmp/metadata-forge-gradle/6c511174d24457d7/caches/modules-2/files-2.1/org.springframework.cloud/spring-cloud-vault-config/5.0.2/1127223ead10844072c1c6f05ec78ad6b4ac38b7/spring-cloud-vault-config-5.0.2.jar \
-H:Features@user+api=org.graalvm.junit.platform.JUnitPlatformFeature \
'-H:Class@explicit main-class=org.graalvm.junit.platform.NativeImageJUnitLauncher' \
-H:ImageBuildID@driver=e23868ba-d89c-f656-1d03-0be76080a3e8 \
'-H:AddExports@jar:file:///home/mihailo/git/graal/sdk/mxbuild/linux-amd64/GRAALVM_JAVA25/graalvm-25.1.0-dev+10.1/lib/svm/svm-guest.jar!/META-INF/native-image/org.graalvm.nativeimage.guest/native-image.properties+api=java.base/jdk.internal.misc=org.graalvm.nativeimage.guest' \
'-H:Features@jar:file:///home/mihailo/git/graal/sdk/mxbuild/linux-amd64/GRAALVM_JAVA25/graalvm-25.1.0-dev+10.1/lib/svm/svm-guest.jar!/META-INF/native-image/org.graalvm.nativeimage.guest/native-image.properties+api=com.oracle.svm.guest.features.jdk.hosted.JavaNetHttpFeature' \
'-H:ClassInitialization@jar:file:///home/mihailo/git/graal/sdk/mxbuild/linux-amd64/GRAALVM_JAVA25/graalvm-25.1.0-dev+10.1/lib/svm/svm-guest.jar!/META-INF/native-image/org.graalvm.nativeimage.guest/native-image.properties+api=sun.net.httpserver.simpleserver:run_time' \
'-H:ReachabilityMetadataResources@jar:file:///home/mihailo/git/graal/sdk/mxbuild/linux-amd64/GRAALVM_JAVA25/graalvm-25.1.0-dev+10.1/lib/svm/svm-guest.jar!/META-INF/native-image/org.graalvm.nativeimage.guest/reachability-metadata.json+api=META-INF/native-image/org.graalvm.nativeimage.guest/reachability-metadata.json' \
'-H:Features@jar:file:///home/mihailo/git/graal/sdk/mxbuild/linux-amd64/GRAALVM_JAVA25/graalvm-25.1.0-dev+10.1/lib/svm/library-support.jar!/META-INF/native-image/com.oracle.svm/polyglot/native-image.properties+api=com.oracle.svm.polyglot.groovy.GroovyIndyInterfaceFeature' \
'-H:Features@jar:file:///home/mihailo/git/graal/sdk/mxbuild/linux-amd64/GRAALVM_JAVA25/graalvm-25.1.0-dev+10.1/lib/svm/library-support.jar!/META-INF/native-image/com.oracle.svm/thirdparty/native-image.properties+api=com.oracle.svm.thirdparty.gson.GsonFeature' \
-H:DriverWarningsCount=4
]
Warning: Option 'FallbackThreshold' is deprecated and might be removed in a future release: It no longer has any effect, and no replacement is available. Please refer to the GraalVM release notes.
========================================================================================================================
GraalVM Native Image: Generating 'org.springframework.cloud.spring-cloud-vault-config_tests-tests' (executable)...
========================================================================================================================
For detailed information and explanations on the build output, visit:
https://github.com/oracle/graal/blob/master/docs/reference-manual/native-image/BuildOutput.md
------------------------------------------------------------------------------------------------------------------------
[1/8] Initializing...                                                                                   (8.9s @ 0.37GiB)
 Builder configuration:
 - Java version: 25.0.2+10-LTS, vendor version: Oracle GraalVM 25.1.0-dev+10.1
 - Graal compiler: optimization level: b, target machine: x86-64-v3, PGO: off
 - C compiler: gcc (linux, x86_64, 13.3.0)
 - Assertions: disabled, system assertions: disabled
 - 2 user-specific feature(s):
   - org.graalvm.junit.platform.JUnitPlatformFeature
   - org.springframework.aot.nativex.feature.PreComputeFieldFeature
 Image configuration:
 - Garbage collector: Serial GC (max heap size: 80% of RAM)
 - Assertions: disabled (class-specific config may apply), system assertions: disabled
------------------------------------------------------------------------------------------------------------------------
 2 experimental option(s) unlocked:
 - '-H:Preserve' (origin(s): command line)
 - '-H:TrackDynamicAccess' (origin(s): command line)
------------------------------------------------------------------------------------------------------------------------
Build resources:
 - 30.00GiB of memory (48.2% of system memory, capped at 30GiB)
 - 16 thread(s) (100.0% of 16 available processor(s), determined at start)
[junit-platform-native] Running in 'test listener' mode using files matching pattern [junit-platform-unique-ids*] found in folder [/home/mihailo/git/graalvm-reachability-metadata/forge/local_repositories/forge_worktrees/9705-b5831e6c/tests/src/org.springframework.cloud/spring-cloud-vault-config/5.0.2/build/test-results/test/testlist] and its subfolders.
[2/8] Performing analysis...  [*****]                                                                  (21.9s @ 1.58GiB)
   15,647 types,  20,567 fields, and  74,499 methods found reachable
    1,101 types,     392 fields, and   3,139 methods registered for reflection
      151 types,     278 fields, and     607 methods registered for JNI access
      184 resource accesses registered with 1.55MiB total size
        4 native libraries: dl, pthread, rt, z
[3/8] Building universe...                                                                              (4.0s @ 1.79GiB)
[4/8] Parsing methods...      [**]                                                                      (3.5s @ 1.29GiB)
[5/8] Inlining methods...     [***]                                                                     (1.1s @ 1.33GiB)
[6/8] Compiling methods...    [****]                                                                   (13.9s @ 1.40GiB)
[7/8] Laying out methods...   [***]                                                                     (5.9s @ 1.75GiB)
[8/8] Creating image...       [**]                                                                      (4.5s @ 2.07GiB)
  20.42MiB (37.48%) for code area:    48,342 compilation units
  26.88MiB (49.33%) for image heap:  391,637 objects and 53 resources
   7.18MiB (13.18%) for other data
  54.48MiB in total image size, 50.50MiB in total file size
------------------------------------------------------------------------------------------------------------------------
Top 10 origins of code area:                                Top 10 object types in image heap:
   1.99MiB o.g.n.runtime/com.oracle.svm.core.code              6.49MiB byte[] for code metadata
 970.65KiB java.base/sun.security.ssl                          4.57MiB byte[] for string data
 857.96KiB java.base/java.lang.invoke                          2.40MiB java.base/java.lang.String
 820.02KiB java.base/java.util                                 1.96MiB java.base/java.lang.Class
 597.46KiB java.net.http/jdk.internal.net.http                 1.67MiB o.g.n.runtime/c.o.s.core.hub.DynamicHubCompanion
 461.93KiB java.base/com.sun.crypto.provider                   1.55MiB byte[] for embedded resources
 414.32KiB java.base/java.lang                                 1.10MiB byte[] for general heap data
 408.34KiB java.base/jdk.internal.classfile.impl             957.67KiB byte[] for reflection metadata
 350.02KiB java.base/java.util.concurrent                    603.36KiB o.g.n.runtime/c.o.s.c.h.ImageReflectionMetadata
 315.52KiB java.xml/com.sun.org.apache.xerces.internal.impl  438.06KiB heap alignment
  13.36MiB for 565 more packages                               5.17MiB for 3640 more object types
                            Use '--emit build-report' to create a report with more details.
------------------------------------------------------------------------------------------------------------------------
Security report:
 - Binary includes Java deserialization.
 - CycloneDX SBOM with 43 component(s) is embedded in binary (2.13KiB). 1 type(s) could not be associated to a component.
 - Advanced obfuscation not enabled; enable with '-H:AdvancedObfuscation=""' (experimental support).
------------------------------------------------------------------------------------------------------------------------
Recommendations:
 G1GC: Use the G1 GC ('--gc=G1') for improved latency and throughput.
 PGO:  Use Profile-Guided Optimizations ('--pgo') for improved throughput.
 FUTR: Use '--future-defaults=all' to prepare for future releases.
 HEAP: Set max heap for improved and more predictable memory usage.
 CPU:  Enable more CPU features with '-march=native' for improved performance.
------------------------------------------------------------------------------------------------------------------------
                       5.5s (8.1% of total time) in 497 GCs | Peak RSS: 3.15GiB | CPU load: 11.06
------------------------------------------------------------------------------------------------------------------------
Build artifacts:
 /home/mihailo/git/graalvm-reachability-metadata/forge/local_repositories/forge_worktrees/9705-b5831e6c/tests/src/org.springframework.cloud/spring-cloud-vault-config/5.0.2/build/native/nativeTestCompile/dynamic-access/spring-cloud-vault-config-5.0.2/reflection-calls.json (build_info, 332B)
 /home/mihailo/git/graalvm-reachability-metadata/forge/local_repositories/forge_worktrees/9705-b5831e6c/tests/src/org.springframework.cloud/spring-cloud-vault-config/5.0.2/build/native/nativeTestCompile/libmanagement_ext.so (jdk_library, 32.23KiB)
 /home/mihailo/git/graalvm-reachability-metadata/forge/local_repositories/forge_worktrees/9705-b5831e6c/tests/src/org.springframework.cloud/spring-cloud-vault-config/5.0.2/build/native/nativeTestCompile/org.springframework.cloud.spring-cloud-vault-config_tests-tests (executable, 50.50MiB)
========================================================================================================================
Finished generating 'org.springframework.cloud.spring-cloud-vault-config_tests-tests' in 1m 6s.

The build process encountered 5 warnings.

[native-image-plugin] Native Image written to: /home/mihailo/git/graalvm-reachability-metadata/forge/local_repositories/forge_worktrees/9705-b5831e6c/tests/src/org.springframework.cloud/spring-cloud-vault-config/5.0.2/build/native/nativeTestCompile

> Task :generateDynamicAccessReport

[Incubating] Problems report is available at: file:///home/mihailo/git/graalvm-reachability-metadata/forge/local_repositories/forge_worktrees/9705-b5831e6c/tests/src/org.springframework.cloud/spring-cloud-vault-config/5.0.2/build/reports/problems/problems-report.html

Deprecated Gradle features were used in this build, making it incompatible with Gradle 10.

You can use '--warning-mode all' to show the individual deprecation warnings and determine if they come from your own scripts or plugins.

For more on this, please refer to https://docs.gradle.org/9.1.0/userguide/command_line_interface.html#sec:command_line_warnings in the Gradle documentation.

BUILD SUCCESSFUL in 1m 10s
18 actionable tasks: 3 executed, 15 up-to-date
Consider enabling configuration cache to speed up this build: https://docs.gradle.org/9.1.0/userguide/configuration_cache_enabling.html
/home/mihailo/git/graalvm-reachability-metadata/forge/local_repositories/forge_worktrees/9705-b5831e6c/tests/src/org.springframework.cloud/spring-cloud-vault-config/5.0.2/build/native/nativeTestCompile/dynamic-access/spring-cloud-vault-config-5.0.2/reflection-calls.json

[Incubating] Problems report is available at: file:///home/mihailo/git/graalvm-reachability-metadata/forge/local_repositories/forge_worktrees/9705-b5831e6c/build/reports/problems/problems-report.html

Deprecated Gradle features were used in this build, making it incompatible with Gradle 10.

You can use '--warning-mode all' to show the individual deprecation warnings and determine if they come from your own scripts or plugins.

For more on this, please refer to https://docs.gradle.org/9.1.0/userguide/command_line_interface.html#sec:command_line_warnings in the Gradle documentation.

BUILD SUCCESSFUL in 1m 11s
9 actionable tasks: 1 executed, 8 up-to-date
Wrote dynamic-access coverage report for org.springframework.cloud:spring-cloud-vault-config:5.0.2 to /home/mihailo/git/graalvm-reachability-metadata/forge/local_repositories/forge_worktrees/9705-b5831e6c/tests/src/org.springframework.cloud/spring-cloud-vault-config/5.0.2/build/reports/dynamic-access/dynamic-access-coverage.json.

[Incubating] Problems report is available at: file:///home/mihailo/git/graalvm-reachability-metadata/forge/local_repositories/forge_worktrees/9705-b5831e6c/build/reports/problems/problems-report.html

Deprecated Gradle features were used in this build, making it incompatible with Gradle 10.

You can use '--warning-mode all' to show the individual deprecation warnings and determine if they come from your own scripts or plugins.

For more on this, please refer to https://docs.gradle.org/9.1.0/userguide/command_line_interface.html#sec:command_line_warnings in the Gradle documentation.

BUILD SUCCESSFUL in 1m 25s
9 actionable tasks: 1 executed, 8 up-to-date
