Command: ./gradlew scaffold --coordinates=tools.jackson.module:jackson-module-blackbird:3.1.5 --rerun-tasks
Working directory: /home/mihailo/git/graalvm-reachability-metadata/forge/local_repositories/forge_worktrees/9697-044a4221

--- output ---
> Task :tck-build-logic:extractPluginRequests
> Task :tck-build-logic:generatePluginAdapters

> Task :tck-build-logic:compileJava
Note: Some input files use or override a deprecated API.
Note: Recompile with -Xlint:deprecation for details.

> Task :tck-build-logic:compileGroovy
Note: Some input files use or override a deprecated API.
Note: Recompile with -Xlint:deprecation for details.
Note: /home/mihailo/git/graalvm-reachability-metadata/forge/local_repositories/forge_worktrees/9697-044a4221/tests/tck-build-logic/src/main/groovy/org/graalvm/internal/tck/harness/tasks/GenerateDependencyGraphTask.java uses unchecked or unsafe operations.
Note: Recompile with -Xlint:unchecked for details.

> Task :tck-build-logic:compileGroovyPlugins
> Task :tck-build-logic:pluginDescriptors
> Task :tck-build-logic:processResources
> Task :tck-build-logic:classes
> Task :tck-build-logic:jar

> Configure project :
GraalVM Reachability Metadata TCK
---------------------------------

> Task :scaffold FAILED
> Task :spotlessInternalRegisterDependencies
> Task :spotlessGroovy
> Task :spotlessGroovyApply
> Task :spotlessGroovyGradle
> Task :spotlessGroovyGradleApply
> Task :spotlessJava
> Task :spotlessJavaApply
> Task :spotlessJson
> Task :spotlessJsonApply
> Task :spotlessPython
> Task :spotlessPythonApply
> Task :spotlessShell
> Task :spotlessShellApply
> Task :spotlessApply

[Incubating] Problems report is available at: file:///home/mihailo/git/graalvm-reachability-metadata/forge/local_repositories/forge_worktrees/9697-044a4221/build/reports/problems/problems-report.html

FAILURE: Build failed with an exception.

* What went wrong:
Execution failed for task ':scaffold'.
> Metadata for 'tools.jackson.module:jackson-module-blackbird:3.1.5' already exists! Use --force to overwrite existing metadata

* Try:
> Run with --stacktrace option to get the stack trace.
> Run with --info or --debug option to get more log output.
> Run with --scan to generate a Build Scan (Powered by Develocity).
> Get more help at https://help.gradle.org.

Deprecated Gradle features were used in this build, making it incompatible with Gradle 10.

You can use '--warning-mode all' to show the individual deprecation warnings and determine if they come from your own scripts or plugins.

For more on this, please refer to https://docs.gradle.org/9.1.0/userguide/command_line_interface.html#sec:command_line_warnings in the Gradle documentation.

BUILD FAILED in 52s
22 actionable tasks: 22 executed
