Command: ./gradlew checkstyle -Pcoordinates=org.apache.tomcat.embed:tomcat-embed-core:10.0.20
Working directory: /home/mihailo/git/graalvm-reachability-metadata/forge/local_repositories/forge_worktrees/10508-fc2de17a

--- output ---
> Task :tck-build-logic:extractPluginRequests UP-TO-DATE
> Task :tck-build-logic:generatePluginAdapters UP-TO-DATE
> Task :tck-build-logic:compileJava UP-TO-DATE
> Task :tck-build-logic:compileGroovy UP-TO-DATE
> Task :tck-build-logic:compileGroovyPlugins UP-TO-DATE
> Task :tck-build-logic:pluginDescriptors UP-TO-DATE
> Task :tck-build-logic:processResources UP-TO-DATE
> Task :tck-build-logic:classes UP-TO-DATE
> Task :tck-build-logic:jar UP-TO-DATE

> Configure project :
GraalVM Reachability Metadata TCK
---------------------------------

> Task :checkstyle
Starting a Gradle Daemon, 1 busy and 1 incompatible and 16 stopped Daemons could not be reused, use --status for details
Shared read-only dependency cache is an incubating feature.
> Task :tck-build-logic:extractPluginRequests UP-TO-DATE
> Task :tck-build-logic:generatePluginAdapters UP-TO-DATE
> Task :tck-build-logic:compileJava UP-TO-DATE
> Task :tck-build-logic:compileGroovy UP-TO-DATE
> Task :tck-build-logic:compileGroovyPlugins UP-TO-DATE
> Task :tck-build-logic:pluginDescriptors UP-TO-DATE
> Task :tck-build-logic:processResources UP-TO-DATE
> Task :tck-build-logic:classes UP-TO-DATE
> Task :tck-build-logic:jar UP-TO-DATE
> Task :processCodeCoverageResources NO-SOURCE
> Task :tck-test-support:compileJava UP-TO-DATE
> Task :compileJava NO-SOURCE
> Task :compileCodeCoverageJava NO-SOURCE
> Task :codeCoverageClasses UP-TO-DATE
> Task :checkstyleCodeCoverage NO-SOURCE
> Task :processResources NO-SOURCE
> Task :classes UP-TO-DATE
> Task :checkstyleMain NO-SOURCE
> Task :compileTestJava UP-TO-DATE
> Task :processTestResources
> Task :testClasses

> Task :checkstyleTest
[ant:checkstyle] [ERROR] /home/mihailo/git/graalvm-reachability-metadata/forge/local_repositories/forge_worktrees/10508-fc2de17a/tests/src/org.apache.tomcat.embed/tomcat-embed-core/10.0.20/src/test/java/org_apache_tomcat_embed/tomcat_embed_core/AuthConfigFactoryImplTest.java:22:8: Unused import - org.junit.jupiter.api.AfterEach. [UnusedImports]
[ant:checkstyle] [ERROR] /home/mihailo/git/graalvm-reachability-metadata/forge/local_repositories/forge_worktrees/10508-fc2de17a/tests/src/org.apache.tomcat.embed/tomcat-embed-core/10.0.20/src/test/java/org_apache_tomcat_embed/tomcat_embed_core/Jre9CompatTest.java:9:8: Unused import - java.io.IOException. [UnusedImports]
[ant:checkstyle] [ERROR] /home/mihailo/git/graalvm-reachability-metadata/forge/local_repositories/forge_worktrees/10508-fc2de17a/tests/src/org.apache.tomcat.embed/tomcat-embed-core/10.0.20/src/test/java/org_apache_tomcat_embed/tomcat_embed_core/BootstrapTest.java:15:8: Unused import - org.apache.catalina.startup.Catalina. [UnusedImports]

> Task :checkstyleTest FAILED

[Incubating] Problems report is available at: file:///home/mihailo/git/graalvm-reachability-metadata/forge/local_repositories/forge_worktrees/10508-fc2de17a/tests/src/org.apache.tomcat.embed/tomcat-embed-core/10.0.20/build/reports/problems/problems-report.html

FAILURE: Build failed with an exception.

* What went wrong:
Execution failed for task ':checkstyleTest'.
> A failure occurred while executing org.gradle.api.plugins.quality.internal.CheckstyleAction
   > Checkstyle rule violations were found. See the report at: file:///home/mihailo/git/graalvm-reachability-metadata/forge/local_repositories/forge_worktrees/10508-fc2de17a/tests/src/org.apache.tomcat.embed/tomcat-embed-core/10.0.20/build/reports/checkstyle/test.html
     Checkstyle files with violations: 3
     Checkstyle violations by severity: [error:3]


* Try:
> Run with --scan to generate a Build Scan (Powered by Develocity).

Deprecated Gradle features were used in this build, making it incompatible with Gradle 10.

You can use '--warning-mode all' to show the individual deprecation warnings and determine if they come from your own scripts or plugins.

For more on this, please refer to https://docs.gradle.org/9.1.0/userguide/command_line_interface.html#sec:command_line_warnings in the Gradle documentation.

BUILD FAILED in 13s
12 actionable tasks: 2 executed, 10 up-to-date

> Task :checkstyle FAILED

[Incubating] Problems report is available at: file:///home/mihailo/git/graalvm-reachability-metadata/forge/local_repositories/forge_worktrees/10508-fc2de17a/build/reports/problems/problems-report.html

FAILURE: Build failed with an exception.

* What went wrong:
Execution failed for task ':checkstyle'.
> Checkstyle failed

* Try:
> Run with --stacktrace option to get the stack trace.
> Run with --info or --debug option to get more log output.
> Run with --scan to generate a Build Scan (Powered by Develocity).
> Get more help at https://help.gradle.org.

Deprecated Gradle features were used in this build, making it incompatible with Gradle 10.

You can use '--warning-mode all' to show the individual deprecation warnings and determine if they come from your own scripts or plugins.

For more on this, please refer to https://docs.gradle.org/9.1.0/userguide/command_line_interface.html#sec:command_line_warnings in the Gradle documentation.

BUILD FAILED in 15s
9 actionable tasks: 1 executed, 8 up-to-date
