> Task :tck-build-logic:extractPluginRequests UP-TO-DATE
> Task :tck-build-logic:generatePluginAdapters UP-TO-DATE
> Task :tck-build-logic:compileJava UP-TO-DATE
> Task :tck-build-logic:compileGroovy UP-TO-DATE
> Task :tck-build-logic:compileGroovyPlugins UP-TO-DATE
> Task :tck-build-logic:pluginDescriptors UP-TO-DATE
> Task :tck-build-logic:processResources UP-TO-DATE
> Task :tck-build-logic:classes UP-TO-DATE
> Task :tck-build-logic:jar UP-TO-DATE

> Configure project :
GraalVM Reachability Metadata TCK
---------------------------------

> Task :populateArtifactURLs
I made no changes to `index.json`. The 2.32.0 entry already has a non-blank value in every field I'm allowed to fill, and the library isn't language-specific, so `language` stays absent.

I checked the existing URL templates against all four tested versions (2.32.0, 2.33.0, 2.34.0, 2.35.0), and each rendered URL returned HTTP 200:
- **`source-code-url`:** the Maven Central `-sources.jar` for each version.
- **`test-code-url`:** `https://github.com/apache/artemis/tree/$version$/artemis-jms-client/src/test`. The repo tags match the plain version numbers.
- **`documentation-url`:** the Maven Central `-javadoc.jar` for each version.

`repository-url` is already the root `https://github.com/apache/artemis`, and the two-sentence `description` is already in place.

I didn't look for a tests jar on Maven. The existing GitHub test URL works for every version, so I left it alone.
Ran agent for org.apache.activemq:artemis-jms-client:2.32.0 (exit 0). Log: /home/oracle/oracle/metadata2/graalvm-reachability-metadata/forge/local_repositories/forge_worktrees/10539-3b4a755b/build/agent-url-discovery-logs/org.apache.activemq-artemis-jms-client-2.32.0.log
Completed populateArtifactURLs: invoked=1, prompted=0, skipped=0, overwriteExisting=false, verifyArtifactSources=false, limit=null

[Incubating] Problems report is available at: file:///home/oracle/oracle/metadata2/graalvm-reachability-metadata/forge/local_repositories/forge_worktrees/10539-3b4a755b/build/reports/problems/problems-report.html

Deprecated Gradle features were used in this build, making it incompatible with Gradle 10.

You can use '--warning-mode all' to show the individual deprecation warnings and determine if they come from your own scripts or plugins.

For more on this, please refer to https://docs.gradle.org/9.1.0/userguide/command_line_interface.html#sec:command_line_warnings in the Gradle documentation.

BUILD SUCCESSFUL in 21s
9 actionable tasks: 1 executed, 8 up-to-date
