Command: ./gradlew generateDynamicAccessCoverageReport -Pcoordinates=io.micronaut:micronaut-management:5.1.13
Working directory: /home/mihailo/git/graalvm-reachability-metadata/forge/local_repositories/forge_worktrees/9825-f0a8e0c4

--- output ---
> Task :tck-build-logic:extractPluginRequests UP-TO-DATE
> Task :tck-build-logic:generatePluginAdapters UP-TO-DATE
> Task :tck-build-logic:compileJava UP-TO-DATE
> Task :tck-build-logic:compileGroovy UP-TO-DATE
> Task :tck-build-logic:compileGroovyPlugins UP-TO-DATE
> Task :tck-build-logic:pluginDescriptors UP-TO-DATE
> Task :tck-build-logic:processResources UP-TO-DATE
> Task :tck-build-logic:classes UP-TO-DATE
> Task :tck-build-logic:jar UP-TO-DATE

> Configure project :
GraalVM Reachability Metadata TCK
---------------------------------

> Task :generateDynamicAccessCoverageReport
Starting a Gradle Daemon, 1 busy and 1 incompatible and 24 stopped Daemons could not be reused, use --status for details
> Task :tck-build-logic:extractPluginRequests UP-TO-DATE
> Task :tck-build-logic:generatePluginAdapters UP-TO-DATE
> Task :tck-build-logic:compileJava UP-TO-DATE
> Task :tck-build-logic:compileGroovy UP-TO-DATE
> Task :tck-build-logic:compileGroovyPlugins UP-TO-DATE
> Task :tck-build-logic:pluginDescriptors UP-TO-DATE
> Task :tck-build-logic:processResources UP-TO-DATE
> Task :tck-build-logic:classes UP-TO-DATE
> Task :tck-build-logic:jar UP-TO-DATE

> Configure project :
GraalVM Reachability Metadata TCK
---------------------------------

> Task :jacocoCodeCoverageReport
Starting a Gradle Daemon, 2 busy and 1 incompatible and 24 stopped Daemons could not be reused, use --status for details
> Task :tck-build-logic:extractPluginRequests UP-TO-DATE
> Task :tck-build-logic:generatePluginAdapters UP-TO-DATE
> Task :tck-build-logic:compileJava UP-TO-DATE
> Task :tck-build-logic:compileGroovy UP-TO-DATE
> Task :tck-build-logic:compileGroovyPlugins UP-TO-DATE
> Task :tck-build-logic:pluginDescriptors UP-TO-DATE
> Task :tck-build-logic:processResources UP-TO-DATE
> Task :tck-build-logic:classes UP-TO-DATE
> Task :tck-build-logic:jar UP-TO-DATE
> Task :checkTestTimeoutAnnotations
> Task :processCodeCoverageResources NO-SOURCE
> Task :compileJava NO-SOURCE
> Task :processResources NO-SOURCE
> Task :classes UP-TO-DATE
> Task :processTestResources NO-SOURCE
> Task :tck-test-support:compileJava
> Task :tck-test-support:processResources
> Task :tck-test-support:classes
> Task :tck-test-support:jar
> Task :compileCodeCoverageJava NO-SOURCE
> Task :codeCoverageClasses UP-TO-DATE
> Task :codeCoverageTest SKIPPED
> Task :compileTestJava
> Task :testClasses
> Task :test
> Task :jacocoCodeCoverageReport

[Incubating] Problems report is available at: file:///home/mihailo/git/graalvm-reachability-metadata/forge/local_repositories/forge_worktrees/9825-f0a8e0c4/tests/src/io.micronaut/micronaut-management/5.1.13/build/reports/problems/problems-report.html

Deprecated Gradle features were used in this build, making it incompatible with Gradle 10.

You can use '--warning-mode all' to show the individual deprecation warnings and determine if they come from your own scripts or plugins.

For more on this, please refer to https://docs.gradle.org/9.1.0/userguide/command_line_interface.html#sec:command_line_warnings in the Gradle documentation.

BUILD SUCCESSFUL in 15s
15 actionable tasks: 7 executed, 8 up-to-date

[Incubating] Problems report is available at: file:///home/mihailo/git/graalvm-reachability-metadata/forge/local_repositories/forge_worktrees/9825-f0a8e0c4/build/reports/problems/problems-report.html

Deprecated Gradle features were used in this build, making it incompatible with Gradle 10.

You can use '--warning-mode all' to show the individual deprecation warnings and determine if they come from your own scripts or plugins.

For more on this, please refer to https://docs.gradle.org/9.1.0/userguide/command_line_interface.html#sec:command_line_warnings in the Gradle documentation.

BUILD SUCCESSFUL in 24s
9 actionable tasks: 1 executed, 8 up-to-date
> Task :tck-build-logic:extractPluginRequests UP-TO-DATE
> Task :tck-build-logic:generatePluginAdapters UP-TO-DATE
> Task :tck-build-logic:compileJava UP-TO-DATE
> Task :tck-build-logic:compileGroovy UP-TO-DATE
> Task :tck-build-logic:compileGroovyPlugins UP-TO-DATE
> Task :tck-build-logic:pluginDescriptors UP-TO-DATE
> Task :tck-build-logic:processResources UP-TO-DATE
> Task :tck-build-logic:classes UP-TO-DATE
> Task :tck-build-logic:jar UP-TO-DATE

> Task :generateDynamicAccessReport
> Task :tck-build-logic:extractPluginRequests UP-TO-DATE
> Task :tck-build-logic:generatePluginAdapters UP-TO-DATE
> Task :tck-build-logic:compileJava UP-TO-DATE
> Task :tck-build-logic:compileGroovy UP-TO-DATE
> Task :tck-build-logic:compileGroovyPlugins UP-TO-DATE
> Task :tck-build-logic:pluginDescriptors UP-TO-DATE
> Task :tck-build-logic:processResources UP-TO-DATE
> Task :tck-build-logic:classes UP-TO-DATE
> Task :tck-build-logic:jar UP-TO-DATE
> Task :compileJava NO-SOURCE
> Task :processResources NO-SOURCE
> Task :classes UP-TO-DATE
> Task :tck-test-support:compileJava UP-TO-DATE
> Task :tck-test-support:processResources UP-TO-DATE
> Task :tck-test-support:classes UP-TO-DATE
> Task :tck-test-support:jar UP-TO-DATE
> Task :jar
> Task :compileTestJava UP-TO-DATE
> Task :checkTestTimeoutAnnotations
> Task :processTestResources NO-SOURCE
> Task :testClasses UP-TO-DATE
> Task :test UP-TO-DATE

> Task :generateTestResourcesConfigFile
[native-image-plugin] Resources configuration written into /home/mihailo/git/graalvm-reachability-metadata/forge/local_repositories/forge_worktrees/9825-f0a8e0c4/tests/src/io.micronaut/micronaut-management/5.1.13/build/native/generated/generateTestResourcesConfigFile/resource-config.json

> Task :nativeTestCompile
[native-image-plugin] GraalVM Toolchain detection is disabled
[native-image-plugin] GraalVM location read from environment variable: GRAALVM_HOME
[native-image-plugin] Native Image executable path: /home/mihailo/git/graal/sdk/mxbuild/linux-amd64/GRAALVM_JAVA25/graalvm-25.1.0-dev+10.1/lib/svm/bin/native-image
Apply jar:file:///tmp/metadata-forge-gradle/6c511174d24457d7/caches/modules-2/files-2.1/io.micronaut/micronaut-http/5.1.13/4926f25849e34f632eb2eda0d876f3181c889e16/micronaut-http-5.1.13.jar!/META-INF/native-image/io.micronaut.http.hateoas/reflect-config.json
Apply jar:file:///tmp/metadata-forge-gradle/6c511174d24457d7/caches/modules-2/files-2.1/io.micronaut/micronaut-http/5.1.13/4926f25849e34f632eb2eda0d876f3181c889e16/micronaut-http-5.1.13.jar!/META-INF/native-image/io.micronaut.http/micronaut-http/resource-config.json
Apply jar:file:///tmp/metadata-forge-gradle/6c511174d24457d7/caches/modules-2/files-2.1/io.projectreactor/reactor-core/3.8.7/cf54bb43d59d6bb9b3ba5c160c975d4a18f351ab/reactor-core-3.8.7.jar!/META-INF/native-image/io.projectreactor/reactor-core/reflect-config.json
Apply jar:file:///tmp/metadata-forge-gradle/6c511174d24457d7/caches/modules-2/files-2.1/io.micronaut/micronaut-aop/5.1.13/60706d089376be56c6fe4a9aff1e64ac765207fc/micronaut-aop-5.1.13.jar!/META-INF/native-image/io/micronaut/micronaut-aop/native-image.properties
Apply jar:file:///tmp/metadata-forge-gradle/6c511174d24457d7/caches/modules-2/files-2.1/io.micronaut/micronaut-inject/5.1.13/1b1a66d877780042f32bfb318b0e1e09808ca8fb/micronaut-inject-5.1.13.jar!/META-INF/native-image/io.micronaut/micronaut-inject/native-image.properties
Apply jar:file:///tmp/metadata-forge-gradle/6c511174d24457d7/caches/modules-2/files-2.1/io.micronaut/micronaut-inject/5.1.13/1b1a66d877780042f32bfb318b0e1e09808ca8fb/micronaut-inject-5.1.13.jar!/META-INF/native-image/io.micronaut/micronaut-inject/reachability-metadata.json
Apply jar:file:///tmp/metadata-forge-gradle/6c511174d24457d7/caches/modules-2/files-2.1/io.micronaut/micronaut-inject/5.1.13/1b1a66d877780042f32bfb318b0e1e09808ca8fb/micronaut-inject-5.1.13.jar!/META-INF/native-image/io.micronaut/micronaut-inject/resource-config.json
Apply jar:file:///tmp/metadata-forge-gradle/6c511174d24457d7/caches/modules-2/files-2.1/io.micronaut/micronaut-core-reactive/5.1.13/b60ac816f7a06db4b6641350baa4c41f0197e3b5/micronaut-core-reactive-5.1.13.jar!/META-INF/native-image/io.micronaut/micronaut-core-reactive/native-image.properties
Apply jar:file:///tmp/metadata-forge-gradle/6c511174d24457d7/caches/modules-2/files-2.1/io.micronaut/micronaut-core-reactive/5.1.13/b60ac816f7a06db4b6641350baa4c41f0197e3b5/micronaut-core-reactive-5.1.13.jar!/META-INF/native-image/io.micronaut/micronaut-core-reactive/reflect-config.json
Apply jar:file:///tmp/metadata-forge-gradle/6c511174d24457d7/caches/modules-2/files-2.1/io.micronaut/micronaut-core/5.1.13/45fd31cc91e72d32dbbb1d7715dc0267d291ba77/micronaut-core-5.1.13.jar!/META-INF/native-image/io.micronaut/micronaut-core/native-image.properties
Warning: Invalid classpath entry: /home/mihailo/git/graalvm-reachability-metadata/forge/local_repositories/forge_worktrees/9825-f0a8e0c4/tests/src/io.micronaut/micronaut-management/5.1.13/build/resources/test
Warning: Using a deprecated option --no-fallback from command line. No effect, no replacement available
Warning: The option '-H:TrackDynamicAccess=path=/tmp/metadata-forge-gradle/6c511174d24457d7/caches/modules-2/files-2.1/io.micronaut/micronaut-management/5.1.13/4735939fb8dab35d9f4728ad4476d080b1719550/micronaut-management-5.1.13.jar' is experimental and must be enabled via '-H:+UnlockExperimentalVMOptions' in the future.
Warning: The option '-H:Preserve=path=/tmp/metadata-forge-gradle/6c511174d24457d7/caches/modules-2/files-2.1/io.micronaut/micronaut-management/5.1.13/4735939fb8dab35d9f4728ad4476d080b1719550/micronaut-management-5.1.13.jar' is experimental and must be enabled via '-H:+UnlockExperimentalVMOptions' in the future.
Warning: Please re-evaluate whether any experimental option is required, and either remove or unlock it. The build output lists all active experimental options, including where they come from and possible alternatives. If you think an experimental option should be considered as stable, please file an issue.
Apply jar:file:///home/mihailo/git/graal/sdk/mxbuild/linux-amd64/GRAALVM_JAVA25/graalvm-25.1.0-dev+10.1/lib/svm/svm-guest.jar!/META-INF/native-image/org.graalvm.nativeimage.guest/native-image.properties
Apply jar:file:///home/mihailo/git/graal/sdk/mxbuild/linux-amd64/GRAALVM_JAVA25/graalvm-25.1.0-dev+10.1/lib/svm/svm-guest.jar!/META-INF/native-image/org.graalvm.nativeimage.guest/reachability-metadata.json
Apply jar:file:///home/mihailo/git/graal/sdk/mxbuild/linux-amd64/GRAALVM_JAVA25/graalvm-25.1.0-dev+10.1/lib/svm/library-support.jar!/META-INF/native-image/com.oracle.svm/polyglot/native-image.properties
Apply jar:file:///home/mihailo/git/graal/sdk/mxbuild/linux-amd64/GRAALVM_JAVA25/graalvm-25.1.0-dev+10.1/lib/svm/library-support.jar!/META-INF/native-image/com.oracle.svm/thirdparty/native-image.properties
Executing [
DRIVER_TEMP_DIR_ENV_VARIABLE=/tmp/driverRoot-2649268390554449937 \
HOME=/home/mihailo \
LANG=en_US.UTF-8 \
PATH=/home/mihailo/.local/opt/grype-0.104.0:/home/mihailo/git/mx:/home/mihailo/.sdkman/candidates/maven/current/bin:/home/mihailo/.sdkman/candidates/java/current/bin:/home/mihailo/.nvm/versions/node/v22.23.2/bin:/home/mihailo/.cargo/bin:/usr/local/sbin:/usr/local/bin:/usr/sbin:/usr/bin:/sbin:/bin:/usr/games:/usr/local/games:/snap/bin:/snap/bin \
PWD=/home/mihailo/git/graalvm-reachability-metadata/forge/local_repositories/forge_worktrees/9825-f0a8e0c4/tests/src/io.micronaut/micronaut-management/5.1.13 \
/home/mihailo/git/graal/sdk/mxbuild/linux-amd64/GRAALVM_JAVA25/graalvm-25.1.0-dev+10.1/bin/java \
-XX:+UnlockExperimentalVMOptions \
-XX:+EnableJVMCI \
-Dgraalvm.locatorDisabled=true \
-Dtruffle.TruffleRuntime=com.oracle.truffle.api.impl.DefaultTruffleRuntime \
-Dgraalvm.ForcePolyglotInvalid=true \
-Dsubstratevm.HostLibC=glibc \
--add-exports=java.base/com.sun.crypto.provider=org.graalvm.nativeimage.builder \
--add-exports=java.base/jdk.internal.access=jdk.graal.compiler.hostvmaccess,org.graalvm.nativeimage.builder \
--add-exports=java.base/jdk.internal.event=org.graalvm.nativeimage.builder \
--add-exports=java.base/jdk.internal.foreign=org.graalvm.nativeimage.builder \
--add-exports=java.base/jdk.internal.loader=jdk.graal.compiler.hostvmaccess,org.graalvm.nativeimage.base,org.graalvm.nativeimage.builder \
--add-exports=java.base/jdk.internal.logger=org.graalvm.nativeimage.builder \
--add-exports=java.base/jdk.internal.misc=com.oracle.graal.graal_enterprise,com.oracle.svm.svm_enterprise,jdk.graal.compiler,jdk.graal.compiler.hostvmaccess,org.graalvm.nativeimage.builder,org.graalvm.nativeimage.objectfile,org.graalvm.nativeimage.pointsto \
--add-exports=java.base/jdk.internal.module=jdk.graal.compiler.hostvmaccess,jdk.graal.compiler.vmaccess,org.graalvm.nativeimage.base,org.graalvm.nativeimage.builder,org.graalvm.nativeimage.shared \
--add-exports=java.base/jdk.internal.perf=org.graalvm.nativeimage.builder \
--add-exports=java.base/jdk.internal.platform=org.graalvm.nativeimage.builder \
--add-exports=java.base/jdk.internal.ref=org.graalvm.nativeimage.builder,org.graalvm.nativeimage.objectfile \
--add-exports=java.base/jdk.internal.reflect=org.graalvm.nativeimage.builder \
--add-exports=java.base/jdk.internal.util=org.graalvm.nativeimage.builder \
--add-exports=java.base/jdk.internal.vm.annotation=org.graalvm.nativeimage.builder \
--add-exports=java.base/jdk.internal.vm=org.graalvm.nativeimage.builder \
--add-exports=java.base/jdk.internal=org.graalvm.nativeimage.builder \
--add-exports=java.base/sun.invoke.util=org.graalvm.nativeimage.builder \
--add-exports=java.base/sun.net.www=org.graalvm.nativeimage.builder \
--add-exports=java.base/sun.net=org.graalvm.nativeimage.builder \
--add-exports=java.base/sun.nio.ch=org.graalvm.nativeimage.builder,org.graalvm.nativeimage.objectfile \
--add-exports=java.base/sun.reflect.annotation=org.graalvm.nativeimage.base,org.graalvm.nativeimage.builder \
--add-exports=java.base/sun.reflect.generics.factory=org.graalvm.nativeimage.builder \
--add-exports=java.base/sun.reflect.generics.reflectiveObjects=org.graalvm.nativeimage.builder \
--add-exports=java.base/sun.reflect.generics.repository=org.graalvm.nativeimage.builder \
--add-exports=java.base/sun.reflect.generics.scope=org.graalvm.nativeimage.builder \
--add-exports=java.base/sun.reflect.generics.tree=org.graalvm.nativeimage.builder \
--add-exports=java.base/sun.security.jca=org.graalvm.nativeimage.builder \
--add-exports=java.base/sun.security.provider=org.graalvm.nativeimage.builder \
--add-exports=java.base/sun.security.rsa=org.graalvm.nativeimage.builder \
--add-exports=java.base/sun.security.ssl=org.graalvm.nativeimage.builder \
--add-exports=java.base/sun.security.util=org.graalvm.nativeimage.builder \
--add-exports=java.base/sun.security.x509=org.graalvm.nativeimage.builder \
--add-exports=java.base/sun.text.spi=org.graalvm.nativeimage.builder \
--add-exports=java.base/sun.util.calendar=org.graalvm.nativeimage.builder \
--add-exports=java.base/sun.util.cldr=org.graalvm.nativeimage.builder \
--add-exports=java.base/sun.util.locale.provider=org.graalvm.nativeimage.builder \
--add-exports=java.base/sun.util.locale=org.graalvm.nativeimage.builder \
--add-exports=java.base/sun.util.resources=org.graalvm.nativeimage.builder \
--add-exports=java.base/sun.util.spi=org.graalvm.nativeimage.builder \
--add-exports=java.base/sun.util=org.graalvm.nativeimage.builder \
--add-exports=java.management/com.sun.jmx.mbeanserver=org.graalvm.nativeimage.builder \
--add-exports=java.management/sun.management=org.graalvm.nativeimage.builder,org.graalvm.nativeimage.pointsto \
--add-exports=jdk.graal.compiler/jdk.graal.compiler.api.replacements=jdk.graal.compiler.hostvmaccess \
--add-exports=jdk.graal.compiler/jdk.graal.compiler.api.runtime=jdk.graal.compiler.hostvmaccess \
--add-exports=jdk.graal.compiler/jdk.graal.compiler.core.target=jdk.graal.compiler.hostvmaccess \
--add-exports=jdk.graal.compiler/jdk.graal.compiler.phases.util=jdk.graal.compiler.hostvmaccess,jdk.graal.compiler.vmaccess \
--add-exports=jdk.graal.compiler/jdk.graal.compiler.runtime=jdk.graal.compiler.hostvmaccess \
--add-exports=jdk.graal.compiler/jdk.graal.compiler.util.json=com.oracle.graal.reporter \
--add-exports=jdk.internal.vm.ci/jdk.vm.ci.aarch64=com.oracle.graal.graal_enterprise,com.oracle.svm.svm_enterprise,jdk.graal.compiler,org.graalvm.nativeimage.builder,org.graalvm.nativeimage.objectfile \
--add-exports=jdk.internal.vm.ci/jdk.vm.ci.amd64=com.oracle.graal.graal_enterprise,com.oracle.svm.svm_enterprise,jdk.graal.compiler,org.graalvm.nativeimage.builder,org.graalvm.nativeimage.objectfile \
--add-exports=jdk.internal.vm.ci/jdk.vm.ci.code.site=com.oracle.svm.svm_enterprise,jdk.graal.compiler,org.graalvm.nativeimage.builder \
--add-exports=jdk.internal.vm.ci/jdk.vm.ci.code.stack=jdk.graal.compiler,org.graalvm.nativeimage.builder \
--add-exports=jdk.internal.vm.ci/jdk.vm.ci.code=com.oracle.graal.graal_enterprise,com.oracle.svm.svm_enterprise,jdk.graal.compiler,jdk.graal.compiler.hostvmaccess,jdk.graal.compiler.vmaccess,org.graalvm.nativeimage.base,org.graalvm.nativeimage.builder,org.graalvm.nativeimage.objectfile,org.graalvm.nativeimage.pointsto,org.graalvm.truffle.compiler \
--add-exports=jdk.internal.vm.ci/jdk.vm.ci.common=com.oracle.graal.graal_enterprise,com.oracle.svm.svm_enterprise,jdk.graal.compiler,org.graalvm.nativeimage.builder,org.graalvm.nativeimage.pointsto \
--add-exports=jdk.internal.vm.ci/jdk.vm.ci.hotspot.aarch64=jdk.graal.compiler \
--add-exports=jdk.internal.vm.ci/jdk.vm.ci.hotspot.amd64=jdk.graal.compiler \
--add-exports=jdk.internal.vm.ci/jdk.vm.ci.hotspot.riscv64=jdk.graal.compiler \
--add-exports=jdk.internal.vm.ci/jdk.vm.ci.hotspot=com.oracle.graal.graal_enterprise,jdk.graal.compiler,org.graalvm.nativeimage.builder \
--add-exports=jdk.internal.vm.ci/jdk.vm.ci.meta.annotation=com.oracle.graal.graal_enterprise,com.oracle.svm.svm_enterprise,jdk.graal.compiler,jdk.graal.compiler.hostvmaccess,jdk.graal.compiler.vmaccess,org.graalvm.nativeimage.base,org.graalvm.nativeimage.builder,org.graalvm.nativeimage.configure,org.graalvm.nativeimage.guest.staging,org.graalvm.nativeimage.objectfile,org.graalvm.nativeimage.pointsto \
--add-exports=jdk.internal.vm.ci/jdk.vm.ci.meta=com.oracle.graal.graal_enterprise,com.oracle.svm.svm_enterprise,jdk.graal.compiler,jdk.graal.compiler.hostvmaccess,jdk.graal.compiler.vmaccess,org.graalvm.nativeimage.base,org.graalvm.nativeimage.builder,org.graalvm.nativeimage.configure,org.graalvm.nativeimage.guest.staging,org.graalvm.nativeimage.objectfile,org.graalvm.nativeimage.pointsto,org.graalvm.truffle.compiler \
--add-exports=jdk.internal.vm.ci/jdk.vm.ci.riscv64=com.oracle.svm.svm_enterprise,jdk.graal.compiler,org.graalvm.nativeimage.builder \
--add-exports=jdk.internal.vm.ci/jdk.vm.ci.runtime=com.oracle.graal.graal_enterprise,jdk.graal.compiler,jdk.graal.compiler.hostvmaccess,org.graalvm.nativeimage.base,org.graalvm.nativeimage.builder,org.graalvm.nativeimage.pointsto \
--add-exports=jdk.internal.vm.ci/jdk.vm.ci.services=com.oracle.graal.graal_enterprise,com.oracle.svm.svm_enterprise,jdk.graal.compiler,org.graalvm.nativeimage.builder \
--add-exports=jdk.jfr/jdk.jfr.events=org.graalvm.nativeimage.builder \
--add-exports=jdk.jfr/jdk.jfr.internal.event=org.graalvm.nativeimage.builder \
--add-exports=jdk.jfr/jdk.jfr.internal.jfc=com.oracle.svm.svm_enterprise,org.graalvm.nativeimage.builder \
--add-exports=jdk.jfr/jdk.jfr.internal.settings=org.graalvm.nativeimage.builder \
--add-exports=jdk.jfr/jdk.jfr.internal.tracing=org.graalvm.nativeimage.builder \
--add-exports=jdk.jfr/jdk.jfr.internal=com.oracle.svm.svm_enterprise,org.graalvm.nativeimage.builder \
--add-exports=jdk.management/com.sun.management.internal=org.graalvm.nativeimage.builder \
-XX:+UseJVMCINativeLibrary \
-XX:MaxRAMPercentage=48.18998631506648 \
'-Dsvm.build.memoryUsageReasonText=30.00GiB of memory (48.2% of system memory, capped at 30GiB)' \
-Xss10m \
-XX:+UseParallelGC \
-XX:GCTimeRatio=9 \
-XX:+ExitOnOutOfMemoryError \
-XX:+UseCompressedOops \
-Djava.awt.headless=true \
'-Dorg.graalvm.vendor=Oracle Corporation' \
-Dorg.graalvm.vendorurl=https://www.graalvm.org/ \
'-Dorg.graalvm.vendorversion=Oracle GraalVM 25.1.0-dev+10.1' \
-Dorg.graalvm.version=25.1.0-dev \
-Dcom.oracle.graalvm.isaot=true \
-Djava.system.class.loader=com.oracle.svm.hosted.NativeImageSystemClassLoader \
-Djava.util.concurrent.ForkJoinPool.common.exceptionHandler=com.oracle.svm.hosted.CommonPoolUncaughtExceptionHandler \
'-Djava.util.concurrent.ForkJoinPool.common.threadFactory=com.oracle.svm.hosted.NativeImageSystemClassLoader$NativeImageForkJoinWorkerThreadFactory' \
-Dorg.graalvm.nativeimage.imagecode=buildtime \
-Xshare:off \
-Djdk.internal.lambda.disableEagerInitialization=true \
-Djdk.internal.lambda.eagerlyInitialize=false \
-Djava.lang.invoke.InnerClassLambdaMetafactory.initializeLambdas=false \
-Djava.lang.invoke.MethodHandle.DONT_INLINE_THRESHOLD=-1 \
-Djava.lang.invoke.MethodHandle.PROFILE_GWT=false \
-Djunit.platform.listeners.uid.tracking.output.dir=/home/mihailo/git/graalvm-reachability-metadata/forge/local_repositories/forge_worktrees/9825-f0a8e0c4/tests/src/io.micronaut/micronaut-management/5.1.13/build/test-results/test/testlist \
-Dcom.oracle.svm.provided=/home/mihailo/git/graal/sdk/mxbuild/linux-amd64/GRAALVM_JAVA25/graalvm-25.1.0-dev+10.1/lib/svm/svm-guest-staging.jar:/home/mihailo/git/graal/sdk/mxbuild/linux-amd64/GRAALVM_JAVA25/graalvm-25.1.0-dev+10.1/lib/svm/svm-guest.jar:/home/mihailo/git/graal/sdk/mxbuild/linux-amd64/GRAALVM_JAVA25/graalvm-25.1.0-dev+10.1/lib/svm/svm-shared.jar:/home/mihailo/git/graal/sdk/mxbuild/linux-amd64/GRAALVM_JAVA25/graalvm-25.1.0-dev+10.1/lib/svm/vmaccess-guest.jar:/home/mihailo/git/graal/sdk/mxbuild/linux-amd64/GRAALVM_JAVA25/graalvm-25.1.0-dev+10.1/lib/svm/library-support.jar \
--add-modules=ALL-DEFAULT \
--enable-native-access=org.graalvm.nativeimage.guest.staging,org.graalvm.nativeimage.foreign,com.oracle.svm.svm_enterprise,jdk.graal.compiler.vmaccess.guest,org.graalvm.nativeimage.shaded.capnproto,org.graalvm.nativeimage.configure,jdk.graal.compiler.hostvmaccess,jdk.graal.compiler.vmaccess,org.graalvm.nativeimage.pointsto,org.graalvm.nativeimage.builder,com.oracle.graal.reporter,org.graalvm.nativeimage.objectfile,org.graalvm.nativeimage.base,org.graalvm.nativeimage.shared,org.graalvm.espresso.shared.svm \
--module-path \
/home/mihailo/git/graal/sdk/mxbuild/linux-amd64/GRAALVM_JAVA25/graalvm-25.1.0-dev+10.1/lib/svm/builder/svm-configure.jar:/home/mihailo/git/graal/sdk/mxbuild/linux-amd64/GRAALVM_JAVA25/graalvm-25.1.0-dev+10.1/lib/svm/builder/svm-capnproto-runtime.jar:/home/mihailo/git/graal/sdk/mxbuild/linux-amd64/GRAALVM_JAVA25/graalvm-25.1.0-dev+10.1/lib/svm/builder/svm-enterprise.jar:/home/mihailo/git/graal/sdk/mxbuild/linux-amd64/GRAALVM_JAVA25/graalvm-25.1.0-dev+10.1/lib/svm/builder/native-image-base.jar:/home/mihailo/git/graal/sdk/mxbuild/linux-amd64/GRAALVM_JAVA25/graalvm-25.1.0-dev+10.1/lib/svm/builder/pointsto.jar:/home/mihailo/git/graal/sdk/mxbuild/linux-amd64/GRAALVM_JAVA25/graalvm-25.1.0-dev+10.1/lib/svm/builder/vmaccess.jar:/home/mihailo/git/graal/sdk/mxbuild/linux-amd64/GRAALVM_JAVA25/graalvm-25.1.0-dev+10.1/lib/svm/builder/objectfile.jar:/home/mihailo/git/graal/sdk/mxbuild/linux-amd64/GRAALVM_JAVA25/graalvm-25.1.0-dev+10.1/lib/svm/builder/svm-guest-staging.jar:/home/mihailo/git/graal/sdk/mxbuild/linux-amd64/GRAALVM_JAVA25/graalvm-25.1.0-dev+10.1/lib/svm/builder/espresso-svm.jar:/home/mihailo/git/graal/sdk/mxbuild/linux-amd64/GRAALVM_JAVA25/graalvm-25.1.0-dev+10.1/lib/svm/builder/svm-shared.jar:/home/mihailo/git/graal/sdk/mxbuild/linux-amd64/GRAALVM_JAVA25/graalvm-25.1.0-dev+10.1/lib/svm/builder/hostvmaccess.jar:/home/mihailo/git/graal/sdk/mxbuild/linux-amd64/GRAALVM_JAVA25/graalvm-25.1.0-dev+10.1/lib/svm/builder/svm.jar:/home/mihailo/git/graal/sdk/mxbuild/linux-amd64/GRAALVM_JAVA25/graalvm-25.1.0-dev+10.1/lib/svm/builder/vmaccess-guest.jar:/home/mihailo/git/graal/sdk/mxbuild/linux-amd64/GRAALVM_JAVA25/graalvm-25.1.0-dev+10.1/lib/svm/builder/reporter.jar:/home/mihailo/git/graal/sdk/mxbuild/linux-amd64/GRAALVM_JAVA25/graalvm-25.1.0-dev+10.1/lib/svm/builder/svm-foreign.jar \
--module \
org.graalvm.nativeimage.builder/com.oracle.svm.hosted.NativeImageGeneratorRunner \
-keepalive \
/proc/2565018/comm \
-imagecp \
/home/mihailo/git/graalvm-reachability-metadata/forge/local_repositories/forge_worktrees/9825-f0a8e0c4/tests/src/io.micronaut/micronaut-management/5.1.13/build/libs/io.micronaut.micronaut-management_tests.jar:/tmp/metadata-forge-gradle/6c511174d24457d7/caches/modules-2/files-2.1/org.graalvm.buildtools/junit-platform-native/1.0.0/2974f834a2f0a0105f2284fba7ef16dc4d60de56/junit-platform-native-1.0.0.jar:/tmp/metadata-forge-gradle/6c511174d24457d7/caches/modules-2/files-2.1/org.junit.jupiter/junit-jupiter/5.9.2/26c586fbe0ebd81b48c9f11f0d998124248697ae/junit-jupiter-5.9.2.jar:/tmp/metadata-forge-gradle/6c511174d24457d7/caches/modules-2/files-2.1/org.junit.platform/junit-platform-reporting/1.9.2/8bea292e2a546e4c21071f6bee60917ffd9f0101/junit-platform-reporting-1.9.2.jar:/tmp/metadata-forge-gradle/6c511174d24457d7/caches/modules-2/files-2.1/org.junit.platform/junit-platform-launcher/1.9.2/38e0bfad8c57d4cd1a8f27926c25ffe9543068d6/junit-platform-launcher-1.9.2.jar:/tmp/metadata-forge-gradle/6c511174d24457d7/caches/modules-2/files-2.1/org.junit.vintage/junit-vintage-engine/5.9.2/53421816bde124a564a64ba005dcc0c8e66a9722/junit-vintage-engine-5.9.2.jar:/tmp/metadata-forge-gradle/6c511174d24457d7/caches/modules-2/files-2.1/org.junit.jupiter/junit-jupiter-params/5.9.2/bc2765afb7b85b583c710dd259a11c6b8c39e912/junit-jupiter-params-5.9.2.jar:/tmp/metadata-forge-gradle/6c511174d24457d7/caches/modules-2/files-2.1/org.junit.jupiter/junit-jupiter-engine/5.9.2/572f7a553b53f83ee59cc045ce1c3772864ab76c/junit-jupiter-engine-5.9.2.jar:/tmp/metadata-forge-gradle/6c511174d24457d7/caches/modules-2/files-2.1/org.junit.jupiter/junit-jupiter-api/5.9.2/fed843581520eac594bc36bb4b0f55e7b947dda9/junit-jupiter-api-5.9.2.jar:/tmp/metadata-forge-gradle/6c511174d24457d7/caches/modules-2/files-2.1/org.junit.platform/junit-platform-engine/1.9.2/40aeef2be7b04f96bb91e8b054affc28b7c7c935/junit-platform-engine-1.9.2.jar:/tmp/metadata-forge-gradle/6c511174d24457d7/caches/modules-2/files-2.1/org.junit.platform/junit-platform-commons/1.9.2/6f9f8621d8230cd38aa42e58ccbc0c00569131ce/junit-platform-commons-1.9.2.jar:/tmp/metadata-forge-gradle/6c511174d24457d7/caches/modules-2/files-2.1/org.junit.platform/junit-platform-console/1.9.2/5548148dd55e820c42bd817ab93c1eaa05ce37f6/junit-platform-console-1.9.2.jar:/home/mihailo/git/graalvm-reachability-metadata/forge/local_repositories/forge_worktrees/9825-f0a8e0c4/tests/tck-test-support/build/libs/tck-test-support-1.0.0-SNAPSHOT.jar:/tmp/metadata-forge-gradle/6c511174d24457d7/caches/modules-2/files-2.1/io.micronaut/micronaut-management/5.1.13/4735939fb8dab35d9f4728ad4476d080b1719550/micronaut-management-5.1.13.jar:/tmp/metadata-forge-gradle/6c511174d24457d7/caches/modules-2/files-2.1/org.assertj/assertj-core/3.22.0/c300c0c6a24559f35fa0bd3a5472dc1edcd0111e/assertj-core-3.22.0.jar:/tmp/metadata-forge-gradle/6c511174d24457d7/caches/modules-2/files-2.1/io.micronaut/micronaut-discovery-core/5.1.13/fca7b66298062b97f2fa38208b078deaef57ff1d/micronaut-discovery-core-5.1.13.jar:/tmp/metadata-forge-gradle/6c511174d24457d7/caches/modules-2/files-2.1/io.micronaut/micronaut-router/5.1.13/f97fd08ce9e08682c300e5935403688f550e2b95/micronaut-router-5.1.13.jar:/tmp/metadata-forge-gradle/6c511174d24457d7/caches/modules-2/files-2.1/io.micronaut/micronaut-http/5.1.13/4926f25849e34f632eb2eda0d876f3181c889e16/micronaut-http-5.1.13.jar:/tmp/metadata-forge-gradle/6c511174d24457d7/caches/modules-2/files-2.1/io.micronaut/micronaut-retry/5.1.13/83835ee123e322f8143df19cbd0fa73c4269c37/micronaut-retry-5.1.13.jar:/tmp/metadata-forge-gradle/6c511174d24457d7/caches/modules-2/files-2.1/io.projectreactor/reactor-core/3.8.7/cf54bb43d59d6bb9b3ba5c160c975d4a18f351ab/reactor-core-3.8.7.jar:/tmp/metadata-forge-gradle/6c511174d24457d7/caches/modules-2/files-2.1/io.micronaut/micronaut-context-propagation/5.1.13/b7e1904c84f3628b7aa4a853b8ace8b0dd5fc557/micronaut-context-propagation-5.1.13.jar:/tmp/metadata-forge-gradle/6c511174d24457d7/caches/modules-2/files-2.1/io.micronaut/micronaut-context/5.1.13/8672f557164a23149a0d1691843ee32b934c3f3d/micronaut-context-5.1.13.jar:/tmp/metadata-forge-gradle/6c511174d24457d7/caches/modules-2/files-2.1/io.micronaut/micronaut-aop/5.1.13/60706d089376be56c6fe4a9aff1e64ac765207fc/micronaut-aop-5.1.13.jar:/tmp/metadata-forge-gradle/6c511174d24457d7/caches/modules-2/files-2.1/io.micronaut/micronaut-inject/5.1.13/1b1a66d877780042f32bfb318b0e1e09808ca8fb/micronaut-inject-5.1.13.jar:/tmp/metadata-forge-gradle/6c511174d24457d7/caches/modules-2/files-2.1/io.micronaut/micronaut-core-reactive/5.1.13/b60ac816f7a06db4b6641350baa4c41f0197e3b5/micronaut-core-reactive-5.1.13.jar:/tmp/metadata-forge-gradle/6c511174d24457d7/caches/modules-2/files-2.1/io.micronaut/micronaut-core/5.1.13/45fd31cc91e72d32dbbb1d7715dc0267d291ba77/micronaut-core-5.1.13.jar:/tmp/metadata-forge-gradle/6c511174d24457d7/caches/modules-2/files-2.1/org.slf4j/slf4j-api/2.0.17/d9e58ac9c7779ba3bf8142aff6c830617a7fe60f/slf4j-api-2.0.17.jar:/tmp/metadata-forge-gradle/6c511174d24457d7/caches/modules-2/files-2.1/junit/junit/4.13.2/8ac9e16d933b6fb43bc7f576336b8f4d7eb5ba12/junit-4.13.2.jar:/home/mihailo/.m2/repository/org/reactivestreams/reactive-streams/1.0.4/reactive-streams-1.0.4.jar:/home/mihailo/.m2/repository/org/jspecify/jspecify/1.0.0/jspecify-1.0.0.jar:/tmp/metadata-forge-gradle/6c511174d24457d7/caches/modules-2/files-2.1/org.opentest4j/opentest4j/1.2.0/28c11eb91f9b6d8e200631d46e20a7f407f2a046/opentest4j-1.2.0.jar:/tmp/metadata-forge-gradle/6c511174d24457d7/caches/modules-2/files-2.1/org.hamcrest/hamcrest-core/1.3/42a25dc3219429f0e5d060061f71acb49bf010a0/hamcrest-core-1.3.jar:/home/mihailo/.m2/repository/jakarta/inject/jakarta.inject-api/2.0.1/jakarta.inject-api-2.0.1.jar:/home/mihailo/.m2/repository/jakarta/annotation/jakarta.annotation-api/2.1.1/jakarta.annotation-api-2.1.1.jar:/home/mihailo/git/graalvm-reachability-metadata/forge/local_repositories/forge_worktrees/9825-f0a8e0c4/tests/src/io.micronaut/micronaut-management/5.1.13/build/classes/java/test:/home/mihailo/git/graalvm-reachability-metadata/forge/local_repositories/forge_worktrees/9825-f0a8e0c4/tests/src/io.micronaut/micronaut-management/5.1.13/build/resources/test:/home/mihailo/git/graalvm-reachability-metadata/forge/local_repositories/forge_worktrees/9825-f0a8e0c4/tests/src/io.micronaut/micronaut-management/5.1.13/build/test-results/test/testlist \
-imagemp \
/home/mihailo/git/graal/sdk/mxbuild/linux-amd64/GRAALVM_JAVA25/graalvm-25.1.0-dev+10.1/lib/svm/library-support.jar:/home/mihailo/git/graal/sdk/mxbuild/linux-amd64/GRAALVM_JAVA25/graalvm-25.1.0-dev+10.1/lib/svm/svm-guest.jar \
-H:CLibraryPath=/home/mihailo/git/graal/sdk/mxbuild/linux-amd64/GRAALVM_JAVA25/graalvm-25.1.0-dev+10.1/lib/svm/clibraries/linux-amd64/glibc,/home/mihailo/git/graal/sdk/mxbuild/linux-amd64/GRAALVM_JAVA25/graalvm-25.1.0-dev+10.1/lib/svm/clibraries/linux-amd64,/home/mihailo/git/graal/sdk/mxbuild/linux-amd64/GRAALVM_JAVA25/graalvm-25.1.0-dev+10.1/lib/svm/clibraries \
-H:Path@driver=/home/mihailo/git/graalvm-reachability-metadata/forge/local_repositories/forge_worktrees/9825-f0a8e0c4/tests/src/io.micronaut/micronaut-management/5.1.13/build/native/nativeTestCompile \
'-H:ReflectionConfigurationResources@jar:file:///tmp/metadata-forge-gradle/6c511174d24457d7/caches/modules-2/files-2.1/io.micronaut/micronaut-http/5.1.13/4926f25849e34f632eb2eda0d876f3181c889e16/micronaut-http-5.1.13.jar!/META-INF/native-image/io.micronaut.http.hateoas/reflect-config.json+api=META-INF/native-image/io.micronaut.http.hateoas/reflect-config.json' \
'-H:ResourceConfigurationResources@jar:file:///tmp/metadata-forge-gradle/6c511174d24457d7/caches/modules-2/files-2.1/io.micronaut/micronaut-http/5.1.13/4926f25849e34f632eb2eda0d876f3181c889e16/micronaut-http-5.1.13.jar!/META-INF/native-image/io.micronaut.http/micronaut-http/resource-config.json+api=META-INF/native-image/io.micronaut.http/micronaut-http/resource-config.json' \
'-H:ReflectionConfigurationResources@jar:file:///tmp/metadata-forge-gradle/6c511174d24457d7/caches/modules-2/files-2.1/io.projectreactor/reactor-core/3.8.7/cf54bb43d59d6bb9b3ba5c160c975d4a18f351ab/reactor-core-3.8.7.jar!/META-INF/native-image/io.projectreactor/reactor-core/reflect-config.json+api=META-INF/native-image/io.projectreactor/reactor-core/reflect-config.json' \
'-H:ClassInitialization@jar:file:///tmp/metadata-forge-gradle/6c511174d24457d7/caches/modules-2/files-2.1/io.micronaut/micronaut-aop/5.1.13/60706d089376be56c6fe4a9aff1e64ac765207fc/micronaut-aop-5.1.13.jar!/META-INF/native-image/io/micronaut/micronaut-aop/native-image.properties+api=io.micronaut.aop.InterceptorKind:build_time' \
'-H:EnableURLProtocols@jar:file:///tmp/metadata-forge-gradle/6c511174d24457d7/caches/modules-2/files-2.1/io.micronaut/micronaut-inject/5.1.13/1b1a66d877780042f32bfb318b0e1e09808ca8fb/micronaut-inject-5.1.13.jar!/META-INF/native-image/io.micronaut/micronaut-inject/native-image.properties+api=http' \
'-H:EnableURLProtocols@jar:file:///tmp/metadata-forge-gradle/6c511174d24457d7/caches/modules-2/files-2.1/io.micronaut/micronaut-inject/5.1.13/1b1a66d877780042f32bfb318b0e1e09808ca8fb/micronaut-inject-5.1.13.jar!/META-INF/native-image/io.micronaut/micronaut-inject/native-image.properties+api=https' \
'-H:ClassInitialization@jar:file:///tmp/metadata-forge-gradle/6c511174d24457d7/caches/modules-2/files-2.1/io.micronaut/micronaut-inject/5.1.13/1b1a66d877780042f32bfb318b0e1e09808ca8fb/micronaut-inject-5.1.13.jar!/META-INF/native-image/io.micronaut/micronaut-inject/native-image.properties+api=io.micronaut.context.annotation:build_time' \
'-H:ClassInitialization@jar:file:///tmp/metadata-forge-gradle/6c511174d24457d7/caches/modules-2/files-2.1/io.micronaut/micronaut-inject/5.1.13/1b1a66d877780042f32bfb318b0e1e09808ca8fb/micronaut-inject-5.1.13.jar!/META-INF/native-image/io.micronaut/micronaut-inject/native-image.properties+api=io.micronaut.inject.annotation:build_time' \
'-H:ClassInitialization@jar:file:///tmp/metadata-forge-gradle/6c511174d24457d7/caches/modules-2/files-2.1/io.micronaut/micronaut-inject/5.1.13/1b1a66d877780042f32bfb318b0e1e09808ca8fb/micronaut-inject-5.1.13.jar!/META-INF/native-image/io.micronaut/micronaut-inject/native-image.properties+api=io.micronaut.runtime.converters.time:build_time' \
'-H:ClassInitialization@jar:file:///tmp/metadata-forge-gradle/6c511174d24457d7/caches/modules-2/files-2.1/io.micronaut/micronaut-inject/5.1.13/1b1a66d877780042f32bfb318b0e1e09808ca8fb/micronaut-inject-5.1.13.jar!/META-INF/native-image/io.micronaut/micronaut-inject/native-image.properties+api=io.micronaut.context.ApplicationContextConfigurer$1:build_time' \
'-H:ClassInitialization@jar:file:///tmp/metadata-forge-gradle/6c511174d24457d7/caches/modules-2/files-2.1/io.micronaut/micronaut-inject/5.1.13/1b1a66d877780042f32bfb318b0e1e09808ca8fb/micronaut-inject-5.1.13.jar!/META-INF/native-image/io.micronaut/micronaut-inject/native-image.properties+api=io.micronaut.context.conditions.MatchesAbsenceOfBeansCondition:build_time' \
'-H:ClassInitialization@jar:file:///tmp/metadata-forge-gradle/6c511174d24457d7/caches/modules-2/files-2.1/io.micronaut/micronaut-inject/5.1.13/1b1a66d877780042f32bfb318b0e1e09808ca8fb/micronaut-inject-5.1.13.jar!/META-INF/native-image/io.micronaut/micronaut-inject/native-image.properties+api=io.micronaut.context.conditions.MatchesAbsenceOfClassesCondition:build_time' \
'-H:ClassInitialization@jar:file:///tmp/metadata-forge-gradle/6c511174d24457d7/caches/modules-2/files-2.1/io.micronaut/micronaut-inject/5.1.13/1b1a66d877780042f32bfb318b0e1e09808ca8fb/micronaut-inject-5.1.13.jar!/META-INF/native-image/io.micronaut/micronaut-inject/native-image.properties+api=io.micronaut.context.conditions.MatchesAbsenceOfClassNamesCondition:build_time' \
'-H:ClassInitialization@jar:file:///tmp/metadata-forge-gradle/6c511174d24457d7/caches/modules-2/files-2.1/io.micronaut/micronaut-inject/5.1.13/1b1a66d877780042f32bfb318b0e1e09808ca8fb/micronaut-inject-5.1.13.jar!/META-INF/native-image/io.micronaut/micronaut-inject/native-image.properties+api=io.micronaut.context.conditions.MatchesConfigurationCondition:build_time' \
'-H:ClassInitialization@jar:file:///tmp/metadata-forge-gradle/6c511174d24457d7/caches/modules-2/files-2.1/io.micronaut/micronaut-inject/5.1.13/1b1a66d877780042f32bfb318b0e1e09808ca8fb/micronaut-inject-5.1.13.jar!/META-INF/native-image/io.micronaut/micronaut-inject/native-image.properties+api=io.micronaut.context.conditions.MatchesCurrentNotOsCondition:build_time' \
'-H:ClassInitialization@jar:file:///tmp/metadata-forge-gradle/6c511174d24457d7/caches/modules-2/files-2.1/io.micronaut/micronaut-inject/5.1.13/1b1a66d877780042f32bfb318b0e1e09808ca8fb/micronaut-inject-5.1.13.jar!/META-INF/native-image/io.micronaut/micronaut-inject/native-image.properties+api=io.micronaut.context.conditions.MatchesCurrentOsCondition:build_time' \
'-H:ClassInitialization@jar:file:///tmp/metadata-forge-gradle/6c511174d24457d7/caches/modules-2/files-2.1/io.micronaut/micronaut-inject/5.1.13/1b1a66d877780042f32bfb318b0e1e09808ca8fb/micronaut-inject-5.1.13.jar!/META-INF/native-image/io.micronaut/micronaut-inject/native-image.properties+api=io.micronaut.context.conditions.MatchesCustomCondition:build_time' \
'-H:ClassInitialization@jar:file:///tmp/metadata-forge-gradle/6c511174d24457d7/caches/modules-2/files-2.1/io.micronaut/micronaut-inject/5.1.13/1b1a66d877780042f32bfb318b0e1e09808ca8fb/micronaut-inject-5.1.13.jar!/META-INF/native-image/io.micronaut/micronaut-inject/native-image.properties+api=io.micronaut.context.conditions.MatchesDynamicCondition:build_time' \
'-H:ClassInitialization@jar:file:///tmp/metadata-forge-gradle/6c511174d24457d7/caches/modules-2/files-2.1/io.micronaut/micronaut-inject/5.1.13/1b1a66d877780042f32bfb318b0e1e09808ca8fb/micronaut-inject-5.1.13.jar!/META-INF/native-image/io.micronaut/micronaut-inject/native-image.properties+api=io.micronaut.context.conditions.MatchesEnvironmentCondition:build_time' \
'-H:ClassInitialization@jar:file:///tmp/metadata-forge-gradle/6c511174d24457d7/caches/modules-2/files-2.1/io.micronaut/micronaut-inject/5.1.13/1b1a66d877780042f32bfb318b0e1e09808ca8fb/micronaut-inject-5.1.13.jar!/META-INF/native-image/io.micronaut/micronaut-inject/native-image.properties+api=io.micronaut.context.conditions.MatchesMissingPropertyCondition:build_time' \
'-H:ClassInitialization@jar:file:///tmp/metadata-forge-gradle/6c511174d24457d7/caches/modules-2/files-2.1/io.micronaut/micronaut-inject/5.1.13/1b1a66d877780042f32bfb318b0e1e09808ca8fb/micronaut-inject-5.1.13.jar!/META-INF/native-image/io.micronaut/micronaut-inject/native-image.properties+api=io.micronaut.context.conditions.MatchesNotEnvironmentCondition:build_time' \
'-H:ClassInitialization@jar:file:///tmp/metadata-forge-gradle/6c511174d24457d7/caches/modules-2/files-2.1/io.micronaut/micronaut-inject/5.1.13/1b1a66d877780042f32bfb318b0e1e09808ca8fb/micronaut-inject-5.1.13.jar!/META-INF/native-image/io.micronaut/micronaut-inject/native-image.properties+api=io.micronaut.context.conditions.MatchesPresenceOfBeansCondition:build_time' \
'-H:ClassInitialization@jar:file:///tmp/metadata-forge-gradle/6c511174d24457d7/caches/modules-2/files-2.1/io.micronaut/micronaut-inject/5.1.13/1b1a66d877780042f32bfb318b0e1e09808ca8fb/micronaut-inject-5.1.13.jar!/META-INF/native-image/io.micronaut/micronaut-inject/native-image.properties+api=io.micronaut.context.conditions.MatchesPresenceOfClassesCondition:build_time' \
'-H:ClassInitialization@jar:file:///tmp/metadata-forge-gradle/6c511174d24457d7/caches/modules-2/files-2.1/io.micronaut/micronaut-inject/5.1.13/1b1a66d877780042f32bfb318b0e1e09808ca8fb/micronaut-inject-5.1.13.jar!/META-INF/native-image/io.micronaut/micronaut-inject/native-image.properties+api=io.micronaut.context.conditions.MatchesPresenceOfClassesCondition:build_time' \
'-H:ClassInitialization@jar:file:///tmp/metadata-forge-gradle/6c511174d24457d7/caches/modules-2/files-2.1/io.micronaut/micronaut-inject/5.1.13/1b1a66d877780042f32bfb318b0e1e09808ca8fb/micronaut-inject-5.1.13.jar!/META-INF/native-image/io.micronaut/micronaut-inject/native-image.properties+api=io.micronaut.context.conditions.MatchesPresenceOfEntitiesCondition:build_time' \
'-H:ClassInitialization@jar:file:///tmp/metadata-forge-gradle/6c511174d24457d7/caches/modules-2/files-2.1/io.micronaut/micronaut-inject/5.1.13/1b1a66d877780042f32bfb318b0e1e09808ca8fb/micronaut-inject-5.1.13.jar!/META-INF/native-image/io.micronaut/micronaut-inject/native-image.properties+api=io.micronaut.context.conditions.MatchesPresenceOfResourcesCondition:build_time' \
'-H:ClassInitialization@jar:file:///tmp/metadata-forge-gradle/6c511174d24457d7/caches/modules-2/files-2.1/io.micronaut/micronaut-inject/5.1.13/1b1a66d877780042f32bfb318b0e1e09808ca8fb/micronaut-inject-5.1.13.jar!/META-INF/native-image/io.micronaut/micronaut-inject/native-image.properties+api=io.micronaut.context.conditions.MatchesPropertyCondition:build_time' \
'-H:ClassInitialization@jar:file:///tmp/metadata-forge-gradle/6c511174d24457d7/caches/modules-2/files-2.1/io.micronaut/micronaut-inject/5.1.13/1b1a66d877780042f32bfb318b0e1e09808ca8fb/micronaut-inject-5.1.13.jar!/META-INF/native-image/io.micronaut/micronaut-inject/native-image.properties+api=io.micronaut.context.conditions.MatchesPropertyCondition$Condition:build_time' \
'-H:ClassInitialization@jar:file:///tmp/metadata-forge-gradle/6c511174d24457d7/caches/modules-2/files-2.1/io.micronaut/micronaut-inject/5.1.13/1b1a66d877780042f32bfb318b0e1e09808ca8fb/micronaut-inject-5.1.13.jar!/META-INF/native-image/io.micronaut/micronaut-inject/native-image.properties+api=io.micronaut.context.conditions.MatchesSdkCondition:build_time' \
'-H:ClassInitialization@jar:file:///tmp/metadata-forge-gradle/6c511174d24457d7/caches/modules-2/files-2.1/io.micronaut/micronaut-inject/5.1.13/1b1a66d877780042f32bfb318b0e1e09808ca8fb/micronaut-inject-5.1.13.jar!/META-INF/native-image/io.micronaut/micronaut-inject/native-image.properties+api=io.micronaut.context.AbstractInitializableBeanDefinition$MethodOrFieldReference:build_time' \
'-H:ClassInitialization@jar:file:///tmp/metadata-forge-gradle/6c511174d24457d7/caches/modules-2/files-2.1/io.micronaut/micronaut-inject/5.1.13/1b1a66d877780042f32bfb318b0e1e09808ca8fb/micronaut-inject-5.1.13.jar!/META-INF/native-image/io.micronaut/micronaut-inject/native-image.properties+api=io.micronaut.context.AbstractInitializableBeanDefinition$MethodReference:build_time' \
'-H:ClassInitialization@jar:file:///tmp/metadata-forge-gradle/6c511174d24457d7/caches/modules-2/files-2.1/io.micronaut/micronaut-inject/5.1.13/1b1a66d877780042f32bfb318b0e1e09808ca8fb/micronaut-inject-5.1.13.jar!/META-INF/native-image/io.micronaut/micronaut-inject/native-image.properties+api=io.micronaut.context.AbstractInitializableBeanDefinition$FieldReference:build_time' \
'-H:ClassInitialization@jar:file:///tmp/metadata-forge-gradle/6c511174d24457d7/caches/modules-2/files-2.1/io.micronaut/micronaut-inject/5.1.13/1b1a66d877780042f32bfb318b0e1e09808ca8fb/micronaut-inject-5.1.13.jar!/META-INF/native-image/io.micronaut/micronaut-inject/native-image.properties+api=io.micronaut.context.AbstractInitializableBeanDefinition$AnnotationReference:build_time' \
'-H:ClassInitialization@jar:file:///tmp/metadata-forge-gradle/6c511174d24457d7/caches/modules-2/files-2.1/io.micronaut/micronaut-inject/5.1.13/1b1a66d877780042f32bfb318b0e1e09808ca8fb/micronaut-inject-5.1.13.jar!/META-INF/native-image/io.micronaut/micronaut-inject/native-image.properties+api=io.micronaut.context.AbstractInitializableBeanDefinition$PrecalculatedInfo:build_time' \
'-H:ClassInitialization@jar:file:///tmp/metadata-forge-gradle/6c511174d24457d7/caches/modules-2/files-2.1/io.micronaut/micronaut-inject/5.1.13/1b1a66d877780042f32bfb318b0e1e09808ca8fb/micronaut-inject-5.1.13.jar!/META-INF/native-image/io.micronaut/micronaut-inject/native-image.properties+api=io.micronaut.context.AbstractExecutableMethodsDefinition$MethodReference:build_time' \
'-H:ClassInitialization@jar:file:///tmp/metadata-forge-gradle/6c511174d24457d7/caches/modules-2/files-2.1/io.micronaut/micronaut-inject/5.1.13/1b1a66d877780042f32bfb318b0e1e09808ca8fb/micronaut-inject-5.1.13.jar!/META-INF/native-image/io.micronaut/micronaut-inject/native-image.properties+api=io.micronaut.inject.beans.AbstractInitializableBeanIntrospection$BeanPropertyRef:build_time' \
'-H:ClassInitialization@jar:file:///tmp/metadata-forge-gradle/6c511174d24457d7/caches/modules-2/files-2.1/io.micronaut/micronaut-inject/5.1.13/1b1a66d877780042f32bfb318b0e1e09808ca8fb/micronaut-inject-5.1.13.jar!/META-INF/native-image/io.micronaut/micronaut-inject/native-image.properties+api=io.micronaut.inject.beans.AbstractInitializableBeanIntrospection$BeanMethodRef:build_time' \
'-H:ClassInitialization@jar:file:///tmp/metadata-forge-gradle/6c511174d24457d7/caches/modules-2/files-2.1/io.micronaut/micronaut-inject/5.1.13/1b1a66d877780042f32bfb318b0e1e09808ca8fb/micronaut-inject-5.1.13.jar!/META-INF/native-image/io.micronaut/micronaut-inject/native-image.properties+api=io.micronaut.inject.beans.AbstractEnumBeanIntrospectionAndReference$EnumConstantRef:build_time' \
'-H:ClassInitialization@jar:file:///tmp/metadata-forge-gradle/6c511174d24457d7/caches/modules-2/files-2.1/io.micronaut/micronaut-inject/5.1.13/1b1a66d877780042f32bfb318b0e1e09808ca8fb/micronaut-inject-5.1.13.jar!/META-INF/native-image/io.micronaut/micronaut-inject/native-image.properties+api=io.micronaut.inject.beans.AbstractEnumBeanIntrospectionAndReference$EnumConstantDynamicRef:build_time' \
'-H:ClassInitialization@jar:file:///tmp/metadata-forge-gradle/6c511174d24457d7/caches/modules-2/files-2.1/io.micronaut/micronaut-inject/5.1.13/1b1a66d877780042f32bfb318b0e1e09808ca8fb/micronaut-inject-5.1.13.jar!/META-INF/native-image/io.micronaut/micronaut-inject/native-image.properties+api=io.micronaut.context.DefaultReplacesDefinition:build_time' \
'-H:ClassInitialization@jar:file:///tmp/metadata-forge-gradle/6c511174d24457d7/caches/modules-2/files-2.1/io.micronaut/micronaut-inject/5.1.13/1b1a66d877780042f32bfb318b0e1e09808ca8fb/micronaut-inject-5.1.13.jar!/META-INF/native-image/io.micronaut/micronaut-inject/native-image.properties+api=io.micronaut.inject.qualifiers.NameQualifier:build_time' \
'-H:ClassInitialization@jar:file:///tmp/metadata-forge-gradle/6c511174d24457d7/caches/modules-2/files-2.1/io.micronaut/micronaut-inject/5.1.13/1b1a66d877780042f32bfb318b0e1e09808ca8fb/micronaut-inject-5.1.13.jar!/META-INF/native-image/io.micronaut/micronaut-inject/native-image.properties+api=io.micronaut.inject.qualifiers.AnnotationStereotypeQualifier:build_time' \
'-H:ClassInitialization@jar:file:///tmp/metadata-forge-gradle/6c511174d24457d7/caches/modules-2/files-2.1/io.micronaut/micronaut-inject/5.1.13/1b1a66d877780042f32bfb318b0e1e09808ca8fb/micronaut-inject-5.1.13.jar!/META-INF/native-image/io.micronaut/micronaut-inject/native-image.properties+api=io.micronaut.context.env.CachedEnvironment:run_time' \
'-H:ReachabilityMetadataResources@jar:file:///tmp/metadata-forge-gradle/6c511174d24457d7/caches/modules-2/files-2.1/io.micronaut/micronaut-inject/5.1.13/1b1a66d877780042f32bfb318b0e1e09808ca8fb/micronaut-inject-5.1.13.jar!/META-INF/native-image/io.micronaut/micronaut-inject/reachability-metadata.json+api=META-INF/native-image/io.micronaut/micronaut-inject/reachability-metadata.json' \
'-H:ResourceConfigurationResources@jar:file:///tmp/metadata-forge-gradle/6c511174d24457d7/caches/modules-2/files-2.1/io.micronaut/micronaut-inject/5.1.13/1b1a66d877780042f32bfb318b0e1e09808ca8fb/micronaut-inject-5.1.13.jar!/META-INF/native-image/io.micronaut/micronaut-inject/resource-config.json+api=META-INF/native-image/io.micronaut/micronaut-inject/resource-config.json' \
'-H:ClassInitialization@jar:file:///tmp/metadata-forge-gradle/6c511174d24457d7/caches/modules-2/files-2.1/io.micronaut/micronaut-core-reactive/5.1.13/b60ac816f7a06db4b6641350baa4c41f0197e3b5/micronaut-core-reactive-5.1.13.jar!/META-INF/native-image/io.micronaut/micronaut-core-reactive/native-image.properties+api=io.micronaut.core.async.annotation:build_time' \
'-H:ReflectionConfigurationResources@jar:file:///tmp/metadata-forge-gradle/6c511174d24457d7/caches/modules-2/files-2.1/io.micronaut/micronaut-core-reactive/5.1.13/b60ac816f7a06db4b6641350baa4c41f0197e3b5/micronaut-core-reactive-5.1.13.jar!/META-INF/native-image/io.micronaut/micronaut-core-reactive/reflect-config.json+api=META-INF/native-image/io.micronaut/micronaut-core-reactive/reflect-config.json' \
'-H:ClassInitialization@jar:file:///tmp/metadata-forge-gradle/6c511174d24457d7/caches/modules-2/files-2.1/io.micronaut/micronaut-core/5.1.13/45fd31cc91e72d32dbbb1d7715dc0267d291ba77/micronaut-core-5.1.13.jar!/META-INF/native-image/io.micronaut/micronaut-core/native-image.properties+api=io.micronaut.core.io.socket.SocketUtils:run_time' \
'-H:ClassInitialization@jar:file:///tmp/metadata-forge-gradle/6c511174d24457d7/caches/modules-2/files-2.1/io.micronaut/micronaut-core/5.1.13/45fd31cc91e72d32dbbb1d7715dc0267d291ba77/micronaut-core-5.1.13.jar!/META-INF/native-image/io.micronaut/micronaut-core/native-image.properties+api=io.micronaut.core.util.KotlinUtils:run_time' \
'-H:ClassInitialization@jar:file:///tmp/metadata-forge-gradle/6c511174d24457d7/caches/modules-2/files-2.1/io.micronaut/micronaut-core/5.1.13/45fd31cc91e72d32dbbb1d7715dc0267d291ba77/micronaut-core-5.1.13.jar!/META-INF/native-image/io.micronaut/micronaut-core/native-image.properties+api=io.micronaut.core.type.RuntimeTypeInformation$LazyTypeInfo:run_time' \
'-H:ClassInitialization@jar:file:///tmp/metadata-forge-gradle/6c511174d24457d7/caches/modules-2/files-2.1/io.micronaut/micronaut-core/5.1.13/45fd31cc91e72d32dbbb1d7715dc0267d291ba77/micronaut-core-5.1.13.jar!/META-INF/native-image/io.micronaut/micronaut-core/native-image.properties+api=io.micronaut.core.io:build_time' \
'-H:ClassInitialization@jar:file:///tmp/metadata-forge-gradle/6c511174d24457d7/caches/modules-2/files-2.1/io.micronaut/micronaut-core/5.1.13/45fd31cc91e72d32dbbb1d7715dc0267d291ba77/micronaut-core-5.1.13.jar!/META-INF/native-image/io.micronaut/micronaut-core/native-image.properties+api=io.micronaut.core.optim:build_time' \
'-H:ClassInitialization@jar:file:///tmp/metadata-forge-gradle/6c511174d24457d7/caches/modules-2/files-2.1/io.micronaut/micronaut-core/5.1.13/45fd31cc91e72d32dbbb1d7715dc0267d291ba77/micronaut-core-5.1.13.jar!/META-INF/native-image/io.micronaut/micronaut-core/native-image.properties+api=io.micronaut.core.util:build_time' \
'-H:ClassInitialization@jar:file:///tmp/metadata-forge-gradle/6c511174d24457d7/caches/modules-2/files-2.1/io.micronaut/micronaut-core/5.1.13/45fd31cc91e72d32dbbb1d7715dc0267d291ba77/micronaut-core-5.1.13.jar!/META-INF/native-image/io.micronaut/micronaut-core/native-image.properties+api=io.micronaut.core.bind:build_time' \
'-H:ClassInitialization@jar:file:///tmp/metadata-forge-gradle/6c511174d24457d7/caches/modules-2/files-2.1/io.micronaut/micronaut-core/5.1.13/45fd31cc91e72d32dbbb1d7715dc0267d291ba77/micronaut-core-5.1.13.jar!/META-INF/native-image/io.micronaut/micronaut-core/native-image.properties+api=io.micronaut.core.convert:build_time' \
'-H:ClassInitialization@jar:file:///tmp/metadata-forge-gradle/6c511174d24457d7/caches/modules-2/files-2.1/io.micronaut/micronaut-core/5.1.13/45fd31cc91e72d32dbbb1d7715dc0267d291ba77/micronaut-core-5.1.13.jar!/META-INF/native-image/io.micronaut/micronaut-core/native-image.properties+api=io.micronaut.core.convert.ConversionContext:build_time' \
'-H:ClassInitialization@jar:file:///tmp/metadata-forge-gradle/6c511174d24457d7/caches/modules-2/files-2.1/io.micronaut/micronaut-core/5.1.13/45fd31cc91e72d32dbbb1d7715dc0267d291ba77/micronaut-core-5.1.13.jar!/META-INF/native-image/io.micronaut/micronaut-core/native-image.properties+api=io.micronaut.core.convert.ImmutableArgumentConversionContext:build_time' \
'-H:ClassInitialization@jar:file:///tmp/metadata-forge-gradle/6c511174d24457d7/caches/modules-2/files-2.1/io.micronaut/micronaut-core/5.1.13/45fd31cc91e72d32dbbb1d7715dc0267d291ba77/micronaut-core-5.1.13.jar!/META-INF/native-image/io.micronaut/micronaut-core/native-image.properties+api=io.micronaut.core.type:build_time' \
'-H:ClassInitialization@jar:file:///tmp/metadata-forge-gradle/6c511174d24457d7/caches/modules-2/files-2.1/io.micronaut/micronaut-core/5.1.13/45fd31cc91e72d32dbbb1d7715dc0267d291ba77/micronaut-core-5.1.13.jar!/META-INF/native-image/io.micronaut/micronaut-core/native-image.properties+api=io.micronaut.core.annotation:build_time' \
'-H:ClassInitialization@jar:file:///tmp/metadata-forge-gradle/6c511174d24457d7/caches/modules-2/files-2.1/io.micronaut/micronaut-core/5.1.13/45fd31cc91e72d32dbbb1d7715dc0267d291ba77/micronaut-core-5.1.13.jar!/META-INF/native-image/io.micronaut/micronaut-core/native-image.properties+api=io.micronaut.core.annotation.AnnotationValue:build_time' \
'-H:ClassInitialization@jar:file:///tmp/metadata-forge-gradle/6c511174d24457d7/caches/modules-2/files-2.1/io.micronaut/micronaut-core/5.1.13/45fd31cc91e72d32dbbb1d7715dc0267d291ba77/micronaut-core-5.1.13.jar!/META-INF/native-image/io.micronaut/micronaut-core/native-image.properties+api=io.micronaut.core.annotation.AnnotationValueResolver:build_time' \
'-H:ClassInitialization@jar:file:///tmp/metadata-forge-gradle/6c511174d24457d7/caches/modules-2/files-2.1/io.micronaut/micronaut-core/5.1.13/45fd31cc91e72d32dbbb1d7715dc0267d291ba77/micronaut-core-5.1.13.jar!/META-INF/native-image/io.micronaut/micronaut-core/native-image.properties+api=io.micronaut.core.reflect.ReflectionUtils:build_time' \
'-H:Features@jar:file:///tmp/metadata-forge-gradle/6c511174d24457d7/caches/modules-2/files-2.1/io.micronaut/micronaut-core/5.1.13/45fd31cc91e72d32dbbb1d7715dc0267d291ba77/micronaut-core-5.1.13.jar!/META-INF/native-image/io.micronaut/micronaut-core/native-image.properties+api=io.micronaut.core.io.service.ServiceLoaderFeature' \
-H:FallbackThreshold@user+api=0 \
-H:Name@user+api=io.micronaut.micronaut-management_tests-tests \
-H:ConfigurationFileDirectories@user=/home/mihailo/git/graalvm-reachability-metadata/forge/local_repositories/forge_worktrees/9825-f0a8e0c4/tests/src/io.micronaut/micronaut-management/5.1.13/build/native/generated/generateTestResourcesConfigFile,/home/mihailo/git/graalvm-reachability-metadata/forge/local_repositories/forge_worktrees/9825-f0a8e0c4/metadata/org.junit.jupiter/junit-jupiter-api/5.8.2,/home/mihailo/git/graalvm-reachability-metadata/forge/local_repositories/forge_worktrees/9825-f0a8e0c4/metadata/org.opentest4j/opentest4j/1.2.0,/home/mihailo/git/graalvm-reachability-metadata/forge/local_repositories/forge_worktrees/9825-f0a8e0c4/metadata/org.junit.platform/junit-platform-commons/1.8.2,/home/mihailo/git/graalvm-reachability-metadata/forge/local_repositories/forge_worktrees/9825-f0a8e0c4/metadata/org.junit.jupiter/junit-jupiter-params/5.9.2,/home/mihailo/git/graalvm-reachability-metadata/forge/local_repositories/forge_worktrees/9825-f0a8e0c4/metadata/org.junit.jupiter/junit-jupiter-engine/5.8.2,/home/mihailo/git/graalvm-reachability-metadata/forge/local_repositories/forge_worktrees/9825-f0a8e0c4/metadata/org.junit.platform/junit-platform-engine/1.11.1,/home/mihailo/git/graalvm-reachability-metadata/forge/local_repositories/forge_worktrees/9825-f0a8e0c4/metadata/org.junit.platform/junit-platform-launcher/1.9.2,/home/mihailo/git/graalvm-reachability-metadata/forge/local_repositories/forge_worktrees/9825-f0a8e0c4/metadata/org.junit.platform/junit-platform-reporting/1.9.2,/home/mihailo/git/graalvm-reachability-metadata/forge/local_repositories/forge_worktrees/9825-f0a8e0c4/metadata/org.junit.vintage/junit-vintage-engine/5.9.1,/home/mihailo/git/graalvm-reachability-metadata/forge/local_repositories/forge_worktrees/9825-f0a8e0c4/metadata/junit/junit/4.13.2,/home/mihailo/git/graalvm-reachability-metadata/forge/local_repositories/forge_worktrees/9825-f0a8e0c4/metadata/org.hamcrest/hamcrest-core/1.3,/home/mihailo/git/graalvm-reachability-metadata/forge/local_repositories/forge_worktrees/9825-f0a8e0c4/metadata/io.micronaut/micronaut-management/5.1.13,/home/mihailo/git/graalvm-reachability-metadata/forge/local_repositories/forge_worktrees/9825-f0a8e0c4/metadata/io.projectreactor/reactor-core/3.5.1,/home/mihailo/git/graalvm-reachability-metadata/forge/local_repositories/forge_worktrees/9825-f0a8e0c4/metadata/org.reactivestreams/reactive-streams/1.0.3,/home/mihailo/git/graalvm-reachability-metadata/forge/local_repositories/forge_worktrees/9825-f0a8e0c4/metadata/org.jspecify/jspecify/1.0.0,/home/mihailo/git/graalvm-reachability-metadata/forge/local_repositories/forge_worktrees/9825-f0a8e0c4/metadata/org.slf4j/slf4j-api/1.7.36,/home/mihailo/git/graalvm-reachability-metadata/forge/local_repositories/forge_worktrees/9825-f0a8e0c4/metadata/jakarta.inject/jakarta.inject-api/2.0.0,/home/mihailo/git/graalvm-reachability-metadata/forge/local_repositories/forge_worktrees/9825-f0a8e0c4/metadata/jakarta.annotation/jakarta.annotation-api/2.1.0 \
-H:Optimize@user+api=b \
-H:+ReportExceptionStackTraces@user \
-H:TrackDynamicAccess@user=path=/tmp/metadata-forge-gradle/6c511174d24457d7/caches/modules-2/files-2.1/io.micronaut/micronaut-management/5.1.13/4735939fb8dab35d9f4728ad4476d080b1719550/micronaut-management-5.1.13.jar \
-H:Preserve@user=path=/tmp/metadata-forge-gradle/6c511174d24457d7/caches/modules-2/files-2.1/io.micronaut/micronaut-management/5.1.13/4735939fb8dab35d9f4728ad4476d080b1719550/micronaut-management-5.1.13.jar \
-H:Features@user+api=org.graalvm.junit.platform.JUnitPlatformFeature \
'-H:Class@explicit main-class=org.graalvm.junit.platform.NativeImageJUnitLauncher' \
-H:ImageBuildID@driver=7f2ac221-6a7b-d959-07d4-3c2af9aa9646 \
'-H:AddExports@jar:file:///home/mihailo/git/graal/sdk/mxbuild/linux-amd64/GRAALVM_JAVA25/graalvm-25.1.0-dev+10.1/lib/svm/svm-guest.jar!/META-INF/native-image/org.graalvm.nativeimage.guest/native-image.properties+api=java.base/jdk.internal.misc=org.graalvm.nativeimage.guest' \
'-H:Features@jar:file:///home/mihailo/git/graal/sdk/mxbuild/linux-amd64/GRAALVM_JAVA25/graalvm-25.1.0-dev+10.1/lib/svm/svm-guest.jar!/META-INF/native-image/org.graalvm.nativeimage.guest/native-image.properties+api=com.oracle.svm.guest.features.jdk.hosted.JavaNetHttpFeature' \
'-H:ClassInitialization@jar:file:///home/mihailo/git/graal/sdk/mxbuild/linux-amd64/GRAALVM_JAVA25/graalvm-25.1.0-dev+10.1/lib/svm/svm-guest.jar!/META-INF/native-image/org.graalvm.nativeimage.guest/native-image.properties+api=sun.net.httpserver.simpleserver:run_time' \
'-H:ReachabilityMetadataResources@jar:file:///home/mihailo/git/graal/sdk/mxbuild/linux-amd64/GRAALVM_JAVA25/graalvm-25.1.0-dev+10.1/lib/svm/svm-guest.jar!/META-INF/native-image/org.graalvm.nativeimage.guest/reachability-metadata.json+api=META-INF/native-image/org.graalvm.nativeimage.guest/reachability-metadata.json' \
'-H:Features@jar:file:///home/mihailo/git/graal/sdk/mxbuild/linux-amd64/GRAALVM_JAVA25/graalvm-25.1.0-dev+10.1/lib/svm/library-support.jar!/META-INF/native-image/com.oracle.svm/polyglot/native-image.properties+api=com.oracle.svm.polyglot.groovy.GroovyIndyInterfaceFeature' \
'-H:Features@jar:file:///home/mihailo/git/graal/sdk/mxbuild/linux-amd64/GRAALVM_JAVA25/graalvm-25.1.0-dev+10.1/lib/svm/library-support.jar!/META-INF/native-image/com.oracle.svm/thirdparty/native-image.properties+api=com.oracle.svm.thirdparty.gson.GsonFeature' \
-H:DriverWarningsCount=5
]
Warning: Option 'FallbackThreshold' is deprecated and might be removed in a future release: It no longer has any effect, and no replacement is available. Please refer to the GraalVM release notes.
========================================================================================================================
GraalVM Native Image: Generating 'io.micronaut.micronaut-management_tests-tests' (executable)...
========================================================================================================================
For detailed information and explanations on the build output, visit:
https://github.com/oracle/graal/blob/master/docs/reference-manual/native-image/BuildOutput.md
------------------------------------------------------------------------------------------------------------------------
[1/8] Initializing...                                                                                   (6.2s @ 0.40GiB)
 Builder configuration:
 - Java version: 25.0.2+10-LTS, vendor version: Oracle GraalVM 25.1.0-dev+10.1
 - Graal compiler: optimization level: b, target machine: x86-64-v3, PGO: off
 - C compiler: gcc (linux, x86_64, 13.3.0)
 - Assertions: disabled, system assertions: disabled
 - 2 user-specific feature(s):
   - io.micronaut.core.io.service.ServiceLoaderFeature
   - org.graalvm.junit.platform.JUnitPlatformFeature
 Image configuration:
 - Garbage collector: Serial GC (max heap size: 80% of RAM)
 - Assertions: disabled (class-specific config may apply), system assertions: disabled
------------------------------------------------------------------------------------------------------------------------
 2 experimental option(s) unlocked:
 - '-H:Preserve' (origin(s): command line)
 - '-H:TrackDynamicAccess' (origin(s): command line)
------------------------------------------------------------------------------------------------------------------------
Build resources:
 - 30.00GiB of memory (48.2% of system memory, capped at 30GiB)
 - 16 thread(s) (100.0% of 16 available processor(s), determined at start)
[junit-platform-native] Running in 'test listener' mode using files matching pattern [junit-platform-unique-ids*] found in folder [/home/mihailo/git/graalvm-reachability-metadata/forge/local_repositories/forge_worktrees/9825-f0a8e0c4/tests/src/io.micronaut/micronaut-management/5.1.13/build/test-results/test/testlist] and its subfolders.
[2/8] Performing analysis...  [*****]                                                                  (20.0s @ 1.15GiB)
   13,248 types,  14,948 fields, and  57,558 methods found reachable
    1,439 types,     805 fields, and   4,303 methods registered for reflection
      239 types,     590 fields, and   1,108 methods registered for JNI access
      418 resource accesses registered with 487.12KiB total size
        4 native libraries: dl, pthread, rt, z
[3/8] Building universe...                                                                              (3.5s @ 1.31GiB)
[4/8] Parsing methods...      [**]                                                                      (2.8s @ 0.90GiB)
[5/8] Inlining methods...     [****]                                                                    (0.9s @ 0.99GiB)
[6/8] Compiling methods...    [***]                                                                    (11.5s @ 1.02GiB)
[7/8] Laying out methods...   [**]                                                                      (4.5s @ 1.27GiB)
[8/8] Creating image...       [**]                                                                      (3.9s @ 1.53GiB)
  14.51MiB (33.02%) for code area:    38,718 compilation units
  22.50MiB (51.21%) for image heap:  356,795 objects and 288 resources
   6.93MiB (15.76%) for other data
  43.94MiB in total image size, 40.69MiB in total file size
------------------------------------------------------------------------------------------------------------------------
Top 10 origins of code area:                                Top 10 object types in image heap:
   1.57MiB o.g.n.runtime/com.oracle.svm.core.code              4.62MiB byte[] for code metadata
 858.80KiB java.base/sun.security.ssl                          3.94MiB byte[] for string data
 769.79KiB java.base/java.util                                 2.01MiB java.base/java.lang.String
 456.30KiB java.base/com.sun.crypto.provider                   1.90MiB java.base/java.lang.Class
 408.54KiB java.base/jdk.internal.classfile.impl               1.42MiB o.g.n.runtime/c.o.s.core.hub.DynamicHubCompanion
 356.04KiB java.base/java.lang                                 1.04MiB byte[] for general heap data
 340.59KiB java.base/java.lang.invoke                          0.99MiB byte[] for reflection metadata
 275.76KiB java.base/java.text                               509.65KiB o.g.n.runtime/c.o.s.c.h.ImageReflectionMetadata
 272.22KiB java.base/sun.security.provider                   493.95KiB byte[] for embedded resources
 265.72KiB java.base/java.util.concurrent                    487.11KiB heap alignment
   9.03MiB for 492 more packages                               5.14MiB for 3139 more object types
                            Use '--emit build-report' to create a report with more details.
------------------------------------------------------------------------------------------------------------------------
Security report:
 - Binary includes Java deserialization.
 - CycloneDX SBOM with 25 component(s) is embedded in binary (1.32KiB). 1 type(s) could not be associated to a component.
 - Advanced obfuscation not enabled; enable with '-H:AdvancedObfuscation=""' (experimental support).
------------------------------------------------------------------------------------------------------------------------
Recommendations:
 G1GC: Use the G1 GC ('--gc=G1') for improved latency and throughput.
 PGO:  Use Profile-Guided Optimizations ('--pgo') for improved throughput.
 FUTR: Use '--future-defaults=all' to prepare for future releases.
 HEAP: Set max heap for improved and more predictable memory usage.
 CPU:  Enable more CPU features with '-march=native' for improved performance.
------------------------------------------------------------------------------------------------------------------------
                       4.1s (7.2% of total time) in 406 GCs | Peak RSS: 2.56GiB | CPU load: 11.05
------------------------------------------------------------------------------------------------------------------------
Build artifacts:
 /home/mihailo/git/graalvm-reachability-metadata/forge/local_repositories/forge_worktrees/9825-f0a8e0c4/tests/src/io.micronaut/micronaut-management/5.1.13/build/native/nativeTestCompile/dynamic-access/micronaut-management-5.1.13/reflection-calls.json (build_info, 378B)
 /home/mihailo/git/graalvm-reachability-metadata/forge/local_repositories/forge_worktrees/9825-f0a8e0c4/tests/src/io.micronaut/micronaut-management/5.1.13/build/native/nativeTestCompile/io.micronaut.micronaut-management_tests-tests (executable, 40.69MiB)
 /home/mihailo/git/graalvm-reachability-metadata/forge/local_repositories/forge_worktrees/9825-f0a8e0c4/tests/src/io.micronaut/micronaut-management/5.1.13/build/native/nativeTestCompile/libmanagement_ext.so (jdk_library, 32.23KiB)
========================================================================================================================
Finished generating 'io.micronaut.micronaut-management_tests-tests' in 55.9s.

The build process encountered 6 warnings.

[native-image-plugin] Native Image written to: /home/mihailo/git/graalvm-reachability-metadata/forge/local_repositories/forge_worktrees/9825-f0a8e0c4/tests/src/io.micronaut/micronaut-management/5.1.13/build/native/nativeTestCompile

> Task :generateDynamicAccessReport

[Incubating] Problems report is available at: file:///home/mihailo/git/graalvm-reachability-metadata/forge/local_repositories/forge_worktrees/9825-f0a8e0c4/tests/src/io.micronaut/micronaut-management/5.1.13/build/reports/problems/problems-report.html

Deprecated Gradle features were used in this build, making it incompatible with Gradle 10.

You can use '--warning-mode all' to show the individual deprecation warnings and determine if they come from your own scripts or plugins.

For more on this, please refer to https://docs.gradle.org/9.1.0/userguide/command_line_interface.html#sec:command_line_warnings in the Gradle documentation.

BUILD SUCCESSFUL in 1m
17 actionable tasks: 4 executed, 13 up-to-date
Consider enabling configuration cache to speed up this build: https://docs.gradle.org/9.1.0/userguide/configuration_cache_enabling.html
/home/mihailo/git/graalvm-reachability-metadata/forge/local_repositories/forge_worktrees/9825-f0a8e0c4/tests/src/io.micronaut/micronaut-management/5.1.13/build/native/nativeTestCompile/dynamic-access/micronaut-management-5.1.13/reflection-calls.json

[Incubating] Problems report is available at: file:///home/mihailo/git/graalvm-reachability-metadata/forge/local_repositories/forge_worktrees/9825-f0a8e0c4/build/reports/problems/problems-report.html

Deprecated Gradle features were used in this build, making it incompatible with Gradle 10.

You can use '--warning-mode all' to show the individual deprecation warnings and determine if they come from your own scripts or plugins.

For more on this, please refer to https://docs.gradle.org/9.1.0/userguide/command_line_interface.html#sec:command_line_warnings in the Gradle documentation.

BUILD SUCCESSFUL in 1m 1s
9 actionable tasks: 1 executed, 8 up-to-date
Wrote dynamic-access coverage report for io.micronaut:micronaut-management:5.1.13 to /home/mihailo/git/graalvm-reachability-metadata/forge/local_repositories/forge_worktrees/9825-f0a8e0c4/tests/src/io.micronaut/micronaut-management/5.1.13/build/reports/dynamic-access/dynamic-access-coverage.json.

[Incubating] Problems report is available at: file:///home/mihailo/git/graalvm-reachability-metadata/forge/local_repositories/forge_worktrees/9825-f0a8e0c4/build/reports/problems/problems-report.html

Deprecated Gradle features were used in this build, making it incompatible with Gradle 10.

You can use '--warning-mode all' to show the individual deprecation warnings and determine if they come from your own scripts or plugins.

For more on this, please refer to https://docs.gradle.org/9.1.0/userguide/command_line_interface.html#sec:command_line_warnings in the Gradle documentation.

BUILD SUCCESSFUL in 1m 32s
9 actionable tasks: 1 executed, 8 up-to-date
