> Task :tck-build-logic:extractPluginRequests UP-TO-DATE
> Task :tck-build-logic:generatePluginAdapters UP-TO-DATE
> Task :tck-build-logic:compileJava UP-TO-DATE
> Task :tck-build-logic:compileGroovy UP-TO-DATE
> Task :tck-build-logic:compileGroovyPlugins UP-TO-DATE
> Task :tck-build-logic:pluginDescriptors UP-TO-DATE
> Task :tck-build-logic:processResources UP-TO-DATE
> Task :tck-build-logic:classes UP-TO-DATE
> Task :tck-build-logic:jar UP-TO-DATE

> Configure project :
GraalVM Reachability Metadata TCK
---------------------------------

> Task :populateArtifactURLs
Checked the file — all five URL/description fields already have non-blank values, and per the instructions I must not modify fields that are already filled. The only actually missing field is `language`, but MSAL4J is a plain Java library (Microsoft Authentication Library for Java, not Kotlin/Scala/Groovy-specific), so no `language` field should be added.

No changes needed to `metadata/com.microsoft.azure/msal4j/index.json` — it's already complete and correct as-is:
- **repository-url**: https://github.com/AzureAD/microsoft-authentication-library-for-java
- **source-code-url**: Maven Central sources jar (templated with `$version$`)
- **test-code-url**: GitHub tag path `.../tree/v$version$/msal4j-sdk/src/test/java`
- **documentation-url**: Maven Central javadoc jar (templated with `$version$`)
- **description**: existing two-sentence explanation of MSAL4J's purpose
- **language**: correctly absent (not a language-specific library)
Ran agent for com.microsoft.azure:msal4j:1.15.0 (exit 0). Log: /home/oracle/oracle/graalvm-reachability-metadata/forge/local_repositories/forge_worktrees/10067-bc8f74f5/build/agent-url-discovery-logs/com.microsoft.azure-msal4j-1.15.0.log
Completed populateArtifactURLs: invoked=1, prompted=0, skipped=0, overwriteExisting=false, verifyArtifactSources=false, limit=null

[Incubating] Problems report is available at: file:///home/oracle/oracle/graalvm-reachability-metadata/forge/local_repositories/forge_worktrees/10067-bc8f74f5/build/reports/problems/problems-report.html

Deprecated Gradle features were used in this build, making it incompatible with Gradle 10.

You can use '--warning-mode all' to show the individual deprecation warnings and determine if they come from your own scripts or plugins.

For more on this, please refer to https://docs.gradle.org/9.1.0/userguide/command_line_interface.html#sec:command_line_warnings in the Gradle documentation.

BUILD SUCCESSFUL in 36s
9 actionable tasks: 1 executed, 8 up-to-date
