> Task :tck-build-logic:extractPluginRequests UP-TO-DATE
> Task :tck-build-logic:generatePluginAdapters UP-TO-DATE
> Task :tck-build-logic:compileJava UP-TO-DATE
> Task :tck-build-logic:compileGroovy UP-TO-DATE
> Task :tck-build-logic:compileGroovyPlugins UP-TO-DATE
> Task :tck-build-logic:pluginDescriptors UP-TO-DATE
> Task :tck-build-logic:processResources UP-TO-DATE
> Task :tck-build-logic:classes UP-TO-DATE
> Task :tck-build-logic:jar UP-TO-DATE

> Configure project :
GraalVM Reachability Metadata TCK
---------------------------------

> Task :populateArtifactURLs
All fields in the entry are already populated (source-code-url, repository-url, test-code-url, documentation-url, description) except `language`. `io.micrometer:micrometer-registry-statsd` is a plain Java module (no Kotlin/Groovy/Scala-specific API), so per the instructions the `language` field should stay absent — no edit needed.

No changes made to `metadata/io.micrometer/micrometer-registry-statsd/index.json`; all required fields were already correctly filled and it is not language-specific.
Ran agent for io.micrometer:micrometer-registry-statsd:1.16.5 (exit 0). Log: /home/oracle/oracle/graalvm-reachability-metadata/forge/local_repositories/forge_worktrees/2486-df977624/build/agent-url-discovery-logs/io.micrometer-micrometer-registry-statsd-1.16.5.log
Completed populateArtifactURLs: invoked=1, prompted=0, skipped=0, overwriteExisting=false, verifyArtifactSources=false, limit=null

[Incubating] Problems report is available at: file:///home/oracle/oracle/graalvm-reachability-metadata/forge/local_repositories/forge_worktrees/2486-df977624/build/reports/problems/problems-report.html

Deprecated Gradle features were used in this build, making it incompatible with Gradle 10.

You can use '--warning-mode all' to show the individual deprecation warnings and determine if they come from your own scripts or plugins.

For more on this, please refer to https://docs.gradle.org/9.1.0/userguide/command_line_interface.html#sec:command_line_warnings in the Gradle documentation.

BUILD SUCCESSFUL in 16s
9 actionable tasks: 1 executed, 8 up-to-date
