> Task :tck-build-logic:extractPluginRequests UP-TO-DATE
> Task :tck-build-logic:generatePluginAdapters UP-TO-DATE
> Task :tck-build-logic:compileJava UP-TO-DATE
> Task :tck-build-logic:compileGroovy UP-TO-DATE
> Task :tck-build-logic:compileGroovyPlugins UP-TO-DATE
> Task :tck-build-logic:pluginDescriptors UP-TO-DATE
> Task :tck-build-logic:processResources UP-TO-DATE
> Task :tck-build-logic:classes UP-TO-DATE
> Task :tck-build-logic:jar UP-TO-DATE

> Configure project :
GraalVM Reachability Metadata TCK
---------------------------------

> Task :populateArtifactURLs
I made no changes to `index.json`. Every field was already filled in, and the URLs check out for version 4.0.5.

- **source-code-url:** The `policy-4.0.5-sources.jar` on Maven Central returns 200.
- **repository-url:** It is the canonical root, `https://github.com/eclipse-ee4j/metro-jax-ws`, with no tag or branch in the path.
- **test-code-url:** The `4.0.5` tag exists on GitHub, and `jaxws-ri/runtime/policy/src/test` at that tag returns 200. I found no tests jar on Maven Central (`policy-4.0.5-tests.jar` returns 404), so the GitHub tag is the right target.
- **documentation-url:** The javadoc.io page for 4.0.5 returns 200.
- **description:** It is already exactly two sentences and accurate.
- **language:** The library is a plain Java WS-Policy implementation, not specific to Kotlin, Groovy or Scala, so the field stays absent.
Ran agent for com.sun.xml.ws:policy:4.0.5 (exit 0). Log: /home/oracle/oracle/metadata2/graalvm-reachability-metadata/forge/local_repositories/forge_worktrees/9942-e11b9e47/build/agent-url-discovery-logs/com.sun.xml.ws-policy-4.0.5.log
Completed populateArtifactURLs: invoked=1, prompted=0, skipped=0, overwriteExisting=false, verifyArtifactSources=false, limit=null

[Incubating] Problems report is available at: file:///home/oracle/oracle/metadata2/graalvm-reachability-metadata/forge/local_repositories/forge_worktrees/9942-e11b9e47/build/reports/problems/problems-report.html

Deprecated Gradle features were used in this build, making it incompatible with Gradle 10.

You can use '--warning-mode all' to show the individual deprecation warnings and determine if they come from your own scripts or plugins.

For more on this, please refer to https://docs.gradle.org/9.1.0/userguide/command_line_interface.html#sec:command_line_warnings in the Gradle documentation.

BUILD SUCCESSFUL in 18s
9 actionable tasks: 1 executed, 8 up-to-date
