Command: ./gradlew generateDynamicAccessCoverageReport -Pcoordinates=org.apache.activemq:activemq-broker:6.0.0
Working directory: /home/mihailo/git/graalvm-reachability-metadata-copy/forge/local_repositories/forge_worktrees/8927-22ccdc70

--- output ---
> Task :tck-build-logic:extractPluginRequests FROM-CACHE
> Task :tck-build-logic:generatePluginAdapters FROM-CACHE
> Task :tck-build-logic:compileJava FROM-CACHE
> Task :tck-build-logic:compileGroovy FROM-CACHE
> Task :tck-build-logic:compileGroovyPlugins FROM-CACHE
> Task :tck-build-logic:pluginDescriptors
> Task :tck-build-logic:processResources
> Task :tck-build-logic:classes
> Task :tck-build-logic:jar

> Configure project :
GraalVM Reachability Metadata TCK
---------------------------------

> Task :generateDynamicAccessCoverageReport
Starting a Gradle Daemon, 1 busy and 1 incompatible and 9 stopped Daemons could not be reused, use --status for details
> Task :tck-build-logic:extractPluginRequests UP-TO-DATE
> Task :tck-build-logic:generatePluginAdapters UP-TO-DATE
> Task :tck-build-logic:compileJava UP-TO-DATE
> Task :tck-build-logic:compileGroovy UP-TO-DATE
> Task :tck-build-logic:compileGroovyPlugins UP-TO-DATE
> Task :tck-build-logic:pluginDescriptors UP-TO-DATE
> Task :tck-build-logic:processResources UP-TO-DATE
> Task :tck-build-logic:classes UP-TO-DATE
> Task :tck-build-logic:jar UP-TO-DATE

> Configure project :
GraalVM Reachability Metadata TCK
---------------------------------

> Task :jacocoCodeCoverageReport
Starting a Gradle Daemon, 2 busy and 1 incompatible and 9 stopped Daemons could not be reused, use --status for details
> Task :tck-build-logic:extractPluginRequests UP-TO-DATE
> Task :tck-build-logic:generatePluginAdapters UP-TO-DATE
> Task :tck-build-logic:compileJava UP-TO-DATE
> Task :tck-build-logic:compileGroovy UP-TO-DATE
> Task :tck-build-logic:compileGroovyPlugins UP-TO-DATE
> Task :tck-build-logic:pluginDescriptors UP-TO-DATE
> Task :tck-build-logic:processResources UP-TO-DATE
> Task :tck-build-logic:classes UP-TO-DATE
> Task :tck-build-logic:jar UP-TO-DATE
> Task :checkTestTimeoutAnnotations
> Task :processCodeCoverageResources NO-SOURCE
> Task :compileJava NO-SOURCE
> Task :processResources NO-SOURCE
> Task :classes UP-TO-DATE
> Task :processTestResources NO-SOURCE
> Task :tck-test-support:compileJava
> Task :tck-test-support:processResources
> Task :tck-test-support:classes
> Task :tck-test-support:jar
> Task :compileCodeCoverageJava NO-SOURCE
> Task :codeCoverageClasses UP-TO-DATE
> Task :codeCoverageTest SKIPPED
> Task :compileTestJava
> Task :testClasses
> Task :test
> Task :jacocoCodeCoverageReport

[Incubating] Problems report is available at: file:///home/mihailo/git/graalvm-reachability-metadata-copy/forge/local_repositories/forge_worktrees/8927-22ccdc70/tests/src/org.apache.activemq/activemq-broker/6.0.0/build/reports/problems/problems-report.html

Deprecated Gradle features were used in this build, making it incompatible with Gradle 10.

You can use '--warning-mode all' to show the individual deprecation warnings and determine if they come from your own scripts or plugins.

For more on this, please refer to https://docs.gradle.org/9.1.0/userguide/command_line_interface.html#sec:command_line_warnings in the Gradle documentation.

BUILD SUCCESSFUL in 18s
15 actionable tasks: 7 executed, 8 up-to-date

[Incubating] Problems report is available at: file:///home/mihailo/git/graalvm-reachability-metadata-copy/forge/local_repositories/forge_worktrees/8927-22ccdc70/build/reports/problems/problems-report.html

Deprecated Gradle features were used in this build, making it incompatible with Gradle 10.

You can use '--warning-mode all' to show the individual deprecation warnings and determine if they come from your own scripts or plugins.

For more on this, please refer to https://docs.gradle.org/9.1.0/userguide/command_line_interface.html#sec:command_line_warnings in the Gradle documentation.

BUILD SUCCESSFUL in 27s
9 actionable tasks: 1 executed, 8 up-to-date
> Task :tck-build-logic:extractPluginRequests UP-TO-DATE
> Task :tck-build-logic:generatePluginAdapters UP-TO-DATE
> Task :tck-build-logic:compileJava UP-TO-DATE
> Task :tck-build-logic:compileGroovy UP-TO-DATE
> Task :tck-build-logic:compileGroovyPlugins UP-TO-DATE
> Task :tck-build-logic:pluginDescriptors UP-TO-DATE
> Task :tck-build-logic:processResources UP-TO-DATE
> Task :tck-build-logic:classes UP-TO-DATE
> Task :tck-build-logic:jar UP-TO-DATE

> Task :generateDynamicAccessReport
> Task :tck-build-logic:extractPluginRequests UP-TO-DATE
> Task :tck-build-logic:generatePluginAdapters UP-TO-DATE
> Task :tck-build-logic:compileJava UP-TO-DATE
> Task :tck-build-logic:compileGroovy UP-TO-DATE
> Task :tck-build-logic:compileGroovyPlugins UP-TO-DATE
> Task :tck-build-logic:pluginDescriptors UP-TO-DATE
> Task :tck-build-logic:processResources UP-TO-DATE
> Task :tck-build-logic:classes UP-TO-DATE
> Task :tck-build-logic:jar UP-TO-DATE
> Task :compileJava NO-SOURCE
> Task :processResources NO-SOURCE
> Task :classes UP-TO-DATE
> Task :tck-test-support:compileJava UP-TO-DATE
> Task :tck-test-support:processResources UP-TO-DATE
> Task :tck-test-support:classes UP-TO-DATE
> Task :tck-test-support:jar UP-TO-DATE
> Task :jar
> Task :compileTestJava UP-TO-DATE
> Task :checkTestTimeoutAnnotations
> Task :processTestResources NO-SOURCE
> Task :testClasses UP-TO-DATE
> Task :test UP-TO-DATE

> Task :generateTestResourcesConfigFile
[native-image-plugin] Resources configuration written into /home/mihailo/git/graalvm-reachability-metadata-copy/forge/local_repositories/forge_worktrees/8927-22ccdc70/tests/src/org.apache.activemq/activemq-broker/6.0.0/build/native/generated/generateTestResourcesConfigFile/resource-config.json

> Task :nativeTestCompile
[native-image-plugin] GraalVM Toolchain detection is disabled
[native-image-plugin] GraalVM location read from environment variable: GRAALVM_HOME
[native-image-plugin] Native Image executable path: /home/mihailo/git/graal/sdk/mxbuild/linux-amd64/GRAALVM_JAVA25/graalvm-25.1.0-dev+10.1/lib/svm/bin/native-image
Warning: Invalid classpath entry: /home/mihailo/git/graalvm-reachability-metadata-copy/forge/local_repositories/forge_worktrees/8927-22ccdc70/tests/src/org.apache.activemq/activemq-broker/6.0.0/build/resources/test
Warning: Using a deprecated option --no-fallback from command line. No effect, no replacement available
Warning: The option '-H:TrackDynamicAccess=path=/tmp/metadata-forge-gradle/93a0b4f3a554b5b8/caches/modules-2/files-2.1/org.apache.activemq/activemq-broker/6.0.0/9e02abbcd317f4c0b22c96d29f63da2e0f7b9806/activemq-broker-6.0.0.jar' is experimental and must be enabled via '-H:+UnlockExperimentalVMOptions' in the future.
Warning: The option '-H:Preserve=path=/tmp/metadata-forge-gradle/93a0b4f3a554b5b8/caches/modules-2/files-2.1/org.apache.activemq/activemq-broker/6.0.0/9e02abbcd317f4c0b22c96d29f63da2e0f7b9806/activemq-broker-6.0.0.jar' is experimental and must be enabled via '-H:+UnlockExperimentalVMOptions' in the future.
Warning: Please re-evaluate whether any experimental option is required, and either remove or unlock it. The build output lists all active experimental options, including where they come from and possible alternatives. If you think an experimental option should be considered as stable, please file an issue.
Apply jar:file:///home/mihailo/git/graal/sdk/mxbuild/linux-amd64/GRAALVM_JAVA25/graalvm-25.1.0-dev+10.1/lib/svm/svm-guest.jar!/META-INF/native-image/org.graalvm.nativeimage.guest/native-image.properties
Apply jar:file:///home/mihailo/git/graal/sdk/mxbuild/linux-amd64/GRAALVM_JAVA25/graalvm-25.1.0-dev+10.1/lib/svm/svm-guest.jar!/META-INF/native-image/org.graalvm.nativeimage.guest/reachability-metadata.json
Apply jar:file:///home/mihailo/git/graal/sdk/mxbuild/linux-amd64/GRAALVM_JAVA25/graalvm-25.1.0-dev+10.1/lib/svm/library-support.jar!/META-INF/native-image/com.oracle.svm/polyglot/native-image.properties
Apply jar:file:///home/mihailo/git/graal/sdk/mxbuild/linux-amd64/GRAALVM_JAVA25/graalvm-25.1.0-dev+10.1/lib/svm/library-support.jar!/META-INF/native-image/com.oracle.svm/thirdparty/native-image.properties
Executing [
DRIVER_TEMP_DIR_ENV_VARIABLE=/tmp/driverRoot-813544305263332213 \
HOME=/home/mihailo \
LANG=en_US.UTF-8 \
PATH=/home/mihailo/git/graalvm-reachability-metadata/forge/.venv/bin:/home/mihailo/.local/opt/grype-0.104.0:/home/mihailo/git/mx:/home/mihailo/.local/opt/grype-0.104.0:/home/mihailo/git/mx:/home/mihailo/.sdkman/candidates/maven/current/bin:/home/mihailo/.sdkman/candidates/java/current/bin:/home/mihailo/.nvm/versions/node/v22.23.2/bin:/home/mihailo/.cargo/bin:/usr/local/sbin:/usr/local/bin:/usr/sbin:/usr/bin:/sbin:/bin:/usr/games:/usr/local/games:/snap/bin:/snap/bin:/home/mihailo/.vscode/extensions/ms-python.debugpy-2026.6.0-linux-x64/bundled/scripts/noConfigScripts:/home/mihailo/.vscode/extensions/vscjava.vscode-java-debug-0.59.0/bundled/scripts/noConfigScripts \
PWD=/home/mihailo/git/graalvm-reachability-metadata-copy/forge/local_repositories/forge_worktrees/8927-22ccdc70/tests/src/org.apache.activemq/activemq-broker/6.0.0 \
/home/mihailo/git/graal/sdk/mxbuild/linux-amd64/GRAALVM_JAVA25/graalvm-25.1.0-dev+10.1/bin/java \
-XX:+UnlockExperimentalVMOptions \
-XX:+EnableJVMCI \
-Dgraalvm.locatorDisabled=true \
-Dtruffle.TruffleRuntime=com.oracle.truffle.api.impl.DefaultTruffleRuntime \
-Dgraalvm.ForcePolyglotInvalid=true \
-Dsubstratevm.HostLibC=glibc \
--add-exports=java.base/com.sun.crypto.provider=org.graalvm.nativeimage.builder \
--add-exports=java.base/jdk.internal.access=jdk.graal.compiler.hostvmaccess,org.graalvm.nativeimage.builder \
--add-exports=java.base/jdk.internal.event=org.graalvm.nativeimage.builder \
--add-exports=java.base/jdk.internal.foreign=org.graalvm.nativeimage.builder \
--add-exports=java.base/jdk.internal.loader=jdk.graal.compiler.hostvmaccess,org.graalvm.nativeimage.base,org.graalvm.nativeimage.builder \
--add-exports=java.base/jdk.internal.logger=org.graalvm.nativeimage.builder \
--add-exports=java.base/jdk.internal.misc=com.oracle.graal.graal_enterprise,com.oracle.svm.svm_enterprise,jdk.graal.compiler,jdk.graal.compiler.hostvmaccess,org.graalvm.nativeimage.builder,org.graalvm.nativeimage.objectfile,org.graalvm.nativeimage.pointsto \
--add-exports=java.base/jdk.internal.module=jdk.graal.compiler.hostvmaccess,jdk.graal.compiler.vmaccess,org.graalvm.nativeimage.base,org.graalvm.nativeimage.builder,org.graalvm.nativeimage.shared \
--add-exports=java.base/jdk.internal.perf=org.graalvm.nativeimage.builder \
--add-exports=java.base/jdk.internal.platform=org.graalvm.nativeimage.builder \
--add-exports=java.base/jdk.internal.ref=org.graalvm.nativeimage.builder,org.graalvm.nativeimage.objectfile \
--add-exports=java.base/jdk.internal.reflect=org.graalvm.nativeimage.builder \
--add-exports=java.base/jdk.internal.util=org.graalvm.nativeimage.builder \
--add-exports=java.base/jdk.internal.vm.annotation=org.graalvm.nativeimage.builder \
--add-exports=java.base/jdk.internal.vm=org.graalvm.nativeimage.builder \
--add-exports=java.base/jdk.internal=org.graalvm.nativeimage.builder \
--add-exports=java.base/sun.invoke.util=org.graalvm.nativeimage.builder \
--add-exports=java.base/sun.net.www=org.graalvm.nativeimage.builder \
--add-exports=java.base/sun.net=org.graalvm.nativeimage.builder \
--add-exports=java.base/sun.nio.ch=org.graalvm.nativeimage.builder,org.graalvm.nativeimage.objectfile \
--add-exports=java.base/sun.reflect.annotation=org.graalvm.nativeimage.base,org.graalvm.nativeimage.builder \
--add-exports=java.base/sun.reflect.generics.factory=org.graalvm.nativeimage.builder \
--add-exports=java.base/sun.reflect.generics.reflectiveObjects=org.graalvm.nativeimage.builder \
--add-exports=java.base/sun.reflect.generics.repository=org.graalvm.nativeimage.builder \
--add-exports=java.base/sun.reflect.generics.scope=org.graalvm.nativeimage.builder \
--add-exports=java.base/sun.reflect.generics.tree=org.graalvm.nativeimage.builder \
--add-exports=java.base/sun.security.jca=org.graalvm.nativeimage.builder \
--add-exports=java.base/sun.security.provider=org.graalvm.nativeimage.builder \
--add-exports=java.base/sun.security.rsa=org.graalvm.nativeimage.builder \
--add-exports=java.base/sun.security.ssl=org.graalvm.nativeimage.builder \
--add-exports=java.base/sun.security.util=org.graalvm.nativeimage.builder \
--add-exports=java.base/sun.security.x509=org.graalvm.nativeimage.builder \
--add-exports=java.base/sun.text.spi=org.graalvm.nativeimage.builder \
--add-exports=java.base/sun.util.calendar=org.graalvm.nativeimage.builder \
--add-exports=java.base/sun.util.cldr=org.graalvm.nativeimage.builder \
--add-exports=java.base/sun.util.locale.provider=org.graalvm.nativeimage.builder \
--add-exports=java.base/sun.util.locale=org.graalvm.nativeimage.builder \
--add-exports=java.base/sun.util.resources=org.graalvm.nativeimage.builder \
--add-exports=java.base/sun.util.spi=org.graalvm.nativeimage.builder \
--add-exports=java.base/sun.util=org.graalvm.nativeimage.builder \
--add-exports=java.management/com.sun.jmx.mbeanserver=org.graalvm.nativeimage.builder \
--add-exports=java.management/sun.management=org.graalvm.nativeimage.builder,org.graalvm.nativeimage.pointsto \
--add-exports=jdk.graal.compiler/jdk.graal.compiler.api.replacements=jdk.graal.compiler.hostvmaccess \
--add-exports=jdk.graal.compiler/jdk.graal.compiler.api.runtime=jdk.graal.compiler.hostvmaccess \
--add-exports=jdk.graal.compiler/jdk.graal.compiler.core.target=jdk.graal.compiler.hostvmaccess \
--add-exports=jdk.graal.compiler/jdk.graal.compiler.phases.util=jdk.graal.compiler.hostvmaccess,jdk.graal.compiler.vmaccess \
--add-exports=jdk.graal.compiler/jdk.graal.compiler.runtime=jdk.graal.compiler.hostvmaccess \
--add-exports=jdk.graal.compiler/jdk.graal.compiler.util.json=com.oracle.graal.reporter \
--add-exports=jdk.internal.vm.ci/jdk.vm.ci.aarch64=com.oracle.graal.graal_enterprise,com.oracle.svm.svm_enterprise,jdk.graal.compiler,org.graalvm.nativeimage.builder,org.graalvm.nativeimage.objectfile \
--add-exports=jdk.internal.vm.ci/jdk.vm.ci.amd64=com.oracle.graal.graal_enterprise,com.oracle.svm.svm_enterprise,jdk.graal.compiler,org.graalvm.nativeimage.builder,org.graalvm.nativeimage.objectfile \
--add-exports=jdk.internal.vm.ci/jdk.vm.ci.code.site=com.oracle.svm.svm_enterprise,jdk.graal.compiler,org.graalvm.nativeimage.builder \
--add-exports=jdk.internal.vm.ci/jdk.vm.ci.code.stack=jdk.graal.compiler,org.graalvm.nativeimage.builder \
--add-exports=jdk.internal.vm.ci/jdk.vm.ci.code=com.oracle.graal.graal_enterprise,com.oracle.svm.svm_enterprise,jdk.graal.compiler,jdk.graal.compiler.hostvmaccess,jdk.graal.compiler.vmaccess,org.graalvm.nativeimage.base,org.graalvm.nativeimage.builder,org.graalvm.nativeimage.objectfile,org.graalvm.nativeimage.pointsto,org.graalvm.truffle.compiler \
--add-exports=jdk.internal.vm.ci/jdk.vm.ci.common=com.oracle.graal.graal_enterprise,com.oracle.svm.svm_enterprise,jdk.graal.compiler,org.graalvm.nativeimage.builder,org.graalvm.nativeimage.pointsto \
--add-exports=jdk.internal.vm.ci/jdk.vm.ci.hotspot.aarch64=jdk.graal.compiler \
--add-exports=jdk.internal.vm.ci/jdk.vm.ci.hotspot.amd64=jdk.graal.compiler \
--add-exports=jdk.internal.vm.ci/jdk.vm.ci.hotspot.riscv64=jdk.graal.compiler \
--add-exports=jdk.internal.vm.ci/jdk.vm.ci.hotspot=com.oracle.graal.graal_enterprise,jdk.graal.compiler,org.graalvm.nativeimage.builder \
--add-exports=jdk.internal.vm.ci/jdk.vm.ci.meta.annotation=com.oracle.graal.graal_enterprise,com.oracle.svm.svm_enterprise,jdk.graal.compiler,jdk.graal.compiler.hostvmaccess,jdk.graal.compiler.vmaccess,org.graalvm.nativeimage.base,org.graalvm.nativeimage.builder,org.graalvm.nativeimage.configure,org.graalvm.nativeimage.guest.staging,org.graalvm.nativeimage.objectfile,org.graalvm.nativeimage.pointsto \
--add-exports=jdk.internal.vm.ci/jdk.vm.ci.meta=com.oracle.graal.graal_enterprise,com.oracle.svm.svm_enterprise,jdk.graal.compiler,jdk.graal.compiler.hostvmaccess,jdk.graal.compiler.vmaccess,org.graalvm.nativeimage.base,org.graalvm.nativeimage.builder,org.graalvm.nativeimage.configure,org.graalvm.nativeimage.guest.staging,org.graalvm.nativeimage.objectfile,org.graalvm.nativeimage.pointsto,org.graalvm.truffle.compiler \
--add-exports=jdk.internal.vm.ci/jdk.vm.ci.riscv64=com.oracle.svm.svm_enterprise,jdk.graal.compiler,org.graalvm.nativeimage.builder \
--add-exports=jdk.internal.vm.ci/jdk.vm.ci.runtime=com.oracle.graal.graal_enterprise,jdk.graal.compiler,jdk.graal.compiler.hostvmaccess,org.graalvm.nativeimage.base,org.graalvm.nativeimage.builder,org.graalvm.nativeimage.pointsto \
--add-exports=jdk.internal.vm.ci/jdk.vm.ci.services=com.oracle.graal.graal_enterprise,com.oracle.svm.svm_enterprise,jdk.graal.compiler,org.graalvm.nativeimage.builder \
--add-exports=jdk.jfr/jdk.jfr.events=org.graalvm.nativeimage.builder \
--add-exports=jdk.jfr/jdk.jfr.internal.event=org.graalvm.nativeimage.builder \
--add-exports=jdk.jfr/jdk.jfr.internal.jfc=com.oracle.svm.svm_enterprise,org.graalvm.nativeimage.builder \
--add-exports=jdk.jfr/jdk.jfr.internal.settings=org.graalvm.nativeimage.builder \
--add-exports=jdk.jfr/jdk.jfr.internal.tracing=org.graalvm.nativeimage.builder \
--add-exports=jdk.jfr/jdk.jfr.internal=com.oracle.svm.svm_enterprise,org.graalvm.nativeimage.builder \
--add-exports=jdk.management/com.sun.management.internal=org.graalvm.nativeimage.builder \
-XX:+UseJVMCINativeLibrary \
-XX:MaxRAMPercentage=48.18998631506648 \
'-Dsvm.build.memoryUsageReasonText=30.00GiB of memory (48.2% of system memory, capped at 30GiB)' \
-Xss10m \
-XX:+UseParallelGC \
-XX:GCTimeRatio=9 \
-XX:+ExitOnOutOfMemoryError \
-XX:+UseCompressedOops \
-Djava.awt.headless=true \
'-Dorg.graalvm.vendor=Oracle Corporation' \
-Dorg.graalvm.vendorurl=https://www.graalvm.org/ \
'-Dorg.graalvm.vendorversion=Oracle GraalVM 25.1.0-dev+10.1' \
-Dorg.graalvm.version=25.1.0-dev \
-Dcom.oracle.graalvm.isaot=true \
-Djava.system.class.loader=com.oracle.svm.hosted.NativeImageSystemClassLoader \
-Djava.util.concurrent.ForkJoinPool.common.exceptionHandler=com.oracle.svm.hosted.CommonPoolUncaughtExceptionHandler \
'-Djava.util.concurrent.ForkJoinPool.common.threadFactory=com.oracle.svm.hosted.NativeImageSystemClassLoader$NativeImageForkJoinWorkerThreadFactory' \
-Dorg.graalvm.nativeimage.imagecode=buildtime \
-Xshare:off \
-Djdk.internal.lambda.disableEagerInitialization=true \
-Djdk.internal.lambda.eagerlyInitialize=false \
-Djava.lang.invoke.InnerClassLambdaMetafactory.initializeLambdas=false \
-Djava.lang.invoke.MethodHandle.DONT_INLINE_THRESHOLD=-1 \
-Djava.lang.invoke.MethodHandle.PROFILE_GWT=false \
-Djunit.platform.listeners.uid.tracking.output.dir=/home/mihailo/git/graalvm-reachability-metadata-copy/forge/local_repositories/forge_worktrees/8927-22ccdc70/tests/src/org.apache.activemq/activemq-broker/6.0.0/build/test-results/test/testlist \
-Dcom.oracle.svm.provided=/home/mihailo/git/graal/sdk/mxbuild/linux-amd64/GRAALVM_JAVA25/graalvm-25.1.0-dev+10.1/lib/svm/svm-guest-staging.jar:/home/mihailo/git/graal/sdk/mxbuild/linux-amd64/GRAALVM_JAVA25/graalvm-25.1.0-dev+10.1/lib/svm/svm-guest.jar:/home/mihailo/git/graal/sdk/mxbuild/linux-amd64/GRAALVM_JAVA25/graalvm-25.1.0-dev+10.1/lib/svm/svm-shared.jar:/home/mihailo/git/graal/sdk/mxbuild/linux-amd64/GRAALVM_JAVA25/graalvm-25.1.0-dev+10.1/lib/svm/vmaccess-guest.jar:/home/mihailo/git/graal/sdk/mxbuild/linux-amd64/GRAALVM_JAVA25/graalvm-25.1.0-dev+10.1/lib/svm/library-support.jar \
--add-modules=ALL-DEFAULT \
--enable-native-access=org.graalvm.nativeimage.guest.staging,org.graalvm.nativeimage.foreign,com.oracle.svm.svm_enterprise,jdk.graal.compiler.vmaccess.guest,org.graalvm.nativeimage.shaded.capnproto,org.graalvm.nativeimage.configure,jdk.graal.compiler.hostvmaccess,jdk.graal.compiler.vmaccess,org.graalvm.nativeimage.pointsto,org.graalvm.nativeimage.builder,com.oracle.graal.reporter,org.graalvm.nativeimage.objectfile,org.graalvm.nativeimage.base,org.graalvm.nativeimage.shared,org.graalvm.espresso.shared.svm \
--module-path \
/home/mihailo/git/graal/sdk/mxbuild/linux-amd64/GRAALVM_JAVA25/graalvm-25.1.0-dev+10.1/lib/svm/builder/svm-configure.jar:/home/mihailo/git/graal/sdk/mxbuild/linux-amd64/GRAALVM_JAVA25/graalvm-25.1.0-dev+10.1/lib/svm/builder/svm-capnproto-runtime.jar:/home/mihailo/git/graal/sdk/mxbuild/linux-amd64/GRAALVM_JAVA25/graalvm-25.1.0-dev+10.1/lib/svm/builder/svm-enterprise.jar:/home/mihailo/git/graal/sdk/mxbuild/linux-amd64/GRAALVM_JAVA25/graalvm-25.1.0-dev+10.1/lib/svm/builder/native-image-base.jar:/home/mihailo/git/graal/sdk/mxbuild/linux-amd64/GRAALVM_JAVA25/graalvm-25.1.0-dev+10.1/lib/svm/builder/pointsto.jar:/home/mihailo/git/graal/sdk/mxbuild/linux-amd64/GRAALVM_JAVA25/graalvm-25.1.0-dev+10.1/lib/svm/builder/vmaccess.jar:/home/mihailo/git/graal/sdk/mxbuild/linux-amd64/GRAALVM_JAVA25/graalvm-25.1.0-dev+10.1/lib/svm/builder/objectfile.jar:/home/mihailo/git/graal/sdk/mxbuild/linux-amd64/GRAALVM_JAVA25/graalvm-25.1.0-dev+10.1/lib/svm/builder/svm-guest-staging.jar:/home/mihailo/git/graal/sdk/mxbuild/linux-amd64/GRAALVM_JAVA25/graalvm-25.1.0-dev+10.1/lib/svm/builder/espresso-svm.jar:/home/mihailo/git/graal/sdk/mxbuild/linux-amd64/GRAALVM_JAVA25/graalvm-25.1.0-dev+10.1/lib/svm/builder/svm-shared.jar:/home/mihailo/git/graal/sdk/mxbuild/linux-amd64/GRAALVM_JAVA25/graalvm-25.1.0-dev+10.1/lib/svm/builder/hostvmaccess.jar:/home/mihailo/git/graal/sdk/mxbuild/linux-amd64/GRAALVM_JAVA25/graalvm-25.1.0-dev+10.1/lib/svm/builder/svm.jar:/home/mihailo/git/graal/sdk/mxbuild/linux-amd64/GRAALVM_JAVA25/graalvm-25.1.0-dev+10.1/lib/svm/builder/vmaccess-guest.jar:/home/mihailo/git/graal/sdk/mxbuild/linux-amd64/GRAALVM_JAVA25/graalvm-25.1.0-dev+10.1/lib/svm/builder/reporter.jar:/home/mihailo/git/graal/sdk/mxbuild/linux-amd64/GRAALVM_JAVA25/graalvm-25.1.0-dev+10.1/lib/svm/builder/svm-foreign.jar \
--module \
org.graalvm.nativeimage.builder/com.oracle.svm.hosted.NativeImageGeneratorRunner \
-keepalive \
/proc/2843808/comm \
-imagecp \
/home/mihailo/git/graalvm-reachability-metadata-copy/forge/local_repositories/forge_worktrees/8927-22ccdc70/tests/src/org.apache.activemq/activemq-broker/6.0.0/build/libs/org.apache.activemq.activemq-broker_tests.jar:/tmp/metadata-forge-gradle/93a0b4f3a554b5b8/caches/modules-2/files-2.1/org.graalvm.buildtools/junit-platform-native/1.0.0/2974f834a2f0a0105f2284fba7ef16dc4d60de56/junit-platform-native-1.0.0.jar:/tmp/metadata-forge-gradle/93a0b4f3a554b5b8/caches/modules-2/files-2.1/org.junit.jupiter/junit-jupiter/5.9.2/26c586fbe0ebd81b48c9f11f0d998124248697ae/junit-jupiter-5.9.2.jar:/tmp/metadata-forge-gradle/93a0b4f3a554b5b8/caches/modules-2/files-2.1/org.junit.platform/junit-platform-reporting/1.9.2/8bea292e2a546e4c21071f6bee60917ffd9f0101/junit-platform-reporting-1.9.2.jar:/tmp/metadata-forge-gradle/93a0b4f3a554b5b8/caches/modules-2/files-2.1/org.junit.platform/junit-platform-launcher/1.9.2/38e0bfad8c57d4cd1a8f27926c25ffe9543068d6/junit-platform-launcher-1.9.2.jar:/tmp/metadata-forge-gradle/93a0b4f3a554b5b8/caches/modules-2/files-2.1/org.junit.vintage/junit-vintage-engine/5.9.2/53421816bde124a564a64ba005dcc0c8e66a9722/junit-vintage-engine-5.9.2.jar:/tmp/metadata-forge-gradle/93a0b4f3a554b5b8/caches/modules-2/files-2.1/org.junit.jupiter/junit-jupiter-params/5.9.2/bc2765afb7b85b583c710dd259a11c6b8c39e912/junit-jupiter-params-5.9.2.jar:/tmp/metadata-forge-gradle/93a0b4f3a554b5b8/caches/modules-2/files-2.1/org.junit.jupiter/junit-jupiter-engine/5.9.2/572f7a553b53f83ee59cc045ce1c3772864ab76c/junit-jupiter-engine-5.9.2.jar:/tmp/metadata-forge-gradle/93a0b4f3a554b5b8/caches/modules-2/files-2.1/org.junit.jupiter/junit-jupiter-api/5.9.2/fed843581520eac594bc36bb4b0f55e7b947dda9/junit-jupiter-api-5.9.2.jar:/tmp/metadata-forge-gradle/93a0b4f3a554b5b8/caches/modules-2/files-2.1/org.junit.platform/junit-platform-engine/1.9.2/40aeef2be7b04f96bb91e8b054affc28b7c7c935/junit-platform-engine-1.9.2.jar:/tmp/metadata-forge-gradle/93a0b4f3a554b5b8/caches/modules-2/files-2.1/org.junit.platform/junit-platform-commons/1.9.2/6f9f8621d8230cd38aa42e58ccbc0c00569131ce/junit-platform-commons-1.9.2.jar:/tmp/metadata-forge-gradle/93a0b4f3a554b5b8/caches/modules-2/files-2.1/org.junit.platform/junit-platform-console/1.9.2/5548148dd55e820c42bd817ab93c1eaa05ce37f6/junit-platform-console-1.9.2.jar:/home/mihailo/git/graalvm-reachability-metadata-copy/forge/local_repositories/forge_worktrees/8927-22ccdc70/tests/tck-test-support/build/libs/tck-test-support-1.0.0-SNAPSHOT.jar:/tmp/metadata-forge-gradle/93a0b4f3a554b5b8/caches/modules-2/files-2.1/org.apache.activemq/activemq-broker/6.0.0/9e02abbcd317f4c0b22c96d29f63da2e0f7b9806/activemq-broker-6.0.0.jar:/tmp/metadata-forge-gradle/93a0b4f3a554b5b8/caches/modules-2/files-2.1/org.assertj/assertj-core/3.22.0/c300c0c6a24559f35fa0bd3a5472dc1edcd0111e/assertj-core-3.22.0.jar:/tmp/metadata-forge-gradle/93a0b4f3a554b5b8/caches/modules-2/files-2.1/org.apache.activemq/activemq-openwire-legacy/6.0.0/817a51aaaef75076d39aae18e5fff6f63f1e3c3b/activemq-openwire-legacy-6.0.0.jar:/tmp/metadata-forge-gradle/93a0b4f3a554b5b8/caches/modules-2/files-2.1/org.apache.activemq/activemq-client/6.0.0/b4196c428e00601d9dd8a4c347a7117618a805eb/activemq-client-6.0.0.jar:/home/mihailo/.m2/repository/jakarta/annotation/jakarta.annotation-api/2.1.1/jakarta.annotation-api-2.1.1.jar:/tmp/metadata-forge-gradle/93a0b4f3a554b5b8/caches/modules-2/files-2.1/com.fasterxml.jackson.core/jackson-annotations/2.15.3/79baf4e605eb3bbb60b1c475d44a7aecceea1d60/jackson-annotations-2.15.3.jar:/tmp/metadata-forge-gradle/93a0b4f3a554b5b8/caches/modules-2/files-2.1/com.fasterxml.jackson.core/jackson-core/2.15.3/60d600567c1862840397bf9ff5a92398edc5797b/jackson-core-2.15.3.jar:/tmp/metadata-forge-gradle/93a0b4f3a554b5b8/caches/modules-2/files-2.1/com.fasterxml.jackson.core/jackson-databind/2.15.3/a734bc2c47a9453c4efa772461a3aeb273c010d9/jackson-databind-2.15.3.jar:/tmp/metadata-forge-gradle/93a0b4f3a554b5b8/caches/modules-2/files-2.1/junit/junit/4.13.2/8ac9e16d933b6fb43bc7f576336b8f4d7eb5ba12/junit-4.13.2.jar:/tmp/metadata-forge-gradle/93a0b4f3a554b5b8/caches/modules-2/files-2.1/org.slf4j/slf4j-api/2.0.9/7cf2726fdcfbc8610f9a71fb3ed639871f315340/slf4j-api-2.0.9.jar:/tmp/metadata-forge-gradle/93a0b4f3a554b5b8/caches/modules-2/files-2.1/jakarta.jms/jakarta.jms-api/3.1.0/e194cf91a3f908e4846542849ac11a8e0b3c68ad/jakarta.jms-api-3.1.0.jar:/tmp/metadata-forge-gradle/93a0b4f3a554b5b8/caches/modules-2/files-2.1/org.fusesource.hawtbuf/hawtbuf/1.11/8f0e50ad8bea37b84b698ec40cce09e47714a63e/hawtbuf-1.11.jar:/tmp/metadata-forge-gradle/93a0b4f3a554b5b8/caches/modules-2/files-2.1/org.opentest4j/opentest4j/1.2.0/28c11eb91f9b6d8e200631d46e20a7f407f2a046/opentest4j-1.2.0.jar:/tmp/metadata-forge-gradle/93a0b4f3a554b5b8/caches/modules-2/files-2.1/org.hamcrest/hamcrest-core/1.3/42a25dc3219429f0e5d060061f71acb49bf010a0/hamcrest-core-1.3.jar:/home/mihailo/git/graalvm-reachability-metadata-copy/forge/local_repositories/forge_worktrees/8927-22ccdc70/tests/src/org.apache.activemq/activemq-broker/6.0.0/build/classes/java/test:/home/mihailo/git/graalvm-reachability-metadata-copy/forge/local_repositories/forge_worktrees/8927-22ccdc70/tests/src/org.apache.activemq/activemq-broker/6.0.0/build/resources/test:/home/mihailo/git/graalvm-reachability-metadata-copy/forge/local_repositories/forge_worktrees/8927-22ccdc70/tests/src/org.apache.activemq/activemq-broker/6.0.0/build/test-results/test/testlist \
-imagemp \
/home/mihailo/git/graal/sdk/mxbuild/linux-amd64/GRAALVM_JAVA25/graalvm-25.1.0-dev+10.1/lib/svm/library-support.jar:/home/mihailo/git/graal/sdk/mxbuild/linux-amd64/GRAALVM_JAVA25/graalvm-25.1.0-dev+10.1/lib/svm/svm-guest.jar \
-H:CLibraryPath=/home/mihailo/git/graal/sdk/mxbuild/linux-amd64/GRAALVM_JAVA25/graalvm-25.1.0-dev+10.1/lib/svm/clibraries/linux-amd64/glibc,/home/mihailo/git/graal/sdk/mxbuild/linux-amd64/GRAALVM_JAVA25/graalvm-25.1.0-dev+10.1/lib/svm/clibraries/linux-amd64,/home/mihailo/git/graal/sdk/mxbuild/linux-amd64/GRAALVM_JAVA25/graalvm-25.1.0-dev+10.1/lib/svm/clibraries \
-H:Path@driver=/home/mihailo/git/graalvm-reachability-metadata-copy/forge/local_repositories/forge_worktrees/8927-22ccdc70/tests/src/org.apache.activemq/activemq-broker/6.0.0/build/native/nativeTestCompile \
-H:FallbackThreshold@user+api=0 \
-H:Name@user+api=org.apache.activemq.activemq-broker_tests-tests \
-H:ConfigurationFileDirectories@user=/home/mihailo/git/graalvm-reachability-metadata-copy/forge/local_repositories/forge_worktrees/8927-22ccdc70/tests/src/org.apache.activemq/activemq-broker/6.0.0/build/native/generated/generateTestResourcesConfigFile,/home/mihailo/git/graalvm-reachability-metadata-copy/forge/local_repositories/forge_worktrees/8927-22ccdc70/metadata/org.junit.jupiter/junit-jupiter-api/5.8.2,/home/mihailo/git/graalvm-reachability-metadata-copy/forge/local_repositories/forge_worktrees/8927-22ccdc70/metadata/org.opentest4j/opentest4j/1.2.0,/home/mihailo/git/graalvm-reachability-metadata-copy/forge/local_repositories/forge_worktrees/8927-22ccdc70/metadata/org.junit.platform/junit-platform-commons/1.8.2,/home/mihailo/git/graalvm-reachability-metadata-copy/forge/local_repositories/forge_worktrees/8927-22ccdc70/metadata/org.junit.jupiter/junit-jupiter-params/5.9.2,/home/mihailo/git/graalvm-reachability-metadata-copy/forge/local_repositories/forge_worktrees/8927-22ccdc70/metadata/org.junit.jupiter/junit-jupiter-engine/5.8.2,/home/mihailo/git/graalvm-reachability-metadata-copy/forge/local_repositories/forge_worktrees/8927-22ccdc70/metadata/org.junit.platform/junit-platform-engine/1.11.1,/home/mihailo/git/graalvm-reachability-metadata-copy/forge/local_repositories/forge_worktrees/8927-22ccdc70/metadata/org.junit.platform/junit-platform-launcher/1.9.2,/home/mihailo/git/graalvm-reachability-metadata-copy/forge/local_repositories/forge_worktrees/8927-22ccdc70/metadata/org.junit.platform/junit-platform-reporting/1.9.2,/home/mihailo/git/graalvm-reachability-metadata-copy/forge/local_repositories/forge_worktrees/8927-22ccdc70/metadata/org.junit.vintage/junit-vintage-engine/5.9.1,/home/mihailo/git/graalvm-reachability-metadata-copy/forge/local_repositories/forge_worktrees/8927-22ccdc70/metadata/junit/junit/4.13.2,/home/mihailo/git/graalvm-reachability-metadata-copy/forge/local_repositories/forge_worktrees/8927-22ccdc70/metadata/org.hamcrest/hamcrest-core/1.3,/home/mihailo/git/graalvm-reachability-metadata-copy/forge/local_repositories/forge_worktrees/8927-22ccdc70/metadata/org.apache.activemq/activemq-broker/6.0.0,/home/mihailo/git/graalvm-reachability-metadata-copy/forge/local_repositories/forge_worktrees/8927-22ccdc70/metadata/org.apache.activemq/activemq-client/6.0.0,/home/mihailo/git/graalvm-reachability-metadata-copy/forge/local_repositories/forge_worktrees/8927-22ccdc70/metadata/org.slf4j/slf4j-api/1.7.36,/home/mihailo/git/graalvm-reachability-metadata-copy/forge/local_repositories/forge_worktrees/8927-22ccdc70/metadata/jakarta.jms/jakarta.jms-api/3.0.0,/home/mihailo/git/graalvm-reachability-metadata-copy/forge/local_repositories/forge_worktrees/8927-22ccdc70/metadata/org.fusesource.hawtbuf/hawtbuf/1.11,/home/mihailo/git/graalvm-reachability-metadata-copy/forge/local_repositories/forge_worktrees/8927-22ccdc70/metadata/org.apache.activemq/activemq-openwire-legacy/5.18.1,/home/mihailo/git/graalvm-reachability-metadata-copy/forge/local_repositories/forge_worktrees/8927-22ccdc70/metadata/jakarta.annotation/jakarta.annotation-api/2.1.0,/home/mihailo/git/graalvm-reachability-metadata-copy/forge/local_repositories/forge_worktrees/8927-22ccdc70/metadata/com.fasterxml.jackson.core/jackson-databind/2.15.2,/home/mihailo/git/graalvm-reachability-metadata-copy/forge/local_repositories/forge_worktrees/8927-22ccdc70/metadata/com.fasterxml.jackson.core/jackson-annotations/2.3.0,/home/mihailo/git/graalvm-reachability-metadata-copy/forge/local_repositories/forge_worktrees/8927-22ccdc70/metadata/com.fasterxml.jackson.core/jackson-core/2.6.0 \
-H:Optimize@user+api=b \
-H:+ReportExceptionStackTraces@user \
-H:TrackDynamicAccess@user=path=/tmp/metadata-forge-gradle/93a0b4f3a554b5b8/caches/modules-2/files-2.1/org.apache.activemq/activemq-broker/6.0.0/9e02abbcd317f4c0b22c96d29f63da2e0f7b9806/activemq-broker-6.0.0.jar \
-H:Preserve@user=path=/tmp/metadata-forge-gradle/93a0b4f3a554b5b8/caches/modules-2/files-2.1/org.apache.activemq/activemq-broker/6.0.0/9e02abbcd317f4c0b22c96d29f63da2e0f7b9806/activemq-broker-6.0.0.jar \
-H:Features@user+api=org.graalvm.junit.platform.JUnitPlatformFeature \
'-H:Class@explicit main-class=org.graalvm.junit.platform.NativeImageJUnitLauncher' \
-H:ImageBuildID@driver=246e2337-15e1-2604-b79e-cc2e7eb0232b \
'-H:AddExports@jar:file:///home/mihailo/git/graal/sdk/mxbuild/linux-amd64/GRAALVM_JAVA25/graalvm-25.1.0-dev+10.1/lib/svm/svm-guest.jar!/META-INF/native-image/org.graalvm.nativeimage.guest/native-image.properties+api=java.base/jdk.internal.misc=org.graalvm.nativeimage.guest' \
'-H:Features@jar:file:///home/mihailo/git/graal/sdk/mxbuild/linux-amd64/GRAALVM_JAVA25/graalvm-25.1.0-dev+10.1/lib/svm/svm-guest.jar!/META-INF/native-image/org.graalvm.nativeimage.guest/native-image.properties+api=com.oracle.svm.guest.features.jdk.hosted.JavaNetHttpFeature' \
'-H:ClassInitialization@jar:file:///home/mihailo/git/graal/sdk/mxbuild/linux-amd64/GRAALVM_JAVA25/graalvm-25.1.0-dev+10.1/lib/svm/svm-guest.jar!/META-INF/native-image/org.graalvm.nativeimage.guest/native-image.properties+api=sun.net.httpserver.simpleserver:run_time' \
'-H:ReachabilityMetadataResources@jar:file:///home/mihailo/git/graal/sdk/mxbuild/linux-amd64/GRAALVM_JAVA25/graalvm-25.1.0-dev+10.1/lib/svm/svm-guest.jar!/META-INF/native-image/org.graalvm.nativeimage.guest/reachability-metadata.json+api=META-INF/native-image/org.graalvm.nativeimage.guest/reachability-metadata.json' \
'-H:Features@jar:file:///home/mihailo/git/graal/sdk/mxbuild/linux-amd64/GRAALVM_JAVA25/graalvm-25.1.0-dev+10.1/lib/svm/library-support.jar!/META-INF/native-image/com.oracle.svm/polyglot/native-image.properties+api=com.oracle.svm.polyglot.groovy.GroovyIndyInterfaceFeature' \
'-H:Features@jar:file:///home/mihailo/git/graal/sdk/mxbuild/linux-amd64/GRAALVM_JAVA25/graalvm-25.1.0-dev+10.1/lib/svm/library-support.jar!/META-INF/native-image/com.oracle.svm/thirdparty/native-image.properties+api=com.oracle.svm.thirdparty.gson.GsonFeature' \
-H:DriverWarningsCount=5
]
Warning: Option 'FallbackThreshold' is deprecated and might be removed in a future release: It no longer has any effect, and no replacement is available. Please refer to the GraalVM release notes.
========================================================================================================================
GraalVM Native Image: Generating 'org.apache.activemq.activemq-broker_tests-tests' (executable)...
========================================================================================================================
For detailed information and explanations on the build output, visit:
https://github.com/oracle/graal/blob/master/docs/reference-manual/native-image/BuildOutput.md
------------------------------------------------------------------------------------------------------------------------
[1/8] Initializing...                                                                                   (6.2s @ 0.20GiB)
 Builder configuration:
 - Java version: 25.0.2+10-LTS, vendor version: Oracle GraalVM 25.1.0-dev+10.1
 - Graal compiler: optimization level: b, target machine: x86-64-v3, PGO: off
 - C compiler: gcc (linux, x86_64, 13.3.0)
 - Assertions: disabled, system assertions: disabled
 - 1 user-specific feature(s):
   - org.graalvm.junit.platform.JUnitPlatformFeature
 Image configuration:
 - Garbage collector: Serial GC (max heap size: 80% of RAM)
 - Assertions: disabled (class-specific config may apply), system assertions: disabled
------------------------------------------------------------------------------------------------------------------------
 2 experimental option(s) unlocked:
 - '-H:Preserve' (origin(s): command line)
 - '-H:TrackDynamicAccess' (origin(s): command line)
------------------------------------------------------------------------------------------------------------------------
Build resources:
 - 30.00GiB of memory (48.2% of system memory, capped at 30GiB)
 - 16 thread(s) (100.0% of 16 available processor(s), determined at start)
[junit-platform-native] Running in 'test listener' mode using files matching pattern [junit-platform-unique-ids*] found in folder [/home/mihailo/git/graalvm-reachability-metadata-copy/forge/local_repositories/forge_worktrees/8927-22ccdc70/tests/src/org.apache.activemq/activemq-broker/6.0.0/build/test-results/test/testlist] and its subfolders.
[2/8] Performing analysis...  [******]                                                                 (26.3s @ 1.49GiB)
   15,806 types,  19,719 fields, and  80,165 methods found reachable
    2,682 types,   2,453 fields, and   9,560 methods registered for reflection
      714 types,   2,294 fields, and   7,095 methods registered for JNI access
      230 resource accesses registered with 450.16KiB total size
        4 native libraries: dl, pthread, rt, z
[3/8] Building universe...                                                                              (5.2s @ 1.57GiB)
[4/8] Parsing methods...      [**]                                                                      (3.3s @ 1.74GiB)
[5/8] Inlining methods...     [***]                                                                     (1.2s @ 1.86GiB)
[6/8] Compiling methods...    [****]                                                                   (15.2s @ 1.27GiB)
[7/8] Laying out methods...   [***]                                                                     (6.6s @ 1.70GiB)
[8/8] Creating image...       [***]                                                                     (5.2s @ 2.02GiB)
  22.47MiB (36.93%) for code area:    55,014 compilation units
  29.00MiB (47.67%) for image heap:  438,978 objects and 100 resources
   9.37MiB (15.40%) for other data
  60.83MiB in total image size, 56.31MiB in total file size
------------------------------------------------------------------------------------------------------------------------
Top 10 origins of code area:                                Top 10 object types in image heap:
   2.05MiB o.g.n.runtime/com.oracle.svm.core.code              7.07MiB byte[] for code metadata
 970.90KiB java.base/sun.security.ssl                          4.92MiB byte[] for string data
 900.02KiB java.base/java.util                                 2.66MiB java.base/java.lang.String
 460.28KiB java.base/com.sun.crypto.provider                   2.06MiB java.base/java.lang.Class
 452.74KiB org.apache.activemq.broker.region                   1.69MiB o.g.n.runtime/c.o.s.core.hub.DynamicHubCompanion
 408.36KiB java.base/jdk.internal.classfile.impl               1.40MiB byte[] for reflection metadata
 401.75KiB java.base/java.lang                                 1.12MiB byte[] for general heap data
 360.51KiB java.base/java.util.concurrent                    720.59KiB o.g.n.runtime/c.o.s.c.j.a.JNIAccessibleMethod
 353.02KiB org.apache.activemq.broker                        613.75KiB o.g.n.runtime/c.o.s.c.h.ImageReflectionMetadata
 346.60KiB java.base/java.lang.invoke                        569.21KiB java.base/java.lang.Object[]
  15.87MiB for 506 more packages                               6.21MiB for 3776 more object types
                            Use '--emit build-report' to create a report with more details.
------------------------------------------------------------------------------------------------------------------------
Security report:
 - Binary includes Java deserialization.
 - CycloneDX SBOM with 28 component(s) is embedded in binary (1.46KiB). 1 type(s) could not be associated to a component.
 - Advanced obfuscation not enabled; enable with '-H:AdvancedObfuscation=""' (experimental support).
------------------------------------------------------------------------------------------------------------------------
Recommendations:
 G1GC: Use the G1 GC ('--gc=G1') for improved latency and throughput.
 PGO:  Use Profile-Guided Optimizations ('--pgo') for improved throughput.
 FUTR: Use '--future-defaults=all' to prepare for future releases.
 AWT:  Use the tracing agent to collect metadata for AWT.
 HEAP: Set max heap for improved and more predictable memory usage.
------------------------------------------------------------------------------------------------------------------------
                       5.9s (8.0% of total time) in 471 GCs | Peak RSS: 3.14GiB | CPU load: 10.63
------------------------------------------------------------------------------------------------------------------------
Build artifacts:
 /home/mihailo/git/graalvm-reachability-metadata-copy/forge/local_repositories/forge_worktrees/8927-22ccdc70/tests/src/org.apache.activemq/activemq-broker/6.0.0/build/native/nativeTestCompile/dynamic-access/activemq-broker-6.0.0/reflection-calls.json (build_info, 7.91KiB)
 /home/mihailo/git/graalvm-reachability-metadata-copy/forge/local_repositories/forge_worktrees/8927-22ccdc70/tests/src/org.apache.activemq/activemq-broker/6.0.0/build/native/nativeTestCompile/dynamic-access/activemq-broker-6.0.0/resource-calls.json (build_info, 885B)
 /home/mihailo/git/graalvm-reachability-metadata-copy/forge/local_repositories/forge_worktrees/8927-22ccdc70/tests/src/org.apache.activemq/activemq-broker/6.0.0/build/native/nativeTestCompile/libawt.so (jdk_library, 902.46KiB)
 /home/mihailo/git/graalvm-reachability-metadata-copy/forge/local_repositories/forge_worktrees/8927-22ccdc70/tests/src/org.apache.activemq/activemq-broker/6.0.0/build/native/nativeTestCompile/libawt_headless.so (jdk_library, 41.65KiB)
 /home/mihailo/git/graalvm-reachability-metadata-copy/forge/local_repositories/forge_worktrees/8927-22ccdc70/tests/src/org.apache.activemq/activemq-broker/6.0.0/build/native/nativeTestCompile/libawt_xawt.so (jdk_library, 508.08KiB)
 /home/mihailo/git/graalvm-reachability-metadata-copy/forge/local_repositories/forge_worktrees/8927-22ccdc70/tests/src/org.apache.activemq/activemq-broker/6.0.0/build/native/nativeTestCompile/libjava.so (jdk_library_shim, 9.02KiB)
 /home/mihailo/git/graalvm-reachability-metadata-copy/forge/local_repositories/forge_worktrees/8927-22ccdc70/tests/src/org.apache.activemq/activemq-broker/6.0.0/build/native/nativeTestCompile/libjvm.so (jdk_library_shim, 9.02KiB)
 /home/mihailo/git/graalvm-reachability-metadata-copy/forge/local_repositories/forge_worktrees/8927-22ccdc70/tests/src/org.apache.activemq/activemq-broker/6.0.0/build/native/nativeTestCompile/libmanagement_ext.so (jdk_library, 32.23KiB)
 /home/mihailo/git/graalvm-reachability-metadata-copy/forge/local_repositories/forge_worktrees/8927-22ccdc70/tests/src/org.apache.activemq/activemq-broker/6.0.0/build/native/nativeTestCompile/org.apache.activemq.activemq-broker_tests-tests (executable, 56.31MiB)
========================================================================================================================
Finished generating 'org.apache.activemq.activemq-broker_tests-tests' in 1m 12s.

The build process encountered 6 warnings.

[native-image-plugin] Native Image written to: /home/mihailo/git/graalvm-reachability-metadata-copy/forge/local_repositories/forge_worktrees/8927-22ccdc70/tests/src/org.apache.activemq/activemq-broker/6.0.0/build/native/nativeTestCompile

> Task :generateDynamicAccessReport

[Incubating] Problems report is available at: file:///home/mihailo/git/graalvm-reachability-metadata-copy/forge/local_repositories/forge_worktrees/8927-22ccdc70/tests/src/org.apache.activemq/activemq-broker/6.0.0/build/reports/problems/problems-report.html

Deprecated Gradle features were used in this build, making it incompatible with Gradle 10.

You can use '--warning-mode all' to show the individual deprecation warnings and determine if they come from your own scripts or plugins.

For more on this, please refer to https://docs.gradle.org/9.1.0/userguide/command_line_interface.html#sec:command_line_warnings in the Gradle documentation.

BUILD SUCCESSFUL in 1m 16s
17 actionable tasks: 4 executed, 13 up-to-date
Consider enabling configuration cache to speed up this build: https://docs.gradle.org/9.1.0/userguide/configuration_cache_enabling.html
/home/mihailo/git/graalvm-reachability-metadata-copy/forge/local_repositories/forge_worktrees/8927-22ccdc70/tests/src/org.apache.activemq/activemq-broker/6.0.0/build/native/nativeTestCompile/dynamic-access/activemq-broker-6.0.0/reflection-calls.json
/home/mihailo/git/graalvm-reachability-metadata-copy/forge/local_repositories/forge_worktrees/8927-22ccdc70/tests/src/org.apache.activemq/activemq-broker/6.0.0/build/native/nativeTestCompile/dynamic-access/activemq-broker-6.0.0/resource-calls.json

[Incubating] Problems report is available at: file:///home/mihailo/git/graalvm-reachability-metadata-copy/forge/local_repositories/forge_worktrees/8927-22ccdc70/build/reports/problems/problems-report.html

Deprecated Gradle features were used in this build, making it incompatible with Gradle 10.

You can use '--warning-mode all' to show the individual deprecation warnings and determine if they come from your own scripts or plugins.

For more on this, please refer to https://docs.gradle.org/9.1.0/userguide/command_line_interface.html#sec:command_line_warnings in the Gradle documentation.

BUILD SUCCESSFUL in 1m 17s
9 actionable tasks: 1 executed, 8 up-to-date
Wrote dynamic-access coverage report for org.apache.activemq:activemq-broker:6.0.0 to /home/mihailo/git/graalvm-reachability-metadata-copy/forge/local_repositories/forge_worktrees/8927-22ccdc70/tests/src/org.apache.activemq/activemq-broker/6.0.0/build/reports/dynamic-access/dynamic-access-coverage.json.

[Incubating] Problems report is available at: file:///home/mihailo/git/graalvm-reachability-metadata-copy/forge/local_repositories/forge_worktrees/8927-22ccdc70/build/reports/problems/problems-report.html

Deprecated Gradle features were used in this build, making it incompatible with Gradle 10.

You can use '--warning-mode all' to show the individual deprecation warnings and determine if they come from your own scripts or plugins.

For more on this, please refer to https://docs.gradle.org/9.1.0/userguide/command_line_interface.html#sec:command_line_warnings in the Gradle documentation.

BUILD SUCCESSFUL in 1m 51s
9 actionable tasks: 4 executed, 5 from cache
