> Task :tck-build-logic:extractPluginRequests UP-TO-DATE
> Task :tck-build-logic:generatePluginAdapters UP-TO-DATE
> Task :tck-build-logic:compileJava UP-TO-DATE
> Task :tck-build-logic:compileGroovy UP-TO-DATE
> Task :tck-build-logic:compileGroovyPlugins UP-TO-DATE
> Task :tck-build-logic:pluginDescriptors UP-TO-DATE
> Task :tck-build-logic:processResources UP-TO-DATE
> Task :tck-build-logic:classes UP-TO-DATE
> Task :tck-build-logic:jar UP-TO-DATE

> Configure project :
GraalVM Reachability Metadata TCK
---------------------------------

> Task :populateArtifactURLs
I made no changes to `metadata/com.github.stefanbirkner/system-lambda/index.json`. The entry for `1.2.1` already has non-blank values for every field I'm allowed to fill, so I left them as they are.

I rendered the three versioned URLs with `1.2.1` and checked each one. All three returned HTTP 200:
- **`source-code-url`:** the `system-lambda-1.2.1-sources.jar` on Maven Central.
- **`test-code-url`:** `src/test` at the `system-lambda-1.2.1` tag on GitHub.
- **`documentation-url`:** `README.md` at the `system-lambda-1.2.1` tag on GitHub.

`repository-url` is the plain repository root, and `description` is already two sentences.

I left `language` absent because system-lambda is a plain Java library, not a Kotlin, Groovy or Scala one.
Ran agent for com.github.stefanbirkner:system-lambda:1.2.1 (exit 0). Log: /home/oracle/oracle/metadata2/graalvm-reachability-metadata/forge/local_repositories/forge_worktrees/10251-7f987137/build/agent-url-discovery-logs/com.github.stefanbirkner-system-lambda-1.2.1.log
Completed populateArtifactURLs: invoked=1, prompted=0, skipped=0, overwriteExisting=false, verifyArtifactSources=false, limit=null

[Incubating] Problems report is available at: file:///home/oracle/oracle/metadata2/graalvm-reachability-metadata/forge/local_repositories/forge_worktrees/10251-7f987137/build/reports/problems/problems-report.html

Deprecated Gradle features were used in this build, making it incompatible with Gradle 10.

You can use '--warning-mode all' to show the individual deprecation warnings and determine if they come from your own scripts or plugins.

For more on this, please refer to https://docs.gradle.org/9.1.0/userguide/command_line_interface.html#sec:command_line_warnings in the Gradle documentation.

BUILD SUCCESSFUL in 24s
9 actionable tasks: 1 executed, 8 up-to-date
