================================================================================
Timestamp: 2026-09-02T21:25:19.307934+00:00
Session: unknown
Persistent instructions: not configured
Prompt:
  Read-only analysis task. Do not modify files, create commits, run fix commands, or open a PR.
  
  Project issue details:
  - Issue number: 8927
  - Library: org.apache.activemq:activemq-broker:6.0.0
  - Pipeline label: library-update-request
  - Workflow status: failure
  - Human-intervention reason: test_generation_failed
  - Dynamic-access coverage: 36/80 (45.00%) from report
  
  Preserved work:
  - Preserved work branch: https://github.com/oracle/graalvm-reachability-metadata/tree/ai%2Fkimeta%2Fhuman-intervention%2Fissue-8927-library-update-request-org.apache.activemq-activemq-broker-6.0.0-034add44
  - Branch name: `ai/kimeta/human-intervention/issue-8927-library-update-request-org.apache.activemq-activemq-broker-6.0.0-034add44`
  - Preservation commit created: True
  
  Run metrics summary:
  - Metrics: unavailable
  
  Relevant log paths:
  - logs/org.apache.activemq:activemq-broker:6.0.0/native-test-verify/pi.log
  - logs/org.apache.activemq:activemq-broker:6.0.0/native-test-verify/pi-generation-2026-09-02T20-44-09-269714Z.log
  - logs/org.apache.activemq:activemq-broker:6.0.0/native-test-verify/cycle-39-runNativeTraceImage-2026-09-02T20-42-56-814517Z.log
  - logs/org.apache.activemq:activemq-broker:6.0.0/native-test-verify/cycle-38-runNativeTraceImage-2026-09-02T20-41-42-850393Z.log
  - logs/org.apache.activemq:activemq-broker:6.0.0/native-test-verify/cycle-37-runNativeTraceImage-2026-09-02T20-39-58-635318Z.log
  - logs/org.apache.activemq:activemq-broker:6.0.0/native-test-verify/cycle-36-runNativeTraceImage-2026-09-02T20-38-14-683472Z.log
  - logs/org.apache.activemq:activemq-broker:6.0.0/native-test-verify/cycle-35-runNativeTraceImage-2026-09-02T20-36-58-035064Z.log
  - logs/org.apache.activemq:activemq-broker:6.0.0/native-test-verify/cycle-34-runNativeTraceImage-2026-09-02T20-35-48-753796Z.log
  
  Generated project paths to inspect if present:
  - Current reachability-metadata worktree
  - Scratch metrics repository for this run
  
  Task:
  Inspect the available logs, generated tests, Gradle output, and metrics. Write the exact GitHub issue comment that should be posted for human follow-up.
  
  Comment requirements:
  - Start with the heading `Human intervention needed`.
  - State that the automated job failed.
  - Include the preserved work branch URL when it is available.
  - Explain the most likely failing stage and the concrete evidence from logs or metrics.
  - Mention specific log paths that a maintainer should inspect.
  - End with 2 or 3 specific manual next steps.
  - Keep the comment concise but detailed enough to act on.
  - Do not use code fences.
  - Do not mention being an AI.
Error:
  Pi RPC exited before completing `prompt` (exit code 1).
  Warning: (startup session lookup, global settings) ENOSPC: no space left on device, mkdir '/home/mihailo/.pi/agent/settings.json.lock'
  node:fs:1370
    const result = binding.mkdir(
                           ^
  
  Error: ENOSPC: no space left on device, mkdir '/home/mihailo/.pi/agent/trust.json.lock'
      at Object.mkdirSync (node:fs:1370:26)
      at newFs.<computed> [as mkdir] (/home/mihailo/git/pi-mono/node_modules/proper-lockfile/lib/adapter.js:15:42)
      at acquireLock (/home/mihailo/git/pi-mono/node_modules/proper-lockfile/lib/lockfile.js:29:16)
      at RetryOperation._fn (/home/mihailo/git/pi-mono/node_modules/proper-lockfile/lib/lockfile.js:233:13)
      at RetryOperation.attempt (/home/mihailo/git/pi-mono/node_modules/proper-lockfile/node_modules/retry/lib/retry_operation.js:112:8)
      at /home/mihailo/git/pi-mono/node_modules/proper-lockfile/lib/lockfile.js:232:19
      at resolveCanonicalPath (/home/mihailo/git/pi-mono/node_modules/proper-lockfile/lib/lockfile.js:17:16)
      at lock (/home/mihailo/git/pi-mono/node_modules/proper-lockfile/lib/lockfile.js:224:5)
      at /home/mihailo/git/pi-mono/node_modules/proper-lockfile/lib/adapter.js:53:9
      at AsyncFunction.lockSync (/home/mihailo/git/pi-mono/node_modules/proper-lockfile/index.js:13:42) {
    errno: -28,
    code: 'ENOSPC',
    syscall: 'mkdir',
    path: '/home/mihailo/.pi/agent/trust.json.lock'
  }
  
  Node.js v22.23.2
Event Trace:
[send] prompt
  Read-only analysis task. Do not modify files, create commits, run fix commands, or open a PR.
  
  Project issue details:
  - Issue number: 8927
  - Library: org.apache.activemq:activemq-broker:6.0.0
  - Pipeline label: library-update-request
  - Workflow status: failure
  - Human-intervention reason: test_generation_failed
  - Dynamic-access coverage: 36/80 (45.00%) from report
  
  Preserved work:
  - Preserved work branch: https://github.com/oracle/graalvm-reachability-metadata/tree/ai%2Fkimeta%2Fhuman-intervention%2Fissue-8927-library-update-request-org.apache.activemq-activemq-broker-6.0.0-034add44
  - Branch name: `ai/kimeta/human-intervention/issue-8927-library-update-request-org.apache.activemq-activemq-broker-6.0.0-034add44`
  - Preservation commit created: True
  
  Run metrics summary:
  - Metrics: unavailable
  
  Relevant log paths:
  - logs/org.apache.activemq:activemq-broker:6.0.0/native-test-verify/pi.log
  - logs/org.apache.activemq:activemq-broker:6.0.0/native-test-verify/pi-generation-2026-09-02T20-44-09-269714Z.log
  - logs/org.apache.activemq:activemq-broker:6.0.0/native-test-verify/cycle-39-runNativeTraceImage-2026-09-02T20-42-56-814517Z.log
  - logs/org.apache.activemq:activemq-broker:6.0.0/native-test-verify/cycle-38-runNativeTraceImage-2026-09-02T20-41-42-850393Z.log
  - logs/org.apache.activemq:activemq-broker:6.0.0/native-test-verify/cycle-37-runNativeTraceImage-2026-09-02T20-39-58-635318Z.log
  - logs/org.apache.activemq:activemq-broker:6.0.0/native-test-verify/cycle-36-runNativeTraceImage-2026-09-02T20-38-14-683472Z.log
  - logs/org.apache.activemq:activemq-broker:6.0.0/native-test-verify/cycle-35-runNativeTraceImage-2026-09-02T20-36-58-035064Z.log
  - logs/org.apache.activemq:activemq-broker:6.0.0/native-test-verify/cycle-34-runNativeTraceImage-2026-09-02T20-35-48-753796Z.log
  
  Generated project paths to inspect if present:
  - Current reachability-metadata worktree
  - Scratch metrics repository for this run
  
  Task:
  Inspect the available logs, generated tests, Gradle output, and metrics. Write the exact GitHub issue comment that should be posted for human follow-up.
  
  Comment requirements:
  - Start with the heading `Human intervention needed`.
  - State that the automated job failed.
  - Include the preserved work branch URL when it is available.
  - Explain the most likely failing stage and the concrete evidence from logs or metrics.
  - Mention specific log paths that a maintainer should inspect.
  - End with 2 or 3 specific manual next steps.
  - Keep the comment concise but detailed enough to act on.
  - Do not use code fences.
  - Do not mention being an AI.

