> Task :tck-build-logic:extractPluginRequests UP-TO-DATE
> Task :tck-build-logic:generatePluginAdapters UP-TO-DATE
> Task :tck-build-logic:compileJava UP-TO-DATE
> Task :tck-build-logic:compileGroovy UP-TO-DATE
> Task :tck-build-logic:compileGroovyPlugins UP-TO-DATE
> Task :tck-build-logic:pluginDescriptors UP-TO-DATE
> Task :tck-build-logic:processResources UP-TO-DATE
> Task :tck-build-logic:classes UP-TO-DATE
> Task :tck-build-logic:jar UP-TO-DATE

> Configure project :
GraalVM Reachability Metadata TCK
---------------------------------

> Task :populateArtifactURLs
I couldn't update `index.json`. The Edit tool was denied because the session is in don't-ask mode, and I didn't try another way to write the file. The `metadata-version: "5.3"` entry is unchanged and still lacks the new fields.

I checked that the sources, tests and javadoc jars for 5.3 return HTTP 200 on Maven Central. The GitHub tag `rel/v5.3` also exists.

These are the fields I meant to add to the `5.3` entry, after `test-version`:

```json
"source-code-url" : "https://repo.maven.apache.org/maven2/org/apache/httpcomponents/client5/httpclient5/$version$/httpclient5-$version$-sources.jar",
"repository-url" : "https://github.com/apache/httpcomponents-client",
"test-code-url" : "https://repo.maven.apache.org/maven2/org/apache/httpcomponents/client5/httpclient5/$version$/httpclient5-$version$-tests.jar",
"documentation-url" : "https://repo.maven.apache.org/maven2/org/apache/httpcomponents/client5/httpclient5/$version$/httpclient5-$version$-javadoc.jar",
"description" : "Apache HttpClient 5 is a client-side HTTP library for building applications that send requests and consume HTTP services. It provides synchronous and asynchronous clients, connection management, authentication, state management, and support for HTTP/1.1 and HTTP/2.",
```

The library is plain Java, so I would leave `language` out.

If you allow Edit, or tell me another way you want the file written, I'll apply this.
Ran agent for org.apache.httpcomponents.client5:httpclient5:5.3 (exit 0). Log: /home/oracle/oracle/graalvm-reachability-metadata/forge/local_repositories/forge_worktrees/9366-196ed13d/build/agent-url-discovery-logs/org.apache.httpcomponents.client5-httpclient5-5.3.log
Completed populateArtifactURLs: invoked=1, prompted=0, skipped=0, overwriteExisting=false, verifyArtifactSources=false, limit=null

[Incubating] Problems report is available at: file:///home/oracle/oracle/graalvm-reachability-metadata/forge/local_repositories/forge_worktrees/9366-196ed13d/build/reports/problems/problems-report.html

Deprecated Gradle features were used in this build, making it incompatible with Gradle 10.

You can use '--warning-mode all' to show the individual deprecation warnings and determine if they come from your own scripts or plugins.

For more on this, please refer to https://docs.gradle.org/9.1.0/userguide/command_line_interface.html#sec:command_line_warnings in the Gradle documentation.

BUILD SUCCESSFUL in 19s
9 actionable tasks: 1 executed, 8 up-to-date
