Command: ./gradlew generateDynamicAccessCoverageReport -Pcoordinates=io.projectreactor.netty:reactor-netty-http:1.3.0
Working directory: /home/oracle/oracle/graalvm-reachability-metadata/forge/local_repositories/forge_worktrees/9352-844bc6f6

--- output ---
> Task :tck-build-logic:extractPluginRequests UP-TO-DATE
> Task :tck-build-logic:generatePluginAdapters UP-TO-DATE
> Task :tck-build-logic:compileJava UP-TO-DATE
> Task :tck-build-logic:compileGroovy UP-TO-DATE
> Task :tck-build-logic:compileGroovyPlugins UP-TO-DATE
> Task :tck-build-logic:pluginDescriptors UP-TO-DATE
> Task :tck-build-logic:processResources UP-TO-DATE
> Task :tck-build-logic:classes UP-TO-DATE
> Task :tck-build-logic:jar UP-TO-DATE

> Configure project :
GraalVM Reachability Metadata TCK
---------------------------------

> Task :generateDynamicAccessCoverageReport
Starting a Gradle Daemon, 1 busy and 2 stopped Daemons could not be reused, use --status for details
Shared read-only dependency cache is an incubating feature.
> Task :tck-build-logic:extractPluginRequests UP-TO-DATE
> Task :tck-build-logic:generatePluginAdapters UP-TO-DATE
> Task :tck-build-logic:compileJava UP-TO-DATE
> Task :tck-build-logic:compileGroovy UP-TO-DATE
> Task :tck-build-logic:compileGroovyPlugins UP-TO-DATE
> Task :tck-build-logic:pluginDescriptors UP-TO-DATE
> Task :tck-build-logic:processResources UP-TO-DATE
> Task :tck-build-logic:classes UP-TO-DATE
> Task :tck-build-logic:jar UP-TO-DATE

> Configure project :
GraalVM Reachability Metadata TCK
---------------------------------

> Task :jacocoCodeCoverageReport
Starting a Gradle Daemon, 2 busy and 2 stopped Daemons could not be reused, use --status for details
Shared read-only dependency cache is an incubating feature.
> Task :tck-build-logic:extractPluginRequests UP-TO-DATE
> Task :tck-build-logic:generatePluginAdapters UP-TO-DATE
> Task :tck-build-logic:compileJava UP-TO-DATE
> Task :tck-build-logic:compileGroovy UP-TO-DATE
> Task :tck-build-logic:compileGroovyPlugins UP-TO-DATE
> Task :tck-build-logic:pluginDescriptors UP-TO-DATE
> Task :tck-build-logic:processResources UP-TO-DATE
> Task :tck-build-logic:classes UP-TO-DATE
> Task :tck-build-logic:jar UP-TO-DATE
> Task :tck-test-support:compileJava UP-TO-DATE
> Task :tck-test-support:processResources UP-TO-DATE
> Task :checkTestTimeoutAnnotations
> Task :tck-test-support:classes UP-TO-DATE
> Task :tck-test-support:jar UP-TO-DATE
> Task :compileCodeCoverageJava NO-SOURCE
> Task :processCodeCoverageResources NO-SOURCE
> Task :codeCoverageClasses UP-TO-DATE
> Task :codeCoverageTest SKIPPED
> Task :compileJava NO-SOURCE
> Task :processResources NO-SOURCE
> Task :classes UP-TO-DATE
> Task :compileTestJava UP-TO-DATE
> Task :processTestResources NO-SOURCE
> Task :testClasses UP-TO-DATE
> Task :test UP-TO-DATE
> Task :jacocoCodeCoverageReport

[Incubating] Problems report is available at: file:///home/oracle/oracle/graalvm-reachability-metadata/forge/local_repositories/forge_worktrees/9352-844bc6f6/tests/src/io.projectreactor.netty/reactor-netty-http/1.0.39/build/reports/problems/problems-report.html

Deprecated Gradle features were used in this build, making it incompatible with Gradle 10.

You can use '--warning-mode all' to show the individual deprecation warnings and determine if they come from your own scripts or plugins.

For more on this, please refer to https://docs.gradle.org/9.1.0/userguide/command_line_interface.html#sec:command_line_warnings in the Gradle documentation.

BUILD SUCCESSFUL in 28s
15 actionable tasks: 2 executed, 13 up-to-date

[Incubating] Problems report is available at: file:///home/oracle/oracle/graalvm-reachability-metadata/forge/local_repositories/forge_worktrees/9352-844bc6f6/build/reports/problems/problems-report.html

Deprecated Gradle features were used in this build, making it incompatible with Gradle 10.

You can use '--warning-mode all' to show the individual deprecation warnings and determine if they come from your own scripts or plugins.

For more on this, please refer to https://docs.gradle.org/9.1.0/userguide/command_line_interface.html#sec:command_line_warnings in the Gradle documentation.

BUILD SUCCESSFUL in 1m 4s
9 actionable tasks: 1 executed, 8 up-to-date
> Task :tck-build-logic:extractPluginRequests UP-TO-DATE
> Task :tck-build-logic:generatePluginAdapters UP-TO-DATE
> Task :tck-build-logic:compileJava UP-TO-DATE
> Task :tck-build-logic:compileGroovy UP-TO-DATE
> Task :tck-build-logic:compileGroovyPlugins UP-TO-DATE
> Task :tck-build-logic:pluginDescriptors UP-TO-DATE
> Task :tck-build-logic:processResources UP-TO-DATE
> Task :tck-build-logic:classes UP-TO-DATE
> Task :tck-build-logic:jar UP-TO-DATE

> Task :generateDynamicAccessReport
> Task :tck-build-logic:extractPluginRequests UP-TO-DATE
> Task :tck-build-logic:generatePluginAdapters UP-TO-DATE
> Task :tck-build-logic:compileJava UP-TO-DATE
> Task :tck-build-logic:compileGroovy UP-TO-DATE
> Task :tck-build-logic:compileGroovyPlugins UP-TO-DATE
> Task :tck-build-logic:pluginDescriptors UP-TO-DATE
> Task :tck-build-logic:processResources UP-TO-DATE
> Task :tck-build-logic:classes UP-TO-DATE
> Task :tck-build-logic:jar UP-TO-DATE
> Task :compileJava NO-SOURCE
> Task :processResources NO-SOURCE
> Task :classes UP-TO-DATE
> Task :tck-test-support:compileJava UP-TO-DATE
> Task :tck-test-support:processResources UP-TO-DATE
> Task :tck-test-support:classes UP-TO-DATE
> Task :jar UP-TO-DATE
> Task :tck-test-support:jar UP-TO-DATE
> Task :compileTestJava UP-TO-DATE
> Task :checkTestTimeoutAnnotations
> Task :processTestResources NO-SOURCE
> Task :testClasses UP-TO-DATE
> Task :test UP-TO-DATE
> Task :generateTestResourcesConfigFile UP-TO-DATE

> Task :nativeTestCompile
[native-image-plugin] GraalVM Toolchain detection is disabled
[native-image-plugin] GraalVM location read from environment variable: GRAALVM_HOME
[native-image-plugin] Native Image executable path: /home/oracle/oracle/graal/sdk/mxbuild/linux-amd64/GRAALVM_NI_EE_JAVA25/graalvm-ni-ee-25.4.4.1.1-dev+1.1/lib/svm/bin/native-image
Picked up NATIVE_IMAGE_OPTIONS: -H:+UnlockExperimentalVMOptions -H:-OutlineStringBuilderAppends -H:-OutlineStringBufferAppends -H:-OutlineIndyStringConcatenations -H:-OutlineSBMaterializations
Apply jar:file:///tmp/metadata-forge-gradle/dc7946488e7e4c64/worktree-homes/9352-844bc6f6-7fb220f3/caches/modules-2/files-2.1/io.projectreactor.netty/reactor-netty-http/1.3.0/7741a8da179c6b28f4a11265a7ceb369dd3f15f/reactor-netty-http-1.3.0.jar!/META-INF/native-image/io.projectreactor.netty/reactor-netty-http/reflect-config.json
Apply jar:file:///tmp/metadata-forge-gradle/dc7946488e7e4c64/worktree-homes/9352-844bc6f6-7fb220f3/caches/modules-2/files-2.1/io.projectreactor.netty/reactor-netty-core/1.3.0/e61bc1afa13461df8ab176a1df553dac62d91a72/reactor-netty-core-1.3.0.jar!/META-INF/native-image/io.projectreactor.netty/reactor-netty-core/reflect-config.json
Apply jar:file:///tmp/metadata-forge-gradle/dc7946488e7e4c64/worktree-homes/9352-844bc6f6-7fb220f3/caches/modules-2/files-2.1/io.netty/netty-handler-proxy/4.2.7.Final/a1b6d07504fe98163f49d34c9a5efb22d8e84212/netty-handler-proxy-4.2.7.Final.jar!/META-INF/native-image/io.netty/netty-handler-proxy/generated/handlers/reflect-config.json
Apply jar:file:///tmp/metadata-forge-gradle/dc7946488e7e4c64/worktree-homes/9352-844bc6f6-7fb220f3/caches/modules-2/files-2.1/io.projectreactor/reactor-core/3.8.0/21d51d40dda28f8cc3ab9a22fb35dd6146e4323b/reactor-core-3.8.0.jar!/META-INF/native-image/io.projectreactor/reactor-core/reflect-config.json
Apply jar:file:///tmp/metadata-forge-gradle/dc7946488e7e4c64/worktree-homes/9352-844bc6f6-7fb220f3/caches/modules-2/files-2.1/io.netty/netty-codec-compression/4.2.7.Final/572341bc1ca90fd9d6e47f1d2694aab5258566e9/netty-codec-compression-4.2.7.Final.jar!/META-INF/native-image/io.netty/netty-codec-compression/native-image.properties
Apply jar:file:///tmp/metadata-forge-gradle/dc7946488e7e4c64/worktree-homes/9352-844bc6f6-7fb220f3/caches/modules-2/files-2.1/io.netty/netty-codec-compression/4.2.7.Final/572341bc1ca90fd9d6e47f1d2694aab5258566e9/netty-codec-compression-4.2.7.Final.jar!/META-INF/native-image/io.netty/netty-codec-compression/generated/handlers/reflect-config.json
Apply jar:file:///tmp/metadata-forge-gradle/dc7946488e7e4c64/worktree-homes/9352-844bc6f6-7fb220f3/caches/modules-2/files-2.1/io.netty/netty-codec-native-quic/4.2.7.Final/6a3e4398852f926c4b22f381d89dae2388446ae8/netty-codec-native-quic-4.2.7.Final-linux-x86_64.jar!/META-INF/native-image/io.netty/netty-codec-native-quic/native-image.properties
Apply jar:file:///tmp/metadata-forge-gradle/dc7946488e7e4c64/worktree-homes/9352-844bc6f6-7fb220f3/caches/modules-2/files-2.1/io.netty/netty-codec-native-quic/4.2.7.Final/6a3e4398852f926c4b22f381d89dae2388446ae8/netty-codec-native-quic-4.2.7.Final-linux-x86_64.jar!/META-INF/native-image/io.netty/netty-codec-native-quic/jni-config.json
Apply jar:file:///tmp/metadata-forge-gradle/dc7946488e7e4c64/worktree-homes/9352-844bc6f6-7fb220f3/caches/modules-2/files-2.1/io.netty/netty-codec-native-quic/4.2.7.Final/6a3e4398852f926c4b22f381d89dae2388446ae8/netty-codec-native-quic-4.2.7.Final-linux-x86_64.jar!/META-INF/native-image/io.netty/netty-codec-native-quic/reflect-config.json
Apply jar:file:///tmp/metadata-forge-gradle/dc7946488e7e4c64/worktree-homes/9352-844bc6f6-7fb220f3/caches/modules-2/files-2.1/io.netty/netty-codec-native-quic/4.2.7.Final/6a3e4398852f926c4b22f381d89dae2388446ae8/netty-codec-native-quic-4.2.7.Final-linux-x86_64.jar!/META-INF/native-image/io.netty/netty-codec-native-quic/resource-config.json
Apply jar:file:///tmp/metadata-forge-gradle/dc7946488e7e4c64/worktree-homes/9352-844bc6f6-7fb220f3/caches/modules-2/files-2.1/io.netty/netty-codec-native-quic/4.2.7.Final/7ecd8d1de6b3eb7eeb3dcdb1034780826e141f1c/netty-codec-native-quic-4.2.7.Final-linux-aarch_64.jar!/META-INF/native-image/io.netty/netty-codec-native-quic/native-image.properties
Apply jar:file:///tmp/metadata-forge-gradle/dc7946488e7e4c64/worktree-homes/9352-844bc6f6-7fb220f3/caches/modules-2/files-2.1/io.netty/netty-codec-native-quic/4.2.7.Final/7ecd8d1de6b3eb7eeb3dcdb1034780826e141f1c/netty-codec-native-quic-4.2.7.Final-linux-aarch_64.jar!/META-INF/native-image/io.netty/netty-codec-native-quic/jni-config.json
Apply jar:file:///tmp/metadata-forge-gradle/dc7946488e7e4c64/worktree-homes/9352-844bc6f6-7fb220f3/caches/modules-2/files-2.1/io.netty/netty-codec-native-quic/4.2.7.Final/7ecd8d1de6b3eb7eeb3dcdb1034780826e141f1c/netty-codec-native-quic-4.2.7.Final-linux-aarch_64.jar!/META-INF/native-image/io.netty/netty-codec-native-quic/reflect-config.json
Apply jar:file:///tmp/metadata-forge-gradle/dc7946488e7e4c64/worktree-homes/9352-844bc6f6-7fb220f3/caches/modules-2/files-2.1/io.netty/netty-codec-native-quic/4.2.7.Final/7ecd8d1de6b3eb7eeb3dcdb1034780826e141f1c/netty-codec-native-quic-4.2.7.Final-linux-aarch_64.jar!/META-INF/native-image/io.netty/netty-codec-native-quic/resource-config.json
Apply jar:file:///tmp/metadata-forge-gradle/dc7946488e7e4c64/worktree-homes/9352-844bc6f6-7fb220f3/caches/modules-2/files-2.1/io.netty/netty-codec-native-quic/4.2.7.Final/f3679a6cc103292931098b1dc835ffb831e27368/netty-codec-native-quic-4.2.7.Final-osx-x86_64.jar!/META-INF/native-image/io.netty/netty-codec-native-quic/native-image.properties
Apply jar:file:///tmp/metadata-forge-gradle/dc7946488e7e4c64/worktree-homes/9352-844bc6f6-7fb220f3/caches/modules-2/files-2.1/io.netty/netty-codec-native-quic/4.2.7.Final/f3679a6cc103292931098b1dc835ffb831e27368/netty-codec-native-quic-4.2.7.Final-osx-x86_64.jar!/META-INF/native-image/io.netty/netty-codec-native-quic/jni-config.json
Apply jar:file:///tmp/metadata-forge-gradle/dc7946488e7e4c64/worktree-homes/9352-844bc6f6-7fb220f3/caches/modules-2/files-2.1/io.netty/netty-codec-native-quic/4.2.7.Final/f3679a6cc103292931098b1dc835ffb831e27368/netty-codec-native-quic-4.2.7.Final-osx-x86_64.jar!/META-INF/native-image/io.netty/netty-codec-native-quic/reflect-config.json
Apply jar:file:///tmp/metadata-forge-gradle/dc7946488e7e4c64/worktree-homes/9352-844bc6f6-7fb220f3/caches/modules-2/files-2.1/io.netty/netty-codec-native-quic/4.2.7.Final/f3679a6cc103292931098b1dc835ffb831e27368/netty-codec-native-quic-4.2.7.Final-osx-x86_64.jar!/META-INF/native-image/io.netty/netty-codec-native-quic/resource-config.json
Apply jar:file:///tmp/metadata-forge-gradle/dc7946488e7e4c64/worktree-homes/9352-844bc6f6-7fb220f3/caches/modules-2/files-2.1/io.netty/netty-codec-native-quic/4.2.7.Final/c30d746bd588c07bac4ac04abde576c05a3c0a28/netty-codec-native-quic-4.2.7.Final-osx-aarch_64.jar!/META-INF/native-image/io.netty/netty-codec-native-quic/native-image.properties
Apply jar:file:///tmp/metadata-forge-gradle/dc7946488e7e4c64/worktree-homes/9352-844bc6f6-7fb220f3/caches/modules-2/files-2.1/io.netty/netty-codec-native-quic/4.2.7.Final/c30d746bd588c07bac4ac04abde576c05a3c0a28/netty-codec-native-quic-4.2.7.Final-osx-aarch_64.jar!/META-INF/native-image/io.netty/netty-codec-native-quic/jni-config.json
Apply jar:file:///tmp/metadata-forge-gradle/dc7946488e7e4c64/worktree-homes/9352-844bc6f6-7fb220f3/caches/modules-2/files-2.1/io.netty/netty-codec-native-quic/4.2.7.Final/c30d746bd588c07bac4ac04abde576c05a3c0a28/netty-codec-native-quic-4.2.7.Final-osx-aarch_64.jar!/META-INF/native-image/io.netty/netty-codec-native-quic/reflect-config.json
Apply jar:file:///tmp/metadata-forge-gradle/dc7946488e7e4c64/worktree-homes/9352-844bc6f6-7fb220f3/caches/modules-2/files-2.1/io.netty/netty-codec-native-quic/4.2.7.Final/c30d746bd588c07bac4ac04abde576c05a3c0a28/netty-codec-native-quic-4.2.7.Final-osx-aarch_64.jar!/META-INF/native-image/io.netty/netty-codec-native-quic/resource-config.json
Apply jar:file:///tmp/metadata-forge-gradle/dc7946488e7e4c64/worktree-homes/9352-844bc6f6-7fb220f3/caches/modules-2/files-2.1/io.netty/netty-codec-native-quic/4.2.7.Final/c4f177d2a99668c209acc31b8b85df58e9166218/netty-codec-native-quic-4.2.7.Final-windows-x86_64.jar!/META-INF/native-image/io.netty/netty-codec-native-quic/native-image.properties
Apply jar:file:///tmp/metadata-forge-gradle/dc7946488e7e4c64/worktree-homes/9352-844bc6f6-7fb220f3/caches/modules-2/files-2.1/io.netty/netty-codec-native-quic/4.2.7.Final/c4f177d2a99668c209acc31b8b85df58e9166218/netty-codec-native-quic-4.2.7.Final-windows-x86_64.jar!/META-INF/native-image/io.netty/netty-codec-native-quic/jni-config.json
Apply jar:file:///tmp/metadata-forge-gradle/dc7946488e7e4c64/worktree-homes/9352-844bc6f6-7fb220f3/caches/modules-2/files-2.1/io.netty/netty-codec-native-quic/4.2.7.Final/c4f177d2a99668c209acc31b8b85df58e9166218/netty-codec-native-quic-4.2.7.Final-windows-x86_64.jar!/META-INF/native-image/io.netty/netty-codec-native-quic/reflect-config.json
Apply jar:file:///tmp/metadata-forge-gradle/dc7946488e7e4c64/worktree-homes/9352-844bc6f6-7fb220f3/caches/modules-2/files-2.1/io.netty/netty-codec-native-quic/4.2.7.Final/c4f177d2a99668c209acc31b8b85df58e9166218/netty-codec-native-quic-4.2.7.Final-windows-x86_64.jar!/META-INF/native-image/io.netty/netty-codec-native-quic/resource-config.json
Apply jar:file:///tmp/metadata-forge-gradle/dc7946488e7e4c64/worktree-homes/9352-844bc6f6-7fb220f3/caches/modules-2/files-2.1/io.netty/netty-codec-dns/4.2.7.Final/95a2b329442a22a7d77de5fc5ecebbcf26b8cd4e/netty-codec-dns-4.2.7.Final.jar!/META-INF/native-image/io.netty/netty-codec-dns/generated/handlers/reflect-config.json
Apply jar:file:///tmp/metadata-forge-gradle/dc7946488e7e4c64/worktree-homes/9352-844bc6f6-7fb220f3/caches/modules-2/files-2.1/io.netty/netty-codec-socks/4.2.7.Final/9f26324e436e8884bb4aa801a6e9151c0b50a754/netty-codec-socks-4.2.7.Final.jar!/META-INF/native-image/io.netty/netty-codec-socks/generated/handlers/reflect-config.json
Apply jar:file:///tmp/metadata-forge-gradle/dc7946488e7e4c64/worktree-homes/9352-844bc6f6-7fb220f3/caches/modules-2/files-2.1/io.netty/netty-codec-base/4.2.7.Final/915e381ebabcf115f1c7ff7032d55c48afb50210/netty-codec-base-4.2.7.Final.jar!/META-INF/native-image/io.netty/netty-codec-base/generated/handlers/reflect-config.json
Apply jar:file:///tmp/metadata-forge-gradle/dc7946488e7e4c64/worktree-homes/9352-844bc6f6-7fb220f3/caches/modules-2/files-2.1/io.netty/netty-transport-classes-epoll/4.2.7.Final/1075c09f48a78eef9d819fbfd9096b903fdd362a/netty-transport-classes-epoll-4.2.7.Final.jar!/META-INF/native-image/io.netty/netty-transport-classes-epoll/native-image.properties
Apply jar:file:///tmp/metadata-forge-gradle/dc7946488e7e4c64/worktree-homes/9352-844bc6f6-7fb220f3/caches/modules-2/files-2.1/io.netty/netty-transport-classes-epoll/4.2.7.Final/1075c09f48a78eef9d819fbfd9096b903fdd362a/netty-transport-classes-epoll-4.2.7.Final.jar!/META-INF/native-image/io.netty/netty-transport-classes-epoll/jni-config.json
Apply jar:file:///tmp/metadata-forge-gradle/dc7946488e7e4c64/worktree-homes/9352-844bc6f6-7fb220f3/caches/modules-2/files-2.1/io.netty/netty-transport-classes-epoll/4.2.7.Final/1075c09f48a78eef9d819fbfd9096b903fdd362a/netty-transport-classes-epoll-4.2.7.Final.jar!/META-INF/native-image/io.netty/netty-transport-classes-epoll/reflect-config.json
Apply jar:file:///tmp/metadata-forge-gradle/dc7946488e7e4c64/worktree-homes/9352-844bc6f6-7fb220f3/caches/modules-2/files-2.1/io.netty/netty-transport-classes-epoll/4.2.7.Final/1075c09f48a78eef9d819fbfd9096b903fdd362a/netty-transport-classes-epoll-4.2.7.Final.jar!/META-INF/native-image/io.netty/netty-transport-classes-epoll/resource-config.json
Warning: Invalid classpath entry: /home/oracle/oracle/graalvm-reachability-metadata/forge/local_repositories/forge_worktrees/9352-844bc6f6/tests/src/io.projectreactor.netty/reactor-netty-http/1.0.39/build/resources/test
Warning: Using a deprecated option --no-fallback from command line. No effect, no replacement available
Apply jar:file:///home/oracle/oracle/graal/sdk/mxbuild/linux-amd64/GRAALVM_NI_EE_JAVA25/graalvm-ni-ee-25.4.4.1.1-dev+1.1/lib/svm/svm-guest.jar!/META-INF/native-image/org.graalvm.nativeimage.guest/native-image.properties
Apply jar:file:///home/oracle/oracle/graal/sdk/mxbuild/linux-amd64/GRAALVM_NI_EE_JAVA25/graalvm-ni-ee-25.4.4.1.1-dev+1.1/lib/svm/library-support.jar!/META-INF/native-image/com.oracle.svm/polyglot/native-image.properties
Apply jar:file:///home/oracle/oracle/graal/sdk/mxbuild/linux-amd64/GRAALVM_NI_EE_JAVA25/graalvm-ni-ee-25.4.4.1.1-dev+1.1/lib/svm/svm-guest-staging.jar!/META-INF/native-image/org.graalvm.nativeimage.guest/reachability-metadata.json
Executing [
DRIVER_TEMP_DIR_ENV_VARIABLE=/tmp/driverRoot-5182962185067031520 \
HOME=/home/oracle \
LANG=en_US.UTF-8 \
LC_ADDRESS=sr_RS \
LC_IDENTIFICATION=sr_RS \
LC_MEASUREMENT=sr_RS \
LC_MONETARY=sr_RS \
LC_NAME=sr_RS \
LC_NUMERIC=sr_RS \
LC_PAPER=sr_RS \
LC_TELEPHONE=sr_RS \
LC_TIME=sr_RS \
PATH=/home/oracle/.local/graalvm/graalvm-25.4.4.1.1-dev+1.1/bin:/home/oracle/.cargo/bin:/home/oracle/.local/bin:/home/oracle/.local/share/pi-node/node-v22.23.2-linux-x64/bin:/home/oracle/.local/bin:/usr/local/sbin:/usr/local/bin:/usr/sbin:/usr/bin:/sbin:/bin:/usr/games:/usr/local/games:/snap/bin:/snap/bin:/home/oracle/oracle/mx \
PWD=/home/oracle/oracle/graalvm-reachability-metadata/forge/local_repositories/forge_worktrees/9352-844bc6f6/tests/src/io.projectreactor.netty/reactor-netty-http/1.0.39 \
/home/oracle/oracle/graal/sdk/mxbuild/linux-amd64/GRAALVM_NI_EE_JAVA25/graalvm-ni-ee-25.4.4.1.1-dev+1.1/bin/java \
-XX:+UnlockExperimentalVMOptions \
-XX:+EnableJVMCI \
-Dgraalvm.locatorDisabled=true \
-Dtruffle.TruffleRuntime=com.oracle.truffle.api.impl.DefaultTruffleRuntime \
-Dgraalvm.ForcePolyglotInvalid=true \
-Dsubstratevm.HostLibC=glibc \
--add-exports=java.base/com.sun.crypto.provider=org.graalvm.nativeimage.builder \
--add-exports=java.base/jdk.internal.access=jdk.graal.compiler.hostvmaccess,org.graalvm.nativeimage.builder \
--add-exports=java.base/jdk.internal.event=org.graalvm.nativeimage.builder \
--add-exports=java.base/jdk.internal.foreign=org.graalvm.nativeimage.builder \
--add-exports=java.base/jdk.internal.loader=jdk.graal.compiler.hostvmaccess,org.graalvm.nativeimage.base,org.graalvm.nativeimage.builder \
--add-exports=java.base/jdk.internal.logger=org.graalvm.nativeimage.builder \
--add-exports=java.base/jdk.internal.misc=com.oracle.graal.graal_enterprise,com.oracle.svm.svm_enterprise,jdk.graal.compiler,jdk.graal.compiler.hostvmaccess,org.graalvm.nativeimage.builder,org.graalvm.nativeimage.guest.staging,org.graalvm.nativeimage.objectfile,org.graalvm.nativeimage.pointsto \
--add-exports=java.base/jdk.internal.module=jdk.graal.compiler.hostvmaccess,jdk.graal.compiler.vmaccess,org.graalvm.nativeimage.base,org.graalvm.nativeimage.builder,org.graalvm.nativeimage.shared \
--add-exports=java.base/jdk.internal.perf=org.graalvm.nativeimage.builder \
--add-exports=java.base/jdk.internal.platform=org.graalvm.nativeimage.builder \
--add-exports=java.base/jdk.internal.ref=org.graalvm.nativeimage.builder,org.graalvm.nativeimage.objectfile \
--add-exports=java.base/jdk.internal.reflect=org.graalvm.nativeimage.builder \
--add-exports=java.base/jdk.internal.util=com.oracle.svm.svm_enterprise,org.graalvm.nativeimage.builder \
--add-exports=java.base/jdk.internal.vm.annotation=org.graalvm.nativeimage.builder \
--add-exports=java.base/jdk.internal.vm=org.graalvm.nativeimage.builder \
--add-exports=java.base/jdk.internal=org.graalvm.nativeimage.builder \
--add-exports=java.base/sun.invoke.util=org.graalvm.nativeimage.builder \
--add-exports=java.base/sun.net.www.protocol.file=org.graalvm.nativeimage.builder \
--add-exports=java.base/sun.net.www.protocol.ftp=org.graalvm.nativeimage.builder \
--add-exports=java.base/sun.net.www.protocol.http=org.graalvm.nativeimage.builder \
--add-exports=java.base/sun.net.www.protocol.https=org.graalvm.nativeimage.builder \
--add-exports=java.base/sun.net.www.protocol.jar=org.graalvm.nativeimage.builder \
--add-exports=java.base/sun.net.www.protocol.jmod=org.graalvm.nativeimage.builder \
--add-exports=java.base/sun.net.www.protocol.jrt=org.graalvm.nativeimage.builder \
--add-exports=java.base/sun.net.www.protocol.mailto=org.graalvm.nativeimage.builder \
--add-exports=java.base/sun.net.www=org.graalvm.nativeimage.builder \
--add-exports=java.base/sun.net=org.graalvm.nativeimage.builder \
--add-exports=java.base/sun.nio.ch=org.graalvm.nativeimage.builder,org.graalvm.nativeimage.objectfile \
--add-exports=java.base/sun.reflect.annotation=jdk.graal.compiler.vmaccess,org.graalvm.nativeimage.builder \
--add-exports=java.base/sun.reflect.generics.factory=org.graalvm.nativeimage.builder \
--add-exports=java.base/sun.reflect.generics.reflectiveObjects=org.graalvm.nativeimage.builder \
--add-exports=java.base/sun.reflect.generics.repository=org.graalvm.nativeimage.builder \
--add-exports=java.base/sun.reflect.generics.scope=org.graalvm.nativeimage.builder \
--add-exports=java.base/sun.reflect.generics.tree=org.graalvm.nativeimage.builder \
--add-exports=java.base/sun.security.jca=org.graalvm.nativeimage.builder \
--add-exports=java.base/sun.security.provider=org.graalvm.nativeimage.builder \
--add-exports=java.base/sun.security.rsa=org.graalvm.nativeimage.builder \
--add-exports=java.base/sun.security.ssl=org.graalvm.nativeimage.builder \
--add-exports=java.base/sun.security.util=org.graalvm.nativeimage.builder \
--add-exports=java.base/sun.security.x509=org.graalvm.nativeimage.builder \
--add-exports=java.base/sun.text.spi=org.graalvm.nativeimage.builder \
--add-exports=java.base/sun.util.calendar=org.graalvm.nativeimage.builder \
--add-exports=java.base/sun.util.cldr=org.graalvm.nativeimage.builder \
--add-exports=java.base/sun.util.locale.provider=org.graalvm.nativeimage.builder \
--add-exports=java.base/sun.util.locale=org.graalvm.nativeimage.builder \
--add-exports=java.base/sun.util.resources=org.graalvm.nativeimage.builder \
--add-exports=java.base/sun.util.spi=org.graalvm.nativeimage.builder \
--add-exports=java.base/sun.util=org.graalvm.nativeimage.builder \
--add-exports=java.management/com.sun.jmx.mbeanserver=org.graalvm.nativeimage.builder \
--add-exports=java.management/sun.management=org.graalvm.nativeimage.builder,org.graalvm.nativeimage.pointsto \
--add-exports=jdk.graal.compiler/jdk.graal.compiler.annotation=jdk.graal.compiler.hostvmaccess,jdk.graal.compiler.vmaccess \
--add-exports=jdk.graal.compiler/jdk.graal.compiler.api.replacements=jdk.graal.compiler.hostvmaccess \
--add-exports=jdk.graal.compiler/jdk.graal.compiler.api.runtime=jdk.graal.compiler.hostvmaccess \
--add-exports=jdk.graal.compiler/jdk.graal.compiler.core.target=jdk.graal.compiler.hostvmaccess \
--add-exports=jdk.graal.compiler/jdk.graal.compiler.phases.util=jdk.graal.compiler.hostvmaccess,jdk.graal.compiler.vmaccess \
--add-exports=jdk.graal.compiler/jdk.graal.compiler.runtime=jdk.graal.compiler.hostvmaccess \
--add-exports=jdk.graal.compiler/jdk.graal.compiler.util.json=com.oracle.graal.reporter \
--add-exports=jdk.internal.vm.ci/jdk.vm.ci.aarch64=com.oracle.graal.graal_enterprise,com.oracle.svm.svm_enterprise,jdk.graal.compiler,org.graalvm.nativeimage.builder,org.graalvm.nativeimage.objectfile \
--add-exports=jdk.internal.vm.ci/jdk.vm.ci.amd64=com.oracle.graal.graal_enterprise,com.oracle.svm.svm_enterprise,jdk.graal.compiler,org.graalvm.nativeimage.builder,org.graalvm.nativeimage.objectfile \
--add-exports=jdk.internal.vm.ci/jdk.vm.ci.code.site=com.oracle.svm.svm_enterprise,jdk.graal.compiler,org.graalvm.nativeimage.builder \
--add-exports=jdk.internal.vm.ci/jdk.vm.ci.code.stack=jdk.graal.compiler,org.graalvm.nativeimage.builder \
--add-exports=jdk.internal.vm.ci/jdk.vm.ci.code=com.oracle.graal.graal_enterprise,com.oracle.svm.svm_enterprise,jdk.graal.compiler,jdk.graal.compiler.hostvmaccess,jdk.graal.compiler.vmaccess,org.graalvm.nativeimage.base,org.graalvm.nativeimage.builder,org.graalvm.nativeimage.objectfile,org.graalvm.nativeimage.pointsto,org.graalvm.truffle.compiler \
--add-exports=jdk.internal.vm.ci/jdk.vm.ci.common=com.oracle.graal.graal_enterprise,com.oracle.svm.svm_enterprise,jdk.graal.compiler,org.graalvm.nativeimage.builder,org.graalvm.nativeimage.pointsto \
--add-exports=jdk.internal.vm.ci/jdk.vm.ci.hotspot.aarch64=jdk.graal.compiler \
--add-exports=jdk.internal.vm.ci/jdk.vm.ci.hotspot.amd64=jdk.graal.compiler \
--add-exports=jdk.internal.vm.ci/jdk.vm.ci.hotspot.riscv64=jdk.graal.compiler \
--add-exports=jdk.internal.vm.ci/jdk.vm.ci.hotspot=com.oracle.graal.graal_enterprise,jdk.graal.compiler,org.graalvm.nativeimage.builder \
--add-exports=jdk.internal.vm.ci/jdk.vm.ci.meta.annotation=com.oracle.graal.graal_enterprise,com.oracle.svm.svm_enterprise,jdk.graal.compiler,jdk.graal.compiler.hostvmaccess,jdk.graal.compiler.vmaccess,org.graalvm.nativeimage.base,org.graalvm.nativeimage.builder,org.graalvm.nativeimage.configure,org.graalvm.nativeimage.guest.staging,org.graalvm.nativeimage.objectfile,org.graalvm.nativeimage.pointsto \
--add-exports=jdk.internal.vm.ci/jdk.vm.ci.meta=com.oracle.graal.graal_enterprise,com.oracle.svm.svm_enterprise,jdk.graal.compiler,jdk.graal.compiler.hostvmaccess,jdk.graal.compiler.vmaccess,org.graalvm.nativeimage.base,org.graalvm.nativeimage.builder,org.graalvm.nativeimage.configure,org.graalvm.nativeimage.guest.staging,org.graalvm.nativeimage.objectfile,org.graalvm.nativeimage.pointsto,org.graalvm.truffle.compiler \
--add-exports=jdk.internal.vm.ci/jdk.vm.ci.riscv64=com.oracle.svm.svm_enterprise,jdk.graal.compiler,org.graalvm.nativeimage.builder \
--add-exports=jdk.internal.vm.ci/jdk.vm.ci.runtime=com.oracle.graal.graal_enterprise,jdk.graal.compiler,jdk.graal.compiler.hostvmaccess,org.graalvm.nativeimage.base,org.graalvm.nativeimage.builder,org.graalvm.nativeimage.pointsto \
--add-exports=jdk.internal.vm.ci/jdk.vm.ci.services=com.oracle.graal.graal_enterprise,com.oracle.svm.svm_enterprise,jdk.graal.compiler,org.graalvm.nativeimage.builder \
--add-exports=jdk.jfr/jdk.jfr.events=org.graalvm.nativeimage.builder \
--add-exports=jdk.jfr/jdk.jfr.internal.event=org.graalvm.nativeimage.builder \
--add-exports=jdk.jfr/jdk.jfr.internal.jfc=com.oracle.svm.svm_enterprise,org.graalvm.nativeimage.builder \
--add-exports=jdk.jfr/jdk.jfr.internal.settings=org.graalvm.nativeimage.builder \
--add-exports=jdk.jfr/jdk.jfr.internal.tracing=org.graalvm.nativeimage.builder \
--add-exports=jdk.jfr/jdk.jfr.internal=com.oracle.svm.svm_enterprise,org.graalvm.nativeimage.builder \
--add-exports=jdk.management/com.sun.management.internal=org.graalvm.nativeimage.builder \
-XX:-UseJVMCICompiler \
-XX:MaxRAMPercentage=67.11868452849498 \
'-Dsvm.build.memoryUsageReasonText=20.91GiB of memory (67.1% of system memory, using all available memory)' \
-Xss10m \
-XX:+UseParallelGC \
-XX:GCTimeRatio=9 \
-XX:+ExitOnOutOfMemoryError \
-XX:+UseCompressedOops \
-Djava.awt.headless=true \
'-Dorg.graalvm.vendor=Oracle Corporation' \
-Dorg.graalvm.vendorurl=https://www.graalvm.org/ \
'-Dorg.graalvm.vendorversion=Oracle GraalVM 25.4.4.1.1-dev+1.1' \
-Dorg.graalvm.version=25.4.4.1.1-dev \
-Dcom.oracle.graalvm.isaot=true \
-Djava.system.class.loader=com.oracle.svm.hosted.NativeImageSystemClassLoader \
-Djava.util.concurrent.ForkJoinPool.common.exceptionHandler=com.oracle.svm.hosted.CommonPoolUncaughtExceptionHandler \
'-Djava.util.concurrent.ForkJoinPool.common.threadFactory=com.oracle.svm.hosted.NativeImageSystemClassLoader$NativeImageForkJoinWorkerThreadFactory' \
-Dorg.graalvm.nativeimage.imagecode=buildtime \
-Xshare:off \
-Djdk.internal.lambda.disableEagerInitialization=true \
-Djdk.internal.lambda.eagerlyInitialize=false \
-Djava.lang.invoke.InnerClassLambdaMetafactory.initializeLambdas=false \
-Djava.lang.invoke.MethodHandle.DONT_INLINE_THRESHOLD=-1 \
-Djava.lang.invoke.MethodHandle.PROFILE_GWT=false \
-Djunit.platform.listeners.uid.tracking.output.dir=/home/oracle/oracle/graalvm-reachability-metadata/forge/local_repositories/forge_worktrees/9352-844bc6f6/tests/src/io.projectreactor.netty/reactor-netty-http/1.0.39/build/test-results/test/testlist \
-Dcom.oracle.svm.provided=/home/oracle/oracle/graal/sdk/mxbuild/linux-amd64/GRAALVM_NI_EE_JAVA25/graalvm-ni-ee-25.4.4.1.1-dev+1.1/lib/svm/svm-shared.jar:/home/oracle/oracle/graal/sdk/mxbuild/linux-amd64/GRAALVM_NI_EE_JAVA25/graalvm-ni-ee-25.4.4.1.1-dev+1.1/lib/svm/svm-guest.jar:/home/oracle/oracle/graal/sdk/mxbuild/linux-amd64/GRAALVM_NI_EE_JAVA25/graalvm-ni-ee-25.4.4.1.1-dev+1.1/lib/svm/library-support.jar:/home/oracle/oracle/graal/sdk/mxbuild/linux-amd64/GRAALVM_NI_EE_JAVA25/graalvm-ni-ee-25.4.4.1.1-dev+1.1/lib/svm/svm-guest-staging.jar:/home/oracle/oracle/graal/sdk/mxbuild/linux-amd64/GRAALVM_NI_EE_JAVA25/graalvm-ni-ee-25.4.4.1.1-dev+1.1/lib/svm/vmaccess-guest.jar \
--add-modules=ALL-DEFAULT \
--enable-native-access=org.graalvm.truffle.runtime,jdk.graal.compiler.hostvmaccess,com.oracle.truffle.enterprise.svm,org.graalvm.espresso.shared.svm,org.graalvm.truffle.runtime.svm,org.graalvm.truffle.compiler,org.graalvm.nativeimage.guest.staging,org.graalvm.nativeimage.shaded.capnproto,com.oracle.graal.reporter,org.graalvm.nativeimage.objectfile,org.graalvm.nativeimage.builder,org.graalvm.nativeimage.shared,org.graalvm.nativeimage.foreign,jdk.graal.compiler.vmaccess,org.graalvm.nativeimage.pointsto,org.graalvm.nativeimage.configure,org.graalvm.nativeimage.base,com.oracle.svm.svm_enterprise,org.graalvm.truffle,jdk.graal.compiler.vmaccess.guest \
--module-path \
/home/oracle/oracle/graal/sdk/mxbuild/linux-amd64/GRAALVM_NI_EE_JAVA25/graalvm-ni-ee-25.4.4.1.1-dev+1.1/lib/truffle/truffle-runtime.jar:/home/oracle/oracle/graal/sdk/mxbuild/linux-amd64/GRAALVM_NI_EE_JAVA25/graalvm-ni-ee-25.4.4.1.1-dev+1.1/lib/truffle/truffle-api.jar:/home/oracle/oracle/graal/sdk/mxbuild/linux-amd64/GRAALVM_NI_EE_JAVA25/graalvm-ni-ee-25.4.4.1.1-dev+1.1/lib/truffle/truffle-compiler.jar:/home/oracle/oracle/graal/sdk/mxbuild/linux-amd64/GRAALVM_NI_EE_JAVA25/graalvm-ni-ee-25.4.4.1.1-dev+1.1/lib/truffle/builder/truffle-runtime-svm.jar:/home/oracle/oracle/graal/sdk/mxbuild/linux-amd64/GRAALVM_NI_EE_JAVA25/graalvm-ni-ee-25.4.4.1.1-dev+1.1/lib/truffle/builder/truffle-enterprise-svm.jar:/home/oracle/oracle/graal/sdk/mxbuild/linux-amd64/GRAALVM_NI_EE_JAVA25/graalvm-ni-ee-25.4.4.1.1-dev+1.1/lib/svm/builder/pointsto.jar:/home/oracle/oracle/graal/sdk/mxbuild/linux-amd64/GRAALVM_NI_EE_JAVA25/graalvm-ni-ee-25.4.4.1.1-dev+1.1/lib/svm/builder/svm-shared.jar:/home/oracle/oracle/graal/sdk/mxbuild/linux-amd64/GRAALVM_NI_EE_JAVA25/graalvm-ni-ee-25.4.4.1.1-dev+1.1/lib/svm/builder/hostvmaccess.jar:/home/oracle/oracle/graal/sdk/mxbuild/linux-amd64/GRAALVM_NI_EE_JAVA25/graalvm-ni-ee-25.4.4.1.1-dev+1.1/lib/svm/builder/vmaccess.jar:/home/oracle/oracle/graal/sdk/mxbuild/linux-amd64/GRAALVM_NI_EE_JAVA25/graalvm-ni-ee-25.4.4.1.1-dev+1.1/lib/svm/builder/svm-foreign.jar:/home/oracle/oracle/graal/sdk/mxbuild/linux-amd64/GRAALVM_NI_EE_JAVA25/graalvm-ni-ee-25.4.4.1.1-dev+1.1/lib/svm/builder/native-image-base.jar:/home/oracle/oracle/graal/sdk/mxbuild/linux-amd64/GRAALVM_NI_EE_JAVA25/graalvm-ni-ee-25.4.4.1.1-dev+1.1/lib/svm/builder/reporter.jar:/home/oracle/oracle/graal/sdk/mxbuild/linux-amd64/GRAALVM_NI_EE_JAVA25/graalvm-ni-ee-25.4.4.1.1-dev+1.1/lib/svm/builder/svm-configure.jar:/home/oracle/oracle/graal/sdk/mxbuild/linux-amd64/GRAALVM_NI_EE_JAVA25/graalvm-ni-ee-25.4.4.1.1-dev+1.1/lib/svm/builder/svm-capnproto-runtime.jar:/home/oracle/oracle/graal/sdk/mxbuild/linux-amd64/GRAALVM_NI_EE_JAVA25/graalvm-ni-ee-25.4.4.1.1-dev+1.1/lib/svm/builder/espresso-svm.jar:/home/oracle/oracle/graal/sdk/mxbuild/linux-amd64/GRAALVM_NI_EE_JAVA25/graalvm-ni-ee-25.4.4.1.1-dev+1.1/lib/svm/builder/svm.jar:/home/oracle/oracle/graal/sdk/mxbuild/linux-amd64/GRAALVM_NI_EE_JAVA25/graalvm-ni-ee-25.4.4.1.1-dev+1.1/lib/svm/builder/svm-guest-staging.jar:/home/oracle/oracle/graal/sdk/mxbuild/linux-amd64/GRAALVM_NI_EE_JAVA25/graalvm-ni-ee-25.4.4.1.1-dev+1.1/lib/svm/builder/vmaccess-guest.jar:/home/oracle/oracle/graal/sdk/mxbuild/linux-amd64/GRAALVM_NI_EE_JAVA25/graalvm-ni-ee-25.4.4.1.1-dev+1.1/lib/svm/builder/svm-enterprise.jar:/home/oracle/oracle/graal/sdk/mxbuild/linux-amd64/GRAALVM_NI_EE_JAVA25/graalvm-ni-ee-25.4.4.1.1-dev+1.1/lib/svm/builder/objectfile.jar \
--module \
org.graalvm.nativeimage.builder/com.oracle.svm.hosted.NativeImageGeneratorRunner \
-keepalive \
/proc/1297255/comm \
-imagecp \
/home/oracle/oracle/graalvm-reachability-metadata/forge/local_repositories/forge_worktrees/9352-844bc6f6/tests/src/io.projectreactor.netty/reactor-netty-http/1.0.39/build/libs/io.projectreactor.netty.reactor-netty-http_tests.jar:/tmp/metadata-forge-gradle/dc7946488e7e4c64/ro-dep-cache/modules-2/files-2.1/org.graalvm.buildtools/junit-platform-native/1.0.0/2974f834a2f0a0105f2284fba7ef16dc4d60de56/junit-platform-native-1.0.0.jar:/tmp/metadata-forge-gradle/dc7946488e7e4c64/ro-dep-cache/modules-2/files-2.1/org.junit.jupiter/junit-jupiter/5.9.2/26c586fbe0ebd81b48c9f11f0d998124248697ae/junit-jupiter-5.9.2.jar:/tmp/metadata-forge-gradle/dc7946488e7e4c64/ro-dep-cache/modules-2/files-2.1/org.junit.platform/junit-platform-reporting/1.9.2/8bea292e2a546e4c21071f6bee60917ffd9f0101/junit-platform-reporting-1.9.2.jar:/tmp/metadata-forge-gradle/dc7946488e7e4c64/ro-dep-cache/modules-2/files-2.1/org.junit.platform/junit-platform-launcher/1.9.2/38e0bfad8c57d4cd1a8f27926c25ffe9543068d6/junit-platform-launcher-1.9.2.jar:/tmp/metadata-forge-gradle/dc7946488e7e4c64/ro-dep-cache/modules-2/files-2.1/org.junit.vintage/junit-vintage-engine/5.9.2/53421816bde124a564a64ba005dcc0c8e66a9722/junit-vintage-engine-5.9.2.jar:/tmp/metadata-forge-gradle/dc7946488e7e4c64/ro-dep-cache/modules-2/files-2.1/org.junit.jupiter/junit-jupiter-params/5.9.2/bc2765afb7b85b583c710dd259a11c6b8c39e912/junit-jupiter-params-5.9.2.jar:/tmp/metadata-forge-gradle/dc7946488e7e4c64/ro-dep-cache/modules-2/files-2.1/org.junit.jupiter/junit-jupiter-engine/5.9.2/572f7a553b53f83ee59cc045ce1c3772864ab76c/junit-jupiter-engine-5.9.2.jar:/tmp/metadata-forge-gradle/dc7946488e7e4c64/ro-dep-cache/modules-2/files-2.1/org.junit.jupiter/junit-jupiter-api/5.9.2/fed843581520eac594bc36bb4b0f55e7b947dda9/junit-jupiter-api-5.9.2.jar:/tmp/metadata-forge-gradle/dc7946488e7e4c64/ro-dep-cache/modules-2/files-2.1/org.junit.platform/junit-platform-engine/1.9.2/40aeef2be7b04f96bb91e8b054affc28b7c7c935/junit-platform-engine-1.9.2.jar:/tmp/metadata-forge-gradle/dc7946488e7e4c64/ro-dep-cache/modules-2/files-2.1/org.junit.platform/junit-platform-commons/1.9.2/6f9f8621d8230cd38aa42e58ccbc0c00569131ce/junit-platform-commons-1.9.2.jar:/tmp/metadata-forge-gradle/dc7946488e7e4c64/ro-dep-cache/modules-2/files-2.1/org.junit.platform/junit-platform-console/1.9.2/5548148dd55e820c42bd817ab93c1eaa05ce37f6/junit-platform-console-1.9.2.jar:/home/oracle/oracle/graalvm-reachability-metadata/forge/local_repositories/forge_worktrees/9352-844bc6f6/tests/tck-test-support/build/libs/tck-test-support-1.0.0-SNAPSHOT.jar:/tmp/metadata-forge-gradle/dc7946488e7e4c64/worktree-homes/9352-844bc6f6-7fb220f3/caches/modules-2/files-2.1/io.projectreactor.netty/reactor-netty-http/1.3.0/7741a8da179c6b28f4a11265a7ceb369dd3f15f/reactor-netty-http-1.3.0.jar:/tmp/metadata-forge-gradle/dc7946488e7e4c64/ro-dep-cache/modules-2/files-2.1/org.assertj/assertj-core/3.22.0/c300c0c6a24559f35fa0bd3a5472dc1edcd0111e/assertj-core-3.22.0.jar:/tmp/metadata-forge-gradle/dc7946488e7e4c64/worktree-homes/9352-844bc6f6-7fb220f3/caches/modules-2/files-2.1/io.netty/netty-codec-http2/4.2.7.Final/ce3234f38c9b7a5f625bc75765fa9b62c99d7f71/netty-codec-http2-4.2.7.Final.jar:/tmp/metadata-forge-gradle/dc7946488e7e4c64/worktree-homes/9352-844bc6f6-7fb220f3/caches/modules-2/files-2.1/io.netty/netty-codec-http3/4.2.7.Final/c9b6155713d6017a21e71dea3e041c4143facf5c/netty-codec-http3-4.2.7.Final.jar:/tmp/metadata-forge-gradle/dc7946488e7e4c64/worktree-homes/9352-844bc6f6-7fb220f3/caches/modules-2/files-2.1/io.projectreactor.netty/reactor-netty-core/1.3.0/e61bc1afa13461df8ab176a1df553dac62d91a72/reactor-netty-core-1.3.0.jar:/tmp/metadata-forge-gradle/dc7946488e7e4c64/worktree-homes/9352-844bc6f6-7fb220f3/caches/modules-2/files-2.1/io.netty/netty-handler-proxy/4.2.7.Final/a1b6d07504fe98163f49d34c9a5efb22d8e84212/netty-handler-proxy-4.2.7.Final.jar:/tmp/metadata-forge-gradle/dc7946488e7e4c64/worktree-homes/9352-844bc6f6-7fb220f3/caches/modules-2/files-2.1/io.netty/netty-codec-http/4.2.7.Final/b734c108854099c421fd94d92d9f865e4d4da853/netty-codec-http-4.2.7.Final.jar:/tmp/metadata-forge-gradle/dc7946488e7e4c64/worktree-homes/9352-844bc6f6-7fb220f3/caches/modules-2/files-2.1/io.netty/netty-resolver-dns-native-macos/4.2.7.Final/b872d902363468f59069a53916c895ee0bb46688/netty-resolver-dns-native-macos-4.2.7.Final-osx-x86_64.jar:/tmp/metadata-forge-gradle/dc7946488e7e4c64/worktree-homes/9352-844bc6f6-7fb220f3/caches/modules-2/files-2.1/io.netty/netty-resolver-dns-classes-macos/4.2.7.Final/f3ab2296dcb690b012729417c66bada9fd2852f0/netty-resolver-dns-classes-macos-4.2.7.Final.jar:/tmp/metadata-forge-gradle/dc7946488e7e4c64/worktree-homes/9352-844bc6f6-7fb220f3/caches/modules-2/files-2.1/io.netty/netty-resolver-dns/4.2.7.Final/5975d21835704a84d51405b5c4f843337cbf2bb5/netty-resolver-dns-4.2.7.Final.jar:/tmp/metadata-forge-gradle/dc7946488e7e4c64/worktree-homes/9352-844bc6f6-7fb220f3/caches/modules-2/files-2.1/io.netty/netty-transport-native-epoll/4.2.7.Final/e83998bfc10b5289d9bcbe807c4079ef0eed8e6f/netty-transport-native-epoll-4.2.7.Final-linux-x86_64.jar:/tmp/metadata-forge-gradle/dc7946488e7e4c64/worktree-homes/9352-844bc6f6-7fb220f3/caches/modules-2/files-2.1/io.projectreactor/reactor-core/3.8.0/21d51d40dda28f8cc3ab9a22fb35dd6146e4323b/reactor-core-3.8.0.jar:/tmp/metadata-forge-gradle/dc7946488e7e4c64/ro-dep-cache/modules-2/files-2.1/org.jspecify/jspecify/1.0.0/7425a601c1c7ec76645a78d22b8c6a627edee507/jspecify-1.0.0.jar:/tmp/metadata-forge-gradle/dc7946488e7e4c64/ro-dep-cache/modules-2/files-2.1/junit/junit/4.13.2/8ac9e16d933b6fb43bc7f576336b8f4d7eb5ba12/junit-4.13.2.jar:/tmp/metadata-forge-gradle/dc7946488e7e4c64/worktree-homes/9352-844bc6f6-7fb220f3/caches/modules-2/files-2.1/io.netty/netty-codec-compression/4.2.7.Final/572341bc1ca90fd9d6e47f1d2694aab5258566e9/netty-codec-compression-4.2.7.Final.jar:/tmp/metadata-forge-gradle/dc7946488e7e4c64/worktree-homes/9352-844bc6f6-7fb220f3/caches/modules-2/files-2.1/io.netty/netty-codec-native-quic/4.2.7.Final/6a3e4398852f926c4b22f381d89dae2388446ae8/netty-codec-native-quic-4.2.7.Final-linux-x86_64.jar:/tmp/metadata-forge-gradle/dc7946488e7e4c64/worktree-homes/9352-844bc6f6-7fb220f3/caches/modules-2/files-2.1/io.netty/netty-codec-native-quic/4.2.7.Final/7ecd8d1de6b3eb7eeb3dcdb1034780826e141f1c/netty-codec-native-quic-4.2.7.Final-linux-aarch_64.jar:/tmp/metadata-forge-gradle/dc7946488e7e4c64/worktree-homes/9352-844bc6f6-7fb220f3/caches/modules-2/files-2.1/io.netty/netty-codec-native-quic/4.2.7.Final/f3679a6cc103292931098b1dc835ffb831e27368/netty-codec-native-quic-4.2.7.Final-osx-x86_64.jar:/tmp/metadata-forge-gradle/dc7946488e7e4c64/worktree-homes/9352-844bc6f6-7fb220f3/caches/modules-2/files-2.1/io.netty/netty-codec-native-quic/4.2.7.Final/c30d746bd588c07bac4ac04abde576c05a3c0a28/netty-codec-native-quic-4.2.7.Final-osx-aarch_64.jar:/tmp/metadata-forge-gradle/dc7946488e7e4c64/worktree-homes/9352-844bc6f6-7fb220f3/caches/modules-2/files-2.1/io.netty/netty-codec-native-quic/4.2.7.Final/c4f177d2a99668c209acc31b8b85df58e9166218/netty-codec-native-quic-4.2.7.Final-windows-x86_64.jar:/tmp/metadata-forge-gradle/dc7946488e7e4c64/worktree-homes/9352-844bc6f6-7fb220f3/caches/modules-2/files-2.1/io.netty/netty-codec-classes-quic/4.2.7.Final/98e80e8a575aa5cacd0db278a91fc4b34e4721fe/netty-codec-classes-quic-4.2.7.Final.jar:/tmp/metadata-forge-gradle/dc7946488e7e4c64/worktree-homes/9352-844bc6f6-7fb220f3/caches/modules-2/files-2.1/io.netty/netty-handler/4.2.7.Final/7ad8a1f851e2e6fe93cdd091871fda2b81c03b5b/netty-handler-4.2.7.Final.jar:/tmp/metadata-forge-gradle/dc7946488e7e4c64/worktree-homes/9352-844bc6f6-7fb220f3/caches/modules-2/files-2.1/io.netty/netty-codec-dns/4.2.7.Final/95a2b329442a22a7d77de5fc5ecebbcf26b8cd4e/netty-codec-dns-4.2.7.Final.jar:/tmp/metadata-forge-gradle/dc7946488e7e4c64/worktree-homes/9352-844bc6f6-7fb220f3/caches/modules-2/files-2.1/io.netty/netty-codec-socks/4.2.7.Final/9f26324e436e8884bb4aa801a6e9151c0b50a754/netty-codec-socks-4.2.7.Final.jar:/tmp/metadata-forge-gradle/dc7946488e7e4c64/worktree-homes/9352-844bc6f6-7fb220f3/caches/modules-2/files-2.1/io.netty/netty-codec-base/4.2.7.Final/915e381ebabcf115f1c7ff7032d55c48afb50210/netty-codec-base-4.2.7.Final.jar:/tmp/metadata-forge-gradle/dc7946488e7e4c64/worktree-homes/9352-844bc6f6-7fb220f3/caches/modules-2/files-2.1/io.netty/netty-transport-classes-epoll/4.2.7.Final/1075c09f48a78eef9d819fbfd9096b903fdd362a/netty-transport-classes-epoll-4.2.7.Final.jar:/tmp/metadata-forge-gradle/dc7946488e7e4c64/worktree-homes/9352-844bc6f6-7fb220f3/caches/modules-2/files-2.1/io.netty/netty-transport-native-unix-common/4.2.7.Final/89953f04259ea7502cffb313630dd51e00e60669/netty-transport-native-unix-common-4.2.7.Final.jar:/tmp/metadata-forge-gradle/dc7946488e7e4c64/worktree-homes/9352-844bc6f6-7fb220f3/caches/modules-2/files-2.1/io.netty/netty-transport/4.2.7.Final/83ea548981d0d8c4a98027cc1a6f9624f902e142/netty-transport-4.2.7.Final.jar:/tmp/metadata-forge-gradle/dc7946488e7e4c64/worktree-homes/9352-844bc6f6-7fb220f3/caches/modules-2/files-2.1/io.netty/netty-buffer/4.2.7.Final/5555ff561643bf2f8430fb57c24403c0efe15994/netty-buffer-4.2.7.Final.jar:/tmp/metadata-forge-gradle/dc7946488e7e4c64/worktree-homes/9352-844bc6f6-7fb220f3/caches/modules-2/files-2.1/io.netty/netty-resolver/4.2.7.Final/5f3e5ef8de03992cd4fb46960dc0085ec1a12a12/netty-resolver-4.2.7.Final.jar:/tmp/metadata-forge-gradle/dc7946488e7e4c64/worktree-homes/9352-844bc6f6-7fb220f3/caches/modules-2/files-2.1/io.netty/netty-common/4.2.7.Final/11aa30df26af4fca3239ac1917f303a280f301e1/netty-common-4.2.7.Final.jar:/tmp/metadata-forge-gradle/dc7946488e7e4c64/worktree-homes/9352-844bc6f6-7fb220f3/caches/modules-2/files-2.1/org.bouncycastle/bcprov-jdk18on/1.80/e22100b41042decf09cab914a5af8d2c57b5ac4a/bcprov-jdk18on-1.80.jar:/tmp/metadata-forge-gradle/dc7946488e7e4c64/ro-dep-cache/modules-2/files-2.1/org.reactivestreams/reactive-streams/1.0.4/3864a1320d97d7b045f729a326e1e077661f31b7/reactive-streams-1.0.4.jar:/tmp/metadata-forge-gradle/dc7946488e7e4c64/ro-dep-cache/modules-2/files-2.1/org.opentest4j/opentest4j/1.2.0/28c11eb91f9b6d8e200631d46e20a7f407f2a046/opentest4j-1.2.0.jar:/tmp/metadata-forge-gradle/dc7946488e7e4c64/ro-dep-cache/modules-2/files-2.1/org.hamcrest/hamcrest-core/1.3/42a25dc3219429f0e5d060061f71acb49bf010a0/hamcrest-core-1.3.jar:/home/oracle/oracle/graalvm-reachability-metadata/forge/local_repositories/forge_worktrees/9352-844bc6f6/tests/src/io.projectreactor.netty/reactor-netty-http/1.0.39/build/classes/java/test:/home/oracle/oracle/graalvm-reachability-metadata/forge/local_repositories/forge_worktrees/9352-844bc6f6/tests/src/io.projectreactor.netty/reactor-netty-http/1.0.39/build/resources/test:/home/oracle/oracle/graalvm-reachability-metadata/forge/local_repositories/forge_worktrees/9352-844bc6f6/tests/src/io.projectreactor.netty/reactor-netty-http/1.0.39/build/test-results/test/testlist \
-imagemp \
/home/oracle/oracle/graal/sdk/mxbuild/linux-amd64/GRAALVM_NI_EE_JAVA25/graalvm-ni-ee-25.4.4.1.1-dev+1.1/lib/svm/library-support.jar:/home/oracle/oracle/graal/sdk/mxbuild/linux-amd64/GRAALVM_NI_EE_JAVA25/graalvm-ni-ee-25.4.4.1.1-dev+1.1/lib/svm/svm-guest.jar \
-H:CLibraryPath=/home/oracle/oracle/graal/sdk/mxbuild/linux-amd64/GRAALVM_NI_EE_JAVA25/graalvm-ni-ee-25.4.4.1.1-dev+1.1/lib/svm/clibraries/linux-amd64/glibc,/home/oracle/oracle/graal/sdk/mxbuild/linux-amd64/GRAALVM_NI_EE_JAVA25/graalvm-ni-ee-25.4.4.1.1-dev+1.1/lib/svm/clibraries/linux-amd64,/home/oracle/oracle/graal/sdk/mxbuild/linux-amd64/GRAALVM_NI_EE_JAVA25/graalvm-ni-ee-25.4.4.1.1-dev+1.1/lib/svm/clibraries \
-H:Path@driver=/home/oracle/oracle/graalvm-reachability-metadata/forge/local_repositories/forge_worktrees/9352-844bc6f6/tests/src/io.projectreactor.netty/reactor-netty-http/1.0.39/build/native/nativeTestCompile \
-H:+UnlockExperimentalVMOptions@user \
-H:-OutlineStringBuilderAppends@user \
-H:-OutlineStringBufferAppends@user \
-H:-OutlineIndyStringConcatenations@user \
-H:-OutlineSBMaterializations@user \
'-H:ReflectionConfigurationResources@jar:file:///tmp/metadata-forge-gradle/dc7946488e7e4c64/worktree-homes/9352-844bc6f6-7fb220f3/caches/modules-2/files-2.1/io.projectreactor.netty/reactor-netty-http/1.3.0/7741a8da179c6b28f4a11265a7ceb369dd3f15f/reactor-netty-http-1.3.0.jar!/META-INF/native-image/io.projectreactor.netty/reactor-netty-http/reflect-config.json+api=META-INF/native-image/io.projectreactor.netty/reactor-netty-http/reflect-config.json' \
'-H:ReflectionConfigurationResources@jar:file:///tmp/metadata-forge-gradle/dc7946488e7e4c64/worktree-homes/9352-844bc6f6-7fb220f3/caches/modules-2/files-2.1/io.projectreactor.netty/reactor-netty-core/1.3.0/e61bc1afa13461df8ab176a1df553dac62d91a72/reactor-netty-core-1.3.0.jar!/META-INF/native-image/io.projectreactor.netty/reactor-netty-core/reflect-config.json+api=META-INF/native-image/io.projectreactor.netty/reactor-netty-core/reflect-config.json' \
'-H:ReflectionConfigurationResources@jar:file:///tmp/metadata-forge-gradle/dc7946488e7e4c64/worktree-homes/9352-844bc6f6-7fb220f3/caches/modules-2/files-2.1/io.netty/netty-handler-proxy/4.2.7.Final/a1b6d07504fe98163f49d34c9a5efb22d8e84212/netty-handler-proxy-4.2.7.Final.jar!/META-INF/native-image/io.netty/netty-handler-proxy/generated/handlers/reflect-config.json+api=META-INF/native-image/io.netty/netty-handler-proxy/generated/handlers/reflect-config.json' \
'-H:ReflectionConfigurationResources@jar:file:///tmp/metadata-forge-gradle/dc7946488e7e4c64/worktree-homes/9352-844bc6f6-7fb220f3/caches/modules-2/files-2.1/io.projectreactor/reactor-core/3.8.0/21d51d40dda28f8cc3ab9a22fb35dd6146e4323b/reactor-core-3.8.0.jar!/META-INF/native-image/io.projectreactor/reactor-core/reflect-config.json+api=META-INF/native-image/io.projectreactor/reactor-core/reflect-config.json' \
'-H:ClassInitialization@jar:file:///tmp/metadata-forge-gradle/dc7946488e7e4c64/worktree-homes/9352-844bc6f6-7fb220f3/caches/modules-2/files-2.1/io.netty/netty-codec-compression/4.2.7.Final/572341bc1ca90fd9d6e47f1d2694aab5258566e9/netty-codec-compression-4.2.7.Final.jar!/META-INF/native-image/io.netty/netty-codec-compression/native-image.properties+api=io.netty.handler.codec.compression.BrotliDecoder:run_time' \
'-H:ReflectionConfigurationResources@jar:file:///tmp/metadata-forge-gradle/dc7946488e7e4c64/worktree-homes/9352-844bc6f6-7fb220f3/caches/modules-2/files-2.1/io.netty/netty-codec-compression/4.2.7.Final/572341bc1ca90fd9d6e47f1d2694aab5258566e9/netty-codec-compression-4.2.7.Final.jar!/META-INF/native-image/io.netty/netty-codec-compression/generated/handlers/reflect-config.json+api=META-INF/native-image/io.netty/netty-codec-compression/generated/handlers/reflect-config.json' \
'-H:ClassInitialization@jar:file:///tmp/metadata-forge-gradle/dc7946488e7e4c64/worktree-homes/9352-844bc6f6-7fb220f3/caches/modules-2/files-2.1/io.netty/netty-codec-native-quic/4.2.7.Final/6a3e4398852f926c4b22f381d89dae2388446ae8/netty-codec-native-quic-4.2.7.Final-linux-x86_64.jar!/META-INF/native-image/io.netty/netty-codec-native-quic/native-image.properties+api=io.netty.handler.codec.quic:run_time' \
'-H:JNIConfigurationResources@jar:file:///tmp/metadata-forge-gradle/dc7946488e7e4c64/worktree-homes/9352-844bc6f6-7fb220f3/caches/modules-2/files-2.1/io.netty/netty-codec-native-quic/4.2.7.Final/6a3e4398852f926c4b22f381d89dae2388446ae8/netty-codec-native-quic-4.2.7.Final-linux-x86_64.jar!/META-INF/native-image/io.netty/netty-codec-native-quic/jni-config.json+api=META-INF/native-image/io.netty/netty-codec-native-quic/jni-config.json' \
'-H:ReflectionConfigurationResources@jar:file:///tmp/metadata-forge-gradle/dc7946488e7e4c64/worktree-homes/9352-844bc6f6-7fb220f3/caches/modules-2/files-2.1/io.netty/netty-codec-native-quic/4.2.7.Final/6a3e4398852f926c4b22f381d89dae2388446ae8/netty-codec-native-quic-4.2.7.Final-linux-x86_64.jar!/META-INF/native-image/io.netty/netty-codec-native-quic/reflect-config.json+api=META-INF/native-image/io.netty/netty-codec-native-quic/reflect-config.json' \
'-H:ResourceConfigurationResources@jar:file:///tmp/metadata-forge-gradle/dc7946488e7e4c64/worktree-homes/9352-844bc6f6-7fb220f3/caches/modules-2/files-2.1/io.netty/netty-codec-native-quic/4.2.7.Final/6a3e4398852f926c4b22f381d89dae2388446ae8/netty-codec-native-quic-4.2.7.Final-linux-x86_64.jar!/META-INF/native-image/io.netty/netty-codec-native-quic/resource-config.json+api=META-INF/native-image/io.netty/netty-codec-native-quic/resource-config.json' \
'-H:ClassInitialization@jar:file:///tmp/metadata-forge-gradle/dc7946488e7e4c64/worktree-homes/9352-844bc6f6-7fb220f3/caches/modules-2/files-2.1/io.netty/netty-codec-native-quic/4.2.7.Final/7ecd8d1de6b3eb7eeb3dcdb1034780826e141f1c/netty-codec-native-quic-4.2.7.Final-linux-aarch_64.jar!/META-INF/native-image/io.netty/netty-codec-native-quic/native-image.properties+api=io.netty.handler.codec.quic:run_time' \
'-H:JNIConfigurationResources@jar:file:///tmp/metadata-forge-gradle/dc7946488e7e4c64/worktree-homes/9352-844bc6f6-7fb220f3/caches/modules-2/files-2.1/io.netty/netty-codec-native-quic/4.2.7.Final/7ecd8d1de6b3eb7eeb3dcdb1034780826e141f1c/netty-codec-native-quic-4.2.7.Final-linux-aarch_64.jar!/META-INF/native-image/io.netty/netty-codec-native-quic/jni-config.json+api=META-INF/native-image/io.netty/netty-codec-native-quic/jni-config.json' \
'-H:ReflectionConfigurationResources@jar:file:///tmp/metadata-forge-gradle/dc7946488e7e4c64/worktree-homes/9352-844bc6f6-7fb220f3/caches/modules-2/files-2.1/io.netty/netty-codec-native-quic/4.2.7.Final/7ecd8d1de6b3eb7eeb3dcdb1034780826e141f1c/netty-codec-native-quic-4.2.7.Final-linux-aarch_64.jar!/META-INF/native-image/io.netty/netty-codec-native-quic/reflect-config.json+api=META-INF/native-image/io.netty/netty-codec-native-quic/reflect-config.json' \
'-H:ResourceConfigurationResources@jar:file:///tmp/metadata-forge-gradle/dc7946488e7e4c64/worktree-homes/9352-844bc6f6-7fb220f3/caches/modules-2/files-2.1/io.netty/netty-codec-native-quic/4.2.7.Final/7ecd8d1de6b3eb7eeb3dcdb1034780826e141f1c/netty-codec-native-quic-4.2.7.Final-linux-aarch_64.jar!/META-INF/native-image/io.netty/netty-codec-native-quic/resource-config.json+api=META-INF/native-image/io.netty/netty-codec-native-quic/resource-config.json' \
'-H:ClassInitialization@jar:file:///tmp/metadata-forge-gradle/dc7946488e7e4c64/worktree-homes/9352-844bc6f6-7fb220f3/caches/modules-2/files-2.1/io.netty/netty-codec-native-quic/4.2.7.Final/f3679a6cc103292931098b1dc835ffb831e27368/netty-codec-native-quic-4.2.7.Final-osx-x86_64.jar!/META-INF/native-image/io.netty/netty-codec-native-quic/native-image.properties+api=io.netty.handler.codec.quic:run_time' \
'-H:JNIConfigurationResources@jar:file:///tmp/metadata-forge-gradle/dc7946488e7e4c64/worktree-homes/9352-844bc6f6-7fb220f3/caches/modules-2/files-2.1/io.netty/netty-codec-native-quic/4.2.7.Final/f3679a6cc103292931098b1dc835ffb831e27368/netty-codec-native-quic-4.2.7.Final-osx-x86_64.jar!/META-INF/native-image/io.netty/netty-codec-native-quic/jni-config.json+api=META-INF/native-image/io.netty/netty-codec-native-quic/jni-config.json' \
'-H:ReflectionConfigurationResources@jar:file:///tmp/metadata-forge-gradle/dc7946488e7e4c64/worktree-homes/9352-844bc6f6-7fb220f3/caches/modules-2/files-2.1/io.netty/netty-codec-native-quic/4.2.7.Final/f3679a6cc103292931098b1dc835ffb831e27368/netty-codec-native-quic-4.2.7.Final-osx-x86_64.jar!/META-INF/native-image/io.netty/netty-codec-native-quic/reflect-config.json+api=META-INF/native-image/io.netty/netty-codec-native-quic/reflect-config.json' \
'-H:ResourceConfigurationResources@jar:file:///tmp/metadata-forge-gradle/dc7946488e7e4c64/worktree-homes/9352-844bc6f6-7fb220f3/caches/modules-2/files-2.1/io.netty/netty-codec-native-quic/4.2.7.Final/f3679a6cc103292931098b1dc835ffb831e27368/netty-codec-native-quic-4.2.7.Final-osx-x86_64.jar!/META-INF/native-image/io.netty/netty-codec-native-quic/resource-config.json+api=META-INF/native-image/io.netty/netty-codec-native-quic/resource-config.json' \
'-H:ClassInitialization@jar:file:///tmp/metadata-forge-gradle/dc7946488e7e4c64/worktree-homes/9352-844bc6f6-7fb220f3/caches/modules-2/files-2.1/io.netty/netty-codec-native-quic/4.2.7.Final/c30d746bd588c07bac4ac04abde576c05a3c0a28/netty-codec-native-quic-4.2.7.Final-osx-aarch_64.jar!/META-INF/native-image/io.netty/netty-codec-native-quic/native-image.properties+api=io.netty.handler.codec.quic:run_time' \
'-H:JNIConfigurationResources@jar:file:///tmp/metadata-forge-gradle/dc7946488e7e4c64/worktree-homes/9352-844bc6f6-7fb220f3/caches/modules-2/files-2.1/io.netty/netty-codec-native-quic/4.2.7.Final/c30d746bd588c07bac4ac04abde576c05a3c0a28/netty-codec-native-quic-4.2.7.Final-osx-aarch_64.jar!/META-INF/native-image/io.netty/netty-codec-native-quic/jni-config.json+api=META-INF/native-image/io.netty/netty-codec-native-quic/jni-config.json' \
'-H:ReflectionConfigurationResources@jar:file:///tmp/metadata-forge-gradle/dc7946488e7e4c64/worktree-homes/9352-844bc6f6-7fb220f3/caches/modules-2/files-2.1/io.netty/netty-codec-native-quic/4.2.7.Final/c30d746bd588c07bac4ac04abde576c05a3c0a28/netty-codec-native-quic-4.2.7.Final-osx-aarch_64.jar!/META-INF/native-image/io.netty/netty-codec-native-quic/reflect-config.json+api=META-INF/native-image/io.netty/netty-codec-native-quic/reflect-config.json' \
'-H:ResourceConfigurationResources@jar:file:///tmp/metadata-forge-gradle/dc7946488e7e4c64/worktree-homes/9352-844bc6f6-7fb220f3/caches/modules-2/files-2.1/io.netty/netty-codec-native-quic/4.2.7.Final/c30d746bd588c07bac4ac04abde576c05a3c0a28/netty-codec-native-quic-4.2.7.Final-osx-aarch_64.jar!/META-INF/native-image/io.netty/netty-codec-native-quic/resource-config.json+api=META-INF/native-image/io.netty/netty-codec-native-quic/resource-config.json' \
'-H:ClassInitialization@jar:file:///tmp/metadata-forge-gradle/dc7946488e7e4c64/worktree-homes/9352-844bc6f6-7fb220f3/caches/modules-2/files-2.1/io.netty/netty-codec-native-quic/4.2.7.Final/c4f177d2a99668c209acc31b8b85df58e9166218/netty-codec-native-quic-4.2.7.Final-windows-x86_64.jar!/META-INF/native-image/io.netty/netty-codec-native-quic/native-image.properties+api=io.netty.handler.codec.quic:run_time' \
'-H:JNIConfigurationResources@jar:file:///tmp/metadata-forge-gradle/dc7946488e7e4c64/worktree-homes/9352-844bc6f6-7fb220f3/caches/modules-2/files-2.1/io.netty/netty-codec-native-quic/4.2.7.Final/c4f177d2a99668c209acc31b8b85df58e9166218/netty-codec-native-quic-4.2.7.Final-windows-x86_64.jar!/META-INF/native-image/io.netty/netty-codec-native-quic/jni-config.json+api=META-INF/native-image/io.netty/netty-codec-native-quic/jni-config.json' \
'-H:ReflectionConfigurationResources@jar:file:///tmp/metadata-forge-gradle/dc7946488e7e4c64/worktree-homes/9352-844bc6f6-7fb220f3/caches/modules-2/files-2.1/io.netty/netty-codec-native-quic/4.2.7.Final/c4f177d2a99668c209acc31b8b85df58e9166218/netty-codec-native-quic-4.2.7.Final-windows-x86_64.jar!/META-INF/native-image/io.netty/netty-codec-native-quic/reflect-config.json+api=META-INF/native-image/io.netty/netty-codec-native-quic/reflect-config.json' \
'-H:ResourceConfigurationResources@jar:file:///tmp/metadata-forge-gradle/dc7946488e7e4c64/worktree-homes/9352-844bc6f6-7fb220f3/caches/modules-2/files-2.1/io.netty/netty-codec-native-quic/4.2.7.Final/c4f177d2a99668c209acc31b8b85df58e9166218/netty-codec-native-quic-4.2.7.Final-windows-x86_64.jar!/META-INF/native-image/io.netty/netty-codec-native-quic/resource-config.json+api=META-INF/native-image/io.netty/netty-codec-native-quic/resource-config.json' \
'-H:ReflectionConfigurationResources@jar:file:///tmp/metadata-forge-gradle/dc7946488e7e4c64/worktree-homes/9352-844bc6f6-7fb220f3/caches/modules-2/files-2.1/io.netty/netty-codec-dns/4.2.7.Final/95a2b329442a22a7d77de5fc5ecebbcf26b8cd4e/netty-codec-dns-4.2.7.Final.jar!/META-INF/native-image/io.netty/netty-codec-dns/generated/handlers/reflect-config.json+api=META-INF/native-image/io.netty/netty-codec-dns/generated/handlers/reflect-config.json' \
'-H:ReflectionConfigurationResources@jar:file:///tmp/metadata-forge-gradle/dc7946488e7e4c64/worktree-homes/9352-844bc6f6-7fb220f3/caches/modules-2/files-2.1/io.netty/netty-codec-socks/4.2.7.Final/9f26324e436e8884bb4aa801a6e9151c0b50a754/netty-codec-socks-4.2.7.Final.jar!/META-INF/native-image/io.netty/netty-codec-socks/generated/handlers/reflect-config.json+api=META-INF/native-image/io.netty/netty-codec-socks/generated/handlers/reflect-config.json' \
'-H:ReflectionConfigurationResources@jar:file:///tmp/metadata-forge-gradle/dc7946488e7e4c64/worktree-homes/9352-844bc6f6-7fb220f3/caches/modules-2/files-2.1/io.netty/netty-codec-base/4.2.7.Final/915e381ebabcf115f1c7ff7032d55c48afb50210/netty-codec-base-4.2.7.Final.jar!/META-INF/native-image/io.netty/netty-codec-base/generated/handlers/reflect-config.json+api=META-INF/native-image/io.netty/netty-codec-base/generated/handlers/reflect-config.json' \
'-H:ClassInitialization@jar:file:///tmp/metadata-forge-gradle/dc7946488e7e4c64/worktree-homes/9352-844bc6f6-7fb220f3/caches/modules-2/files-2.1/io.netty/netty-transport-classes-epoll/4.2.7.Final/1075c09f48a78eef9d819fbfd9096b903fdd362a/netty-transport-classes-epoll-4.2.7.Final.jar!/META-INF/native-image/io.netty/netty-transport-classes-epoll/native-image.properties+api=io.netty.channel.epoll:run_time,io.netty.channel.unix.Limits:run_time,io.netty.channel.unix.IovArray:run_time,io.netty.channel.unix.Errors:run_time' \
'-H:JNIConfigurationResources@jar:file:///tmp/metadata-forge-gradle/dc7946488e7e4c64/worktree-homes/9352-844bc6f6-7fb220f3/caches/modules-2/files-2.1/io.netty/netty-transport-classes-epoll/4.2.7.Final/1075c09f48a78eef9d819fbfd9096b903fdd362a/netty-transport-classes-epoll-4.2.7.Final.jar!/META-INF/native-image/io.netty/netty-transport-classes-epoll/jni-config.json+api=META-INF/native-image/io.netty/netty-transport-classes-epoll/jni-config.json' \
'-H:ReflectionConfigurationResources@jar:file:///tmp/metadata-forge-gradle/dc7946488e7e4c64/worktree-homes/9352-844bc6f6-7fb220f3/caches/modules-2/files-2.1/io.netty/netty-transport-classes-epoll/4.2.7.Final/1075c09f48a78eef9d819fbfd9096b903fdd362a/netty-transport-classes-epoll-4.2.7.Final.jar!/META-INF/native-image/io.netty/netty-transport-classes-epoll/reflect-config.json+api=META-INF/native-image/io.netty/netty-transport-classes-epoll/reflect-config.json' \
'-H:ResourceConfigurationResources@jar:file:///tmp/metadata-forge-gradle/dc7946488e7e4c64/worktree-homes/9352-844bc6f6-7fb220f3/caches/modules-2/files-2.1/io.netty/netty-transport-classes-epoll/4.2.7.Final/1075c09f48a78eef9d819fbfd9096b903fdd362a/netty-transport-classes-epoll-4.2.7.Final.jar!/META-INF/native-image/io.netty/netty-transport-classes-epoll/resource-config.json+api=META-INF/native-image/io.netty/netty-transport-classes-epoll/resource-config.json' \
-H:FallbackThreshold@user+api=0 \
-H:Name@user+api=io.projectreactor.netty.reactor-netty-http_tests-tests \
-H:ConfigurationFileDirectories@user=/home/oracle/oracle/graalvm-reachability-metadata/forge/local_repositories/forge_worktrees/9352-844bc6f6/tests/src/io.projectreactor.netty/reactor-netty-http/1.0.39/build/native/generated/generateTestResourcesConfigFile,/home/oracle/oracle/graalvm-reachability-metadata/forge/local_repositories/forge_worktrees/9352-844bc6f6/metadata/org.junit.jupiter/junit-jupiter-api/5.8.2,/home/oracle/oracle/graalvm-reachability-metadata/forge/local_repositories/forge_worktrees/9352-844bc6f6/metadata/org.opentest4j/opentest4j/1.2.0,/home/oracle/oracle/graalvm-reachability-metadata/forge/local_repositories/forge_worktrees/9352-844bc6f6/metadata/org.junit.platform/junit-platform-commons/1.8.2,/home/oracle/oracle/graalvm-reachability-metadata/forge/local_repositories/forge_worktrees/9352-844bc6f6/metadata/org.junit.jupiter/junit-jupiter-params/5.9.2,/home/oracle/oracle/graalvm-reachability-metadata/forge/local_repositories/forge_worktrees/9352-844bc6f6/metadata/org.junit.jupiter/junit-jupiter-engine/5.8.2,/home/oracle/oracle/graalvm-reachability-metadata/forge/local_repositories/forge_worktrees/9352-844bc6f6/metadata/org.junit.platform/junit-platform-engine/1.11.1,/home/oracle/oracle/graalvm-reachability-metadata/forge/local_repositories/forge_worktrees/9352-844bc6f6/metadata/org.junit.platform/junit-platform-launcher/1.9.2,/home/oracle/oracle/graalvm-reachability-metadata/forge/local_repositories/forge_worktrees/9352-844bc6f6/metadata/org.junit.platform/junit-platform-reporting/1.9.2,/home/oracle/oracle/graalvm-reachability-metadata/forge/local_repositories/forge_worktrees/9352-844bc6f6/metadata/org.junit.vintage/junit-vintage-engine/5.9.1,/home/oracle/oracle/graalvm-reachability-metadata/forge/local_repositories/forge_worktrees/9352-844bc6f6/metadata/junit/junit/4.13.2,/home/oracle/oracle/graalvm-reachability-metadata/forge/local_repositories/forge_worktrees/9352-844bc6f6/metadata/org.hamcrest/hamcrest-core/1.3,/home/oracle/oracle/graalvm-reachability-metadata/forge/local_repositories/forge_worktrees/9352-844bc6f6/metadata/io.projectreactor.netty/reactor-netty-http/1.3.0,/home/oracle/oracle/graalvm-reachability-metadata/forge/local_repositories/forge_worktrees/9352-844bc6f6/metadata/io.netty/netty-codec-http/4.1.80.Final,/home/oracle/oracle/graalvm-reachability-metadata/forge/local_repositories/forge_worktrees/9352-844bc6f6/metadata/io.netty/netty-common/4.1.115.Final,/home/oracle/oracle/graalvm-reachability-metadata/forge/local_repositories/forge_worktrees/9352-844bc6f6/metadata/io.netty/netty-buffer/4.1.80.Final,/home/oracle/oracle/graalvm-reachability-metadata/forge/local_repositories/forge_worktrees/9352-844bc6f6/metadata/io.netty/netty-transport/4.1.115.Final,/home/oracle/oracle/graalvm-reachability-metadata/forge/local_repositories/forge_worktrees/9352-844bc6f6/metadata/io.netty/netty-resolver/4.1.79.Final,/home/oracle/oracle/graalvm-reachability-metadata/forge/local_repositories/forge_worktrees/9352-844bc6f6/metadata/io.netty/netty-handler/4.1.80.Final,/home/oracle/oracle/graalvm-reachability-metadata/forge/local_repositories/forge_worktrees/9352-844bc6f6/metadata/io.netty/netty-transport-native-unix-common/4.1.57.Final,/home/oracle/oracle/graalvm-reachability-metadata/forge/local_repositories/forge_worktrees/9352-844bc6f6/metadata/io.netty/netty-codec-http2/4.1.80.Final,/home/oracle/oracle/graalvm-reachability-metadata/forge/local_repositories/forge_worktrees/9352-844bc6f6/metadata/io.netty/netty-resolver-dns/4.1.80.Final,/home/oracle/oracle/graalvm-reachability-metadata/forge/local_repositories/forge_worktrees/9352-844bc6f6/metadata/io.netty/netty-codec-dns/4.1.79.Final,/home/oracle/oracle/graalvm-reachability-metadata/forge/local_repositories/forge_worktrees/9352-844bc6f6/metadata/io.netty/netty-resolver-dns-classes-macos/4.1.74.Final,/home/oracle/oracle/graalvm-reachability-metadata/forge/local_repositories/forge_worktrees/9352-844bc6f6/metadata/io.netty/netty-transport-native-epoll/4.1.42.Final,/home/oracle/oracle/graalvm-reachability-metadata/forge/local_repositories/forge_worktrees/9352-844bc6f6/metadata/io.netty/netty-transport-classes-epoll/4.1.99.Final,/home/oracle/oracle/graalvm-reachability-metadata/forge/local_repositories/forge_worktrees/9352-844bc6f6/metadata/io.projectreactor.netty/reactor-netty-core/1.1.0,/home/oracle/oracle/graalvm-reachability-metadata/forge/local_repositories/forge_worktrees/9352-844bc6f6/metadata/io.netty/netty-handler-proxy/4.1.60.Final,/home/oracle/oracle/graalvm-reachability-metadata/forge/local_repositories/forge_worktrees/9352-844bc6f6/metadata/io.netty/netty-codec-socks/4.1.79.Final,/home/oracle/oracle/graalvm-reachability-metadata/forge/local_repositories/forge_worktrees/9352-844bc6f6/metadata/io.projectreactor/reactor-core/3.5.1,/home/oracle/oracle/graalvm-reachability-metadata/forge/local_repositories/forge_worktrees/9352-844bc6f6/metadata/org.reactivestreams/reactive-streams/1.0.3,/home/oracle/oracle/graalvm-reachability-metadata/forge/local_repositories/forge_worktrees/9352-844bc6f6/metadata/org.jspecify/jspecify/1.0.0 \
-H:Optimize@user+api=b \
-H:+ReportExceptionStackTraces@user \
-H:TrackDynamicAccess@user=path=/tmp/metadata-forge-gradle/dc7946488e7e4c64/worktree-homes/9352-844bc6f6-7fb220f3/caches/modules-2/files-2.1/io.projectreactor.netty/reactor-netty-http/1.3.0/7741a8da179c6b28f4a11265a7ceb369dd3f15f/reactor-netty-http-1.3.0.jar \
-H:Preserve@user=path=/tmp/metadata-forge-gradle/dc7946488e7e4c64/worktree-homes/9352-844bc6f6-7fb220f3/caches/modules-2/files-2.1/io.projectreactor.netty/reactor-netty-http/1.3.0/7741a8da179c6b28f4a11265a7ceb369dd3f15f/reactor-netty-http-1.3.0.jar \
-H:Features@user+api=org.graalvm.junit.platform.JUnitPlatformFeature \
-H:-UnlockExperimentalVMOptions@user \
'-H:Class@explicit main-class=org.graalvm.junit.platform.NativeImageJUnitLauncher' \
-H:ImageBuildID@driver=d11e5e48-7653-7da0-9ad3-3c4f071d6e84 \
'-H:AddExports@jar:file:///home/oracle/oracle/graal/sdk/mxbuild/linux-amd64/GRAALVM_NI_EE_JAVA25/graalvm-ni-ee-25.4.4.1.1-dev+1.1/lib/svm/svm-guest.jar!/META-INF/native-image/org.graalvm.nativeimage.guest/native-image.properties+api=java.base/jdk.internal.misc=org.graalvm.nativeimage.guest' \
'-H:Features@jar:file:///home/oracle/oracle/graal/sdk/mxbuild/linux-amd64/GRAALVM_NI_EE_JAVA25/graalvm-ni-ee-25.4.4.1.1-dev+1.1/lib/svm/svm-guest.jar!/META-INF/native-image/org.graalvm.nativeimage.guest/native-image.properties+api=com.oracle.svm.guest.features.jdk.hosted.JavaNetHttpFeature' \
'-H:ClassInitialization@jar:file:///home/oracle/oracle/graal/sdk/mxbuild/linux-amd64/GRAALVM_NI_EE_JAVA25/graalvm-ni-ee-25.4.4.1.1-dev+1.1/lib/svm/svm-guest.jar!/META-INF/native-image/org.graalvm.nativeimage.guest/native-image.properties+api=sun.net.httpserver.simpleserver:run_time' \
'-H:Features@jar:file:///home/oracle/oracle/graal/sdk/mxbuild/linux-amd64/GRAALVM_NI_EE_JAVA25/graalvm-ni-ee-25.4.4.1.1-dev+1.1/lib/svm/library-support.jar!/META-INF/native-image/com.oracle.svm/polyglot/native-image.properties+api=com.oracle.svm.polyglot.groovy.GroovyIndyInterfaceFeature' \
'-H:ReachabilityMetadataResources@jar:file:///home/oracle/oracle/graal/sdk/mxbuild/linux-amd64/GRAALVM_NI_EE_JAVA25/graalvm-ni-ee-25.4.4.1.1-dev+1.1/lib/svm/svm-guest-staging.jar!/META-INF/native-image/org.graalvm.nativeimage.guest/reachability-metadata.json+api=META-INF/native-image/org.graalvm.nativeimage.guest/reachability-metadata.json' \
-H:DriverWarningsCount=2
]
Warning: Option 'FallbackThreshold' is deprecated and might be removed in a future release: It no longer has any effect, and no replacement is available. Please refer to the GraalVM release notes.
========================================================================================================================
GraalVM Native Image: Generating 'io.projectreactor.netty.reactor-netty-http_tests-tests' (executable)...
========================================================================================================================
For detailed information and explanations on the build output, visit:
https://github.com/oracle/graal/blob/master/docs/reference-manual/native-image/BuildOutput.md
------------------------------------------------------------------------------------------------------------------------
[1/8] Initializing...                                                                                  (13.7s @ 0.29GiB)
 Builder configuration:
 - Java version: 25.0.4.1.1+1-LTS, vendor version: Oracle GraalVM 25.4.4.1.1-dev+1.1
 - Graal compiler: optimization level: b, target machine: x86-64-v3, PGO: off
 - C compiler: gcc (linux, x86_64, 13.3.0)
 - Assertions: disabled, system assertions: disabled
 - 1 user-specific feature(s):
   - org.graalvm.junit.platform.JUnitPlatformFeature
 Image configuration:
 - Garbage collector: Serial GC (max heap size: 80% of RAM)
 - Assertions: disabled (class-specific config may apply), system assertions: disabled
------------------------------------------------------------------------------------------------------------------------
 6 experimental option(s) unlocked:
 - '-H:-OutlineSBMaterializations' (origin(s): command line)
 - '-H:Preserve' (origin(s): command line)
 - '-H:-OutlineStringBufferAppends' (origin(s): command line)
 - '-H:-OutlineIndyStringConcatenations' (origin(s): command line)
 - '-H:-OutlineStringBuilderAppends' (origin(s): command line)
 - '-H:TrackDynamicAccess' (origin(s): command line)
------------------------------------------------------------------------------------------------------------------------
Build resources:
 - 20.91GiB of memory (67.1% of system memory, using all available memory)
 - 12 thread(s) (100.0% of 12 available processor(s), determined at start)
[junit-platform-native] Running in 'test listener' mode using files matching pattern [junit-platform-unique-ids*] found in folder [/home/oracle/oracle/graalvm-reachability-metadata/forge/local_repositories/forge_worktrees/9352-844bc6f6/tests/src/io.projectreactor.netty/reactor-netty-http/1.0.39/build/test-results/test/testlist] and its subfolders.
[2/8] Performing analysis...  [*****]                                                                  (71.5s @ 1.73GiB)
   16,965 types,  24,134 fields, and  84,764 methods found reachable
    2,329 types,   1,763 fields, and   6,058 methods registered for reflection
    1,467 types,   1,430 fields, and   2,688 methods registered for JNI access
      190 resource accesses registered with 31.26MiB total size
        5 native libraries: dl, m, pthread, rt, z
[3/8] Building universe...                                                                             (13.0s @ 1.97GiB)
[4/8] Parsing methods...      [***]                                                                     (7.8s @ 2.14GiB)
[5/8] Inlining methods...     [***]                                                                     (2.9s @ 2.14GiB)
[6/8] Compiling methods...    [******]                                                                 (33.9s @ 1.62GiB)
[7/8] Laying out methods...   [****]                                                                   (14.7s @ 2.03GiB)
[8/8] Creating image...       [***]                                                                     (7.5s @ 2.45GiB)
  22.00MiB (25.59%) for code area:    57,927 compilation units
  58.13MiB (67.63%) for image heap:  376,829 objects and 60 resources
   5.82MiB ( 6.77%) for other data
  85.94MiB in total image size, 81.19MiB in total file size
------------------------------------------------------------------------------------------------------------------------
Top 10 origins of code area:                                Top 10 object types in image heap:
   2.28MiB o.g.n.runtime/com.oracle.svm.core.code             31.26MiB byte[] for embedded resources
 918.84KiB java.base/sun.security.ssl                          6.75MiB byte[] for code metadata
 885.90KiB reactor.core.publisher                              5.10MiB byte[] for string data
 782.70KiB java.base/java.util                                 2.52MiB java.base/java.lang.String
 539.25KiB java.base/java.lang.invoke                          2.35MiB java.base/java.lang.Class
 499.44KiB io.netty.buffer                                     1.81MiB o.g.n.runtime/c.o.s.core.hub.DynamicHubCompanion
 475.89KiB java.base/com.sun.crypto.provider                   1.61MiB byte[] for reflection metadata
 409.23KiB java.base/java.lang                                 1.33MiB byte[] for general heap data
 408.33KiB java.base/jdk.internal.classfile.impl             574.66KiB java.base/java.lang.Object[]
 400.59KiB io.netty.handler.codec.http2                      401.04KiB heap alignment
  14.52MiB for 523 more packages                               4.45MiB for 3349 more object types
                            Use '--emit build-report' to create a report with more details.
------------------------------------------------------------------------------------------------------------------------
Security report:
 - Binary includes Java deserialization.
 - CycloneDX SBOM with 43 component(s) is embedded in binary (2.01KiB). 2 type(s) could not be associated to a component.
 - Advanced obfuscation not enabled; enable with '-H:AdvancedObfuscation=""' (experimental support).
------------------------------------------------------------------------------------------------------------------------
Recommendations:
 G1GC: Use the G1 GC ('--gc=G1') for improved latency and throughput.
 PGO:  Use Profile-Guided Optimizations ('--pgo') for improved throughput.
 FUTR: Use '--future-defaults=all' to prepare for future releases.
 HEAP: Set max heap for improved and more predictable memory usage.
 CPU:  Enable more CPU features with '-march=native' for improved performance.
------------------------------------------------------------------------------------------------------------------------
                       15.0s (8.6% of total time) in 496 GCs | Peak RSS: 3.50GiB | CPU load: 5.29
------------------------------------------------------------------------------------------------------------------------
Build artifacts:
 /home/oracle/oracle/graalvm-reachability-metadata/forge/local_repositories/forge_worktrees/9352-844bc6f6/tests/src/io.projectreactor.netty/reactor-netty-http/1.0.39/build/native/nativeTestCompile/io.projectreactor.netty.reactor-netty-http_tests-tests (executable, 81.19MiB)
 /home/oracle/oracle/graalvm-reachability-metadata/forge/local_repositories/forge_worktrees/9352-844bc6f6/tests/src/io.projectreactor.netty/reactor-netty-http/1.0.39/build/native/nativeTestCompile/libmanagement_ext.so (jdk_library, 32.23KiB)
========================================================================================================================
Finished generating 'io.projectreactor.netty.reactor-netty-http_tests-tests' in 2m 52s.

The build process encountered 3 warnings.

[native-image-plugin] Native Image written to: /home/oracle/oracle/graalvm-reachability-metadata/forge/local_repositories/forge_worktrees/9352-844bc6f6/tests/src/io.projectreactor.netty/reactor-netty-http/1.0.39/build/native/nativeTestCompile

> Task :generateDynamicAccessReport

[Incubating] Problems report is available at: file:///home/oracle/oracle/graalvm-reachability-metadata/forge/local_repositories/forge_worktrees/9352-844bc6f6/tests/src/io.projectreactor.netty/reactor-netty-http/1.0.39/build/reports/problems/problems-report.html

Deprecated Gradle features were used in this build, making it incompatible with Gradle 10.

You can use '--warning-mode all' to show the individual deprecation warnings and determine if they come from your own scripts or plugins.

For more on this, please refer to https://docs.gradle.org/9.1.0/userguide/command_line_interface.html#sec:command_line_warnings in the Gradle documentation.

BUILD SUCCESSFUL in 3m 5s
17 actionable tasks: 2 executed, 15 up-to-date
Consider enabling configuration cache to speed up this build: https://docs.gradle.org/9.1.0/userguide/configuration_cache_enabling.html
No dynamic access JSON files were generated for io.projectreactor.netty:reactor-netty-http:1.3.0 because the output directory is missing: /home/oracle/oracle/graalvm-reachability-metadata/forge/local_repositories/forge_worktrees/9352-844bc6f6/tests/src/io.projectreactor.netty/reactor-netty-http/1.0.39/build/native/nativeTestCompile/dynamic-access

[Incubating] Problems report is available at: file:///home/oracle/oracle/graalvm-reachability-metadata/forge/local_repositories/forge_worktrees/9352-844bc6f6/build/reports/problems/problems-report.html

Deprecated Gradle features were used in this build, making it incompatible with Gradle 10.

You can use '--warning-mode all' to show the individual deprecation warnings and determine if they come from your own scripts or plugins.

For more on this, please refer to https://docs.gradle.org/9.1.0/userguide/command_line_interface.html#sec:command_line_warnings in the Gradle documentation.

BUILD SUCCESSFUL in 3m 9s
9 actionable tasks: 1 executed, 8 up-to-date

> Task :generateDynamicAccessCoverageReport FAILED

[Incubating] Problems report is available at: file:///home/oracle/oracle/graalvm-reachability-metadata/forge/local_repositories/forge_worktrees/9352-844bc6f6/build/reports/problems/problems-report.html

FAILURE: Build failed with an exception.

* What went wrong:
Execution failed for task ':generateDynamicAccessCoverageReport'.
> Dynamic-access input for io.projectreactor.netty:reactor-netty-http:1.3.0 was not produced: /home/oracle/oracle/graalvm-reachability-metadata/forge/local_repositories/forge_worktrees/9352-844bc6f6/tests/src/io.projectreactor.netty/reactor-netty-http/1.0.39/build/native/nativeTestCompile/dynamic-access.
  The native test build must generate it before coverage can be reported; writing an empty report here would be indistinguishable from a library that has no dynamic access.

* Try:
> Run with --stacktrace option to get the stack trace.
> Run with --info or --debug option to get more log output.
> Run with --scan to generate a Build Scan (Powered by Develocity).
> Get more help at https://help.gradle.org.

Deprecated Gradle features were used in this build, making it incompatible with Gradle 10.

You can use '--warning-mode all' to show the individual deprecation warnings and determine if they come from your own scripts or plugins.

For more on this, please refer to https://docs.gradle.org/9.1.0/userguide/command_line_interface.html#sec:command_line_warnings in the Gradle documentation.

BUILD FAILED in 4m 20s
9 actionable tasks: 1 executed, 8 up-to-date
