> Task :tck-build-logic:extractPluginRequests UP-TO-DATE
> Task :tck-build-logic:generatePluginAdapters UP-TO-DATE
> Task :tck-build-logic:compileJava UP-TO-DATE
> Task :tck-build-logic:compileGroovy UP-TO-DATE
> Task :tck-build-logic:compileGroovyPlugins UP-TO-DATE
> Task :tck-build-logic:pluginDescriptors UP-TO-DATE
> Task :tck-build-logic:processResources UP-TO-DATE
> Task :tck-build-logic:classes UP-TO-DATE
> Task :tck-build-logic:jar UP-TO-DATE

> Configure project :
GraalVM Reachability Metadata TCK
---------------------------------

> Task :populateArtifactURLs
I filled in the missing fields for the `4.2.1.Final` entry in `metadata/io.netty/netty-codec-socks/index.json`. I didn't run a JSON or Gradle check afterwards. The Maven sources, test-sources and javadoc jars for `4.2.1.Final` each returned HTTP 200, so the `$version$` templates render to real files for the one tested version.

- **source-code-url:** `https://repo1.maven.org/maven2/io/netty/netty-codec-socks/$version$/netty-codec-socks-$version$-sources.jar`
- **repository-url:** `https://github.com/netty/netty`
- **test-code-url:** `https://repo1.maven.org/maven2/io/netty/netty-codec-socks/$version$/netty-codec-socks-$version$-test-sources.jar`
- **documentation-url:** `https://repo1.maven.org/maven2/io/netty/netty-codec-socks/$version$/netty-codec-socks-$version$-javadoc.jar`
- **description:** the same two sentences the other entries in this file already use: "Netty Codec SOCKS provides encoders, decoders, and message types for SOCKS protocol support in Netty pipelines. It lets Netty applications implement SOCKS client or server handshakes and proxy-related messaging on top of Netty's asynchronous networking framework."
- **language:** left absent, because this is a plain Java library and not specific to Kotlin, Groovy or Scala.

No other fields or entries were touched.
Ran agent for io.netty:netty-codec-socks:4.2.1.Final (exit 0). Log: /home/oracle/oracle/metadata2/graalvm-reachability-metadata/forge/local_repositories/forge_worktrees/9340-8d763440/build/agent-url-discovery-logs/io.netty-netty-codec-socks-4.2.1.Final.log
Completed populateArtifactURLs: invoked=1, prompted=0, skipped=0, overwriteExisting=false, verifyArtifactSources=false, limit=null

[Incubating] Problems report is available at: file:///home/oracle/oracle/metadata2/graalvm-reachability-metadata/forge/local_repositories/forge_worktrees/9340-8d763440/build/reports/problems/problems-report.html

Deprecated Gradle features were used in this build, making it incompatible with Gradle 10.

You can use '--warning-mode all' to show the individual deprecation warnings and determine if they come from your own scripts or plugins.

For more on this, please refer to https://docs.gradle.org/9.1.0/userguide/command_line_interface.html#sec:command_line_warnings in the Gradle documentation.

BUILD SUCCESSFUL in 20s
9 actionable tasks: 1 executed, 8 up-to-date
