> Task :tck-build-logic:extractPluginRequests UP-TO-DATE
> Task :tck-build-logic:generatePluginAdapters UP-TO-DATE
> Task :tck-build-logic:compileJava UP-TO-DATE
> Task :tck-build-logic:compileGroovy UP-TO-DATE
> Task :tck-build-logic:compileGroovyPlugins UP-TO-DATE
> Task :tck-build-logic:pluginDescriptors UP-TO-DATE
> Task :tck-build-logic:processResources UP-TO-DATE
> Task :tck-build-logic:classes UP-TO-DATE
> Task :tck-build-logic:jar UP-TO-DATE

> Configure project :
GraalVM Reachability Metadata TCK
---------------------------------

> Task :populateArtifactURLs
I filled in the missing fields for the `11.12.0` entry in `metadata/org.flywaydb/flyway-database-postgresql/index.json`. I checked that the three versioned URLs return HTTP 200 for `11.12.0`. I didn't run any Gradle checks.

- **`source-code-url`:** `https://repo1.maven.org/maven2/org/flywaydb/flyway-database-postgresql/$version$/flyway-database-postgresql-$version$-sources.jar`, the sources jar on Maven.
- **`repository-url`:** `https://github.com/flyway/flyway`.
- **`test-code-url`:** `https://github.com/flyway/flyway/tree/flyway-$version$/flyway-database/flyway-database-postgresql`. Maven has no tests jar for this artifact, so this points at the module in the version's tag.
- **`documentation-url`:** `https://github.com/flyway/flyway/tree/flyway-$version$/documentation`. This is the documentation folder at the version's tag, not unversioned or "latest" docs.
- **`description`:** The text already used by the other entries of this artifact:
  1. "This Flyway module adds PostgreSQL and CockroachDB database support by providing database type detection, SQL parsing, and JDBC integration for PostgreSQL-compatible systems."
  2. "It enables Flyway migrations to run with PostgreSQL-specific connection handling, schema support, table operations, and advisory locking behavior."
- **`language`:** Left absent, because this is a plain Java library.

I left all other fields unchanged.
Ran agent for org.flywaydb:flyway-database-postgresql:11.12.0 (exit 0). Log: /home/oracle/oracle/metadata2/graalvm-reachability-metadata/forge/local_repositories/forge_worktrees/10323-28d57694/build/agent-url-discovery-logs/org.flywaydb-flyway-database-postgresql-11.12.0.log
Completed populateArtifactURLs: invoked=1, prompted=0, skipped=0, overwriteExisting=false, verifyArtifactSources=false, limit=null

[Incubating] Problems report is available at: file:///home/oracle/oracle/metadata2/graalvm-reachability-metadata/forge/local_repositories/forge_worktrees/10323-28d57694/build/reports/problems/problems-report.html

Deprecated Gradle features were used in this build, making it incompatible with Gradle 10.

You can use '--warning-mode all' to show the individual deprecation warnings and determine if they come from your own scripts or plugins.

For more on this, please refer to https://docs.gradle.org/9.1.0/userguide/command_line_interface.html#sec:command_line_warnings in the Gradle documentation.

BUILD SUCCESSFUL in 22s
9 actionable tasks: 1 executed, 8 up-to-date
