> Task :tck-build-logic:extractPluginRequests UP-TO-DATE
> Task :tck-build-logic:generatePluginAdapters UP-TO-DATE
> Task :tck-build-logic:compileJava UP-TO-DATE
> Task :tck-build-logic:compileGroovy UP-TO-DATE
> Task :tck-build-logic:compileGroovyPlugins UP-TO-DATE
> Task :tck-build-logic:pluginDescriptors UP-TO-DATE
> Task :tck-build-logic:processResources UP-TO-DATE
> Task :tck-build-logic:classes UP-TO-DATE
> Task :tck-build-logic:jar UP-TO-DATE

> Configure project :
GraalVM Reachability Metadata TCK
---------------------------------

> Task :populateArtifactURLs
I checked the actual `index.json` file for this entry, and all fields except `language` already have non-blank values (`source-code-url`, `repository-url`, `test-code-url`, `documentation-url`, and `description` are all filled in and correct — they match the current state).

The only missing field is `language`. `com.sun.xml.ws:httpspi-servlet` is a plain Java module (it implements the JDK's `com.sun.net.httpserver` SPI over a Jakarta Servlet as part of Eclipse Metro/JAX-WS) — it is not Kotlin, Groovy, or Scala, so it is not language-specific.

Per the instructions, `language` should only be set when the library is language-specific; otherwise it stays absent. Since that's the case here, no edit to `index.json` is needed — the entry is already complete as-is.
Ran agent for com.sun.xml.ws:httpspi-servlet:4.0.5 (exit 0). Log: /home/oracle/oracle/graalvm-reachability-metadata/forge/local_repositories/forge_worktrees/9946-f2b9a69b/build/agent-url-discovery-logs/com.sun.xml.ws-httpspi-servlet-4.0.5.log
Completed populateArtifactURLs: invoked=1, prompted=0, skipped=0, overwriteExisting=false, verifyArtifactSources=false, limit=null

[Incubating] Problems report is available at: file:///home/oracle/oracle/graalvm-reachability-metadata/forge/local_repositories/forge_worktrees/9946-f2b9a69b/build/reports/problems/problems-report.html

Deprecated Gradle features were used in this build, making it incompatible with Gradle 10.

You can use '--warning-mode all' to show the individual deprecation warnings and determine if they come from your own scripts or plugins.

For more on this, please refer to https://docs.gradle.org/9.1.0/userguide/command_line_interface.html#sec:command_line_warnings in the Gradle documentation.

BUILD SUCCESSFUL in 24s
9 actionable tasks: 1 executed, 8 up-to-date
