> Task :tck-build-logic:extractPluginRequests UP-TO-DATE
> Task :tck-build-logic:generatePluginAdapters UP-TO-DATE
> Task :tck-build-logic:compileJava UP-TO-DATE
> Task :tck-build-logic:compileGroovy UP-TO-DATE
> Task :tck-build-logic:compileGroovyPlugins UP-TO-DATE
> Task :tck-build-logic:pluginDescriptors UP-TO-DATE
> Task :tck-build-logic:processResources UP-TO-DATE
> Task :tck-build-logic:classes UP-TO-DATE
> Task :tck-build-logic:jar UP-TO-DATE

> Configure project :
GraalVM Reachability Metadata TCK
---------------------------------

> Task :populateArtifactURLs
All fields for the `4.2.0` entry are already populated and verified correct — no changes needed to the file.

- **repository-url**: `https://github.com/apache/kafka` — canonical root, no version path. ✓
- **source-code-url**: `https://repo.maven.apache.org/maven2/org/apache/kafka/kafka-clients/$version$/kafka-clients-$version$-sources.jar` — rendered for `4.2.0` returns HTTP 200. ✓
- **test-code-url**: same template with `-test-sources.jar` — rendered for `4.2.0` returns HTTP 200. ✓
- **documentation-url**: same template with `-javadoc.jar` — rendered for `4.2.0` returns HTTP 200. ✓
- **description**: already a concise, accurate two-sentence explanation. ✓
- **language**: left absent — `kafka-clients` is a plain Java library (Maven artifacts, no Kotlin/Groovy/Scala classifier), so it's not language-specific and the field should not be set.

Since every required field already had a non-blank, verified-correct value and the library isn't language-specific, no edit was made to `metadata/org.apache.kafka/kafka-clients/index.json`.
Ran agent for org.apache.kafka:kafka-clients:4.2.0 (exit 0). Log: /home/oracle/oracle/graalvm-reachability-metadata/forge/local_repositories/forge_worktrees/7506-fa389c62/build/agent-url-discovery-logs/org.apache.kafka-kafka-clients-4.2.0.log
Completed populateArtifactURLs: invoked=1, prompted=0, skipped=0, overwriteExisting=false, verifyArtifactSources=false, limit=null

[Incubating] Problems report is available at: file:///home/oracle/oracle/graalvm-reachability-metadata/forge/local_repositories/forge_worktrees/7506-fa389c62/build/reports/problems/problems-report.html

Deprecated Gradle features were used in this build, making it incompatible with Gradle 10.

You can use '--warning-mode all' to show the individual deprecation warnings and determine if they come from your own scripts or plugins.

For more on this, please refer to https://docs.gradle.org/9.1.0/userguide/command_line_interface.html#sec:command_line_warnings in the Gradle documentation.

BUILD SUCCESSFUL in 30s
9 actionable tasks: 1 executed, 8 up-to-date
