> Task :tck-build-logic:extractPluginRequests UP-TO-DATE
> Task :tck-build-logic:generatePluginAdapters UP-TO-DATE
> Task :tck-build-logic:compileJava UP-TO-DATE
> Task :tck-build-logic:compileGroovy UP-TO-DATE
> Task :tck-build-logic:compileGroovyPlugins UP-TO-DATE
> Task :tck-build-logic:pluginDescriptors UP-TO-DATE
> Task :tck-build-logic:processResources UP-TO-DATE
> Task :tck-build-logic:classes UP-TO-DATE
> Task :tck-build-logic:jar UP-TO-DATE

> Configure project :
GraalVM Reachability Metadata TCK
---------------------------------

> Task :populateArtifactURLs
All fields except `language` already have non-blank values, and per the instructions I must not modify those. That leaves only the language-specificity determination.

**io.micronaut.security:micronaut-security-oauth2:5.3.2** is a core Micronaut Framework module (published in Java, targeting the JVM generally) — it is not tied to Kotlin, Groovy, or Scala. So it is **not language-specific**, and the `language` field should stay absent.

Result: no edits are needed to `metadata/io.micronaut.security/micronaut-security-oauth2/index.json` — `source-code-url`, `repository-url`, `test-code-url`, `documentation-url`, and `description` were already filled and unchanged, and `language` correctly remains unset since the library isn't language-specific.
Ran agent for io.micronaut.security:micronaut-security-oauth2:5.3.2 (exit 0). Log: /home/oracle/oracle/graalvm-reachability-metadata/forge/local_repositories/forge_worktrees/10073-edb61b3b/build/agent-url-discovery-logs/io.micronaut.security-micronaut-security-oauth2-5.3.2.log
Completed populateArtifactURLs: invoked=1, prompted=0, skipped=0, overwriteExisting=false, verifyArtifactSources=false, limit=null

[Incubating] Problems report is available at: file:///home/oracle/oracle/graalvm-reachability-metadata/forge/local_repositories/forge_worktrees/10073-edb61b3b/build/reports/problems/problems-report.html

Deprecated Gradle features were used in this build, making it incompatible with Gradle 10.

You can use '--warning-mode all' to show the individual deprecation warnings and determine if they come from your own scripts or plugins.

For more on this, please refer to https://docs.gradle.org/9.1.0/userguide/command_line_interface.html#sec:command_line_warnings in the Gradle documentation.

BUILD SUCCESSFUL in 19s
9 actionable tasks: 1 executed, 8 up-to-date
