> Task :tck-build-logic:extractPluginRequests UP-TO-DATE
> Task :tck-build-logic:generatePluginAdapters UP-TO-DATE
> Task :tck-build-logic:compileJava UP-TO-DATE
> Task :tck-build-logic:compileGroovy UP-TO-DATE
> Task :tck-build-logic:compileGroovyPlugins UP-TO-DATE
> Task :tck-build-logic:pluginDescriptors UP-TO-DATE
> Task :tck-build-logic:processResources UP-TO-DATE
> Task :tck-build-logic:classes UP-TO-DATE
> Task :tck-build-logic:jar UP-TO-DATE

> Configure project :
GraalVM Reachability Metadata TCK
---------------------------------

> Task :populateArtifactURLs
Formatting matches the rest of the file. No `language` field was set since Hibernate ORM is a Java library, not language-specific.

Updated `metadata/org.hibernate.orm/hibernate-core/index.json` for the `8.0.0.Beta1` entry with:
- **repository-url**: `https://github.com/hibernate/hibernate-orm`
- **source-code-url**: `.../hibernate-core-$version$-sources.jar` (Maven Central sources jar)
- **test-code-url**: `https://github.com/hibernate/hibernate-orm/tree/$version$/hibernate-core/src/test`
- **documentation-url**: `.../hibernate-core-$version$-javadoc.jar` (Maven Central javadoc jar)
- **description**: two sentences on ORM/JPA mapping and runtime
- **language**: left absent (not language-specific)

All URLs verified live (HTTP 200) for the `8.0.0.Beta1` version.
Ran agent for org.hibernate.orm:hibernate-core:8.0.0.Beta1 (exit 0). Log: /home/oracle/oracle/graalvm-reachability-metadata/forge/local_repositories/forge_worktrees/9380-bf36f91c/build/agent-url-discovery-logs/org.hibernate.orm-hibernate-core-8.0.0.Beta1.log
Completed populateArtifactURLs: invoked=1, prompted=0, skipped=0, overwriteExisting=false, verifyArtifactSources=false, limit=null

[Incubating] Problems report is available at: file:///home/oracle/oracle/graalvm-reachability-metadata/forge/local_repositories/forge_worktrees/9380-bf36f91c/build/reports/problems/problems-report.html

Deprecated Gradle features were used in this build, making it incompatible with Gradle 10.

You can use '--warning-mode all' to show the individual deprecation warnings and determine if they come from your own scripts or plugins.

For more on this, please refer to https://docs.gradle.org/9.1.0/userguide/command_line_interface.html#sec:command_line_warnings in the Gradle documentation.

BUILD SUCCESSFUL in 47s
9 actionable tasks: 1 executed, 8 up-to-date
