> Task :tck-build-logic:extractPluginRequests UP-TO-DATE
> Task :tck-build-logic:generatePluginAdapters UP-TO-DATE
> Task :tck-build-logic:compileJava UP-TO-DATE
> Task :tck-build-logic:compileGroovy UP-TO-DATE
> Task :tck-build-logic:compileGroovyPlugins UP-TO-DATE
> Task :tck-build-logic:pluginDescriptors UP-TO-DATE
> Task :tck-build-logic:processResources UP-TO-DATE
> Task :tck-build-logic:classes UP-TO-DATE
> Task :tck-build-logic:jar UP-TO-DATE

> Configure project :
GraalVM Reachability Metadata TCK
---------------------------------

> Task :populateArtifactURLs
Confirmed: `micronaut-security-annotations` is a plain Java annotations module (no Kotlin/Groovy/Scala dependency), so it is not language-specific.

All other required fields (`source-code-url`, `repository-url`, `documentation-url`, `description`) are already populated with non-blank values, and `test-code-url` already holds the deliberate `"N/A"` value — none of these are "missing" per the blank/absent/null definition, so they're left untouched. The only field that was actually absent (`language`) does not apply here since the library isn't language-specific, so no field is added.

No changes were needed to `index.json` — it already satisfies all the requirements.
Ran agent for io.micronaut.security:micronaut-security-annotations:5.3.2 (exit 0). Log: /home/oracle/oracle/graalvm-reachability-metadata/forge/local_repositories/forge_worktrees/10074-8287df58/build/agent-url-discovery-logs/io.micronaut.security-micronaut-security-annotations-5.3.2.log
Completed populateArtifactURLs: invoked=1, prompted=0, skipped=0, overwriteExisting=false, verifyArtifactSources=false, limit=null

[Incubating] Problems report is available at: file:///home/oracle/oracle/graalvm-reachability-metadata/forge/local_repositories/forge_worktrees/10074-8287df58/build/reports/problems/problems-report.html

Deprecated Gradle features were used in this build, making it incompatible with Gradle 10.

You can use '--warning-mode all' to show the individual deprecation warnings and determine if they come from your own scripts or plugins.

For more on this, please refer to https://docs.gradle.org/9.1.0/userguide/command_line_interface.html#sec:command_line_warnings in the Gradle documentation.

BUILD SUCCESSFUL in 24s
9 actionable tasks: 1 executed, 8 up-to-date
