> Task :tck-build-logic:extractPluginRequests UP-TO-DATE
> Task :tck-build-logic:generatePluginAdapters UP-TO-DATE
> Task :tck-build-logic:compileJava UP-TO-DATE
> Task :tck-build-logic:compileGroovy UP-TO-DATE
> Task :tck-build-logic:compileGroovyPlugins UP-TO-DATE
> Task :tck-build-logic:pluginDescriptors UP-TO-DATE
> Task :tck-build-logic:processResources UP-TO-DATE
> Task :tck-build-logic:classes UP-TO-DATE
> Task :tck-build-logic:jar UP-TO-DATE

> Configure project :
GraalVM Reachability Metadata TCK
---------------------------------

> Task :populateArtifactURLs
Updated `metadata/org.junit.platform/junit-platform-suite-api/index.json` for `6.1.0`.

- Repository: `https://github.com/junit-team/junit-framework`
- Sources: Maven Central sources JAR template
- Tests: tagged `r$version$` GitHub test suite
- Documentation: Maven Central Javadoc JAR template
- Language-specific: No; `language` omitted
- Description: exactly two sentences

All rendered `6.1.0` URLs returned HTTP 200, and `validateIndexFiles` passed.
Ran agent for org.junit.platform:junit-platform-suite-api:6.1.0 (exit 0). Log: /home/mihailo/git/graalvm-reachability-metadata-copy/forge/local_repositories/forge_worktrees/9255-f0965f38/build/agent-url-discovery-logs/org.junit.platform-junit-platform-suite-api-6.1.0.log
Completed populateArtifactURLs: invoked=1, prompted=0, skipped=0, overwriteExisting=false, verifyArtifactSources=false, limit=null

[Incubating] Problems report is available at: file:///home/mihailo/git/graalvm-reachability-metadata-copy/forge/local_repositories/forge_worktrees/9255-f0965f38/build/reports/problems/problems-report.html

Deprecated Gradle features were used in this build, making it incompatible with Gradle 10.

You can use '--warning-mode all' to show the individual deprecation warnings and determine if they come from your own scripts or plugins.

For more on this, please refer to https://docs.gradle.org/9.1.0/userguide/command_line_interface.html#sec:command_line_warnings in the Gradle documentation.

BUILD SUCCESSFUL in 1m 1s
9 actionable tasks: 1 executed, 8 up-to-date
