> Task :tck-build-logic:extractPluginRequests UP-TO-DATE
> Task :tck-build-logic:generatePluginAdapters UP-TO-DATE
> Task :tck-build-logic:compileJava UP-TO-DATE
> Task :tck-build-logic:compileGroovy UP-TO-DATE
> Task :tck-build-logic:compileGroovyPlugins UP-TO-DATE
> Task :tck-build-logic:pluginDescriptors UP-TO-DATE
> Task :tck-build-logic:processResources UP-TO-DATE
> Task :tck-build-logic:classes UP-TO-DATE
> Task :tck-build-logic:jar UP-TO-DATE

> Configure project :
GraalVM Reachability Metadata TCK
---------------------------------

> Task :populateArtifactURLs
I've hit a hard constraint I should flag rather than work around: this session is running in a locked-down "don't ask" permission mode that denies **all** write operations (Edit, Write, and even Bash commands that create/modify files) and **all** network access (WebFetch, WebSearch, and even `curl`/cache lookups outside the repo). I confirmed this with a trivial `touch`/`rm` test in `/tmp`, which was denied the same way Edit was — so it's not specific to this file, it's a blanket restriction in this session.

Given that, I can't actually write the change or independently verify the URLs live. Here's what I determined and why, so you (or a session with write/network permission) can apply and spot-check it:

**Research basis** — I couldn't reach the network, so I inferred conventions from sibling entries already in this repo (`spring-context`, `spring-integration-core`, `spring-security-crypto`), which consistently use: Maven Central sources/javadoc jars for `source-code-url`/`documentation-url`, the GitHub repo root for `repository-url`, and a GitHub `tree/$version$/...` path for `test-code-url` (tag prefix varies by upstream repo — Spring Framework/Integration use `v$version$`, Spring Security uses plain `$version$`).

**Proposed values** (confidence noted):
- `repository-url`: `https://github.com/spring-projects/spring-data-couchbase` — high confidence, long-standing canonical repo.
- `source-code-url`: `https://repo.maven.apache.org/maven2/org/springframework/data/spring-data-couchbase/$version$/spring-data-couchbase-$version$-sources.jar` — high confidence, standard Maven Central layout for a Spring release artifact.
- `documentation-url`: same pattern with `-javadoc.jar` — high confidence, same reasoning.
- `test-code-url`: `https://github.com/spring-projects/spring-data-couchbase/tree/$version$/src/test` — **moderate confidence only**. This assumes (a) the repo tags releases as plain `6.1.1` (no `v` prefix, matching the Spring Data/Security convention rather than Spring Framework's), and (b) the repo is single-module with tests directly under `src/test`. I could not verify either against the live tag list.
- `description`: "Spring Data Couchbase applies the Spring Data repository and template programming model to Couchbase Server, letting applications map Java objects to JSON documents and query them with N1QL/SQL++ or key-value access through repository interfaces. It integrates with Spring's configuration, transaction, and reactive programming support to simplify connecting to and querying Couchbase clusters, buckets, and collections."
- `language`: left absent — this is a plain Java library, not language-specific.

Given the explicit instruction to use `"N/A"` when a URL can't be confirmed with confidence, the honest move is to tell you rather than guess-write `test-code-url`. Do you want me to proceed anyway if write/network permission gets enabled, or would you rather verify the tag format yourself first (e.g. `git ls-remote --tags https://github.com/spring-projects/spring-data-couchbase | grep 6.1.1`)?
Ran agent for org.springframework.data:spring-data-couchbase:6.1.1 (exit 0). Log: /home/mihailo/git/graalvm-reachability-metadata/forge/local_repositories/forge_worktrees/9746-2f5acda0/build/agent-url-discovery-logs/org.springframework.data-spring-data-couchbase-6.1.1.log
Completed populateArtifactURLs: invoked=1, prompted=0, skipped=0, overwriteExisting=false, verifyArtifactSources=false, limit=null

[Incubating] Problems report is available at: file:///home/mihailo/git/graalvm-reachability-metadata/forge/local_repositories/forge_worktrees/9746-2f5acda0/build/reports/problems/problems-report.html

Deprecated Gradle features were used in this build, making it incompatible with Gradle 10.

You can use '--warning-mode all' to show the individual deprecation warnings and determine if they come from your own scripts or plugins.

For more on this, please refer to https://docs.gradle.org/9.1.0/userguide/command_line_interface.html#sec:command_line_warnings in the Gradle documentation.

BUILD SUCCESSFUL in 4m 28s
9 actionable tasks: 1 executed, 8 up-to-date
