> Task :tck-build-logic:extractPluginRequests UP-TO-DATE
> Task :tck-build-logic:generatePluginAdapters UP-TO-DATE
> Task :tck-build-logic:compileJava UP-TO-DATE
> Task :tck-build-logic:compileGroovy UP-TO-DATE
> Task :tck-build-logic:compileGroovyPlugins UP-TO-DATE
> Task :tck-build-logic:pluginDescriptors UP-TO-DATE
> Task :tck-build-logic:processResources UP-TO-DATE
> Task :tck-build-logic:classes UP-TO-DATE
> Task :tck-build-logic:jar UP-TO-DATE

> Configure project :
GraalVM Reachability Metadata TCK
---------------------------------

> Task :populateArtifactURLs
All fields for this entry already have non-blank values except `language`. Since `azure-core-http-jdk-httpclient` is a plain Java library (not Kotlin/Groovy/Scala specific), the `language` field is correctly left absent per the instructions — no edit is needed.

**Summary of findings** (for reference, even though no field changes were made):
- Repository URL: `https://github.com/Azure/azure-sdk-for-java`
- Source URL (tag template): `https://github.com/Azure/azure-sdk-for-java/tree/com.azure+azure-core-http-jdk-httpclient_$version$/sdk/core/azure-core-http-jdk-httpclient/src/main/java`
- Test suite URL (tag template): same tag, `src/test/java`
- Documentation URL (tag template): same tag, `README.md`
- Description: already a valid two-sentence explanation
- Language: not language-specific → left absent (correct)

No changes were made to `metadata/com.azure/azure-core-http-jdk-httpclient/index.json` since every required field was already populated and the entry needed no `language` value.
Ran agent for com.azure:azure-core-http-jdk-httpclient:1.1.4 (exit 0). Log: /home/oracle/oracle/graalvm-reachability-metadata/forge/local_repositories/forge_worktrees/10052-39a4a4a6/build/agent-url-discovery-logs/com.azure-azure-core-http-jdk-httpclient-1.1.4.log
Completed populateArtifactURLs: invoked=1, prompted=0, skipped=0, overwriteExisting=false, verifyArtifactSources=false, limit=null

[Incubating] Problems report is available at: file:///home/oracle/oracle/graalvm-reachability-metadata/forge/local_repositories/forge_worktrees/10052-39a4a4a6/build/reports/problems/problems-report.html

Deprecated Gradle features were used in this build, making it incompatible with Gradle 10.

You can use '--warning-mode all' to show the individual deprecation warnings and determine if they come from your own scripts or plugins.

For more on this, please refer to https://docs.gradle.org/9.1.0/userguide/command_line_interface.html#sec:command_line_warnings in the Gradle documentation.

BUILD SUCCESSFUL in 13s
9 actionable tasks: 1 executed, 8 up-to-date
