Command: ./gradlew generateDynamicAccessCoverageReport -Pcoordinates=org.apache.httpcomponents.client5:httpclient5:5.3
Working directory: /home/oracle/oracle/graalvm-reachability-metadata/forge/local_repositories/forge_worktrees/9366-196ed13d

--- output ---
> Task :tck-build-logic:extractPluginRequests UP-TO-DATE
> Task :tck-build-logic:generatePluginAdapters UP-TO-DATE
> Task :tck-build-logic:compileJava UP-TO-DATE
> Task :tck-build-logic:compileGroovy UP-TO-DATE
> Task :tck-build-logic:compileGroovyPlugins UP-TO-DATE
> Task :tck-build-logic:pluginDescriptors UP-TO-DATE
> Task :tck-build-logic:processResources UP-TO-DATE
> Task :tck-build-logic:classes UP-TO-DATE
> Task :tck-build-logic:jar UP-TO-DATE

> Configure project :
GraalVM Reachability Metadata TCK
---------------------------------

> Task :generateDynamicAccessCoverageReport
> Task :tck-build-logic:extractPluginRequests UP-TO-DATE
> Task :tck-build-logic:generatePluginAdapters UP-TO-DATE
> Task :tck-build-logic:compileJava UP-TO-DATE
> Task :tck-build-logic:compileGroovy UP-TO-DATE
> Task :tck-build-logic:compileGroovyPlugins UP-TO-DATE
> Task :tck-build-logic:pluginDescriptors UP-TO-DATE
> Task :tck-build-logic:processResources UP-TO-DATE
> Task :tck-build-logic:classes UP-TO-DATE
> Task :tck-build-logic:jar UP-TO-DATE

> Configure project :
GraalVM Reachability Metadata TCK
---------------------------------

> Task :jacocoCodeCoverageReport
Starting a Gradle Daemon, 2 busy and 1 stopped Daemons could not be reused, use --status for details
Shared read-only dependency cache is an incubating feature.
> Task :tck-build-logic:extractPluginRequests UP-TO-DATE
> Task :tck-build-logic:generatePluginAdapters UP-TO-DATE
> Task :tck-build-logic:compileJava UP-TO-DATE
> Task :tck-build-logic:compileGroovy UP-TO-DATE
> Task :tck-build-logic:compileGroovyPlugins UP-TO-DATE
> Task :tck-build-logic:pluginDescriptors UP-TO-DATE
> Task :tck-build-logic:processResources UP-TO-DATE
> Task :tck-build-logic:classes UP-TO-DATE
> Task :tck-build-logic:jar UP-TO-DATE
> Task :checkTestTimeoutAnnotations
> Task :tck-test-support:compileJava UP-TO-DATE
> Task :processCodeCoverageResources NO-SOURCE
> Task :tck-test-support:processResources UP-TO-DATE
> Task :tck-test-support:classes UP-TO-DATE
> Task :compileCodeCoverageJava NO-SOURCE
> Task :codeCoverageClasses UP-TO-DATE
> Task :tck-test-support:jar UP-TO-DATE
> Task :codeCoverageTest SKIPPED
> Task :compileJava NO-SOURCE
> Task :processResources NO-SOURCE
> Task :classes UP-TO-DATE
> Task :compileTestJava UP-TO-DATE
> Task :processTestResources NO-SOURCE
> Task :testClasses UP-TO-DATE
> Task :test UP-TO-DATE
> Task :jacocoCodeCoverageReport

[Incubating] Problems report is available at: file:///home/oracle/oracle/graalvm-reachability-metadata/forge/local_repositories/forge_worktrees/9366-196ed13d/tests/src/org.apache.httpcomponents.client5/httpclient5/5.2.1/build/reports/problems/problems-report.html

Deprecated Gradle features were used in this build, making it incompatible with Gradle 10.

You can use '--warning-mode all' to show the individual deprecation warnings and determine if they come from your own scripts or plugins.

For more on this, please refer to https://docs.gradle.org/9.1.0/userguide/command_line_interface.html#sec:command_line_warnings in the Gradle documentation.

BUILD SUCCESSFUL in 15s
15 actionable tasks: 2 executed, 13 up-to-date

[Incubating] Problems report is available at: file:///home/oracle/oracle/graalvm-reachability-metadata/forge/local_repositories/forge_worktrees/9366-196ed13d/build/reports/problems/problems-report.html

Deprecated Gradle features were used in this build, making it incompatible with Gradle 10.

You can use '--warning-mode all' to show the individual deprecation warnings and determine if they come from your own scripts or plugins.

For more on this, please refer to https://docs.gradle.org/9.1.0/userguide/command_line_interface.html#sec:command_line_warnings in the Gradle documentation.

BUILD SUCCESSFUL in 19s
9 actionable tasks: 1 executed, 8 up-to-date
> Task :tck-build-logic:extractPluginRequests UP-TO-DATE
> Task :tck-build-logic:generatePluginAdapters UP-TO-DATE
> Task :tck-build-logic:compileJava UP-TO-DATE
> Task :tck-build-logic:compileGroovy UP-TO-DATE
> Task :tck-build-logic:compileGroovyPlugins UP-TO-DATE
> Task :tck-build-logic:pluginDescriptors UP-TO-DATE
> Task :tck-build-logic:processResources UP-TO-DATE
> Task :tck-build-logic:classes UP-TO-DATE
> Task :tck-build-logic:jar UP-TO-DATE

> Task :generateDynamicAccessReport
> Task :tck-build-logic:extractPluginRequests UP-TO-DATE
> Task :tck-build-logic:generatePluginAdapters UP-TO-DATE
> Task :tck-build-logic:compileJava UP-TO-DATE
> Task :tck-build-logic:compileGroovy UP-TO-DATE
> Task :tck-build-logic:compileGroovyPlugins UP-TO-DATE
> Task :tck-build-logic:pluginDescriptors UP-TO-DATE
> Task :tck-build-logic:processResources UP-TO-DATE
> Task :tck-build-logic:classes UP-TO-DATE
> Task :tck-build-logic:jar UP-TO-DATE
> Task :compileJava NO-SOURCE
> Task :processResources NO-SOURCE
> Task :classes UP-TO-DATE
> Task :tck-test-support:compileJava UP-TO-DATE
> Task :tck-test-support:processResources UP-TO-DATE
> Task :tck-test-support:classes UP-TO-DATE
> Task :jar UP-TO-DATE
> Task :tck-test-support:jar UP-TO-DATE
> Task :compileTestJava UP-TO-DATE
> Task :checkTestTimeoutAnnotations
> Task :processTestResources NO-SOURCE
> Task :testClasses UP-TO-DATE
> Task :test UP-TO-DATE
> Task :generateTestResourcesConfigFile UP-TO-DATE

> Task :nativeTestCompile
[native-image-plugin] GraalVM Toolchain detection is disabled
[native-image-plugin] GraalVM location read from environment variable: GRAALVM_HOME
[native-image-plugin] Native Image executable path: /home/oracle/oracle/graal/sdk/mxbuild/linux-amd64/GRAALVM_NI_EE_JAVA25/graalvm-ni-ee-25.4.4.1.1-dev+1.1/lib/svm/bin/native-image
Picked up NATIVE_IMAGE_OPTIONS: -H:+UnlockExperimentalVMOptions -H:-OutlineStringBuilderAppends -H:-OutlineStringBufferAppends -H:-OutlineIndyStringConcatenations -H:-OutlineSBMaterializations
Warning: Invalid classpath entry: /home/oracle/oracle/graalvm-reachability-metadata/forge/local_repositories/forge_worktrees/9366-196ed13d/tests/src/org.apache.httpcomponents.client5/httpclient5/5.2.1/build/resources/test
Warning: Using a deprecated option --no-fallback from command line. No effect, no replacement available
Apply jar:file:///home/oracle/oracle/graal/sdk/mxbuild/linux-amd64/GRAALVM_NI_EE_JAVA25/graalvm-ni-ee-25.4.4.1.1-dev+1.1/lib/svm/svm-guest.jar!/META-INF/native-image/org.graalvm.nativeimage.guest/native-image.properties
Apply jar:file:///home/oracle/oracle/graal/sdk/mxbuild/linux-amd64/GRAALVM_NI_EE_JAVA25/graalvm-ni-ee-25.4.4.1.1-dev+1.1/lib/svm/library-support.jar!/META-INF/native-image/com.oracle.svm/polyglot/native-image.properties
Apply jar:file:///home/oracle/oracle/graal/sdk/mxbuild/linux-amd64/GRAALVM_NI_EE_JAVA25/graalvm-ni-ee-25.4.4.1.1-dev+1.1/lib/svm/svm-guest-staging.jar!/META-INF/native-image/org.graalvm.nativeimage.guest/reachability-metadata.json
Executing [
DRIVER_TEMP_DIR_ENV_VARIABLE=/tmp/driverRoot-8747639742122464525 \
HOME=/home/oracle \
LANG=en_US.UTF-8 \
LC_ADDRESS=sr_RS \
LC_IDENTIFICATION=sr_RS \
LC_MEASUREMENT=sr_RS \
LC_MONETARY=sr_RS \
LC_NAME=sr_RS \
LC_NUMERIC=sr_RS \
LC_PAPER=sr_RS \
LC_TELEPHONE=sr_RS \
LC_TIME=sr_RS \
PATH=/home/oracle/.local/graalvm/graalvm-25.4.4.1.1-dev+1.1/bin:/home/oracle/.cargo/bin:/home/oracle/.local/bin:/home/oracle/.local/share/pi-node/node-v22.23.2-linux-x64/bin:/home/oracle/.local/bin:/usr/local/sbin:/usr/local/bin:/usr/sbin:/usr/bin:/sbin:/bin:/usr/games:/usr/local/games:/snap/bin:/snap/bin:/home/oracle/oracle/mx \
PWD=/home/oracle/oracle/graalvm-reachability-metadata/forge/local_repositories/forge_worktrees/9366-196ed13d/tests/src/org.apache.httpcomponents.client5/httpclient5/5.2.1 \
/home/oracle/oracle/graal/sdk/mxbuild/linux-amd64/GRAALVM_NI_EE_JAVA25/graalvm-ni-ee-25.4.4.1.1-dev+1.1/bin/java \
-XX:+UnlockExperimentalVMOptions \
-XX:+EnableJVMCI \
-Dgraalvm.locatorDisabled=true \
-Dtruffle.TruffleRuntime=com.oracle.truffle.api.impl.DefaultTruffleRuntime \
-Dgraalvm.ForcePolyglotInvalid=true \
-Dsubstratevm.HostLibC=glibc \
--add-exports=java.base/com.sun.crypto.provider=org.graalvm.nativeimage.builder \
--add-exports=java.base/jdk.internal.access=jdk.graal.compiler.hostvmaccess,org.graalvm.nativeimage.builder \
--add-exports=java.base/jdk.internal.event=org.graalvm.nativeimage.builder \
--add-exports=java.base/jdk.internal.foreign=org.graalvm.nativeimage.builder \
--add-exports=java.base/jdk.internal.loader=jdk.graal.compiler.hostvmaccess,org.graalvm.nativeimage.base,org.graalvm.nativeimage.builder \
--add-exports=java.base/jdk.internal.logger=org.graalvm.nativeimage.builder \
--add-exports=java.base/jdk.internal.misc=com.oracle.graal.graal_enterprise,com.oracle.svm.svm_enterprise,jdk.graal.compiler,jdk.graal.compiler.hostvmaccess,org.graalvm.nativeimage.builder,org.graalvm.nativeimage.guest.staging,org.graalvm.nativeimage.objectfile,org.graalvm.nativeimage.pointsto \
--add-exports=java.base/jdk.internal.module=jdk.graal.compiler.hostvmaccess,jdk.graal.compiler.vmaccess,org.graalvm.nativeimage.base,org.graalvm.nativeimage.builder,org.graalvm.nativeimage.shared \
--add-exports=java.base/jdk.internal.perf=org.graalvm.nativeimage.builder \
--add-exports=java.base/jdk.internal.platform=org.graalvm.nativeimage.builder \
--add-exports=java.base/jdk.internal.ref=org.graalvm.nativeimage.builder,org.graalvm.nativeimage.objectfile \
--add-exports=java.base/jdk.internal.reflect=org.graalvm.nativeimage.builder \
--add-exports=java.base/jdk.internal.util=com.oracle.svm.svm_enterprise,org.graalvm.nativeimage.builder \
--add-exports=java.base/jdk.internal.vm.annotation=org.graalvm.nativeimage.builder \
--add-exports=java.base/jdk.internal.vm=org.graalvm.nativeimage.builder \
--add-exports=java.base/jdk.internal=org.graalvm.nativeimage.builder \
--add-exports=java.base/sun.invoke.util=org.graalvm.nativeimage.builder \
--add-exports=java.base/sun.net.www.protocol.file=org.graalvm.nativeimage.builder \
--add-exports=java.base/sun.net.www.protocol.ftp=org.graalvm.nativeimage.builder \
--add-exports=java.base/sun.net.www.protocol.http=org.graalvm.nativeimage.builder \
--add-exports=java.base/sun.net.www.protocol.https=org.graalvm.nativeimage.builder \
--add-exports=java.base/sun.net.www.protocol.jar=org.graalvm.nativeimage.builder \
--add-exports=java.base/sun.net.www.protocol.jmod=org.graalvm.nativeimage.builder \
--add-exports=java.base/sun.net.www.protocol.jrt=org.graalvm.nativeimage.builder \
--add-exports=java.base/sun.net.www.protocol.mailto=org.graalvm.nativeimage.builder \
--add-exports=java.base/sun.net.www=org.graalvm.nativeimage.builder \
--add-exports=java.base/sun.net=org.graalvm.nativeimage.builder \
--add-exports=java.base/sun.nio.ch=org.graalvm.nativeimage.builder,org.graalvm.nativeimage.objectfile \
--add-exports=java.base/sun.reflect.annotation=jdk.graal.compiler.vmaccess,org.graalvm.nativeimage.builder \
--add-exports=java.base/sun.reflect.generics.factory=org.graalvm.nativeimage.builder \
--add-exports=java.base/sun.reflect.generics.reflectiveObjects=org.graalvm.nativeimage.builder \
--add-exports=java.base/sun.reflect.generics.repository=org.graalvm.nativeimage.builder \
--add-exports=java.base/sun.reflect.generics.scope=org.graalvm.nativeimage.builder \
--add-exports=java.base/sun.reflect.generics.tree=org.graalvm.nativeimage.builder \
--add-exports=java.base/sun.security.jca=org.graalvm.nativeimage.builder \
--add-exports=java.base/sun.security.provider=org.graalvm.nativeimage.builder \
--add-exports=java.base/sun.security.rsa=org.graalvm.nativeimage.builder \
--add-exports=java.base/sun.security.ssl=org.graalvm.nativeimage.builder \
--add-exports=java.base/sun.security.util=org.graalvm.nativeimage.builder \
--add-exports=java.base/sun.security.x509=org.graalvm.nativeimage.builder \
--add-exports=java.base/sun.text.spi=org.graalvm.nativeimage.builder \
--add-exports=java.base/sun.util.calendar=org.graalvm.nativeimage.builder \
--add-exports=java.base/sun.util.cldr=org.graalvm.nativeimage.builder \
--add-exports=java.base/sun.util.locale.provider=org.graalvm.nativeimage.builder \
--add-exports=java.base/sun.util.locale=org.graalvm.nativeimage.builder \
--add-exports=java.base/sun.util.resources=org.graalvm.nativeimage.builder \
--add-exports=java.base/sun.util.spi=org.graalvm.nativeimage.builder \
--add-exports=java.base/sun.util=org.graalvm.nativeimage.builder \
--add-exports=java.management/com.sun.jmx.mbeanserver=org.graalvm.nativeimage.builder \
--add-exports=java.management/sun.management=org.graalvm.nativeimage.builder,org.graalvm.nativeimage.pointsto \
--add-exports=jdk.graal.compiler/jdk.graal.compiler.annotation=jdk.graal.compiler.hostvmaccess,jdk.graal.compiler.vmaccess \
--add-exports=jdk.graal.compiler/jdk.graal.compiler.api.replacements=jdk.graal.compiler.hostvmaccess \
--add-exports=jdk.graal.compiler/jdk.graal.compiler.api.runtime=jdk.graal.compiler.hostvmaccess \
--add-exports=jdk.graal.compiler/jdk.graal.compiler.core.target=jdk.graal.compiler.hostvmaccess \
--add-exports=jdk.graal.compiler/jdk.graal.compiler.phases.util=jdk.graal.compiler.hostvmaccess,jdk.graal.compiler.vmaccess \
--add-exports=jdk.graal.compiler/jdk.graal.compiler.runtime=jdk.graal.compiler.hostvmaccess \
--add-exports=jdk.graal.compiler/jdk.graal.compiler.util.json=com.oracle.graal.reporter \
--add-exports=jdk.internal.vm.ci/jdk.vm.ci.aarch64=com.oracle.graal.graal_enterprise,com.oracle.svm.svm_enterprise,jdk.graal.compiler,org.graalvm.nativeimage.builder,org.graalvm.nativeimage.objectfile \
--add-exports=jdk.internal.vm.ci/jdk.vm.ci.amd64=com.oracle.graal.graal_enterprise,com.oracle.svm.svm_enterprise,jdk.graal.compiler,org.graalvm.nativeimage.builder,org.graalvm.nativeimage.objectfile \
--add-exports=jdk.internal.vm.ci/jdk.vm.ci.code.site=com.oracle.svm.svm_enterprise,jdk.graal.compiler,org.graalvm.nativeimage.builder \
--add-exports=jdk.internal.vm.ci/jdk.vm.ci.code.stack=jdk.graal.compiler,org.graalvm.nativeimage.builder \
--add-exports=jdk.internal.vm.ci/jdk.vm.ci.code=com.oracle.graal.graal_enterprise,com.oracle.svm.svm_enterprise,jdk.graal.compiler,jdk.graal.compiler.hostvmaccess,jdk.graal.compiler.vmaccess,org.graalvm.nativeimage.base,org.graalvm.nativeimage.builder,org.graalvm.nativeimage.objectfile,org.graalvm.nativeimage.pointsto,org.graalvm.truffle.compiler \
--add-exports=jdk.internal.vm.ci/jdk.vm.ci.common=com.oracle.graal.graal_enterprise,com.oracle.svm.svm_enterprise,jdk.graal.compiler,org.graalvm.nativeimage.builder,org.graalvm.nativeimage.pointsto \
--add-exports=jdk.internal.vm.ci/jdk.vm.ci.hotspot.aarch64=jdk.graal.compiler \
--add-exports=jdk.internal.vm.ci/jdk.vm.ci.hotspot.amd64=jdk.graal.compiler \
--add-exports=jdk.internal.vm.ci/jdk.vm.ci.hotspot.riscv64=jdk.graal.compiler \
--add-exports=jdk.internal.vm.ci/jdk.vm.ci.hotspot=com.oracle.graal.graal_enterprise,jdk.graal.compiler,org.graalvm.nativeimage.builder \
--add-exports=jdk.internal.vm.ci/jdk.vm.ci.meta.annotation=com.oracle.graal.graal_enterprise,com.oracle.svm.svm_enterprise,jdk.graal.compiler,jdk.graal.compiler.hostvmaccess,jdk.graal.compiler.vmaccess,org.graalvm.nativeimage.base,org.graalvm.nativeimage.builder,org.graalvm.nativeimage.configure,org.graalvm.nativeimage.guest.staging,org.graalvm.nativeimage.objectfile,org.graalvm.nativeimage.pointsto \
--add-exports=jdk.internal.vm.ci/jdk.vm.ci.meta=com.oracle.graal.graal_enterprise,com.oracle.svm.svm_enterprise,jdk.graal.compiler,jdk.graal.compiler.hostvmaccess,jdk.graal.compiler.vmaccess,org.graalvm.nativeimage.base,org.graalvm.nativeimage.builder,org.graalvm.nativeimage.configure,org.graalvm.nativeimage.guest.staging,org.graalvm.nativeimage.objectfile,org.graalvm.nativeimage.pointsto,org.graalvm.truffle.compiler \
--add-exports=jdk.internal.vm.ci/jdk.vm.ci.riscv64=com.oracle.svm.svm_enterprise,jdk.graal.compiler,org.graalvm.nativeimage.builder \
--add-exports=jdk.internal.vm.ci/jdk.vm.ci.runtime=com.oracle.graal.graal_enterprise,jdk.graal.compiler,jdk.graal.compiler.hostvmaccess,org.graalvm.nativeimage.base,org.graalvm.nativeimage.builder,org.graalvm.nativeimage.pointsto \
--add-exports=jdk.internal.vm.ci/jdk.vm.ci.services=com.oracle.graal.graal_enterprise,com.oracle.svm.svm_enterprise,jdk.graal.compiler,org.graalvm.nativeimage.builder \
--add-exports=jdk.jfr/jdk.jfr.events=org.graalvm.nativeimage.builder \
--add-exports=jdk.jfr/jdk.jfr.internal.event=org.graalvm.nativeimage.builder \
--add-exports=jdk.jfr/jdk.jfr.internal.jfc=com.oracle.svm.svm_enterprise,org.graalvm.nativeimage.builder \
--add-exports=jdk.jfr/jdk.jfr.internal.settings=org.graalvm.nativeimage.builder \
--add-exports=jdk.jfr/jdk.jfr.internal.tracing=org.graalvm.nativeimage.builder \
--add-exports=jdk.jfr/jdk.jfr.internal=com.oracle.svm.svm_enterprise,org.graalvm.nativeimage.builder \
--add-exports=jdk.management/com.sun.management.internal=org.graalvm.nativeimage.builder \
-XX:-UseJVMCICompiler \
-XX:MaxRAMPercentage=70.97062787762452 \
'-Dsvm.build.memoryUsageReasonText=22.12GiB of memory (71.0% of system memory, using all available memory)' \
-Xss10m \
-XX:+UseParallelGC \
-XX:GCTimeRatio=9 \
-XX:+ExitOnOutOfMemoryError \
-XX:+UseCompressedOops \
-Djava.awt.headless=true \
'-Dorg.graalvm.vendor=Oracle Corporation' \
-Dorg.graalvm.vendorurl=https://www.graalvm.org/ \
'-Dorg.graalvm.vendorversion=Oracle GraalVM 25.4.4.1.1-dev+1.1' \
-Dorg.graalvm.version=25.4.4.1.1-dev \
-Dcom.oracle.graalvm.isaot=true \
-Djava.system.class.loader=com.oracle.svm.hosted.NativeImageSystemClassLoader \
-Djava.util.concurrent.ForkJoinPool.common.exceptionHandler=com.oracle.svm.hosted.CommonPoolUncaughtExceptionHandler \
'-Djava.util.concurrent.ForkJoinPool.common.threadFactory=com.oracle.svm.hosted.NativeImageSystemClassLoader$NativeImageForkJoinWorkerThreadFactory' \
-Dorg.graalvm.nativeimage.imagecode=buildtime \
-Xshare:off \
-Djdk.internal.lambda.disableEagerInitialization=true \
-Djdk.internal.lambda.eagerlyInitialize=false \
-Djava.lang.invoke.InnerClassLambdaMetafactory.initializeLambdas=false \
-Djava.lang.invoke.MethodHandle.DONT_INLINE_THRESHOLD=-1 \
-Djava.lang.invoke.MethodHandle.PROFILE_GWT=false \
-Djunit.platform.listeners.uid.tracking.output.dir=/home/oracle/oracle/graalvm-reachability-metadata/forge/local_repositories/forge_worktrees/9366-196ed13d/tests/src/org.apache.httpcomponents.client5/httpclient5/5.2.1/build/test-results/test/testlist \
-Dcom.oracle.svm.provided=/home/oracle/oracle/graal/sdk/mxbuild/linux-amd64/GRAALVM_NI_EE_JAVA25/graalvm-ni-ee-25.4.4.1.1-dev+1.1/lib/svm/svm-shared.jar:/home/oracle/oracle/graal/sdk/mxbuild/linux-amd64/GRAALVM_NI_EE_JAVA25/graalvm-ni-ee-25.4.4.1.1-dev+1.1/lib/svm/svm-guest.jar:/home/oracle/oracle/graal/sdk/mxbuild/linux-amd64/GRAALVM_NI_EE_JAVA25/graalvm-ni-ee-25.4.4.1.1-dev+1.1/lib/svm/library-support.jar:/home/oracle/oracle/graal/sdk/mxbuild/linux-amd64/GRAALVM_NI_EE_JAVA25/graalvm-ni-ee-25.4.4.1.1-dev+1.1/lib/svm/svm-guest-staging.jar:/home/oracle/oracle/graal/sdk/mxbuild/linux-amd64/GRAALVM_NI_EE_JAVA25/graalvm-ni-ee-25.4.4.1.1-dev+1.1/lib/svm/vmaccess-guest.jar \
--add-modules=ALL-DEFAULT \
--enable-native-access=org.graalvm.truffle.runtime,jdk.graal.compiler.hostvmaccess,com.oracle.truffle.enterprise.svm,org.graalvm.espresso.shared.svm,org.graalvm.truffle.runtime.svm,org.graalvm.truffle.compiler,org.graalvm.nativeimage.guest.staging,org.graalvm.nativeimage.shaded.capnproto,com.oracle.graal.reporter,org.graalvm.nativeimage.objectfile,org.graalvm.nativeimage.builder,org.graalvm.nativeimage.shared,org.graalvm.nativeimage.foreign,jdk.graal.compiler.vmaccess,org.graalvm.nativeimage.pointsto,org.graalvm.nativeimage.configure,org.graalvm.nativeimage.base,com.oracle.svm.svm_enterprise,org.graalvm.truffle,jdk.graal.compiler.vmaccess.guest \
--module-path \
/home/oracle/oracle/graal/sdk/mxbuild/linux-amd64/GRAALVM_NI_EE_JAVA25/graalvm-ni-ee-25.4.4.1.1-dev+1.1/lib/truffle/truffle-runtime.jar:/home/oracle/oracle/graal/sdk/mxbuild/linux-amd64/GRAALVM_NI_EE_JAVA25/graalvm-ni-ee-25.4.4.1.1-dev+1.1/lib/truffle/truffle-api.jar:/home/oracle/oracle/graal/sdk/mxbuild/linux-amd64/GRAALVM_NI_EE_JAVA25/graalvm-ni-ee-25.4.4.1.1-dev+1.1/lib/truffle/truffle-compiler.jar:/home/oracle/oracle/graal/sdk/mxbuild/linux-amd64/GRAALVM_NI_EE_JAVA25/graalvm-ni-ee-25.4.4.1.1-dev+1.1/lib/truffle/builder/truffle-runtime-svm.jar:/home/oracle/oracle/graal/sdk/mxbuild/linux-amd64/GRAALVM_NI_EE_JAVA25/graalvm-ni-ee-25.4.4.1.1-dev+1.1/lib/truffle/builder/truffle-enterprise-svm.jar:/home/oracle/oracle/graal/sdk/mxbuild/linux-amd64/GRAALVM_NI_EE_JAVA25/graalvm-ni-ee-25.4.4.1.1-dev+1.1/lib/svm/builder/pointsto.jar:/home/oracle/oracle/graal/sdk/mxbuild/linux-amd64/GRAALVM_NI_EE_JAVA25/graalvm-ni-ee-25.4.4.1.1-dev+1.1/lib/svm/builder/svm-shared.jar:/home/oracle/oracle/graal/sdk/mxbuild/linux-amd64/GRAALVM_NI_EE_JAVA25/graalvm-ni-ee-25.4.4.1.1-dev+1.1/lib/svm/builder/hostvmaccess.jar:/home/oracle/oracle/graal/sdk/mxbuild/linux-amd64/GRAALVM_NI_EE_JAVA25/graalvm-ni-ee-25.4.4.1.1-dev+1.1/lib/svm/builder/vmaccess.jar:/home/oracle/oracle/graal/sdk/mxbuild/linux-amd64/GRAALVM_NI_EE_JAVA25/graalvm-ni-ee-25.4.4.1.1-dev+1.1/lib/svm/builder/svm-foreign.jar:/home/oracle/oracle/graal/sdk/mxbuild/linux-amd64/GRAALVM_NI_EE_JAVA25/graalvm-ni-ee-25.4.4.1.1-dev+1.1/lib/svm/builder/native-image-base.jar:/home/oracle/oracle/graal/sdk/mxbuild/linux-amd64/GRAALVM_NI_EE_JAVA25/graalvm-ni-ee-25.4.4.1.1-dev+1.1/lib/svm/builder/reporter.jar:/home/oracle/oracle/graal/sdk/mxbuild/linux-amd64/GRAALVM_NI_EE_JAVA25/graalvm-ni-ee-25.4.4.1.1-dev+1.1/lib/svm/builder/svm-configure.jar:/home/oracle/oracle/graal/sdk/mxbuild/linux-amd64/GRAALVM_NI_EE_JAVA25/graalvm-ni-ee-25.4.4.1.1-dev+1.1/lib/svm/builder/svm-capnproto-runtime.jar:/home/oracle/oracle/graal/sdk/mxbuild/linux-amd64/GRAALVM_NI_EE_JAVA25/graalvm-ni-ee-25.4.4.1.1-dev+1.1/lib/svm/builder/espresso-svm.jar:/home/oracle/oracle/graal/sdk/mxbuild/linux-amd64/GRAALVM_NI_EE_JAVA25/graalvm-ni-ee-25.4.4.1.1-dev+1.1/lib/svm/builder/svm.jar:/home/oracle/oracle/graal/sdk/mxbuild/linux-amd64/GRAALVM_NI_EE_JAVA25/graalvm-ni-ee-25.4.4.1.1-dev+1.1/lib/svm/builder/svm-guest-staging.jar:/home/oracle/oracle/graal/sdk/mxbuild/linux-amd64/GRAALVM_NI_EE_JAVA25/graalvm-ni-ee-25.4.4.1.1-dev+1.1/lib/svm/builder/vmaccess-guest.jar:/home/oracle/oracle/graal/sdk/mxbuild/linux-amd64/GRAALVM_NI_EE_JAVA25/graalvm-ni-ee-25.4.4.1.1-dev+1.1/lib/svm/builder/svm-enterprise.jar:/home/oracle/oracle/graal/sdk/mxbuild/linux-amd64/GRAALVM_NI_EE_JAVA25/graalvm-ni-ee-25.4.4.1.1-dev+1.1/lib/svm/builder/objectfile.jar \
--module \
org.graalvm.nativeimage.builder/com.oracle.svm.hosted.NativeImageGeneratorRunner \
-keepalive \
/proc/484864/comm \
-imagecp \
/home/oracle/oracle/graalvm-reachability-metadata/forge/local_repositories/forge_worktrees/9366-196ed13d/tests/src/org.apache.httpcomponents.client5/httpclient5/5.2.1/build/libs/org.apache.httpcomponents.client5.httpclient5_tests.jar:/tmp/metadata-forge-gradle/dc7946488e7e4c64/ro-dep-cache/modules-2/files-2.1/org.graalvm.buildtools/junit-platform-native/1.0.0/2974f834a2f0a0105f2284fba7ef16dc4d60de56/junit-platform-native-1.0.0.jar:/tmp/metadata-forge-gradle/dc7946488e7e4c64/ro-dep-cache/modules-2/files-2.1/org.junit.jupiter/junit-jupiter/5.9.2/26c586fbe0ebd81b48c9f11f0d998124248697ae/junit-jupiter-5.9.2.jar:/tmp/metadata-forge-gradle/dc7946488e7e4c64/ro-dep-cache/modules-2/files-2.1/org.junit.platform/junit-platform-reporting/1.9.2/8bea292e2a546e4c21071f6bee60917ffd9f0101/junit-platform-reporting-1.9.2.jar:/tmp/metadata-forge-gradle/dc7946488e7e4c64/ro-dep-cache/modules-2/files-2.1/org.junit.platform/junit-platform-launcher/1.9.2/38e0bfad8c57d4cd1a8f27926c25ffe9543068d6/junit-platform-launcher-1.9.2.jar:/tmp/metadata-forge-gradle/dc7946488e7e4c64/ro-dep-cache/modules-2/files-2.1/org.junit.vintage/junit-vintage-engine/5.9.2/53421816bde124a564a64ba005dcc0c8e66a9722/junit-vintage-engine-5.9.2.jar:/tmp/metadata-forge-gradle/dc7946488e7e4c64/ro-dep-cache/modules-2/files-2.1/org.junit.jupiter/junit-jupiter-params/5.9.2/bc2765afb7b85b583c710dd259a11c6b8c39e912/junit-jupiter-params-5.9.2.jar:/tmp/metadata-forge-gradle/dc7946488e7e4c64/ro-dep-cache/modules-2/files-2.1/org.junit.jupiter/junit-jupiter-engine/5.9.2/572f7a553b53f83ee59cc045ce1c3772864ab76c/junit-jupiter-engine-5.9.2.jar:/tmp/metadata-forge-gradle/dc7946488e7e4c64/ro-dep-cache/modules-2/files-2.1/org.junit.jupiter/junit-jupiter-api/5.9.2/fed843581520eac594bc36bb4b0f55e7b947dda9/junit-jupiter-api-5.9.2.jar:/tmp/metadata-forge-gradle/dc7946488e7e4c64/ro-dep-cache/modules-2/files-2.1/org.junit.platform/junit-platform-engine/1.9.2/40aeef2be7b04f96bb91e8b054affc28b7c7c935/junit-platform-engine-1.9.2.jar:/tmp/metadata-forge-gradle/dc7946488e7e4c64/ro-dep-cache/modules-2/files-2.1/org.junit.platform/junit-platform-commons/1.9.2/6f9f8621d8230cd38aa42e58ccbc0c00569131ce/junit-platform-commons-1.9.2.jar:/tmp/metadata-forge-gradle/dc7946488e7e4c64/ro-dep-cache/modules-2/files-2.1/org.junit.platform/junit-platform-console/1.9.2/5548148dd55e820c42bd817ab93c1eaa05ce37f6/junit-platform-console-1.9.2.jar:/home/oracle/oracle/graalvm-reachability-metadata/forge/local_repositories/forge_worktrees/9366-196ed13d/tests/tck-test-support/build/libs/tck-test-support-1.0.0-SNAPSHOT.jar:/tmp/metadata-forge-gradle/dc7946488e7e4c64/worktree-homes/9366-196ed13d-c92223f0/caches/modules-2/files-2.1/org.apache.httpcomponents.client5/httpclient5/5.3/89d0e98e12cc5d019d68955fb616872d265fa221/httpclient5-5.3.jar:/tmp/metadata-forge-gradle/dc7946488e7e4c64/ro-dep-cache/modules-2/files-2.1/org.assertj/assertj-core/3.22.0/c300c0c6a24559f35fa0bd3a5472dc1edcd0111e/assertj-core-3.22.0.jar:/tmp/metadata-forge-gradle/dc7946488e7e4c64/worktree-homes/9366-196ed13d-c92223f0/caches/modules-2/files-2.1/org.apache.httpcomponents.core5/httpcore5-h2/5.2.4/2872764df7b4857549e2880dd32a6f9009166289/httpcore5-h2-5.2.4.jar:/tmp/metadata-forge-gradle/dc7946488e7e4c64/worktree-homes/9366-196ed13d-c92223f0/caches/modules-2/files-2.1/org.apache.httpcomponents.core5/httpcore5/5.2.4/34d8332b975f9e9a8298efe4c883ec43d45b7059/httpcore5-5.2.4.jar:/tmp/metadata-forge-gradle/dc7946488e7e4c64/ro-dep-cache/modules-2/files-2.1/org.slf4j/slf4j-api/1.7.36/6c62681a2f655b49963a5983b8b0950a6120ae14/slf4j-api-1.7.36.jar:/tmp/metadata-forge-gradle/dc7946488e7e4c64/ro-dep-cache/modules-2/files-2.1/junit/junit/4.13.2/8ac9e16d933b6fb43bc7f576336b8f4d7eb5ba12/junit-4.13.2.jar:/tmp/metadata-forge-gradle/dc7946488e7e4c64/ro-dep-cache/modules-2/files-2.1/org.opentest4j/opentest4j/1.2.0/28c11eb91f9b6d8e200631d46e20a7f407f2a046/opentest4j-1.2.0.jar:/tmp/metadata-forge-gradle/dc7946488e7e4c64/ro-dep-cache/modules-2/files-2.1/org.hamcrest/hamcrest-core/1.3/42a25dc3219429f0e5d060061f71acb49bf010a0/hamcrest-core-1.3.jar:/home/oracle/oracle/graalvm-reachability-metadata/forge/local_repositories/forge_worktrees/9366-196ed13d/tests/src/org.apache.httpcomponents.client5/httpclient5/5.2.1/build/classes/java/test:/home/oracle/oracle/graalvm-reachability-metadata/forge/local_repositories/forge_worktrees/9366-196ed13d/tests/src/org.apache.httpcomponents.client5/httpclient5/5.2.1/build/resources/test:/home/oracle/oracle/graalvm-reachability-metadata/forge/local_repositories/forge_worktrees/9366-196ed13d/tests/src/org.apache.httpcomponents.client5/httpclient5/5.2.1/build/test-results/test/testlist \
-imagemp \
/home/oracle/oracle/graal/sdk/mxbuild/linux-amd64/GRAALVM_NI_EE_JAVA25/graalvm-ni-ee-25.4.4.1.1-dev+1.1/lib/svm/library-support.jar:/home/oracle/oracle/graal/sdk/mxbuild/linux-amd64/GRAALVM_NI_EE_JAVA25/graalvm-ni-ee-25.4.4.1.1-dev+1.1/lib/svm/svm-guest.jar \
-H:CLibraryPath=/home/oracle/oracle/graal/sdk/mxbuild/linux-amd64/GRAALVM_NI_EE_JAVA25/graalvm-ni-ee-25.4.4.1.1-dev+1.1/lib/svm/clibraries/linux-amd64/glibc,/home/oracle/oracle/graal/sdk/mxbuild/linux-amd64/GRAALVM_NI_EE_JAVA25/graalvm-ni-ee-25.4.4.1.1-dev+1.1/lib/svm/clibraries/linux-amd64,/home/oracle/oracle/graal/sdk/mxbuild/linux-amd64/GRAALVM_NI_EE_JAVA25/graalvm-ni-ee-25.4.4.1.1-dev+1.1/lib/svm/clibraries \
-H:Path@driver=/home/oracle/oracle/graalvm-reachability-metadata/forge/local_repositories/forge_worktrees/9366-196ed13d/tests/src/org.apache.httpcomponents.client5/httpclient5/5.2.1/build/native/nativeTestCompile \
-H:+UnlockExperimentalVMOptions@user \
-H:-OutlineStringBuilderAppends@user \
-H:-OutlineStringBufferAppends@user \
-H:-OutlineIndyStringConcatenations@user \
-H:-OutlineSBMaterializations@user \
-H:FallbackThreshold@user+api=0 \
-H:Name@user+api=org.apache.httpcomponents.client5.httpclient5_tests-tests \
-H:ConfigurationFileDirectories@user=/home/oracle/oracle/graalvm-reachability-metadata/forge/local_repositories/forge_worktrees/9366-196ed13d/tests/src/org.apache.httpcomponents.client5/httpclient5/5.2.1/build/native/generated/generateTestResourcesConfigFile,/home/oracle/oracle/graalvm-reachability-metadata/forge/local_repositories/forge_worktrees/9366-196ed13d/metadata/org.junit.jupiter/junit-jupiter-api/5.8.2,/home/oracle/oracle/graalvm-reachability-metadata/forge/local_repositories/forge_worktrees/9366-196ed13d/metadata/org.opentest4j/opentest4j/1.2.0,/home/oracle/oracle/graalvm-reachability-metadata/forge/local_repositories/forge_worktrees/9366-196ed13d/metadata/org.junit.platform/junit-platform-commons/1.8.2,/home/oracle/oracle/graalvm-reachability-metadata/forge/local_repositories/forge_worktrees/9366-196ed13d/metadata/org.junit.jupiter/junit-jupiter-params/5.9.2,/home/oracle/oracle/graalvm-reachability-metadata/forge/local_repositories/forge_worktrees/9366-196ed13d/metadata/org.junit.jupiter/junit-jupiter-engine/5.8.2,/home/oracle/oracle/graalvm-reachability-metadata/forge/local_repositories/forge_worktrees/9366-196ed13d/metadata/org.junit.platform/junit-platform-engine/1.11.1,/home/oracle/oracle/graalvm-reachability-metadata/forge/local_repositories/forge_worktrees/9366-196ed13d/metadata/org.junit.platform/junit-platform-reporting/1.9.2,/home/oracle/oracle/graalvm-reachability-metadata/forge/local_repositories/forge_worktrees/9366-196ed13d/metadata/org.junit.platform/junit-platform-launcher/1.9.2,/home/oracle/oracle/graalvm-reachability-metadata/forge/local_repositories/forge_worktrees/9366-196ed13d/metadata/org.junit.vintage/junit-vintage-engine/5.9.1,/home/oracle/oracle/graalvm-reachability-metadata/forge/local_repositories/forge_worktrees/9366-196ed13d/metadata/junit/junit/4.13.2,/home/oracle/oracle/graalvm-reachability-metadata/forge/local_repositories/forge_worktrees/9366-196ed13d/metadata/org.hamcrest/hamcrest-core/1.3,/home/oracle/oracle/graalvm-reachability-metadata/forge/local_repositories/forge_worktrees/9366-196ed13d/metadata/org.apache.httpcomponents.client5/httpclient5/5.3,/home/oracle/oracle/graalvm-reachability-metadata/forge/local_repositories/forge_worktrees/9366-196ed13d/metadata/org.apache.httpcomponents.core5/httpcore5/5.2,/home/oracle/oracle/graalvm-reachability-metadata/forge/local_repositories/forge_worktrees/9366-196ed13d/metadata/org.apache.httpcomponents.core5/httpcore5-h2/5.2,/home/oracle/oracle/graalvm-reachability-metadata/forge/local_repositories/forge_worktrees/9366-196ed13d/metadata/org.slf4j/slf4j-api/1.7.36 \
-H:Optimize@user+api=b \
-H:+ReportExceptionStackTraces@user \
-H:TrackDynamicAccess@user=path=/tmp/metadata-forge-gradle/dc7946488e7e4c64/worktree-homes/9366-196ed13d-c92223f0/caches/modules-2/files-2.1/org.apache.httpcomponents.client5/httpclient5/5.3/89d0e98e12cc5d019d68955fb616872d265fa221/httpclient5-5.3.jar \
-H:Preserve@user=path=/tmp/metadata-forge-gradle/dc7946488e7e4c64/worktree-homes/9366-196ed13d-c92223f0/caches/modules-2/files-2.1/org.apache.httpcomponents.client5/httpclient5/5.3/89d0e98e12cc5d019d68955fb616872d265fa221/httpclient5-5.3.jar \
-H:Features@user+api=org.graalvm.junit.platform.JUnitPlatformFeature \
-H:-UnlockExperimentalVMOptions@user \
'-H:Class@explicit main-class=org.graalvm.junit.platform.NativeImageJUnitLauncher' \
-H:ImageBuildID@driver=977e027a-3619-8582-1649-228bc51daa9c \
'-H:AddExports@jar:file:///home/oracle/oracle/graal/sdk/mxbuild/linux-amd64/GRAALVM_NI_EE_JAVA25/graalvm-ni-ee-25.4.4.1.1-dev+1.1/lib/svm/svm-guest.jar!/META-INF/native-image/org.graalvm.nativeimage.guest/native-image.properties+api=java.base/jdk.internal.misc=org.graalvm.nativeimage.guest' \
'-H:Features@jar:file:///home/oracle/oracle/graal/sdk/mxbuild/linux-amd64/GRAALVM_NI_EE_JAVA25/graalvm-ni-ee-25.4.4.1.1-dev+1.1/lib/svm/svm-guest.jar!/META-INF/native-image/org.graalvm.nativeimage.guest/native-image.properties+api=com.oracle.svm.guest.features.jdk.hosted.JavaNetHttpFeature' \
'-H:ClassInitialization@jar:file:///home/oracle/oracle/graal/sdk/mxbuild/linux-amd64/GRAALVM_NI_EE_JAVA25/graalvm-ni-ee-25.4.4.1.1-dev+1.1/lib/svm/svm-guest.jar!/META-INF/native-image/org.graalvm.nativeimage.guest/native-image.properties+api=sun.net.httpserver.simpleserver:run_time' \
'-H:Features@jar:file:///home/oracle/oracle/graal/sdk/mxbuild/linux-amd64/GRAALVM_NI_EE_JAVA25/graalvm-ni-ee-25.4.4.1.1-dev+1.1/lib/svm/library-support.jar!/META-INF/native-image/com.oracle.svm/polyglot/native-image.properties+api=com.oracle.svm.polyglot.groovy.GroovyIndyInterfaceFeature' \
'-H:ReachabilityMetadataResources@jar:file:///home/oracle/oracle/graal/sdk/mxbuild/linux-amd64/GRAALVM_NI_EE_JAVA25/graalvm-ni-ee-25.4.4.1.1-dev+1.1/lib/svm/svm-guest-staging.jar!/META-INF/native-image/org.graalvm.nativeimage.guest/reachability-metadata.json+api=META-INF/native-image/org.graalvm.nativeimage.guest/reachability-metadata.json' \
-H:DriverWarningsCount=2
]
Warning: Option 'FallbackThreshold' is deprecated and might be removed in a future release: It no longer has any effect, and no replacement is available. Please refer to the GraalVM release notes.
========================================================================================================================
GraalVM Native Image: Generating 'org.apache.httpcomponents.client5.httpclient5_tests-tests' (executable)...
========================================================================================================================
For detailed information and explanations on the build output, visit:
https://github.com/oracle/graal/blob/master/docs/reference-manual/native-image/BuildOutput.md
------------------------------------------------------------------------------------------------------------------------
[1/8] Initializing...                                                                                   (5.5s @ 0.27GiB)
 Builder configuration:
 - Java version: 25.0.4.1.1+1-LTS, vendor version: Oracle GraalVM 25.4.4.1.1-dev+1.1
 - Graal compiler: optimization level: b, target machine: x86-64-v3, PGO: off
 - C compiler: gcc (linux, x86_64, 13.3.0)
 - Assertions: disabled, system assertions: disabled
 - 1 user-specific feature(s):
   - org.graalvm.junit.platform.JUnitPlatformFeature
 Image configuration:
 - Garbage collector: Serial GC (max heap size: 80% of RAM)
 - Assertions: disabled (class-specific config may apply), system assertions: disabled
------------------------------------------------------------------------------------------------------------------------
 6 experimental option(s) unlocked:
 - '-H:-OutlineSBMaterializations' (origin(s): command line)
 - '-H:Preserve' (origin(s): command line)
 - '-H:-OutlineStringBufferAppends' (origin(s): command line)
 - '-H:-OutlineIndyStringConcatenations' (origin(s): command line)
 - '-H:-OutlineStringBuilderAppends' (origin(s): command line)
 - '-H:TrackDynamicAccess' (origin(s): command line)
------------------------------------------------------------------------------------------------------------------------
Build resources:
 - 22.12GiB of memory (71.0% of system memory, using all available memory)
 - 12 thread(s) (100.0% of 12 available processor(s), determined at start)
[junit-platform-native] Running in 'test listener' mode using files matching pattern [junit-platform-unique-ids*] found in folder [/home/oracle/oracle/graalvm-reachability-metadata/forge/local_repositories/forge_worktrees/9366-196ed13d/tests/src/org.apache.httpcomponents.client5/httpclient5/5.2.1/build/test-results/test/testlist] and its subfolders.
[2/8] Performing analysis...  [*****]                                                                  (26.7s @ 1.20GiB)
   13,027 types,  14,984 fields, and  56,692 methods found reachable
    2,301 types,   1,827 fields, and   5,606 methods registered for reflection
    1,782 types,   1,713 fields, and   3,453 methods registered for JNI access
      205 resource accesses registered with 651.17KiB total size
        5 native libraries: dl, m, pthread, rt, z
[3/8] Building universe...                                                                              (3.6s @ 1.35GiB)
[4/8] Parsing methods...      [**]                                                                      (2.8s @ 1.46GiB)
[5/8] Inlining methods...     [***]                                                                     (1.3s @ 1.52GiB)
[6/8] Compiling methods...    [****]                                                                   (13.4s @ 1.11GiB)
[7/8] Laying out methods...   [**]                                                                      (3.7s @ 1.42GiB)
[8/8] Creating image...       [**]                                                                      (4.0s @ 1.68GiB)
  14.92MiB (36.93%) for code area:    38,689 compilation units
  21.06MiB (52.13%) for image heap:  316,059 objects and 75 resources
   4.42MiB (10.93%) for other data
  40.40MiB in total image size, 37.19MiB in total file size
------------------------------------------------------------------------------------------------------------------------
Top 10 origins of code area:                                Top 10 object types in image heap:
   1.59MiB o.g.n.runtime/com.oracle.svm.core.code              4.49MiB byte[] for code metadata
 933.11KiB java.base/sun.security.ssl                          4.04MiB byte[] for string data
 806.98KiB java.base/java.util                                 2.05MiB java.base/java.lang.String
 464.46KiB java.base/com.sun.crypto.provider                   1.58MiB java.base/java.lang.Class
 407.88KiB java.base/jdk.internal.classfile.impl               1.39MiB o.g.n.runtime/c.o.s.core.hub.DynamicHubCompanion
 368.00KiB java.base/java.lang                                 1.17MiB byte[] for general heap data
 338.57KiB java.base/java.lang.invoke                        910.55KiB byte[] for reflection metadata
 304.52KiB o.g.n.runtime/com.oracle.svm.core.reflect         653.60KiB byte[] for embedded resources
 299.10KiB java.base/java.util.concurrent                    547.63KiB java.base/java.lang.Object[]
 271.71KiB java.base/sun.security.provider                   350.70KiB o.g.n.runtime/c.o.s.c.j.a.JNIAccessibleMethod
   9.24MiB for 447 more packages                               3.94MiB for 2904 more object types
                            Use '--emit build-report' to create a report with more details.
------------------------------------------------------------------------------------------------------------------------
Security report:
 - Binary includes Java deserialization.
 - CycloneDX SBOM with 22 component(s) is embedded in binary (1.19KiB). 1 type(s) could not be associated to a component.
 - Advanced obfuscation not enabled; enable with '-H:AdvancedObfuscation=""' (experimental support).
------------------------------------------------------------------------------------------------------------------------
Recommendations:
 G1GC: Use the G1 GC ('--gc=G1') for improved latency and throughput.
 PGO:  Use Profile-Guided Optimizations ('--pgo') for improved throughput.
 FUTR: Use '--future-defaults=all' to prepare for future releases.
 HEAP: Set max heap for improved and more predictable memory usage.
 CPU:  Enable more CPU features with '-march=native' for improved performance.
------------------------------------------------------------------------------------------------------------------------
                       5.7s (8.7% of total time) in 813 GCs | Peak RSS: 2.64GiB | CPU load: 9.11
------------------------------------------------------------------------------------------------------------------------
Build artifacts:
 /home/oracle/oracle/graalvm-reachability-metadata/forge/local_repositories/forge_worktrees/9366-196ed13d/tests/src/org.apache.httpcomponents.client5/httpclient5/5.2.1/build/native/nativeTestCompile/dynamic-access/httpclient5-5.3/reflection-calls.json (build_info, 297B)
 /home/oracle/oracle/graalvm-reachability-metadata/forge/local_repositories/forge_worktrees/9366-196ed13d/tests/src/org.apache.httpcomponents.client5/httpclient5/5.2.1/build/native/nativeTestCompile/libmanagement_ext.so (jdk_library, 32.23KiB)
 /home/oracle/oracle/graalvm-reachability-metadata/forge/local_repositories/forge_worktrees/9366-196ed13d/tests/src/org.apache.httpcomponents.client5/httpclient5/5.2.1/build/native/nativeTestCompile/org.apache.httpcomponents.client5.httpclient5_tests-tests (executable, 37.19MiB)
========================================================================================================================
Finished generating 'org.apache.httpcomponents.client5.httpclient5_tests-tests' in 1m 3s.

The build process encountered 3 warnings.

[native-image-plugin] Native Image written to: /home/oracle/oracle/graalvm-reachability-metadata/forge/local_repositories/forge_worktrees/9366-196ed13d/tests/src/org.apache.httpcomponents.client5/httpclient5/5.2.1/build/native/nativeTestCompile

> Task :generateDynamicAccessReport

[Incubating] Problems report is available at: file:///home/oracle/oracle/graalvm-reachability-metadata/forge/local_repositories/forge_worktrees/9366-196ed13d/tests/src/org.apache.httpcomponents.client5/httpclient5/5.2.1/build/reports/problems/problems-report.html

Deprecated Gradle features were used in this build, making it incompatible with Gradle 10.

You can use '--warning-mode all' to show the individual deprecation warnings and determine if they come from your own scripts or plugins.

For more on this, please refer to https://docs.gradle.org/9.1.0/userguide/command_line_interface.html#sec:command_line_warnings in the Gradle documentation.

BUILD SUCCESSFUL in 1m 11s
17 actionable tasks: 2 executed, 15 up-to-date
Consider enabling configuration cache to speed up this build: https://docs.gradle.org/9.1.0/userguide/configuration_cache_enabling.html
/home/oracle/oracle/graalvm-reachability-metadata/forge/local_repositories/forge_worktrees/9366-196ed13d/tests/src/org.apache.httpcomponents.client5/httpclient5/5.2.1/build/native/nativeTestCompile/dynamic-access/httpclient5-5.3/reflection-calls.json

[Incubating] Problems report is available at: file:///home/oracle/oracle/graalvm-reachability-metadata/forge/local_repositories/forge_worktrees/9366-196ed13d/build/reports/problems/problems-report.html

Deprecated Gradle features were used in this build, making it incompatible with Gradle 10.

You can use '--warning-mode all' to show the individual deprecation warnings and determine if they come from your own scripts or plugins.

For more on this, please refer to https://docs.gradle.org/9.1.0/userguide/command_line_interface.html#sec:command_line_warnings in the Gradle documentation.

BUILD SUCCESSFUL in 1m 14s
9 actionable tasks: 1 executed, 8 up-to-date
Wrote dynamic-access coverage report for org.apache.httpcomponents.client5:httpclient5:5.3 to /home/oracle/oracle/graalvm-reachability-metadata/forge/local_repositories/forge_worktrees/9366-196ed13d/tests/src/org.apache.httpcomponents.client5/httpclient5/5.2.1/build/reports/dynamic-access/dynamic-access-coverage.json.

[Incubating] Problems report is available at: file:///home/oracle/oracle/graalvm-reachability-metadata/forge/local_repositories/forge_worktrees/9366-196ed13d/build/reports/problems/problems-report.html

Deprecated Gradle features were used in this build, making it incompatible with Gradle 10.

You can use '--warning-mode all' to show the individual deprecation warnings and determine if they come from your own scripts or plugins.

For more on this, please refer to https://docs.gradle.org/9.1.0/userguide/command_line_interface.html#sec:command_line_warnings in the Gradle documentation.

BUILD SUCCESSFUL in 1m 42s
9 actionable tasks: 1 executed, 8 up-to-date
