> Task :tck-build-logic:extractPluginRequests UP-TO-DATE
> Task :tck-build-logic:generatePluginAdapters UP-TO-DATE
> Task :tck-build-logic:compileJava UP-TO-DATE
> Task :tck-build-logic:compileGroovy UP-TO-DATE
> Task :tck-build-logic:compileGroovyPlugins UP-TO-DATE
> Task :tck-build-logic:pluginDescriptors UP-TO-DATE
> Task :tck-build-logic:processResources UP-TO-DATE
> Task :tck-build-logic:classes UP-TO-DATE
> Task :tck-build-logic:jar UP-TO-DATE

> Configure project :
GraalVM Reachability Metadata TCK
---------------------------------

> Task :populateArtifactURLs
I made no changes to `metadata/ch.qos.logback/logback-classic/index.json`. The `1.2.11` entry already has non-blank values for `source-code-url`, `repository-url`, `test-code-url`, `documentation-url` and `description`, so none of them are missing.

I rendered the three URL templates with `1.2.11` and checked each with an HTTP HEAD request. The sources, test-sources and javadoc jars all return 200 on Maven Central.

- **Description:** it is exactly two sentences.
- **Repository URL:** `https://github.com/qos-ch/logback` is the repository root, with no tag or branch.
- **Language:** the field stays absent, because logback-classic is a plain Java library and not specific to Kotlin, Groovy or Scala.
Ran agent for ch.qos.logback:logback-classic:1.2.11 (exit 0). Log: /home/oracle/oracle/metadata2/graalvm-reachability-metadata/forge/local_repositories/forge_worktrees/10520-eedc5ae7/build/agent-url-discovery-logs/ch.qos.logback-logback-classic-1.2.11.log
Completed populateArtifactURLs: invoked=1, prompted=0, skipped=0, overwriteExisting=false, verifyArtifactSources=false, limit=null

[Incubating] Problems report is available at: file:///home/oracle/oracle/metadata2/graalvm-reachability-metadata/forge/local_repositories/forge_worktrees/10520-eedc5ae7/build/reports/problems/problems-report.html

Deprecated Gradle features were used in this build, making it incompatible with Gradle 10.

You can use '--warning-mode all' to show the individual deprecation warnings and determine if they come from your own scripts or plugins.

For more on this, please refer to https://docs.gradle.org/9.1.0/userguide/command_line_interface.html#sec:command_line_warnings in the Gradle documentation.

BUILD SUCCESSFUL in 17s
9 actionable tasks: 1 executed, 8 up-to-date
