Command: ./gradlew addLibraryAsLatestMetadataIndexJson -Pcoordinates=org.xerial.snappy:snappy-java:1.1.0.1
Working directory: /home/oracle/oracle/graalvm-reachability-metadata/forge/local_repositories/forge_worktrees/10048-3854c553

--- output ---
Starting a Gradle Daemon, 23 stopped Daemons could not be reused, use --status for details
> Task :tck-build-logic:extractPluginRequests FROM-CACHE
> Task :tck-build-logic:generatePluginAdapters FROM-CACHE
> Task :tck-build-logic:compileJava FROM-CACHE
> Task :tck-build-logic:compileGroovy FROM-CACHE
> Task :tck-build-logic:compileGroovyPlugins FROM-CACHE
> Task :tck-build-logic:pluginDescriptors
> Task :tck-build-logic:processResources
> Task :tck-build-logic:classes
> Task :tck-build-logic:jar

> Configure project :
GraalVM Reachability Metadata TCK
---------------------------------

> Task :addLibraryAsLatestMetadataIndexJson FAILED

[Incubating] Problems report is available at: file:///home/oracle/oracle/graalvm-reachability-metadata/forge/local_repositories/forge_worktrees/10048-3854c553/build/reports/problems/problems-report.html

FAILURE: Build failed with an exception.

* What went wrong:
Execution failed for task ':addLibraryAsLatestMetadataIndexJson'.
> No signature of method: static org.graalvm.internal.tck.utils.MetadataGenerationUtils.makeVersionLatestInIndexJson() is applicable for argument types: (o.g.a.i.f.DefaultProjectLayout, o.g.i.t.Coordinates, null) values: [org.gradle.api.internal.file.DefaultProjectLayout@58b563ab, org.xerial.snappy:snappy-java:1.1.0.1, ...]

* Try:
> Run with --stacktrace option to get the stack trace.
> Run with --info or --debug option to get more log output.
> Run with --scan to generate a Build Scan (Powered by Develocity).
> Get more help at https://help.gradle.org.

Deprecated Gradle features were used in this build, making it incompatible with Gradle 10.

You can use '--warning-mode all' to show the individual deprecation warnings and determine if they come from your own scripts or plugins.

For more on this, please refer to https://docs.gradle.org/9.1.0/userguide/command_line_interface.html#sec:command_line_warnings in the Gradle documentation.

BUILD FAILED in 8s
9 actionable tasks: 4 executed, 5 from cache
