Command: ./gradlew generateDynamicAccessCoverageReport -Pcoordinates=org.ehcache:ehcache:3.12.0
Working directory: /home/oracle/oracle/metadata2/graalvm-reachability-metadata/forge/local_repositories/forge_worktrees/8372-90cba624

--- output ---
> Task :tck-build-logic:extractPluginRequests UP-TO-DATE
> Task :tck-build-logic:generatePluginAdapters UP-TO-DATE
> Task :tck-build-logic:compileJava UP-TO-DATE
> Task :tck-build-logic:compileGroovy UP-TO-DATE
> Task :tck-build-logic:compileGroovyPlugins UP-TO-DATE
> Task :tck-build-logic:pluginDescriptors UP-TO-DATE
> Task :tck-build-logic:processResources UP-TO-DATE
> Task :tck-build-logic:classes UP-TO-DATE
> Task :tck-build-logic:jar UP-TO-DATE

> Configure project :
GraalVM Reachability Metadata TCK
---------------------------------

> Task :generateDynamicAccessCoverageReport
> Task :tck-build-logic:extractPluginRequests UP-TO-DATE
> Task :tck-build-logic:generatePluginAdapters UP-TO-DATE
> Task :tck-build-logic:compileJava UP-TO-DATE
> Task :tck-build-logic:compileGroovy UP-TO-DATE
> Task :tck-build-logic:compileGroovyPlugins UP-TO-DATE
> Task :tck-build-logic:pluginDescriptors UP-TO-DATE
> Task :tck-build-logic:processResources UP-TO-DATE
> Task :tck-build-logic:classes UP-TO-DATE
> Task :tck-build-logic:jar UP-TO-DATE

> Configure project :
GraalVM Reachability Metadata TCK
---------------------------------

> Task :jacocoCodeCoverageReport
Starting a Gradle Daemon, 2 busy and 4 stopped Daemons could not be reused, use --status for details
Shared read-only dependency cache is an incubating feature.
> Task :tck-build-logic:extractPluginRequests UP-TO-DATE
> Task :tck-build-logic:generatePluginAdapters UP-TO-DATE
> Task :tck-build-logic:compileJava UP-TO-DATE
> Task :tck-build-logic:compileGroovy UP-TO-DATE
> Task :tck-build-logic:compileGroovyPlugins UP-TO-DATE
> Task :tck-build-logic:pluginDescriptors UP-TO-DATE
> Task :tck-build-logic:processResources UP-TO-DATE
> Task :tck-build-logic:classes UP-TO-DATE
> Task :tck-build-logic:jar UP-TO-DATE

[Incubating] Problems report is available at: file:///home/oracle/oracle/metadata2/graalvm-reachability-metadata/forge/local_repositories/forge_worktrees/8372-90cba624/tests/src/org.ehcache/ehcache/3.12.0/build/reports/problems/problems-report.html

FAILURE: Build failed with an exception.

* What went wrong:
A problem occurred configuring root project 'org.ehcache.ehcache_tests'.
> Could not create task ':jacocoCodeCoverageReport'.
   > No unclassified main JAR found on the classpath for org.ehcache:ehcache:3.12.0.
     Please verify that the coordinate publishes a main JAR.

* Try:
> Run with --stacktrace option to get the stack trace.

> Run with --info or --debug option to get more log output.
Deprecated Gradle features were used in this build, making it incompatible with Gradle 10.
> Run with --scan to generate a Build Scan (Powered by Develocity).

> Get more help at https://help.gradle.org.
You can use '--warning-mode all' to show the individual deprecation warnings and determine if they come from your own scripts or plugins.


BUILD FAILED in 22s
For more on this, please refer to https://docs.gradle.org/9.1.0/userguide/command_line_interface.html#sec:command_line_warnings in the Gradle documentation.
8 actionable tasks: 8 up-to-date

> Task :jacocoCodeCoverageReport FAILED

[Incubating] Problems report is available at: file:///home/oracle/oracle/metadata2/graalvm-reachability-metadata/forge/local_repositories/forge_worktrees/8372-90cba624/build/reports/problems/problems-report.html

FAILURE: Build failed with an exception.

* What went wrong:
Execution failed for task ':jacocoCodeCoverageReport'.
> Combined JaCoCo report generation failed with error code 1.

* Try:
> Run with --stacktrace option to get the stack trace.
> Run with --info or --debug option to get more log output.
> Run with --scan to generate a Build Scan (Powered by Develocity).
> Get more help at https://help.gradle.org.

BUILD FAILED in 30s

Deprecated Gradle features were used in this build, making it incompatible with Gradle 10.

You can use '--warning-mode all' to show the individual deprecation warnings and determine if they come from your own scripts or plugins.

For more on this, please refer to https://docs.gradle.org/9.1.0/userguide/command_line_interface.html#sec:command_line_warnings in the Gradle documentation.
9 actionable tasks: 1 executed, 8 up-to-date

> Task :generateDynamicAccessCoverageReport FAILED

[Incubating] Problems report is available at: file:///home/oracle/oracle/metadata2/graalvm-reachability-metadata/forge/local_repositories/forge_worktrees/8372-90cba624/build/reports/problems/problems-report.html

FAILURE: Build failed with an exception.

* What went wrong:
Execution failed for task ':generateDynamicAccessCoverageReport'.
> JaCoCo report generation failed for org.ehcache:ehcache:3.12.0:
  
  FAILURE: Build failed with an exception.
  
  * What went wrong:
  A problem occurred configuring root project 'org.ehcache.ehcache_tests'.
  > Could not create task ':jacocoCodeCoverageReport'.
     > No unclassified main JAR found on the classpath for org.ehcache:ehcache:3.12.0.
       Please verify that the coordinate publishes a main JAR.
  
  * Try:
  > Run with --stacktrace option to get the stack trace.
  > Run with --info or --debug option to get more log output.
  > Run with --scan to generate a Build Scan (Powered by Develocity).
  > Get more help at https://help.gradle.org.
  
  BUILD FAILED in 22s
  
  FAILURE: Build failed with an exception.
  
  * What went wrong:
  Execution failed for task ':jacocoCodeCoverageReport'.
  > Combined JaCoCo report generation failed with error code 1.
  
  * Try:
  > Run with --stacktrace option to get the stack trace.
  > Run with --info or --debug option to get more log output.
  > Run with --scan to generate a Build Scan (Powered by Develocity).
  > Get more help at https://help.gradle.org.
  
  BUILD FAILED in 30s


* Try:
> Run with --stacktrace option to get the stack trace.
> Run with --info or --debug option to get more log output.
> Run with --scan to generate a Build Scan (Powered by Develocity).
> Get more help at https://help.gradle.org.

Deprecated Gradle features were used in this build, making it incompatible with Gradle 10.

You can use '--warning-mode all' to show the individual deprecation warnings and determine if they come from your own scripts or plugins.

For more on this, please refer to https://docs.gradle.org/9.1.0/userguide/command_line_interface.html#sec:command_line_warnings in the Gradle documentation.

BUILD FAILED in 36s
9 actionable tasks: 1 executed, 8 up-to-date
