Command: ./gradlew generateDynamicAccessCoverageReport -Pcoordinates=org.apache.curator:curator-client:5.0.0
Working directory: /home/oracle/oracle/graalvm-reachability-metadata/forge/local_repositories/forge_worktrees/10288-7467fdb7

--- output ---

Welcome to Gradle 9.1.0!

Here are the highlights of this release:
 - Full Java 25 support
 - Native task graph visualization
 - Enhanced console output

For more details see https://docs.gradle.org/9.1.0/release-notes.html

Starting a Gradle Daemon (subsequent builds will be faster)
Shared read-only dependency cache is an incubating feature.
> Task :tck-build-logic:extractPluginRequests
> Task :tck-build-logic:generatePluginAdapters
> Task :tck-build-logic:compileJava
Note: Some input files use or override a deprecated API.
Note: Recompile with -Xlint:deprecation for details.

> Task :tck-build-logic:compileGroovy
Note: Some input files use or override a deprecated API.
Note: Recompile with -Xlint:deprecation for details.
Note: /home/oracle/oracle/graalvm-reachability-metadata/forge/local_repositories/forge_worktrees/10288-7467fdb7/tests/tck-build-logic/src/main/groovy/org/graalvm/internal/tck/harness/tasks/GenerateDependencyGraphTask.java uses unchecked or unsafe operations.
Note: Recompile with -Xlint:unchecked for details.

> Task :tck-build-logic:compileGroovyPlugins
> Task :tck-build-logic:pluginDescriptors
> Task :tck-build-logic:processResources
> Task :tck-build-logic:classes
> Task :tck-build-logic:jar

> Configure project :
GraalVM Reachability Metadata TCK
---------------------------------

> Task :generateDynamicAccessCoverageReport
Starting a Gradle Daemon, 1 busy Daemon could not be reused, use --status for details
Shared read-only dependency cache is an incubating feature.
> Task :tck-build-logic:extractPluginRequests UP-TO-DATE
> Task :tck-build-logic:generatePluginAdapters UP-TO-DATE
> Task :tck-build-logic:compileJava UP-TO-DATE
> Task :tck-build-logic:compileGroovy UP-TO-DATE
> Task :tck-build-logic:compileGroovyPlugins UP-TO-DATE
> Task :tck-build-logic:pluginDescriptors UP-TO-DATE
> Task :tck-build-logic:processResources UP-TO-DATE
> Task :tck-build-logic:classes UP-TO-DATE
> Task :tck-build-logic:jar UP-TO-DATE

> Configure project :
GraalVM Reachability Metadata TCK
---------------------------------

> Task :jacocoCodeCoverageReport
Starting a Gradle Daemon, 2 busy Daemons could not be reused, use --status for details
Shared read-only dependency cache is an incubating feature.
> Task :tck-build-logic:extractPluginRequests UP-TO-DATE
> Task :tck-build-logic:generatePluginAdapters UP-TO-DATE
> Task :tck-build-logic:compileJava UP-TO-DATE
> Task :tck-build-logic:compileGroovy UP-TO-DATE
> Task :tck-build-logic:compileGroovyPlugins UP-TO-DATE
> Task :tck-build-logic:pluginDescriptors UP-TO-DATE
> Task :tck-build-logic:processResources UP-TO-DATE
> Task :tck-build-logic:classes UP-TO-DATE
> Task :tck-build-logic:jar UP-TO-DATE


[Incubating] Problems report is available at: file:///home/oracle/oracle/graalvm-reachability-metadata/forge/local_repositories/forge_worktrees/10288-7467fdb7/tests/src/org.apache.curator/curator-client/5.0.0/build/reports/problems/problems-report.html
FAILURE: Build failed with an exception.

* What went wrong:
A problem occurred configuring root project 'org.apache.curator.curator-client_tests'.
> Could not create task ':jacocoCodeCoverageReport'.
   > Could not resolve all artifacts for configuration ':testRuntimeClasspath'.
      > Could not resolve org.apache.curator:curator-client:5.0.0.
        Required by:

            root project 'org.apache.curator.curator-client_tests'
Deprecated Gradle features were used in this build, making it incompatible with Gradle 10.         > Could not resolve org.apache.curator:curator-client:5.0.0.

            > Could not get resource 'https://repo.maven.apache.org/maven2/org/apache/curator/curator-client/5.0.0/curator-client-5.0.0.pom'.

               > Could not GET 'https://repo.maven.apache.org/maven2/org/apache/curator/curator-client/5.0.0/curator-client-5.0.0.pom'.
You can use '--warning-mode all' to show the individual deprecation warnings and determine if they come from your own scripts or plugins.                  > repo.maven.apache.org: Temporary failure in name resolution

         > Could not resolve org.apache.curator:curator-client:5.0.0.

            > Could not get resource 'https://packages.confluent.io/maven/org/apache/curator/curator-client/5.0.0/curator-client-5.0.0.pom'.
For more on this, please refer to https://docs.gradle.org/9.1.0/userguide/command_line_interface.html#sec:command_line_warnings in the Gradle documentation.
               > Could not GET 'https://packages.confluent.io/maven/org/apache/curator/curator-client/5.0.0/curator-client-5.0.0.pom'.
8 actionable tasks: 8 up-to-date
                  > packages.confluent.io: Temporary failure in name resolution

* Try:
> Run with --stacktrace option to get the stack trace.
> Run with --info or --debug option to get more log output.
> Run with --scan to generate a Build Scan (Powered by Develocity).
> Get more help at https://help.gradle.org.

BUILD FAILED in 1m 55s

> Task :jacocoCodeCoverageReport FAILED


[Incubating] Problems report is available at: file:///home/oracle/oracle/graalvm-reachability-metadata/forge/local_repositories/forge_worktrees/10288-7467fdb7/build/reports/problems/problems-report.html
FAILURE: Build failed with an exception.

* What went wrong:
Execution failed for task ':jacocoCodeCoverageReport'.
> Combined JaCoCo report generation failed with error code 1.

* Try:
> Run with --stacktrace option to get the stack trace.

> Run with --info or --debug option to get more log output.
> Run with --scan to generate a Build Scan (Powered by Develocity).
Deprecated Gradle features were used in this build, making it incompatible with Gradle 10.
> Get more help at https://help.gradle.org.


You can use '--warning-mode all' to show the individual deprecation warnings and determine if they come from your own scripts or plugins.
BUILD FAILED in 2m 8s

For more on this, please refer to https://docs.gradle.org/9.1.0/userguide/command_line_interface.html#sec:command_line_warnings in the Gradle documentation.
9 actionable tasks: 1 executed, 8 up-to-date

> Task :generateDynamicAccessCoverageReport FAILED

[Incubating] Problems report is available at: file:///home/oracle/oracle/graalvm-reachability-metadata/forge/local_repositories/forge_worktrees/10288-7467fdb7/build/reports/problems/problems-report.html

FAILURE: Build failed with an exception.

* What went wrong:
Execution failed for task ':generateDynamicAccessCoverageReport'.
> JaCoCo report generation failed for org.apache.curator:curator-client:5.0.0:
  
  FAILURE: Build failed with an exception.
  
  * What went wrong:
  A problem occurred configuring root project 'org.apache.curator.curator-client_tests'.
  > Could not create task ':jacocoCodeCoverageReport'.
     > Could not resolve all artifacts for configuration ':testRuntimeClasspath'.
        > Could not resolve org.apache.curator:curator-client:5.0.0.
          Required by:
              root project 'org.apache.curator.curator-client_tests'
           > Could not resolve org.apache.curator:curator-client:5.0.0.
              > Could not get resource 'https://repo.maven.apache.org/maven2/org/apache/curator/curator-client/5.0.0/curator-client-5.0.0.pom'.
                 > Could not GET 'https://repo.maven.apache.org/maven2/org/apache/curator/curator-client/5.0.0/curator-client-5.0.0.pom'.
                    > repo.maven.apache.org: Temporary failure in name resolution
           > Could not resolve org.apache.curator:curator-client:5.0.0.
              > Could not get resource 'https://packages.confluent.io/maven/org/apache/curator/curator-client/5.0.0/curator-client-5.0.0.pom'.
                 > Could not GET 'https://packages.confluent.io/maven/org/apache/curator/curator-client/5.0.0/curator-client-5.0.0.pom'.
                    > packages.confluent.io: Temporary failure in name resolution
  
  * Try:
  > Run with --stacktrace option to get the stack trace.
  > Run with --info or --debug option to get more log output.
  > Run with --scan to generate a Build Scan (Powered by Develocity).
  > Get more help at https://help.gradle.org.
  
  BUILD FAILED in 1m 55s
  
  FAILURE: Build failed with an exception.
  
  * What went wrong:
  Execution failed for task ':jacocoCodeCoverageReport'.
  > Combined JaCoCo report generation failed with error code 1.
  
  * Try:
  > Run with --stacktrace option to get the stack trace.
  > Run with --info or --debug option to get more log output.
  > Run with --scan to generate a Build Scan (Powered by Develocity).
  > Get more help at https://help.gradle.org.
  
  BUILD FAILED in 2m 8s


* Try:
> Run with --stacktrace option to get the stack trace.
> Run with --info or --debug option to get more log output.
> Run with --scan to generate a Build Scan (Powered by Develocity).
> Get more help at https://help.gradle.org.

Deprecated Gradle features were used in this build, making it incompatible with Gradle 10.

You can use '--warning-mode all' to show the individual deprecation warnings and determine if they come from your own scripts or plugins.

For more on this, please refer to https://docs.gradle.org/9.1.0/userguide/command_line_interface.html#sec:command_line_warnings in the Gradle documentation.

BUILD FAILED in 3m 53s
9 actionable tasks: 9 executed
