Command: ./gradlew scaffold --coordinates=org.springframework.cloud:spring-cloud-vault-config:5.0.2 --rerun-tasks
Working directory: /home/mihailo/git/graalvm-reachability-metadata-copy/forge/local_repositories/forge_worktrees/9705-844a1c8b

--- output ---
> Task :tck-build-logic:extractPluginRequests
> Task :tck-build-logic:generatePluginAdapters

> Task :tck-build-logic:compileJava
Note: Some input files use or override a deprecated API.
Note: Recompile with -Xlint:deprecation for details.

> Task :tck-build-logic:compileGroovy
Note: Some input files use or override a deprecated API.
Note: Recompile with -Xlint:deprecation for details.
Note: /home/mihailo/git/graalvm-reachability-metadata-copy/forge/local_repositories/forge_worktrees/9705-844a1c8b/tests/tck-build-logic/src/main/groovy/org/graalvm/internal/tck/harness/tasks/GenerateDependencyGraphTask.java uses unchecked or unsafe operations.
Note: Recompile with -Xlint:unchecked for details.

> Task :tck-build-logic:compileGroovyPlugins
> Task :tck-build-logic:pluginDescriptors
> Task :tck-build-logic:processResources
> Task :tck-build-logic:classes
> Task :tck-build-logic:jar

> Configure project :
GraalVM Reachability Metadata TCK
---------------------------------

> Task :scaffold
Generated metadata and test for org.springframework.cloud:spring-cloud-vault-config:5.0.2
You can now use 'gradle test -Pcoordinates=org.springframework.cloud:spring-cloud-vault-config:5.0.2' to run the tests

> Task :spotlessInternalRegisterDependencies
> Task :spotlessGroovy
> Task :spotlessGroovyApply
> Task :spotlessGroovyGradle
> Task :spotlessGroovyGradleApply
> Task :spotlessJava
> Task :spotlessJavaApply
> Task :spotlessJson
> Task :spotlessJsonApply
> Task :spotlessPython
> Task :spotlessPythonApply
> Task :spotlessShell
> Task :spotlessShellApply
> Task :spotlessApply

[Incubating] Problems report is available at: file:///home/mihailo/git/graalvm-reachability-metadata-copy/forge/local_repositories/forge_worktrees/9705-844a1c8b/build/reports/problems/problems-report.html

Deprecated Gradle features were used in this build, making it incompatible with Gradle 10.

You can use '--warning-mode all' to show the individual deprecation warnings and determine if they come from your own scripts or plugins.

For more on this, please refer to https://docs.gradle.org/9.1.0/userguide/command_line_interface.html#sec:command_line_warnings in the Gradle documentation.

BUILD SUCCESSFUL in 58s
22 actionable tasks: 22 executed
