Command: ./gradlew generateDynamicAccessCoverageReport -Pcoordinates=io.micronaut.security:micronaut-security-annotations:5.3.2
Working directory: /home/oracle/oracle/graalvm-reachability-metadata/forge/local_repositories/forge_worktrees/10074-8287df58

--- output ---
> Task :tck-build-logic:extractPluginRequests UP-TO-DATE
> Task :tck-build-logic:generatePluginAdapters UP-TO-DATE
> Task :tck-build-logic:compileJava UP-TO-DATE
> Task :tck-build-logic:compileGroovy UP-TO-DATE
> Task :tck-build-logic:compileGroovyPlugins UP-TO-DATE
> Task :tck-build-logic:pluginDescriptors UP-TO-DATE
> Task :tck-build-logic:processResources UP-TO-DATE
> Task :tck-build-logic:classes UP-TO-DATE
> Task :tck-build-logic:jar UP-TO-DATE

> Configure project :
GraalVM Reachability Metadata TCK
---------------------------------

> Task :generateDynamicAccessCoverageReport
Starting a Gradle Daemon, 1 busy and 17 stopped Daemons could not be reused, use --status for details
> Task :tck-build-logic:extractPluginRequests UP-TO-DATE
> Task :tck-build-logic:generatePluginAdapters UP-TO-DATE
> Task :tck-build-logic:compileJava UP-TO-DATE
> Task :tck-build-logic:compileGroovy UP-TO-DATE
> Task :tck-build-logic:compileGroovyPlugins UP-TO-DATE
> Task :tck-build-logic:pluginDescriptors UP-TO-DATE
> Task :tck-build-logic:processResources UP-TO-DATE
> Task :tck-build-logic:classes UP-TO-DATE
> Task :tck-build-logic:jar UP-TO-DATE

> Configure project :
GraalVM Reachability Metadata TCK
---------------------------------

> Task :jacocoCodeCoverageReport
Starting a Gradle Daemon, 2 busy and 17 stopped Daemons could not be reused, use --status for details
> Task :tck-build-logic:extractPluginRequests UP-TO-DATE
> Task :tck-build-logic:generatePluginAdapters UP-TO-DATE
> Task :tck-build-logic:compileJava UP-TO-DATE
> Task :tck-build-logic:compileGroovy UP-TO-DATE
> Task :tck-build-logic:compileGroovyPlugins UP-TO-DATE
> Task :tck-build-logic:pluginDescriptors UP-TO-DATE
> Task :tck-build-logic:processResources UP-TO-DATE
> Task :tck-build-logic:classes UP-TO-DATE
> Task :tck-build-logic:jar UP-TO-DATE
> Task :checkTestTimeoutAnnotations
> Task :processCodeCoverageResources NO-SOURCE
> Task :compileJava NO-SOURCE
> Task :processResources NO-SOURCE
> Task :classes UP-TO-DATE
> Task :processTestResources NO-SOURCE
> Task :tck-test-support:compileJava
> Task :compileCodeCoverageJava NO-SOURCE
> Task :codeCoverageClasses UP-TO-DATE
> Task :tck-test-support:processResources
> Task :tck-test-support:classes
> Task :tck-test-support:jar
> Task :compileTestJava
> Task :codeCoverageTest SKIPPED
> Task :testClasses
> Task :test
> Task :jacocoCodeCoverageReport

[Incubating] Problems report is available at: file:///home/oracle/oracle/graalvm-reachability-metadata/forge/local_repositories/forge_worktrees/10074-8287df58/tests/src/io.micronaut.security/micronaut-security-annotations/5.3.2/build/reports/problems/problems-report.html

Deprecated Gradle features were used in this build, making it incompatible with Gradle 10.

You can use '--warning-mode all' to show the individual deprecation warnings and determine if they come from your own scripts or plugins.

For more on this, please refer to https://docs.gradle.org/9.1.0/userguide/command_line_interface.html#sec:command_line_warnings in the Gradle documentation.

BUILD SUCCESSFUL in 10s
15 actionable tasks: 7 executed, 8 up-to-date

[Incubating] Problems report is available at: file:///home/oracle/oracle/graalvm-reachability-metadata/forge/local_repositories/forge_worktrees/10074-8287df58/build/reports/problems/problems-report.html

Deprecated Gradle features were used in this build, making it incompatible with Gradle 10.

You can use '--warning-mode all' to show the individual deprecation warnings and determine if they come from your own scripts or plugins.

For more on this, please refer to https://docs.gradle.org/9.1.0/userguide/command_line_interface.html#sec:command_line_warnings in the Gradle documentation.

BUILD SUCCESSFUL in 19s
9 actionable tasks: 1 executed, 8 up-to-date
> Task :tck-build-logic:extractPluginRequests UP-TO-DATE
> Task :tck-build-logic:generatePluginAdapters UP-TO-DATE
> Task :tck-build-logic:compileJava UP-TO-DATE
> Task :tck-build-logic:compileGroovy UP-TO-DATE
> Task :tck-build-logic:compileGroovyPlugins UP-TO-DATE
> Task :tck-build-logic:pluginDescriptors UP-TO-DATE
> Task :tck-build-logic:processResources UP-TO-DATE
> Task :tck-build-logic:classes UP-TO-DATE
> Task :tck-build-logic:jar UP-TO-DATE

> Task :generateDynamicAccessReport
> Task :tck-build-logic:extractPluginRequests UP-TO-DATE
> Task :tck-build-logic:generatePluginAdapters UP-TO-DATE
> Task :tck-build-logic:compileJava UP-TO-DATE
> Task :tck-build-logic:compileGroovy UP-TO-DATE
> Task :tck-build-logic:compileGroovyPlugins UP-TO-DATE
> Task :tck-build-logic:pluginDescriptors UP-TO-DATE
> Task :tck-build-logic:processResources UP-TO-DATE
> Task :tck-build-logic:classes UP-TO-DATE
> Task :tck-build-logic:jar UP-TO-DATE
> Task :compileJava NO-SOURCE
> Task :processResources NO-SOURCE
> Task :classes UP-TO-DATE
> Task :tck-test-support:compileJava UP-TO-DATE
> Task :tck-test-support:processResources UP-TO-DATE
> Task :tck-test-support:classes UP-TO-DATE
> Task :tck-test-support:jar UP-TO-DATE
> Task :jar
> Task :compileTestJava UP-TO-DATE
> Task :checkTestTimeoutAnnotations
> Task :processTestResources NO-SOURCE
> Task :testClasses UP-TO-DATE
> Task :test UP-TO-DATE

> Task :generateTestResourcesConfigFile
[native-image-plugin] Resources configuration written into /home/oracle/oracle/graalvm-reachability-metadata/forge/local_repositories/forge_worktrees/10074-8287df58/tests/src/io.micronaut.security/micronaut-security-annotations/5.3.2/build/native/generated/generateTestResourcesConfigFile/resource-config.json

> Task :nativeTestCompile
[native-image-plugin] GraalVM Toolchain detection is disabled
[native-image-plugin] GraalVM location read from environment variable: GRAALVM_HOME
[native-image-plugin] Native Image executable path: /home/oracle/.local/graalvm/graalvm-25.4.4.1.1-dev+1.1/lib/svm/bin/native-image
Apply jar:file:///tmp/metadata-forge-gradle/dc7946488e7e4c64/caches/modules-2/files-2.1/io.micronaut/micronaut-aop/5.1.11/f3213eeff550a5ec79786608339382c2ecb28ae5/micronaut-aop-5.1.11.jar!/META-INF/native-image/io/micronaut/micronaut-aop/native-image.properties
Apply jar:file:///tmp/metadata-forge-gradle/dc7946488e7e4c64/caches/modules-2/files-2.1/io.micronaut/micronaut-inject/5.1.11/c312220f19abb221854a0985a64e1d49afc4cc1/micronaut-inject-5.1.11.jar!/META-INF/native-image/io.micronaut/micronaut-inject/native-image.properties
Warning: Using a deprecated option --enable-http from 'META-INF/native-image/io.micronaut/micronaut-inject/native-image.properties' in 'file:///tmp/metadata-forge-gradle/dc7946488e7e4c64/caches/modules-2/files-2.1/io.micronaut/micronaut-inject/5.1.11/c312220f19abb221854a0985a64e1d49afc4cc1/micronaut-inject-5.1.11.jar'. Use reachability metadata instead. Add this entry to META-INF/native-image/reachability-metadata.json:
{
  "reflection": [
    {
      "type": "sun.net.www.protocol.http.Handler",
      "methods": [
        {
          "name": "<init>",
          "parameterTypes": []
        }
      ]
    }
  ]
}
Warning: Using a deprecated option --enable-https from 'META-INF/native-image/io.micronaut/micronaut-inject/native-image.properties' in 'file:///tmp/metadata-forge-gradle/dc7946488e7e4c64/caches/modules-2/files-2.1/io.micronaut/micronaut-inject/5.1.11/c312220f19abb221854a0985a64e1d49afc4cc1/micronaut-inject-5.1.11.jar'. Use reachability metadata instead. Add this entry to META-INF/native-image/reachability-metadata.json:
{
  "reflection": [
    {
      "type": "sun.net.www.protocol.https.Handler",
      "methods": [
        {
          "name": "<init>",
          "parameterTypes": []
        }
      ]
    }
  ]
}
Apply jar:file:///tmp/metadata-forge-gradle/dc7946488e7e4c64/caches/modules-2/files-2.1/io.micronaut/micronaut-inject/5.1.11/c312220f19abb221854a0985a64e1d49afc4cc1/micronaut-inject-5.1.11.jar!/META-INF/native-image/io.micronaut/micronaut-inject/reachability-metadata.json
Apply jar:file:///tmp/metadata-forge-gradle/dc7946488e7e4c64/caches/modules-2/files-2.1/io.micronaut/micronaut-inject/5.1.11/c312220f19abb221854a0985a64e1d49afc4cc1/micronaut-inject-5.1.11.jar!/META-INF/native-image/io.micronaut/micronaut-inject/resource-config.json
Apply jar:file:///tmp/metadata-forge-gradle/dc7946488e7e4c64/caches/modules-2/files-2.1/io.micronaut/micronaut-core/5.1.11/fe9b5a69d9898af1928d5502a39c382d7e171625/micronaut-core-5.1.11.jar!/META-INF/native-image/io.micronaut/micronaut-core/native-image.properties
Warning: Invalid classpath entry: /home/oracle/oracle/graalvm-reachability-metadata/forge/local_repositories/forge_worktrees/10074-8287df58/tests/src/io.micronaut.security/micronaut-security-annotations/5.3.2/build/resources/test
Warning: Using a deprecated option --no-fallback from command line. No effect, no replacement available
Warning: The option '-H:TrackDynamicAccess=path=/tmp/metadata-forge-gradle/dc7946488e7e4c64/caches/modules-2/files-2.1/io.micronaut.security/micronaut-security-annotations/5.3.2/92d169af2676f75d9ce40f97a6905d030927b5b4/micronaut-security-annotations-5.3.2.jar' is experimental and must be enabled via '-H:+UnlockExperimentalVMOptions' in the future.
Warning: The option '-H:Preserve=path=/tmp/metadata-forge-gradle/dc7946488e7e4c64/caches/modules-2/files-2.1/io.micronaut.security/micronaut-security-annotations/5.3.2/92d169af2676f75d9ce40f97a6905d030927b5b4/micronaut-security-annotations-5.3.2.jar' is experimental and must be enabled via '-H:+UnlockExperimentalVMOptions' in the future.
Warning: Please re-evaluate whether any experimental option is required, and either remove or unlock it. The build output lists all active experimental options, including where they come from and possible alternatives. If you think an experimental option should be considered as stable, please file an issue.
Apply jar:file:///home/oracle/.local/graalvm/graalvm-25.4.4.1.1-dev+1.1/lib/svm/svm-guest.jar!/META-INF/native-image/org.graalvm.nativeimage.guest/native-image.properties
Apply jar:file:///home/oracle/.local/graalvm/graalvm-25.4.4.1.1-dev+1.1/lib/svm/svm-guest.jar!/META-INF/native-image/org.graalvm.nativeimage.guest/reachability-metadata.json
Apply jar:file:///home/oracle/.local/graalvm/graalvm-25.4.4.1.1-dev+1.1/lib/svm/library-support.jar!/META-INF/native-image/com.oracle.svm/polyglot/native-image.properties
Executing [
DRIVER_TEMP_DIR_ENV_VARIABLE=/tmp/driverRoot-5594610968458305615 \
HOME=/home/oracle \
LANG=en_US.UTF-8 \
LC_ADDRESS=sr_RS \
LC_IDENTIFICATION=sr_RS \
LC_MEASUREMENT=sr_RS \
LC_MONETARY=sr_RS \
LC_NAME=sr_RS \
LC_NUMERIC=sr_RS \
LC_PAPER=sr_RS \
LC_TELEPHONE=sr_RS \
LC_TIME=sr_RS \
PATH=/home/oracle/.local/graalvm/graalvm-25.4.4.1.1-dev+1.1/bin:/home/oracle/.cargo/bin:/home/oracle/.local/bin:/home/oracle/.local/share/pi-node/node-v22.23.2-linux-x64/bin:/home/oracle/.local/bin:/usr/local/sbin:/usr/local/bin:/usr/sbin:/usr/bin:/sbin:/bin:/usr/games:/usr/local/games:/snap/bin:/snap/bin:/home/oracle/oracle/mx \
PWD=/home/oracle/oracle/graalvm-reachability-metadata/forge/local_repositories/forge_worktrees/10074-8287df58/tests/src/io.micronaut.security/micronaut-security-annotations/5.3.2 \
/home/oracle/.local/graalvm/graalvm-25.4.4.1.1-dev+1.1/bin/java \
-XX:+UnlockExperimentalVMOptions \
-XX:+EnableJVMCI \
-Dgraalvm.locatorDisabled=true \
-Dtruffle.TruffleRuntime=com.oracle.truffle.api.impl.DefaultTruffleRuntime \
-Dgraalvm.ForcePolyglotInvalid=true \
-Dsubstratevm.HostLibC=glibc \
--add-exports=java.base/com.sun.crypto.provider=org.graalvm.nativeimage.builder \
--add-exports=java.base/jdk.internal.access=jdk.graal.compiler.hostvmaccess,org.graalvm.nativeimage.builder \
--add-exports=java.base/jdk.internal.event=org.graalvm.nativeimage.builder \
--add-exports=java.base/jdk.internal.foreign=org.graalvm.nativeimage.builder \
--add-exports=java.base/jdk.internal.loader=jdk.graal.compiler.hostvmaccess,org.graalvm.nativeimage.base,org.graalvm.nativeimage.builder \
--add-exports=java.base/jdk.internal.logger=org.graalvm.nativeimage.builder \
--add-exports=java.base/jdk.internal.misc=com.oracle.graal.graal_enterprise,com.oracle.svm.svm_enterprise,jdk.graal.compiler,jdk.graal.compiler.hostvmaccess,org.graalvm.nativeimage.builder,org.graalvm.nativeimage.guest.staging,org.graalvm.nativeimage.objectfile,org.graalvm.nativeimage.pointsto \
--add-exports=java.base/jdk.internal.module=jdk.graal.compiler.hostvmaccess,jdk.graal.compiler.vmaccess,org.graalvm.nativeimage.base,org.graalvm.nativeimage.builder,org.graalvm.nativeimage.shared \
--add-exports=java.base/jdk.internal.perf=org.graalvm.nativeimage.builder \
--add-exports=java.base/jdk.internal.platform=org.graalvm.nativeimage.builder \
--add-exports=java.base/jdk.internal.ref=org.graalvm.nativeimage.builder,org.graalvm.nativeimage.objectfile \
--add-exports=java.base/jdk.internal.reflect=org.graalvm.nativeimage.builder \
--add-exports=java.base/jdk.internal.util=com.oracle.svm.svm_enterprise,org.graalvm.nativeimage.builder \
--add-exports=java.base/jdk.internal.vm.annotation=org.graalvm.nativeimage.builder \
--add-exports=java.base/jdk.internal.vm=org.graalvm.nativeimage.builder \
--add-exports=java.base/jdk.internal=org.graalvm.nativeimage.builder \
--add-exports=java.base/sun.invoke.util=org.graalvm.nativeimage.builder \
--add-exports=java.base/sun.net.www.protocol.file=org.graalvm.nativeimage.builder \
--add-exports=java.base/sun.net.www.protocol.ftp=org.graalvm.nativeimage.builder \
--add-exports=java.base/sun.net.www.protocol.http=org.graalvm.nativeimage.builder \
--add-exports=java.base/sun.net.www.protocol.https=org.graalvm.nativeimage.builder \
--add-exports=java.base/sun.net.www.protocol.jar=org.graalvm.nativeimage.builder \
--add-exports=java.base/sun.net.www.protocol.jmod=org.graalvm.nativeimage.builder \
--add-exports=java.base/sun.net.www.protocol.jrt=org.graalvm.nativeimage.builder \
--add-exports=java.base/sun.net.www.protocol.mailto=org.graalvm.nativeimage.builder \
--add-exports=java.base/sun.net.www=org.graalvm.nativeimage.builder \
--add-exports=java.base/sun.net=org.graalvm.nativeimage.builder \
--add-exports=java.base/sun.nio.ch=org.graalvm.nativeimage.builder,org.graalvm.nativeimage.objectfile \
--add-exports=java.base/sun.reflect.annotation=jdk.graal.compiler.vmaccess,org.graalvm.nativeimage.builder \
--add-exports=java.base/sun.reflect.generics.factory=org.graalvm.nativeimage.builder \
--add-exports=java.base/sun.reflect.generics.reflectiveObjects=org.graalvm.nativeimage.builder \
--add-exports=java.base/sun.reflect.generics.repository=org.graalvm.nativeimage.builder \
--add-exports=java.base/sun.reflect.generics.scope=org.graalvm.nativeimage.builder \
--add-exports=java.base/sun.reflect.generics.tree=org.graalvm.nativeimage.builder \
--add-exports=java.base/sun.security.jca=org.graalvm.nativeimage.builder \
--add-exports=java.base/sun.security.provider=org.graalvm.nativeimage.builder \
--add-exports=java.base/sun.security.rsa=org.graalvm.nativeimage.builder \
--add-exports=java.base/sun.security.ssl=org.graalvm.nativeimage.builder \
--add-exports=java.base/sun.security.util=org.graalvm.nativeimage.builder \
--add-exports=java.base/sun.security.x509=org.graalvm.nativeimage.builder \
--add-exports=java.base/sun.text.spi=org.graalvm.nativeimage.builder \
--add-exports=java.base/sun.util.calendar=org.graalvm.nativeimage.builder \
--add-exports=java.base/sun.util.cldr=org.graalvm.nativeimage.builder \
--add-exports=java.base/sun.util.locale.provider=org.graalvm.nativeimage.builder \
--add-exports=java.base/sun.util.locale=org.graalvm.nativeimage.builder \
--add-exports=java.base/sun.util.resources=org.graalvm.nativeimage.builder \
--add-exports=java.base/sun.util.spi=org.graalvm.nativeimage.builder \
--add-exports=java.base/sun.util=org.graalvm.nativeimage.builder \
--add-exports=java.management/com.sun.jmx.mbeanserver=org.graalvm.nativeimage.builder \
--add-exports=java.management/sun.management=org.graalvm.nativeimage.builder,org.graalvm.nativeimage.pointsto \
--add-exports=jdk.graal.compiler/jdk.graal.compiler.annotation=jdk.graal.compiler.hostvmaccess,jdk.graal.compiler.vmaccess \
--add-exports=jdk.graal.compiler/jdk.graal.compiler.api.replacements=jdk.graal.compiler.hostvmaccess \
--add-exports=jdk.graal.compiler/jdk.graal.compiler.api.runtime=jdk.graal.compiler.hostvmaccess \
--add-exports=jdk.graal.compiler/jdk.graal.compiler.core.target=jdk.graal.compiler.hostvmaccess \
--add-exports=jdk.graal.compiler/jdk.graal.compiler.phases.util=jdk.graal.compiler.hostvmaccess,jdk.graal.compiler.vmaccess \
--add-exports=jdk.graal.compiler/jdk.graal.compiler.runtime=jdk.graal.compiler.hostvmaccess \
--add-exports=jdk.graal.compiler/jdk.graal.compiler.util.json=com.oracle.graal.reporter \
--add-exports=jdk.internal.vm.ci/jdk.vm.ci.aarch64=com.oracle.graal.graal_enterprise,com.oracle.svm.svm_enterprise,jdk.graal.compiler,org.graalvm.nativeimage.builder,org.graalvm.nativeimage.objectfile \
--add-exports=jdk.internal.vm.ci/jdk.vm.ci.amd64=com.oracle.graal.graal_enterprise,com.oracle.svm.svm_enterprise,jdk.graal.compiler,org.graalvm.nativeimage.builder,org.graalvm.nativeimage.objectfile \
--add-exports=jdk.internal.vm.ci/jdk.vm.ci.code.site=com.oracle.svm.svm_enterprise,jdk.graal.compiler,org.graalvm.nativeimage.builder \
--add-exports=jdk.internal.vm.ci/jdk.vm.ci.code.stack=jdk.graal.compiler,org.graalvm.nativeimage.builder \
--add-exports=jdk.internal.vm.ci/jdk.vm.ci.code=com.oracle.graal.graal_enterprise,com.oracle.svm.svm_enterprise,jdk.graal.compiler,jdk.graal.compiler.hostvmaccess,jdk.graal.compiler.vmaccess,org.graalvm.nativeimage.base,org.graalvm.nativeimage.builder,org.graalvm.nativeimage.objectfile,org.graalvm.nativeimage.pointsto,org.graalvm.truffle.compiler \
--add-exports=jdk.internal.vm.ci/jdk.vm.ci.common=com.oracle.graal.graal_enterprise,com.oracle.svm.svm_enterprise,jdk.graal.compiler,org.graalvm.nativeimage.builder,org.graalvm.nativeimage.pointsto \
--add-exports=jdk.internal.vm.ci/jdk.vm.ci.hotspot.aarch64=jdk.graal.compiler \
--add-exports=jdk.internal.vm.ci/jdk.vm.ci.hotspot.amd64=jdk.graal.compiler \
--add-exports=jdk.internal.vm.ci/jdk.vm.ci.hotspot.riscv64=jdk.graal.compiler \
--add-exports=jdk.internal.vm.ci/jdk.vm.ci.hotspot=com.oracle.graal.graal_enterprise,jdk.graal.compiler,org.graalvm.nativeimage.builder \
--add-exports=jdk.internal.vm.ci/jdk.vm.ci.meta.annotation=com.oracle.graal.graal_enterprise,com.oracle.svm.svm_enterprise,jdk.graal.compiler,jdk.graal.compiler.hostvmaccess,jdk.graal.compiler.vmaccess,org.graalvm.nativeimage.base,org.graalvm.nativeimage.builder,org.graalvm.nativeimage.configure,org.graalvm.nativeimage.guest.staging,org.graalvm.nativeimage.objectfile,org.graalvm.nativeimage.pointsto \
--add-exports=jdk.internal.vm.ci/jdk.vm.ci.meta=com.oracle.graal.graal_enterprise,com.oracle.svm.svm_enterprise,jdk.graal.compiler,jdk.graal.compiler.hostvmaccess,jdk.graal.compiler.vmaccess,org.graalvm.nativeimage.base,org.graalvm.nativeimage.builder,org.graalvm.nativeimage.configure,org.graalvm.nativeimage.guest.staging,org.graalvm.nativeimage.objectfile,org.graalvm.nativeimage.pointsto,org.graalvm.truffle.compiler \
--add-exports=jdk.internal.vm.ci/jdk.vm.ci.riscv64=com.oracle.svm.svm_enterprise,jdk.graal.compiler,org.graalvm.nativeimage.builder \
--add-exports=jdk.internal.vm.ci/jdk.vm.ci.runtime=com.oracle.graal.graal_enterprise,jdk.graal.compiler,jdk.graal.compiler.hostvmaccess,org.graalvm.nativeimage.base,org.graalvm.nativeimage.builder,org.graalvm.nativeimage.pointsto \
--add-exports=jdk.internal.vm.ci/jdk.vm.ci.services=com.oracle.graal.graal_enterprise,com.oracle.svm.svm_enterprise,jdk.graal.compiler,org.graalvm.nativeimage.builder \
--add-exports=jdk.jfr/jdk.jfr.events=org.graalvm.nativeimage.builder \
--add-exports=jdk.jfr/jdk.jfr.internal.event=org.graalvm.nativeimage.builder \
--add-exports=jdk.jfr/jdk.jfr.internal.jfc=com.oracle.svm.svm_enterprise,org.graalvm.nativeimage.builder \
--add-exports=jdk.jfr/jdk.jfr.internal.settings=org.graalvm.nativeimage.builder \
--add-exports=jdk.jfr/jdk.jfr.internal.tracing=org.graalvm.nativeimage.builder \
--add-exports=jdk.jfr/jdk.jfr.internal=com.oracle.svm.svm_enterprise,org.graalvm.nativeimage.builder \
--add-exports=jdk.management/com.sun.management.internal=org.graalvm.nativeimage.builder \
-XX:+UseJVMCINativeLibrary \
-XX:MaxRAMPercentage=68.9384266394732 \
'-Dsvm.build.memoryUsageReasonText=21.48GiB of memory (68.9% of system memory, using all available memory)' \
-Xss10m \
-XX:+UseParallelGC \
-XX:GCTimeRatio=9 \
-XX:+ExitOnOutOfMemoryError \
-XX:+UseCompressedOops \
-Djava.awt.headless=true \
'-Dorg.graalvm.vendor=Oracle Corporation' \
-Dorg.graalvm.vendorurl=https://www.graalvm.org/ \
'-Dorg.graalvm.vendorversion=Oracle GraalVM 25.4.4.1.1-dev+1.1' \
-Dorg.graalvm.version=25.4.4.1.1-dev \
-Dcom.oracle.graalvm.isaot=true \
-Djava.system.class.loader=com.oracle.svm.hosted.NativeImageSystemClassLoader \
-Djava.util.concurrent.ForkJoinPool.common.exceptionHandler=com.oracle.svm.hosted.CommonPoolUncaughtExceptionHandler \
'-Djava.util.concurrent.ForkJoinPool.common.threadFactory=com.oracle.svm.hosted.NativeImageSystemClassLoader$NativeImageForkJoinWorkerThreadFactory' \
-Dorg.graalvm.nativeimage.imagecode=buildtime \
-Xshare:off \
-Djdk.internal.lambda.disableEagerInitialization=true \
-Djdk.internal.lambda.eagerlyInitialize=false \
-Djava.lang.invoke.InnerClassLambdaMetafactory.initializeLambdas=false \
-Djava.lang.invoke.MethodHandle.DONT_INLINE_THRESHOLD=-1 \
-Djava.lang.invoke.MethodHandle.PROFILE_GWT=false \
-Djunit.platform.listeners.uid.tracking.output.dir=/home/oracle/oracle/graalvm-reachability-metadata/forge/local_repositories/forge_worktrees/10074-8287df58/tests/src/io.micronaut.security/micronaut-security-annotations/5.3.2/build/test-results/test/testlist \
-Dcom.oracle.svm.provided=/home/oracle/.local/graalvm/graalvm-25.4.4.1.1-dev+1.1/lib/svm/svm-shared.jar:/home/oracle/.local/graalvm/graalvm-25.4.4.1.1-dev+1.1/lib/svm/svm-guest.jar:/home/oracle/.local/graalvm/graalvm-25.4.4.1.1-dev+1.1/lib/svm/library-support.jar:/home/oracle/.local/graalvm/graalvm-25.4.4.1.1-dev+1.1/lib/svm/svm-guest-staging.jar:/home/oracle/.local/graalvm/graalvm-25.4.4.1.1-dev+1.1/lib/svm/vmaccess-guest.jar \
--add-modules=ALL-DEFAULT \
--enable-native-access=org.graalvm.espresso.shared.svm,com.oracle.graal.reporter,org.graalvm.nativeimage.shared,org.graalvm.nativeimage.configure,org.graalvm.nativeimage.pointsto,org.graalvm.nativeimage.objectfile,org.graalvm.nativeimage.guest.staging,jdk.graal.compiler.hostvmaccess,org.graalvm.nativeimage.shaded.capnproto,com.oracle.svm.svm_enterprise,org.graalvm.nativeimage.builder,jdk.graal.compiler.vmaccess,org.graalvm.nativeimage.foreign,jdk.graal.compiler.vmaccess.guest,org.graalvm.nativeimage.base \
--module-path \
/home/oracle/.local/graalvm/graalvm-25.4.4.1.1-dev+1.1/lib/svm/builder/pointsto.jar:/home/oracle/.local/graalvm/graalvm-25.4.4.1.1-dev+1.1/lib/svm/builder/svm-shared.jar:/home/oracle/.local/graalvm/graalvm-25.4.4.1.1-dev+1.1/lib/svm/builder/hostvmaccess.jar:/home/oracle/.local/graalvm/graalvm-25.4.4.1.1-dev+1.1/lib/svm/builder/vmaccess.jar:/home/oracle/.local/graalvm/graalvm-25.4.4.1.1-dev+1.1/lib/svm/builder/svm-foreign.jar:/home/oracle/.local/graalvm/graalvm-25.4.4.1.1-dev+1.1/lib/svm/builder/native-image-base.jar:/home/oracle/.local/graalvm/graalvm-25.4.4.1.1-dev+1.1/lib/svm/builder/reporter.jar:/home/oracle/.local/graalvm/graalvm-25.4.4.1.1-dev+1.1/lib/svm/builder/svm-configure.jar:/home/oracle/.local/graalvm/graalvm-25.4.4.1.1-dev+1.1/lib/svm/builder/svm-capnproto-runtime.jar:/home/oracle/.local/graalvm/graalvm-25.4.4.1.1-dev+1.1/lib/svm/builder/espresso-svm.jar:/home/oracle/.local/graalvm/graalvm-25.4.4.1.1-dev+1.1/lib/svm/builder/svm.jar:/home/oracle/.local/graalvm/graalvm-25.4.4.1.1-dev+1.1/lib/svm/builder/svm-guest-staging.jar:/home/oracle/.local/graalvm/graalvm-25.4.4.1.1-dev+1.1/lib/svm/builder/vmaccess-guest.jar:/home/oracle/.local/graalvm/graalvm-25.4.4.1.1-dev+1.1/lib/svm/builder/svm-enterprise.jar:/home/oracle/.local/graalvm/graalvm-25.4.4.1.1-dev+1.1/lib/svm/builder/objectfile.jar \
--module \
org.graalvm.nativeimage.builder/com.oracle.svm.hosted.NativeImageGeneratorRunner \
-keepalive \
/proc/1772845/comm \
-imagecp \
/home/oracle/oracle/graalvm-reachability-metadata/forge/local_repositories/forge_worktrees/10074-8287df58/tests/src/io.micronaut.security/micronaut-security-annotations/5.3.2/build/libs/io.micronaut.security.micronaut-security-annotations_tests.jar:/tmp/metadata-forge-gradle/dc7946488e7e4c64/caches/modules-2/files-2.1/org.graalvm.buildtools/junit-platform-native/1.0.0/2974f834a2f0a0105f2284fba7ef16dc4d60de56/junit-platform-native-1.0.0.jar:/tmp/metadata-forge-gradle/dc7946488e7e4c64/caches/modules-2/files-2.1/org.junit.jupiter/junit-jupiter/5.9.2/26c586fbe0ebd81b48c9f11f0d998124248697ae/junit-jupiter-5.9.2.jar:/tmp/metadata-forge-gradle/dc7946488e7e4c64/caches/modules-2/files-2.1/org.junit.platform/junit-platform-reporting/1.9.2/8bea292e2a546e4c21071f6bee60917ffd9f0101/junit-platform-reporting-1.9.2.jar:/tmp/metadata-forge-gradle/dc7946488e7e4c64/caches/modules-2/files-2.1/org.junit.platform/junit-platform-launcher/1.9.2/38e0bfad8c57d4cd1a8f27926c25ffe9543068d6/junit-platform-launcher-1.9.2.jar:/tmp/metadata-forge-gradle/dc7946488e7e4c64/caches/modules-2/files-2.1/org.junit.vintage/junit-vintage-engine/5.9.2/53421816bde124a564a64ba005dcc0c8e66a9722/junit-vintage-engine-5.9.2.jar:/tmp/metadata-forge-gradle/dc7946488e7e4c64/caches/modules-2/files-2.1/org.junit.jupiter/junit-jupiter-params/5.9.2/bc2765afb7b85b583c710dd259a11c6b8c39e912/junit-jupiter-params-5.9.2.jar:/tmp/metadata-forge-gradle/dc7946488e7e4c64/caches/modules-2/files-2.1/org.junit.jupiter/junit-jupiter-engine/5.9.2/572f7a553b53f83ee59cc045ce1c3772864ab76c/junit-jupiter-engine-5.9.2.jar:/tmp/metadata-forge-gradle/dc7946488e7e4c64/caches/modules-2/files-2.1/org.junit.jupiter/junit-jupiter-api/5.9.2/fed843581520eac594bc36bb4b0f55e7b947dda9/junit-jupiter-api-5.9.2.jar:/tmp/metadata-forge-gradle/dc7946488e7e4c64/caches/modules-2/files-2.1/org.junit.platform/junit-platform-engine/1.9.2/40aeef2be7b04f96bb91e8b054affc28b7c7c935/junit-platform-engine-1.9.2.jar:/tmp/metadata-forge-gradle/dc7946488e7e4c64/caches/modules-2/files-2.1/org.junit.platform/junit-platform-commons/1.9.2/6f9f8621d8230cd38aa42e58ccbc0c00569131ce/junit-platform-commons-1.9.2.jar:/tmp/metadata-forge-gradle/dc7946488e7e4c64/caches/modules-2/files-2.1/org.junit.platform/junit-platform-console/1.9.2/5548148dd55e820c42bd817ab93c1eaa05ce37f6/junit-platform-console-1.9.2.jar:/home/oracle/oracle/graalvm-reachability-metadata/forge/local_repositories/forge_worktrees/10074-8287df58/tests/tck-test-support/build/libs/tck-test-support-1.0.0-SNAPSHOT.jar:/tmp/metadata-forge-gradle/dc7946488e7e4c64/caches/modules-2/files-2.1/io.micronaut.security/micronaut-security-annotations/5.3.2/92d169af2676f75d9ce40f97a6905d030927b5b4/micronaut-security-annotations-5.3.2.jar:/tmp/metadata-forge-gradle/dc7946488e7e4c64/caches/modules-2/files-2.1/org.assertj/assertj-core/3.22.0/c300c0c6a24559f35fa0bd3a5472dc1edcd0111e/assertj-core-3.22.0.jar:/tmp/metadata-forge-gradle/dc7946488e7e4c64/caches/modules-2/files-2.1/io.micronaut/micronaut-aop/5.1.11/f3213eeff550a5ec79786608339382c2ecb28ae5/micronaut-aop-5.1.11.jar:/tmp/metadata-forge-gradle/dc7946488e7e4c64/caches/modules-2/files-2.1/io.micronaut/micronaut-inject/5.1.11/c312220f19abb221854a0985a64e1d49afc4cc1/micronaut-inject-5.1.11.jar:/tmp/metadata-forge-gradle/dc7946488e7e4c64/caches/modules-2/files-2.1/junit/junit/4.13.2/8ac9e16d933b6fb43bc7f576336b8f4d7eb5ba12/junit-4.13.2.jar:/tmp/metadata-forge-gradle/dc7946488e7e4c64/caches/modules-2/files-2.1/jakarta.annotation/jakarta.annotation-api/2.1.1/48b9bda22b091b1f48b13af03fe36db3be6e1ae3/jakarta.annotation-api-2.1.1.jar:/tmp/metadata-forge-gradle/dc7946488e7e4c64/caches/modules-2/files-2.1/io.micronaut/micronaut-core/5.1.11/fe9b5a69d9898af1928d5502a39c382d7e171625/micronaut-core-5.1.11.jar:/tmp/metadata-forge-gradle/dc7946488e7e4c64/caches/modules-2/files-2.1/org.jspecify/jspecify/1.0.0/7425a601c1c7ec76645a78d22b8c6a627edee507/jspecify-1.0.0.jar:/tmp/metadata-forge-gradle/dc7946488e7e4c64/caches/modules-2/files-2.1/org.slf4j/slf4j-api/2.0.17/d9e58ac9c7779ba3bf8142aff6c830617a7fe60f/slf4j-api-2.0.17.jar:/tmp/metadata-forge-gradle/dc7946488e7e4c64/caches/modules-2/files-2.1/jakarta.inject/jakarta.inject-api/2.0.1/4c28afe1991a941d7702fe1362c365f0a8641d1e/jakarta.inject-api-2.0.1.jar:/tmp/metadata-forge-gradle/dc7946488e7e4c64/caches/modules-2/files-2.1/org.opentest4j/opentest4j/1.2.0/28c11eb91f9b6d8e200631d46e20a7f407f2a046/opentest4j-1.2.0.jar:/tmp/metadata-forge-gradle/dc7946488e7e4c64/caches/modules-2/files-2.1/org.hamcrest/hamcrest-core/1.3/42a25dc3219429f0e5d060061f71acb49bf010a0/hamcrest-core-1.3.jar:/home/oracle/oracle/graalvm-reachability-metadata/forge/local_repositories/forge_worktrees/10074-8287df58/tests/src/io.micronaut.security/micronaut-security-annotations/5.3.2/build/classes/java/test:/home/oracle/oracle/graalvm-reachability-metadata/forge/local_repositories/forge_worktrees/10074-8287df58/tests/src/io.micronaut.security/micronaut-security-annotations/5.3.2/build/resources/test:/home/oracle/oracle/graalvm-reachability-metadata/forge/local_repositories/forge_worktrees/10074-8287df58/tests/src/io.micronaut.security/micronaut-security-annotations/5.3.2/build/test-results/test/testlist \
-imagemp \
/home/oracle/.local/graalvm/graalvm-25.4.4.1.1-dev+1.1/lib/svm/library-support.jar:/home/oracle/.local/graalvm/graalvm-25.4.4.1.1-dev+1.1/lib/svm/svm-guest.jar \
-H:CLibraryPath=/home/oracle/.local/graalvm/graalvm-25.4.4.1.1-dev+1.1/lib/svm/clibraries/linux-amd64/glibc,/home/oracle/.local/graalvm/graalvm-25.4.4.1.1-dev+1.1/lib/svm/clibraries/linux-amd64,/home/oracle/.local/graalvm/graalvm-25.4.4.1.1-dev+1.1/lib/svm/clibraries \
-H:Path@driver=/home/oracle/oracle/graalvm-reachability-metadata/forge/local_repositories/forge_worktrees/10074-8287df58/tests/src/io.micronaut.security/micronaut-security-annotations/5.3.2/build/native/nativeTestCompile \
'-H:ClassInitialization@jar:file:///tmp/metadata-forge-gradle/dc7946488e7e4c64/caches/modules-2/files-2.1/io.micronaut/micronaut-aop/5.1.11/f3213eeff550a5ec79786608339382c2ecb28ae5/micronaut-aop-5.1.11.jar!/META-INF/native-image/io/micronaut/micronaut-aop/native-image.properties+api=io.micronaut.aop.InterceptorKind:build_time' \
'-H:EnableURLProtocols@jar:file:///tmp/metadata-forge-gradle/dc7946488e7e4c64/caches/modules-2/files-2.1/io.micronaut/micronaut-inject/5.1.11/c312220f19abb221854a0985a64e1d49afc4cc1/micronaut-inject-5.1.11.jar!/META-INF/native-image/io.micronaut/micronaut-inject/native-image.properties+api=http' \
'-H:EnableURLProtocols@jar:file:///tmp/metadata-forge-gradle/dc7946488e7e4c64/caches/modules-2/files-2.1/io.micronaut/micronaut-inject/5.1.11/c312220f19abb221854a0985a64e1d49afc4cc1/micronaut-inject-5.1.11.jar!/META-INF/native-image/io.micronaut/micronaut-inject/native-image.properties+api=https' \
'-H:ClassInitialization@jar:file:///tmp/metadata-forge-gradle/dc7946488e7e4c64/caches/modules-2/files-2.1/io.micronaut/micronaut-inject/5.1.11/c312220f19abb221854a0985a64e1d49afc4cc1/micronaut-inject-5.1.11.jar!/META-INF/native-image/io.micronaut/micronaut-inject/native-image.properties+api=io.micronaut.context.annotation:build_time' \
'-H:ClassInitialization@jar:file:///tmp/metadata-forge-gradle/dc7946488e7e4c64/caches/modules-2/files-2.1/io.micronaut/micronaut-inject/5.1.11/c312220f19abb221854a0985a64e1d49afc4cc1/micronaut-inject-5.1.11.jar!/META-INF/native-image/io.micronaut/micronaut-inject/native-image.properties+api=io.micronaut.inject.annotation:build_time' \
'-H:ClassInitialization@jar:file:///tmp/metadata-forge-gradle/dc7946488e7e4c64/caches/modules-2/files-2.1/io.micronaut/micronaut-inject/5.1.11/c312220f19abb221854a0985a64e1d49afc4cc1/micronaut-inject-5.1.11.jar!/META-INF/native-image/io.micronaut/micronaut-inject/native-image.properties+api=io.micronaut.runtime.converters.time:build_time' \
'-H:ClassInitialization@jar:file:///tmp/metadata-forge-gradle/dc7946488e7e4c64/caches/modules-2/files-2.1/io.micronaut/micronaut-inject/5.1.11/c312220f19abb221854a0985a64e1d49afc4cc1/micronaut-inject-5.1.11.jar!/META-INF/native-image/io.micronaut/micronaut-inject/native-image.properties+api=io.micronaut.context.ApplicationContextConfigurer$1:build_time' \
'-H:ClassInitialization@jar:file:///tmp/metadata-forge-gradle/dc7946488e7e4c64/caches/modules-2/files-2.1/io.micronaut/micronaut-inject/5.1.11/c312220f19abb221854a0985a64e1d49afc4cc1/micronaut-inject-5.1.11.jar!/META-INF/native-image/io.micronaut/micronaut-inject/native-image.properties+api=io.micronaut.context.conditions.MatchesAbsenceOfBeansCondition:build_time' \
'-H:ClassInitialization@jar:file:///tmp/metadata-forge-gradle/dc7946488e7e4c64/caches/modules-2/files-2.1/io.micronaut/micronaut-inject/5.1.11/c312220f19abb221854a0985a64e1d49afc4cc1/micronaut-inject-5.1.11.jar!/META-INF/native-image/io.micronaut/micronaut-inject/native-image.properties+api=io.micronaut.context.conditions.MatchesAbsenceOfClassesCondition:build_time' \
'-H:ClassInitialization@jar:file:///tmp/metadata-forge-gradle/dc7946488e7e4c64/caches/modules-2/files-2.1/io.micronaut/micronaut-inject/5.1.11/c312220f19abb221854a0985a64e1d49afc4cc1/micronaut-inject-5.1.11.jar!/META-INF/native-image/io.micronaut/micronaut-inject/native-image.properties+api=io.micronaut.context.conditions.MatchesAbsenceOfClassNamesCondition:build_time' \
'-H:ClassInitialization@jar:file:///tmp/metadata-forge-gradle/dc7946488e7e4c64/caches/modules-2/files-2.1/io.micronaut/micronaut-inject/5.1.11/c312220f19abb221854a0985a64e1d49afc4cc1/micronaut-inject-5.1.11.jar!/META-INF/native-image/io.micronaut/micronaut-inject/native-image.properties+api=io.micronaut.context.conditions.MatchesConfigurationCondition:build_time' \
'-H:ClassInitialization@jar:file:///tmp/metadata-forge-gradle/dc7946488e7e4c64/caches/modules-2/files-2.1/io.micronaut/micronaut-inject/5.1.11/c312220f19abb221854a0985a64e1d49afc4cc1/micronaut-inject-5.1.11.jar!/META-INF/native-image/io.micronaut/micronaut-inject/native-image.properties+api=io.micronaut.context.conditions.MatchesCurrentNotOsCondition:build_time' \
'-H:ClassInitialization@jar:file:///tmp/metadata-forge-gradle/dc7946488e7e4c64/caches/modules-2/files-2.1/io.micronaut/micronaut-inject/5.1.11/c312220f19abb221854a0985a64e1d49afc4cc1/micronaut-inject-5.1.11.jar!/META-INF/native-image/io.micronaut/micronaut-inject/native-image.properties+api=io.micronaut.context.conditions.MatchesCurrentOsCondition:build_time' \
'-H:ClassInitialization@jar:file:///tmp/metadata-forge-gradle/dc7946488e7e4c64/caches/modules-2/files-2.1/io.micronaut/micronaut-inject/5.1.11/c312220f19abb221854a0985a64e1d49afc4cc1/micronaut-inject-5.1.11.jar!/META-INF/native-image/io.micronaut/micronaut-inject/native-image.properties+api=io.micronaut.context.conditions.MatchesCustomCondition:build_time' \
'-H:ClassInitialization@jar:file:///tmp/metadata-forge-gradle/dc7946488e7e4c64/caches/modules-2/files-2.1/io.micronaut/micronaut-inject/5.1.11/c312220f19abb221854a0985a64e1d49afc4cc1/micronaut-inject-5.1.11.jar!/META-INF/native-image/io.micronaut/micronaut-inject/native-image.properties+api=io.micronaut.context.conditions.MatchesDynamicCondition:build_time' \
'-H:ClassInitialization@jar:file:///tmp/metadata-forge-gradle/dc7946488e7e4c64/caches/modules-2/files-2.1/io.micronaut/micronaut-inject/5.1.11/c312220f19abb221854a0985a64e1d49afc4cc1/micronaut-inject-5.1.11.jar!/META-INF/native-image/io.micronaut/micronaut-inject/native-image.properties+api=io.micronaut.context.conditions.MatchesEnvironmentCondition:build_time' \
'-H:ClassInitialization@jar:file:///tmp/metadata-forge-gradle/dc7946488e7e4c64/caches/modules-2/files-2.1/io.micronaut/micronaut-inject/5.1.11/c312220f19abb221854a0985a64e1d49afc4cc1/micronaut-inject-5.1.11.jar!/META-INF/native-image/io.micronaut/micronaut-inject/native-image.properties+api=io.micronaut.context.conditions.MatchesMissingPropertyCondition:build_time' \
'-H:ClassInitialization@jar:file:///tmp/metadata-forge-gradle/dc7946488e7e4c64/caches/modules-2/files-2.1/io.micronaut/micronaut-inject/5.1.11/c312220f19abb221854a0985a64e1d49afc4cc1/micronaut-inject-5.1.11.jar!/META-INF/native-image/io.micronaut/micronaut-inject/native-image.properties+api=io.micronaut.context.conditions.MatchesNotEnvironmentCondition:build_time' \
'-H:ClassInitialization@jar:file:///tmp/metadata-forge-gradle/dc7946488e7e4c64/caches/modules-2/files-2.1/io.micronaut/micronaut-inject/5.1.11/c312220f19abb221854a0985a64e1d49afc4cc1/micronaut-inject-5.1.11.jar!/META-INF/native-image/io.micronaut/micronaut-inject/native-image.properties+api=io.micronaut.context.conditions.MatchesPresenceOfBeansCondition:build_time' \
'-H:ClassInitialization@jar:file:///tmp/metadata-forge-gradle/dc7946488e7e4c64/caches/modules-2/files-2.1/io.micronaut/micronaut-inject/5.1.11/c312220f19abb221854a0985a64e1d49afc4cc1/micronaut-inject-5.1.11.jar!/META-INF/native-image/io.micronaut/micronaut-inject/native-image.properties+api=io.micronaut.context.conditions.MatchesPresenceOfClassesCondition:build_time' \
'-H:ClassInitialization@jar:file:///tmp/metadata-forge-gradle/dc7946488e7e4c64/caches/modules-2/files-2.1/io.micronaut/micronaut-inject/5.1.11/c312220f19abb221854a0985a64e1d49afc4cc1/micronaut-inject-5.1.11.jar!/META-INF/native-image/io.micronaut/micronaut-inject/native-image.properties+api=io.micronaut.context.conditions.MatchesPresenceOfClassesCondition:build_time' \
'-H:ClassInitialization@jar:file:///tmp/metadata-forge-gradle/dc7946488e7e4c64/caches/modules-2/files-2.1/io.micronaut/micronaut-inject/5.1.11/c312220f19abb221854a0985a64e1d49afc4cc1/micronaut-inject-5.1.11.jar!/META-INF/native-image/io.micronaut/micronaut-inject/native-image.properties+api=io.micronaut.context.conditions.MatchesPresenceOfEntitiesCondition:build_time' \
'-H:ClassInitialization@jar:file:///tmp/metadata-forge-gradle/dc7946488e7e4c64/caches/modules-2/files-2.1/io.micronaut/micronaut-inject/5.1.11/c312220f19abb221854a0985a64e1d49afc4cc1/micronaut-inject-5.1.11.jar!/META-INF/native-image/io.micronaut/micronaut-inject/native-image.properties+api=io.micronaut.context.conditions.MatchesPresenceOfResourcesCondition:build_time' \
'-H:ClassInitialization@jar:file:///tmp/metadata-forge-gradle/dc7946488e7e4c64/caches/modules-2/files-2.1/io.micronaut/micronaut-inject/5.1.11/c312220f19abb221854a0985a64e1d49afc4cc1/micronaut-inject-5.1.11.jar!/META-INF/native-image/io.micronaut/micronaut-inject/native-image.properties+api=io.micronaut.context.conditions.MatchesPropertyCondition:build_time' \
'-H:ClassInitialization@jar:file:///tmp/metadata-forge-gradle/dc7946488e7e4c64/caches/modules-2/files-2.1/io.micronaut/micronaut-inject/5.1.11/c312220f19abb221854a0985a64e1d49afc4cc1/micronaut-inject-5.1.11.jar!/META-INF/native-image/io.micronaut/micronaut-inject/native-image.properties+api=io.micronaut.context.conditions.MatchesPropertyCondition$Condition:build_time' \
'-H:ClassInitialization@jar:file:///tmp/metadata-forge-gradle/dc7946488e7e4c64/caches/modules-2/files-2.1/io.micronaut/micronaut-inject/5.1.11/c312220f19abb221854a0985a64e1d49afc4cc1/micronaut-inject-5.1.11.jar!/META-INF/native-image/io.micronaut/micronaut-inject/native-image.properties+api=io.micronaut.context.conditions.MatchesSdkCondition:build_time' \
'-H:ClassInitialization@jar:file:///tmp/metadata-forge-gradle/dc7946488e7e4c64/caches/modules-2/files-2.1/io.micronaut/micronaut-inject/5.1.11/c312220f19abb221854a0985a64e1d49afc4cc1/micronaut-inject-5.1.11.jar!/META-INF/native-image/io.micronaut/micronaut-inject/native-image.properties+api=io.micronaut.context.AbstractInitializableBeanDefinition$MethodOrFieldReference:build_time' \
'-H:ClassInitialization@jar:file:///tmp/metadata-forge-gradle/dc7946488e7e4c64/caches/modules-2/files-2.1/io.micronaut/micronaut-inject/5.1.11/c312220f19abb221854a0985a64e1d49afc4cc1/micronaut-inject-5.1.11.jar!/META-INF/native-image/io.micronaut/micronaut-inject/native-image.properties+api=io.micronaut.context.AbstractInitializableBeanDefinition$MethodReference:build_time' \
'-H:ClassInitialization@jar:file:///tmp/metadata-forge-gradle/dc7946488e7e4c64/caches/modules-2/files-2.1/io.micronaut/micronaut-inject/5.1.11/c312220f19abb221854a0985a64e1d49afc4cc1/micronaut-inject-5.1.11.jar!/META-INF/native-image/io.micronaut/micronaut-inject/native-image.properties+api=io.micronaut.context.AbstractInitializableBeanDefinition$FieldReference:build_time' \
'-H:ClassInitialization@jar:file:///tmp/metadata-forge-gradle/dc7946488e7e4c64/caches/modules-2/files-2.1/io.micronaut/micronaut-inject/5.1.11/c312220f19abb221854a0985a64e1d49afc4cc1/micronaut-inject-5.1.11.jar!/META-INF/native-image/io.micronaut/micronaut-inject/native-image.properties+api=io.micronaut.context.AbstractInitializableBeanDefinition$AnnotationReference:build_time' \
'-H:ClassInitialization@jar:file:///tmp/metadata-forge-gradle/dc7946488e7e4c64/caches/modules-2/files-2.1/io.micronaut/micronaut-inject/5.1.11/c312220f19abb221854a0985a64e1d49afc4cc1/micronaut-inject-5.1.11.jar!/META-INF/native-image/io.micronaut/micronaut-inject/native-image.properties+api=io.micronaut.context.AbstractInitializableBeanDefinition$PrecalculatedInfo:build_time' \
'-H:ClassInitialization@jar:file:///tmp/metadata-forge-gradle/dc7946488e7e4c64/caches/modules-2/files-2.1/io.micronaut/micronaut-inject/5.1.11/c312220f19abb221854a0985a64e1d49afc4cc1/micronaut-inject-5.1.11.jar!/META-INF/native-image/io.micronaut/micronaut-inject/native-image.properties+api=io.micronaut.context.AbstractExecutableMethodsDefinition$MethodReference:build_time' \
'-H:ClassInitialization@jar:file:///tmp/metadata-forge-gradle/dc7946488e7e4c64/caches/modules-2/files-2.1/io.micronaut/micronaut-inject/5.1.11/c312220f19abb221854a0985a64e1d49afc4cc1/micronaut-inject-5.1.11.jar!/META-INF/native-image/io.micronaut/micronaut-inject/native-image.properties+api=io.micronaut.inject.beans.AbstractInitializableBeanIntrospection$BeanPropertyRef:build_time' \
'-H:ClassInitialization@jar:file:///tmp/metadata-forge-gradle/dc7946488e7e4c64/caches/modules-2/files-2.1/io.micronaut/micronaut-inject/5.1.11/c312220f19abb221854a0985a64e1d49afc4cc1/micronaut-inject-5.1.11.jar!/META-INF/native-image/io.micronaut/micronaut-inject/native-image.properties+api=io.micronaut.inject.beans.AbstractInitializableBeanIntrospection$BeanMethodRef:build_time' \
'-H:ClassInitialization@jar:file:///tmp/metadata-forge-gradle/dc7946488e7e4c64/caches/modules-2/files-2.1/io.micronaut/micronaut-inject/5.1.11/c312220f19abb221854a0985a64e1d49afc4cc1/micronaut-inject-5.1.11.jar!/META-INF/native-image/io.micronaut/micronaut-inject/native-image.properties+api=io.micronaut.inject.beans.AbstractEnumBeanIntrospectionAndReference$EnumConstantRef:build_time' \
'-H:ClassInitialization@jar:file:///tmp/metadata-forge-gradle/dc7946488e7e4c64/caches/modules-2/files-2.1/io.micronaut/micronaut-inject/5.1.11/c312220f19abb221854a0985a64e1d49afc4cc1/micronaut-inject-5.1.11.jar!/META-INF/native-image/io.micronaut/micronaut-inject/native-image.properties+api=io.micronaut.inject.beans.AbstractEnumBeanIntrospectionAndReference$EnumConstantDynamicRef:build_time' \
'-H:ClassInitialization@jar:file:///tmp/metadata-forge-gradle/dc7946488e7e4c64/caches/modules-2/files-2.1/io.micronaut/micronaut-inject/5.1.11/c312220f19abb221854a0985a64e1d49afc4cc1/micronaut-inject-5.1.11.jar!/META-INF/native-image/io.micronaut/micronaut-inject/native-image.properties+api=io.micronaut.context.DefaultReplacesDefinition:build_time' \
'-H:ClassInitialization@jar:file:///tmp/metadata-forge-gradle/dc7946488e7e4c64/caches/modules-2/files-2.1/io.micronaut/micronaut-inject/5.1.11/c312220f19abb221854a0985a64e1d49afc4cc1/micronaut-inject-5.1.11.jar!/META-INF/native-image/io.micronaut/micronaut-inject/native-image.properties+api=io.micronaut.inject.qualifiers.NameQualifier:build_time' \
'-H:ClassInitialization@jar:file:///tmp/metadata-forge-gradle/dc7946488e7e4c64/caches/modules-2/files-2.1/io.micronaut/micronaut-inject/5.1.11/c312220f19abb221854a0985a64e1d49afc4cc1/micronaut-inject-5.1.11.jar!/META-INF/native-image/io.micronaut/micronaut-inject/native-image.properties+api=io.micronaut.inject.qualifiers.AnnotationStereotypeQualifier:build_time' \
'-H:ClassInitialization@jar:file:///tmp/metadata-forge-gradle/dc7946488e7e4c64/caches/modules-2/files-2.1/io.micronaut/micronaut-inject/5.1.11/c312220f19abb221854a0985a64e1d49afc4cc1/micronaut-inject-5.1.11.jar!/META-INF/native-image/io.micronaut/micronaut-inject/native-image.properties+api=io.micronaut.context.env.CachedEnvironment:run_time' \
'-H:ReachabilityMetadataResources@jar:file:///tmp/metadata-forge-gradle/dc7946488e7e4c64/caches/modules-2/files-2.1/io.micronaut/micronaut-inject/5.1.11/c312220f19abb221854a0985a64e1d49afc4cc1/micronaut-inject-5.1.11.jar!/META-INF/native-image/io.micronaut/micronaut-inject/reachability-metadata.json+api=META-INF/native-image/io.micronaut/micronaut-inject/reachability-metadata.json' \
'-H:ResourceConfigurationResources@jar:file:///tmp/metadata-forge-gradle/dc7946488e7e4c64/caches/modules-2/files-2.1/io.micronaut/micronaut-inject/5.1.11/c312220f19abb221854a0985a64e1d49afc4cc1/micronaut-inject-5.1.11.jar!/META-INF/native-image/io.micronaut/micronaut-inject/resource-config.json+api=META-INF/native-image/io.micronaut/micronaut-inject/resource-config.json' \
'-H:ClassInitialization@jar:file:///tmp/metadata-forge-gradle/dc7946488e7e4c64/caches/modules-2/files-2.1/io.micronaut/micronaut-core/5.1.11/fe9b5a69d9898af1928d5502a39c382d7e171625/micronaut-core-5.1.11.jar!/META-INF/native-image/io.micronaut/micronaut-core/native-image.properties+api=io.micronaut.core.io.socket.SocketUtils:run_time' \
'-H:ClassInitialization@jar:file:///tmp/metadata-forge-gradle/dc7946488e7e4c64/caches/modules-2/files-2.1/io.micronaut/micronaut-core/5.1.11/fe9b5a69d9898af1928d5502a39c382d7e171625/micronaut-core-5.1.11.jar!/META-INF/native-image/io.micronaut/micronaut-core/native-image.properties+api=io.micronaut.core.util.KotlinUtils:run_time' \
'-H:ClassInitialization@jar:file:///tmp/metadata-forge-gradle/dc7946488e7e4c64/caches/modules-2/files-2.1/io.micronaut/micronaut-core/5.1.11/fe9b5a69d9898af1928d5502a39c382d7e171625/micronaut-core-5.1.11.jar!/META-INF/native-image/io.micronaut/micronaut-core/native-image.properties+api=io.micronaut.core.type.RuntimeTypeInformation$LazyTypeInfo:run_time' \
'-H:ClassInitialization@jar:file:///tmp/metadata-forge-gradle/dc7946488e7e4c64/caches/modules-2/files-2.1/io.micronaut/micronaut-core/5.1.11/fe9b5a69d9898af1928d5502a39c382d7e171625/micronaut-core-5.1.11.jar!/META-INF/native-image/io.micronaut/micronaut-core/native-image.properties+api=io.micronaut.core.io:build_time' \
'-H:ClassInitialization@jar:file:///tmp/metadata-forge-gradle/dc7946488e7e4c64/caches/modules-2/files-2.1/io.micronaut/micronaut-core/5.1.11/fe9b5a69d9898af1928d5502a39c382d7e171625/micronaut-core-5.1.11.jar!/META-INF/native-image/io.micronaut/micronaut-core/native-image.properties+api=io.micronaut.core.optim:build_time' \
'-H:ClassInitialization@jar:file:///tmp/metadata-forge-gradle/dc7946488e7e4c64/caches/modules-2/files-2.1/io.micronaut/micronaut-core/5.1.11/fe9b5a69d9898af1928d5502a39c382d7e171625/micronaut-core-5.1.11.jar!/META-INF/native-image/io.micronaut/micronaut-core/native-image.properties+api=io.micronaut.core.util:build_time' \
'-H:ClassInitialization@jar:file:///tmp/metadata-forge-gradle/dc7946488e7e4c64/caches/modules-2/files-2.1/io.micronaut/micronaut-core/5.1.11/fe9b5a69d9898af1928d5502a39c382d7e171625/micronaut-core-5.1.11.jar!/META-INF/native-image/io.micronaut/micronaut-core/native-image.properties+api=io.micronaut.core.bind:build_time' \
'-H:ClassInitialization@jar:file:///tmp/metadata-forge-gradle/dc7946488e7e4c64/caches/modules-2/files-2.1/io.micronaut/micronaut-core/5.1.11/fe9b5a69d9898af1928d5502a39c382d7e171625/micronaut-core-5.1.11.jar!/META-INF/native-image/io.micronaut/micronaut-core/native-image.properties+api=io.micronaut.core.convert:build_time' \
'-H:ClassInitialization@jar:file:///tmp/metadata-forge-gradle/dc7946488e7e4c64/caches/modules-2/files-2.1/io.micronaut/micronaut-core/5.1.11/fe9b5a69d9898af1928d5502a39c382d7e171625/micronaut-core-5.1.11.jar!/META-INF/native-image/io.micronaut/micronaut-core/native-image.properties+api=io.micronaut.core.convert.ConversionContext:build_time' \
'-H:ClassInitialization@jar:file:///tmp/metadata-forge-gradle/dc7946488e7e4c64/caches/modules-2/files-2.1/io.micronaut/micronaut-core/5.1.11/fe9b5a69d9898af1928d5502a39c382d7e171625/micronaut-core-5.1.11.jar!/META-INF/native-image/io.micronaut/micronaut-core/native-image.properties+api=io.micronaut.core.convert.ImmutableArgumentConversionContext:build_time' \
'-H:ClassInitialization@jar:file:///tmp/metadata-forge-gradle/dc7946488e7e4c64/caches/modules-2/files-2.1/io.micronaut/micronaut-core/5.1.11/fe9b5a69d9898af1928d5502a39c382d7e171625/micronaut-core-5.1.11.jar!/META-INF/native-image/io.micronaut/micronaut-core/native-image.properties+api=io.micronaut.core.type:build_time' \
'-H:ClassInitialization@jar:file:///tmp/metadata-forge-gradle/dc7946488e7e4c64/caches/modules-2/files-2.1/io.micronaut/micronaut-core/5.1.11/fe9b5a69d9898af1928d5502a39c382d7e171625/micronaut-core-5.1.11.jar!/META-INF/native-image/io.micronaut/micronaut-core/native-image.properties+api=io.micronaut.core.annotation:build_time' \
'-H:ClassInitialization@jar:file:///tmp/metadata-forge-gradle/dc7946488e7e4c64/caches/modules-2/files-2.1/io.micronaut/micronaut-core/5.1.11/fe9b5a69d9898af1928d5502a39c382d7e171625/micronaut-core-5.1.11.jar!/META-INF/native-image/io.micronaut/micronaut-core/native-image.properties+api=io.micronaut.core.annotation.AnnotationValue:build_time' \
'-H:ClassInitialization@jar:file:///tmp/metadata-forge-gradle/dc7946488e7e4c64/caches/modules-2/files-2.1/io.micronaut/micronaut-core/5.1.11/fe9b5a69d9898af1928d5502a39c382d7e171625/micronaut-core-5.1.11.jar!/META-INF/native-image/io.micronaut/micronaut-core/native-image.properties+api=io.micronaut.core.annotation.AnnotationValueResolver:build_time' \
'-H:ClassInitialization@jar:file:///tmp/metadata-forge-gradle/dc7946488e7e4c64/caches/modules-2/files-2.1/io.micronaut/micronaut-core/5.1.11/fe9b5a69d9898af1928d5502a39c382d7e171625/micronaut-core-5.1.11.jar!/META-INF/native-image/io.micronaut/micronaut-core/native-image.properties+api=io.micronaut.core.reflect.ReflectionUtils:build_time' \
'-H:Features@jar:file:///tmp/metadata-forge-gradle/dc7946488e7e4c64/caches/modules-2/files-2.1/io.micronaut/micronaut-core/5.1.11/fe9b5a69d9898af1928d5502a39c382d7e171625/micronaut-core-5.1.11.jar!/META-INF/native-image/io.micronaut/micronaut-core/native-image.properties+api=io.micronaut.core.io.service.ServiceLoaderFeature' \
-H:FallbackThreshold@user+api=0 \
-H:Name@user+api=io.micronaut.security.micronaut-security-annotations_tests-tests \
-H:ConfigurationFileDirectories@user=/home/oracle/oracle/graalvm-reachability-metadata/forge/local_repositories/forge_worktrees/10074-8287df58/tests/src/io.micronaut.security/micronaut-security-annotations/5.3.2/build/native/generated/generateTestResourcesConfigFile,/home/oracle/oracle/graalvm-reachability-metadata/forge/local_repositories/forge_worktrees/10074-8287df58/metadata/org.junit.jupiter/junit-jupiter-api/5.8.2,/home/oracle/oracle/graalvm-reachability-metadata/forge/local_repositories/forge_worktrees/10074-8287df58/metadata/org.opentest4j/opentest4j/1.2.0,/home/oracle/oracle/graalvm-reachability-metadata/forge/local_repositories/forge_worktrees/10074-8287df58/metadata/org.junit.platform/junit-platform-commons/1.8.2,/home/oracle/oracle/graalvm-reachability-metadata/forge/local_repositories/forge_worktrees/10074-8287df58/metadata/org.junit.jupiter/junit-jupiter-params/5.9.2,/home/oracle/oracle/graalvm-reachability-metadata/forge/local_repositories/forge_worktrees/10074-8287df58/metadata/org.junit.jupiter/junit-jupiter-engine/5.8.2,/home/oracle/oracle/graalvm-reachability-metadata/forge/local_repositories/forge_worktrees/10074-8287df58/metadata/org.junit.platform/junit-platform-engine/1.11.1,/home/oracle/oracle/graalvm-reachability-metadata/forge/local_repositories/forge_worktrees/10074-8287df58/metadata/org.junit.platform/junit-platform-launcher/1.9.2,/home/oracle/oracle/graalvm-reachability-metadata/forge/local_repositories/forge_worktrees/10074-8287df58/metadata/org.junit.platform/junit-platform-reporting/1.9.2,/home/oracle/oracle/graalvm-reachability-metadata/forge/local_repositories/forge_worktrees/10074-8287df58/metadata/org.junit.vintage/junit-vintage-engine/5.9.1,/home/oracle/oracle/graalvm-reachability-metadata/forge/local_repositories/forge_worktrees/10074-8287df58/metadata/junit/junit/4.13.2,/home/oracle/oracle/graalvm-reachability-metadata/forge/local_repositories/forge_worktrees/10074-8287df58/metadata/org.hamcrest/hamcrest-core/1.3,/home/oracle/oracle/graalvm-reachability-metadata/forge/local_repositories/forge_worktrees/10074-8287df58/metadata/io.micronaut.security/micronaut-security-annotations/5.3.2,/home/oracle/oracle/graalvm-reachability-metadata/forge/local_repositories/forge_worktrees/10074-8287df58/metadata/org.slf4j/slf4j-api/1.7.36,/home/oracle/oracle/graalvm-reachability-metadata/forge/local_repositories/forge_worktrees/10074-8287df58/metadata/jakarta.inject/jakarta.inject-api/2.0.0,/home/oracle/oracle/graalvm-reachability-metadata/forge/local_repositories/forge_worktrees/10074-8287df58/metadata/jakarta.annotation/jakarta.annotation-api/2.1.0,/home/oracle/oracle/graalvm-reachability-metadata/forge/local_repositories/forge_worktrees/10074-8287df58/metadata/io.micronaut/micronaut-core/5.0.0,/home/oracle/oracle/graalvm-reachability-metadata/forge/local_repositories/forge_worktrees/10074-8287df58/metadata/org.jspecify/jspecify/1.0.0 \
-H:Optimize@user+api=b \
-H:+ReportExceptionStackTraces@user \
-H:TrackDynamicAccess@user=path=/tmp/metadata-forge-gradle/dc7946488e7e4c64/caches/modules-2/files-2.1/io.micronaut.security/micronaut-security-annotations/5.3.2/92d169af2676f75d9ce40f97a6905d030927b5b4/micronaut-security-annotations-5.3.2.jar \
-H:Preserve@user=path=/tmp/metadata-forge-gradle/dc7946488e7e4c64/caches/modules-2/files-2.1/io.micronaut.security/micronaut-security-annotations/5.3.2/92d169af2676f75d9ce40f97a6905d030927b5b4/micronaut-security-annotations-5.3.2.jar \
-H:Features@user+api=org.graalvm.junit.platform.JUnitPlatformFeature \
'-H:Class@explicit main-class=org.graalvm.junit.platform.NativeImageJUnitLauncher' \
-H:ImageBuildID@driver=a3333746-dc4a-1a2e-c311-7a401e70ebdb \
'-H:AddExports@jar:file:///home/oracle/.local/graalvm/graalvm-25.4.4.1.1-dev+1.1/lib/svm/svm-guest.jar!/META-INF/native-image/org.graalvm.nativeimage.guest/native-image.properties+api=java.base/jdk.internal.misc=org.graalvm.nativeimage.guest' \
'-H:Features@jar:file:///home/oracle/.local/graalvm/graalvm-25.4.4.1.1-dev+1.1/lib/svm/svm-guest.jar!/META-INF/native-image/org.graalvm.nativeimage.guest/native-image.properties+api=com.oracle.svm.guest.features.jdk.hosted.JavaNetHttpFeature' \
'-H:ClassInitialization@jar:file:///home/oracle/.local/graalvm/graalvm-25.4.4.1.1-dev+1.1/lib/svm/svm-guest.jar!/META-INF/native-image/org.graalvm.nativeimage.guest/native-image.properties+api=sun.net.httpserver.simpleserver:run_time' \
'-H:ReachabilityMetadataResources@jar:file:///home/oracle/.local/graalvm/graalvm-25.4.4.1.1-dev+1.1/lib/svm/svm-guest.jar!/META-INF/native-image/org.graalvm.nativeimage.guest/reachability-metadata.json+api=META-INF/native-image/org.graalvm.nativeimage.guest/reachability-metadata.json' \
'-H:Features@jar:file:///home/oracle/.local/graalvm/graalvm-25.4.4.1.1-dev+1.1/lib/svm/library-support.jar!/META-INF/native-image/com.oracle.svm/polyglot/native-image.properties+api=com.oracle.svm.polyglot.groovy.GroovyIndyInterfaceFeature' \
-H:DriverWarningsCount=7
]
Warning: Option 'FallbackThreshold' is deprecated and might be removed in a future release: It no longer has any effect, and no replacement is available. Please refer to the GraalVM release notes.
========================================================================================================================
GraalVM Native Image: Generating 'io.micronaut.security.micronaut-security-annotations_tests-tests' (executable)...
========================================================================================================================
For detailed information and explanations on the build output, visit:
https://github.com/oracle/graal/blob/master/docs/reference-manual/native-image/BuildOutput.md
------------------------------------------------------------------------------------------------------------------------
[1/8] Initializing...                                                                                   (5.6s @ 0.30GiB)
 Builder configuration:
 - Java version: 25.0.4.1.1+1-LTS, vendor version: Oracle GraalVM 25.4.4.1.1-dev+1.1
 - Graal compiler: optimization level: b, target machine: x86-64-v3, PGO: off
 - C compiler: gcc (linux, x86_64, 13.3.0)
 - Assertions: disabled, system assertions: disabled
 - 2 user-specific feature(s):
   - io.micronaut.core.io.service.ServiceLoaderFeature
   - org.graalvm.junit.platform.JUnitPlatformFeature
 Image configuration:
 - Garbage collector: Serial GC (max heap size: 80% of RAM)
 - Assertions: disabled (class-specific config may apply), system assertions: disabled
------------------------------------------------------------------------------------------------------------------------
 2 experimental option(s) unlocked:
 - '-H:Preserve' (origin(s): command line)
 - '-H:TrackDynamicAccess' (origin(s): command line)
------------------------------------------------------------------------------------------------------------------------
Build resources:
 - 21.48GiB of memory (68.9% of system memory, using all available memory)
 - 12 thread(s) (100.0% of 12 available processor(s), determined at start)
[junit-platform-native] Running in 'test listener' mode using files matching pattern [junit-platform-unique-ids*] found in folder [/home/oracle/oracle/graalvm-reachability-metadata/forge/local_repositories/forge_worktrees/10074-8287df58/tests/src/io.micronaut.security/micronaut-security-annotations/5.3.2/build/test-results/test/testlist] and its subfolders.
[2/8] Performing analysis...  [*****]                                                                  (28.3s @ 1.08GiB)
   10,556 types,  12,432 fields, and  47,349 methods found reachable
      596 types,      96 fields, and   1,629 methods registered for reflection
       93 types,      71 fields, and      64 methods registered for JNI access
      182 resource accesses registered with 299.75KiB total size
        5 native libraries: dl, m, pthread, rt, z
[3/8] Building universe...                                                                              (6.7s @ 1.01GiB)
[4/8] Parsing methods...      [**]                                                                      (4.6s @ 1.13GiB)
[5/8] Inlining methods...     [***]                                                                     (1.9s @ 1.13GiB)
[6/8] Compiling methods...    [****]                                                                   (19.4s @ 0.95GiB)
[7/8] Laying out methods...   [***]                                                                     (5.2s @ 1.14GiB)
[8/8] Creating image...       [***]                                                                     (5.2s @ 1.32GiB)
  12.08MiB (38.12%) for code area:    30,381 compilation units
  16.44MiB (51.85%) for image heap:  253,521 objects and 52 resources
   3.18MiB (10.03%) for other data
  31.70MiB in total image size, 29.13MiB in total file size
------------------------------------------------------------------------------------------------------------------------
Top 10 origins of code area:                                Top 10 object types in image heap:
   1.32MiB o.g.n.runtime/com.oracle.svm.core.code              3.54MiB byte[] for code metadata
 790.34KiB java.base/sun.security.ssl                          3.22MiB byte[] for string data
 747.84KiB java.base/java.util                                 1.72MiB java.base/java.lang.String
 449.86KiB java.base/com.sun.crypto.provider                   1.28MiB java.base/java.lang.Class
 403.83KiB java.base/jdk.internal.classfile.impl               1.13MiB o.g.n.runtime/c.o.s.core.hub.DynamicHubCompanion
 331.93KiB java.base/java.lang.invoke                          1.01MiB byte[] for general heap data
 328.51KiB java.base/java.lang                               531.09KiB byte[] for reflection metadata
 264.43KiB java.base/sun.security.provider                   476.27KiB heap alignment
 260.71KiB java.base/java.util.concurrent                    401.69KiB java.base/java.lang.Object[]
 247.02KiB java.base/java.io                                 301.66KiB byte[] for embedded resources
   7.03MiB for 371 more packages                               2.87MiB for 2730 more object types
                            Use '--emit build-report' to create a report with more details.
------------------------------------------------------------------------------------------------------------------------
Security report:
 - Binary includes Java deserialization.
 - CycloneDX SBOM with 23 component(s) is embedded in binary (1.22KiB). 1 type(s) could not be associated to a component.
 - Advanced obfuscation not enabled; enable with '-H:AdvancedObfuscation=""' (experimental support).
------------------------------------------------------------------------------------------------------------------------
Recommendations:
 G1GC: Use the G1 GC ('--gc=G1') for improved latency and throughput.
 PGO:  Use Profile-Guided Optimizations ('--pgo') for improved throughput.
 FUTR: Use '--future-defaults=all' to prepare for future releases.
 HEAP: Set max heap for improved and more predictable memory usage.
 CPU:  Enable more CPU features with '-march=native' for improved performance.
------------------------------------------------------------------------------------------------------------------------
                       6.1s (7.5% of total time) in 628 GCs | Peak RSS: 2.06GiB | CPU load: 7.39
------------------------------------------------------------------------------------------------------------------------
Build artifacts:
 /home/oracle/oracle/graalvm-reachability-metadata/forge/local_repositories/forge_worktrees/10074-8287df58/tests/src/io.micronaut.security/micronaut-security-annotations/5.3.2/build/native/nativeTestCompile/io.micronaut.security.micronaut-security-annotations_tests-tests (executable, 29.13MiB)
 /home/oracle/oracle/graalvm-reachability-metadata/forge/local_repositories/forge_worktrees/10074-8287df58/tests/src/io.micronaut.security/micronaut-security-annotations/5.3.2/build/native/nativeTestCompile/libmanagement_ext.so (jdk_library, 32.23KiB)
========================================================================================================================
Finished generating 'io.micronaut.security.micronaut-security-annotations_tests-tests' in 1m 19s.

The build process encountered 8 warnings.

[native-image-plugin] Native Image written to: /home/oracle/oracle/graalvm-reachability-metadata/forge/local_repositories/forge_worktrees/10074-8287df58/tests/src/io.micronaut.security/micronaut-security-annotations/5.3.2/build/native/nativeTestCompile

> Task :generateDynamicAccessReport

[Incubating] Problems report is available at: file:///home/oracle/oracle/graalvm-reachability-metadata/forge/local_repositories/forge_worktrees/10074-8287df58/tests/src/io.micronaut.security/micronaut-security-annotations/5.3.2/build/reports/problems/problems-report.html

Deprecated Gradle features were used in this build, making it incompatible with Gradle 10.

You can use '--warning-mode all' to show the individual deprecation warnings and determine if they come from your own scripts or plugins.

For more on this, please refer to https://docs.gradle.org/9.1.0/userguide/command_line_interface.html#sec:command_line_warnings in the Gradle documentation.

BUILD SUCCESSFUL in 1m 22s
17 actionable tasks: 4 executed, 13 up-to-date
Consider enabling configuration cache to speed up this build: https://docs.gradle.org/9.1.0/userguide/configuration_cache_enabling.html
No dynamic access JSON files were generated for io.micronaut.security:micronaut-security-annotations:5.3.2 because the output directory is missing: /home/oracle/oracle/graalvm-reachability-metadata/forge/local_repositories/forge_worktrees/10074-8287df58/tests/src/io.micronaut.security/micronaut-security-annotations/5.3.2/build/native/nativeTestCompile/dynamic-access

[Incubating] Problems report is available at: file:///home/oracle/oracle/graalvm-reachability-metadata/forge/local_repositories/forge_worktrees/10074-8287df58/build/reports/problems/problems-report.html

Deprecated Gradle features were used in this build, making it incompatible with Gradle 10.

You can use '--warning-mode all' to show the individual deprecation warnings and determine if they come from your own scripts or plugins.

For more on this, please refer to https://docs.gradle.org/9.1.0/userguide/command_line_interface.html#sec:command_line_warnings in the Gradle documentation.

BUILD SUCCESSFUL in 1m 23s
9 actionable tasks: 1 executed, 8 up-to-date

> Task :generateDynamicAccessCoverageReport FAILED

[Incubating] Problems report is available at: file:///home/oracle/oracle/graalvm-reachability-metadata/forge/local_repositories/forge_worktrees/10074-8287df58/build/reports/problems/problems-report.html

FAILURE: Build failed with an exception.

* What went wrong:
Execution failed for task ':generateDynamicAccessCoverageReport'.
> Dynamic-access input for io.micronaut.security:micronaut-security-annotations:5.3.2 was not produced: /home/oracle/oracle/graalvm-reachability-metadata/forge/local_repositories/forge_worktrees/10074-8287df58/tests/src/io.micronaut.security/micronaut-security-annotations/5.3.2/build/native/nativeTestCompile/dynamic-access.
  The native test build must generate it before coverage can be reported; writing an empty report here would be indistinguishable from a library that has no dynamic access.

* Try:
> Run with --stacktrace option to get the stack trace.
> Run with --info or --debug option to get more log output.
> Run with --scan to generate a Build Scan (Powered by Develocity).
> Get more help at https://help.gradle.org.

Deprecated Gradle features were used in this build, making it incompatible with Gradle 10.

You can use '--warning-mode all' to show the individual deprecation warnings and determine if they come from your own scripts or plugins.

For more on this, please refer to https://docs.gradle.org/9.1.0/userguide/command_line_interface.html#sec:command_line_warnings in the Gradle documentation.

BUILD FAILED in 1m 44s
9 actionable tasks: 1 executed, 8 up-to-date
