Command: ./gradlew generateDynamicAccessCoverageReport -Pcoordinates=com.sun.xml.ws:policy:4.0.5
Working directory: /home/oracle/oracle/metadata2/graalvm-reachability-metadata/forge/local_repositories/forge_worktrees/9942-e11b9e47

--- output ---
> Task :tck-build-logic:extractPluginRequests UP-TO-DATE
> Task :tck-build-logic:generatePluginAdapters UP-TO-DATE
> Task :tck-build-logic:compileJava UP-TO-DATE
> Task :tck-build-logic:compileGroovy UP-TO-DATE
> Task :tck-build-logic:compileGroovyPlugins UP-TO-DATE
> Task :tck-build-logic:pluginDescriptors UP-TO-DATE
> Task :tck-build-logic:processResources UP-TO-DATE
> Task :tck-build-logic:classes UP-TO-DATE
> Task :tck-build-logic:jar UP-TO-DATE

> Configure project :
GraalVM Reachability Metadata TCK
---------------------------------

> Task :generateDynamicAccessCoverageReport
> Task :tck-build-logic:extractPluginRequests UP-TO-DATE
> Task :tck-build-logic:generatePluginAdapters UP-TO-DATE
> Task :tck-build-logic:compileJava UP-TO-DATE
> Task :tck-build-logic:compileGroovy UP-TO-DATE
> Task :tck-build-logic:compileGroovyPlugins UP-TO-DATE
> Task :tck-build-logic:pluginDescriptors UP-TO-DATE
> Task :tck-build-logic:processResources UP-TO-DATE
> Task :tck-build-logic:classes UP-TO-DATE
> Task :tck-build-logic:jar UP-TO-DATE

> Configure project :
GraalVM Reachability Metadata TCK
---------------------------------

> Task :jacocoCodeCoverageReport
> Task :tck-build-logic:extractPluginRequests UP-TO-DATE
> Task :tck-build-logic:generatePluginAdapters UP-TO-DATE
> Task :tck-build-logic:compileJava UP-TO-DATE
> Task :tck-build-logic:compileGroovy UP-TO-DATE
> Task :tck-build-logic:compileGroovyPlugins UP-TO-DATE
> Task :tck-build-logic:pluginDescriptors UP-TO-DATE
> Task :tck-build-logic:processResources UP-TO-DATE
> Task :tck-build-logic:classes UP-TO-DATE
> Task :tck-build-logic:jar UP-TO-DATE
> Task :checkTestTimeoutAnnotations
> Task :processCodeCoverageResources NO-SOURCE
> Task :compileJava NO-SOURCE
> Task :processResources NO-SOURCE
> Task :classes UP-TO-DATE
> Task :tck-test-support:compileJava UP-TO-DATE
> Task :processTestResources NO-SOURCE
> Task :tck-test-support:processResources UP-TO-DATE
> Task :tck-test-support:classes UP-TO-DATE
> Task :tck-test-support:jar UP-TO-DATE
> Task :compileCodeCoverageJava NO-SOURCE
> Task :codeCoverageClasses UP-TO-DATE
> Task :codeCoverageTest SKIPPED
> Task :compileTestJava UP-TO-DATE
> Task :testClasses UP-TO-DATE
> Task :test UP-TO-DATE
> Task :jacocoCodeCoverageReport UP-TO-DATE

[Incubating] Problems report is available at: file:///home/oracle/oracle/metadata2/graalvm-reachability-metadata/forge/local_repositories/forge_worktrees/9942-e11b9e47/tests/src/com.sun.xml.ws/policy/4.0.5/build/reports/problems/problems-report.html

Deprecated Gradle features were used in this build, making it incompatible with Gradle 10.

You can use '--warning-mode all' to show the individual deprecation warnings and determine if they come from your own scripts or plugins.

For more on this, please refer to https://docs.gradle.org/9.1.0/userguide/command_line_interface.html#sec:command_line_warnings in the Gradle documentation.

BUILD SUCCESSFUL in 3s
15 actionable tasks: 1 executed, 14 up-to-date
Consider enabling configuration cache to speed up this build: https://docs.gradle.org/9.1.0/userguide/configuration_cache_enabling.html

[Incubating] Problems report is available at: file:///home/oracle/oracle/metadata2/graalvm-reachability-metadata/forge/local_repositories/forge_worktrees/9942-e11b9e47/build/reports/problems/problems-report.html

Deprecated Gradle features were used in this build, making it incompatible with Gradle 10.

You can use '--warning-mode all' to show the individual deprecation warnings and determine if they come from your own scripts or plugins.

For more on this, please refer to https://docs.gradle.org/9.1.0/userguide/command_line_interface.html#sec:command_line_warnings in the Gradle documentation.

BUILD SUCCESSFUL in 7s
9 actionable tasks: 1 executed, 8 up-to-date
> Task :tck-build-logic:extractPluginRequests UP-TO-DATE
> Task :tck-build-logic:generatePluginAdapters UP-TO-DATE
> Task :tck-build-logic:compileJava UP-TO-DATE
> Task :tck-build-logic:compileGroovy UP-TO-DATE
> Task :tck-build-logic:compileGroovyPlugins UP-TO-DATE
> Task :tck-build-logic:pluginDescriptors UP-TO-DATE
> Task :tck-build-logic:processResources UP-TO-DATE
> Task :tck-build-logic:classes UP-TO-DATE
> Task :tck-build-logic:jar UP-TO-DATE

> Task :generateDynamicAccessReport
> Task :tck-build-logic:extractPluginRequests UP-TO-DATE
> Task :tck-build-logic:generatePluginAdapters UP-TO-DATE
> Task :tck-build-logic:compileJava UP-TO-DATE
> Task :tck-build-logic:compileGroovy UP-TO-DATE
> Task :tck-build-logic:compileGroovyPlugins UP-TO-DATE
> Task :tck-build-logic:pluginDescriptors UP-TO-DATE
> Task :tck-build-logic:processResources UP-TO-DATE
> Task :tck-build-logic:classes UP-TO-DATE
> Task :tck-build-logic:jar UP-TO-DATE
> Task :compileJava NO-SOURCE
> Task :processResources NO-SOURCE
> Task :classes UP-TO-DATE
> Task :jar UP-TO-DATE
> Task :tck-test-support:compileJava UP-TO-DATE
> Task :tck-test-support:processResources UP-TO-DATE
> Task :tck-test-support:classes UP-TO-DATE
> Task :tck-test-support:jar UP-TO-DATE
> Task :compileTestJava UP-TO-DATE
> Task :checkTestTimeoutAnnotations
> Task :processTestResources NO-SOURCE
> Task :testClasses UP-TO-DATE
> Task :test UP-TO-DATE
> Task :generateTestResourcesConfigFile UP-TO-DATE

> Task :nativeTestCompile
[native-image-plugin] GraalVM Toolchain detection is disabled
[native-image-plugin] GraalVM location read from environment variable: GRAALVM_HOME
[native-image-plugin] Native Image executable path: /home/oracle/oracle/graal/sdk/mxbuild/linux-amd64/GRAALVM_NI_EE_JAVA25/graalvm-ni-ee-25.4.4.1.1-dev+1.1/lib/svm/bin/native-image
Picked up NATIVE_IMAGE_OPTIONS: -H:+UnlockExperimentalVMOptions -H:-OutlineStringBuilderAppends -H:-OutlineStringBufferAppends -H:-OutlineIndyStringConcatenations -H:-OutlineSBMaterializations
Apply jar:file:///tmp/metadata-forge-gradle/078137237d3cc755/worktree-homes/9942-e11b9e47-8fe6e73b/caches/modules-2/files-2.1/org.eclipse.angus/angus-activation/2.0.3/7f80607ea5014fef0b1779e6c33d63a88a45a563/angus-activation-2.0.3.jar!/META-INF/native-image/org.eclipse.angus/angus-activation/native-image.properties
Apply jar:file:///tmp/metadata-forge-gradle/078137237d3cc755/worktree-homes/9942-e11b9e47-8fe6e73b/caches/modules-2/files-2.1/org.eclipse.angus/angus-activation/2.0.3/7f80607ea5014fef0b1779e6c33d63a88a45a563/angus-activation-2.0.3.jar!/META-INF/native-image/org.eclipse.angus/angus-activation/resource-config.json
Warning: Invalid classpath entry: /home/oracle/oracle/metadata2/graalvm-reachability-metadata/forge/local_repositories/forge_worktrees/9942-e11b9e47/tests/src/com.sun.xml.ws/policy/4.0.5/build/resources/test
Warning: Using a deprecated option --no-fallback from command line. No effect, no replacement available
Apply jar:file:///home/oracle/oracle/graal/sdk/mxbuild/linux-amd64/GRAALVM_NI_EE_JAVA25/graalvm-ni-ee-25.4.4.1.1-dev+1.1/lib/svm/svm-guest.jar!/META-INF/native-image/org.graalvm.nativeimage.guest/native-image.properties
Apply jar:file:///home/oracle/oracle/graal/sdk/mxbuild/linux-amd64/GRAALVM_NI_EE_JAVA25/graalvm-ni-ee-25.4.4.1.1-dev+1.1/lib/svm/library-support.jar!/META-INF/native-image/com.oracle.svm/polyglot/native-image.properties
Apply jar:file:///home/oracle/oracle/graal/sdk/mxbuild/linux-amd64/GRAALVM_NI_EE_JAVA25/graalvm-ni-ee-25.4.4.1.1-dev+1.1/lib/svm/svm-guest-staging.jar!/META-INF/native-image/org.graalvm.nativeimage.guest/reachability-metadata.json
Executing [
DRIVER_TEMP_DIR_ENV_VARIABLE=/tmp/driverRoot-1538066396787046409 \
HOME=/home/oracle \
LANG=en_US.UTF-8 \
LC_ADDRESS=sr_RS \
LC_IDENTIFICATION=sr_RS \
LC_MEASUREMENT=sr_RS \
LC_MONETARY=sr_RS \
LC_NAME=sr_RS \
LC_NUMERIC=sr_RS \
LC_PAPER=sr_RS \
LC_TELEPHONE=sr_RS \
LC_TIME=sr_RS \
PATH=/home/oracle/.local/graalvm/graalvm-25.4.4.1.1-dev+1.1/bin:/home/oracle/.cargo/bin:/home/oracle/.local/bin:/home/oracle/.local/share/pi-node/node-v22.23.2-linux-x64/bin:/home/oracle/.local/bin:/usr/local/sbin:/usr/local/bin:/usr/sbin:/usr/bin:/sbin:/bin:/usr/games:/usr/local/games:/snap/bin:/snap/bin:/home/oracle/oracle/mx \
PWD=/home/oracle/oracle/metadata2/graalvm-reachability-metadata/forge/local_repositories/forge_worktrees/9942-e11b9e47/tests/src/com.sun.xml.ws/policy/4.0.5 \
/home/oracle/oracle/graal/sdk/mxbuild/linux-amd64/GRAALVM_NI_EE_JAVA25/graalvm-ni-ee-25.4.4.1.1-dev+1.1/bin/java \
-XX:+UnlockExperimentalVMOptions \
-XX:+EnableJVMCI \
-Dgraalvm.locatorDisabled=true \
-Dtruffle.TruffleRuntime=com.oracle.truffle.api.impl.DefaultTruffleRuntime \
-Dgraalvm.ForcePolyglotInvalid=true \
-Dsubstratevm.HostLibC=glibc \
--add-exports=java.base/com.sun.crypto.provider=org.graalvm.nativeimage.builder \
--add-exports=java.base/jdk.internal.access=jdk.graal.compiler.hostvmaccess,org.graalvm.nativeimage.builder \
--add-exports=java.base/jdk.internal.event=org.graalvm.nativeimage.builder \
--add-exports=java.base/jdk.internal.foreign=org.graalvm.nativeimage.builder \
--add-exports=java.base/jdk.internal.loader=jdk.graal.compiler.hostvmaccess,org.graalvm.nativeimage.base,org.graalvm.nativeimage.builder \
--add-exports=java.base/jdk.internal.logger=org.graalvm.nativeimage.builder \
--add-exports=java.base/jdk.internal.misc=com.oracle.graal.graal_enterprise,com.oracle.svm.svm_enterprise,jdk.graal.compiler,jdk.graal.compiler.hostvmaccess,org.graalvm.nativeimage.builder,org.graalvm.nativeimage.guest.staging,org.graalvm.nativeimage.objectfile,org.graalvm.nativeimage.pointsto \
--add-exports=java.base/jdk.internal.module=jdk.graal.compiler.hostvmaccess,jdk.graal.compiler.vmaccess,org.graalvm.nativeimage.base,org.graalvm.nativeimage.builder,org.graalvm.nativeimage.shared \
--add-exports=java.base/jdk.internal.perf=org.graalvm.nativeimage.builder \
--add-exports=java.base/jdk.internal.platform=org.graalvm.nativeimage.builder \
--add-exports=java.base/jdk.internal.ref=org.graalvm.nativeimage.builder,org.graalvm.nativeimage.objectfile \
--add-exports=java.base/jdk.internal.reflect=org.graalvm.nativeimage.builder \
--add-exports=java.base/jdk.internal.util=com.oracle.svm.svm_enterprise,org.graalvm.nativeimage.builder \
--add-exports=java.base/jdk.internal.vm.annotation=org.graalvm.nativeimage.builder \
--add-exports=java.base/jdk.internal.vm=org.graalvm.nativeimage.builder \
--add-exports=java.base/jdk.internal=org.graalvm.nativeimage.builder \
--add-exports=java.base/sun.invoke.util=org.graalvm.nativeimage.builder \
--add-exports=java.base/sun.net.www.protocol.file=org.graalvm.nativeimage.builder \
--add-exports=java.base/sun.net.www.protocol.ftp=org.graalvm.nativeimage.builder \
--add-exports=java.base/sun.net.www.protocol.http=org.graalvm.nativeimage.builder \
--add-exports=java.base/sun.net.www.protocol.https=org.graalvm.nativeimage.builder \
--add-exports=java.base/sun.net.www.protocol.jar=org.graalvm.nativeimage.builder \
--add-exports=java.base/sun.net.www.protocol.jmod=org.graalvm.nativeimage.builder \
--add-exports=java.base/sun.net.www.protocol.jrt=org.graalvm.nativeimage.builder \
--add-exports=java.base/sun.net.www.protocol.mailto=org.graalvm.nativeimage.builder \
--add-exports=java.base/sun.net.www=org.graalvm.nativeimage.builder \
--add-exports=java.base/sun.net=org.graalvm.nativeimage.builder \
--add-exports=java.base/sun.nio.ch=org.graalvm.nativeimage.builder,org.graalvm.nativeimage.objectfile \
--add-exports=java.base/sun.reflect.annotation=jdk.graal.compiler.vmaccess,org.graalvm.nativeimage.builder \
--add-exports=java.base/sun.reflect.generics.factory=org.graalvm.nativeimage.builder \
--add-exports=java.base/sun.reflect.generics.reflectiveObjects=org.graalvm.nativeimage.builder \
--add-exports=java.base/sun.reflect.generics.repository=org.graalvm.nativeimage.builder \
--add-exports=java.base/sun.reflect.generics.scope=org.graalvm.nativeimage.builder \
--add-exports=java.base/sun.reflect.generics.tree=org.graalvm.nativeimage.builder \
--add-exports=java.base/sun.security.jca=org.graalvm.nativeimage.builder \
--add-exports=java.base/sun.security.provider=org.graalvm.nativeimage.builder \
--add-exports=java.base/sun.security.rsa=org.graalvm.nativeimage.builder \
--add-exports=java.base/sun.security.ssl=org.graalvm.nativeimage.builder \
--add-exports=java.base/sun.security.util=org.graalvm.nativeimage.builder \
--add-exports=java.base/sun.security.x509=org.graalvm.nativeimage.builder \
--add-exports=java.base/sun.text.spi=org.graalvm.nativeimage.builder \
--add-exports=java.base/sun.util.calendar=org.graalvm.nativeimage.builder \
--add-exports=java.base/sun.util.cldr=org.graalvm.nativeimage.builder \
--add-exports=java.base/sun.util.locale.provider=org.graalvm.nativeimage.builder \
--add-exports=java.base/sun.util.locale=org.graalvm.nativeimage.builder \
--add-exports=java.base/sun.util.resources=org.graalvm.nativeimage.builder \
--add-exports=java.base/sun.util.spi=org.graalvm.nativeimage.builder \
--add-exports=java.base/sun.util=org.graalvm.nativeimage.builder \
--add-exports=java.management/com.sun.jmx.mbeanserver=org.graalvm.nativeimage.builder \
--add-exports=java.management/sun.management=org.graalvm.nativeimage.builder,org.graalvm.nativeimage.pointsto \
--add-exports=jdk.graal.compiler/jdk.graal.compiler.annotation=jdk.graal.compiler.hostvmaccess,jdk.graal.compiler.vmaccess \
--add-exports=jdk.graal.compiler/jdk.graal.compiler.api.replacements=jdk.graal.compiler.hostvmaccess \
--add-exports=jdk.graal.compiler/jdk.graal.compiler.api.runtime=jdk.graal.compiler.hostvmaccess \
--add-exports=jdk.graal.compiler/jdk.graal.compiler.core.target=jdk.graal.compiler.hostvmaccess \
--add-exports=jdk.graal.compiler/jdk.graal.compiler.phases.util=jdk.graal.compiler.hostvmaccess,jdk.graal.compiler.vmaccess \
--add-exports=jdk.graal.compiler/jdk.graal.compiler.runtime=jdk.graal.compiler.hostvmaccess \
--add-exports=jdk.graal.compiler/jdk.graal.compiler.util.json=com.oracle.graal.reporter \
--add-exports=jdk.internal.vm.ci/jdk.vm.ci.aarch64=com.oracle.graal.graal_enterprise,com.oracle.svm.svm_enterprise,jdk.graal.compiler,org.graalvm.nativeimage.builder,org.graalvm.nativeimage.objectfile \
--add-exports=jdk.internal.vm.ci/jdk.vm.ci.amd64=com.oracle.graal.graal_enterprise,com.oracle.svm.svm_enterprise,jdk.graal.compiler,org.graalvm.nativeimage.builder,org.graalvm.nativeimage.objectfile \
--add-exports=jdk.internal.vm.ci/jdk.vm.ci.code.site=com.oracle.svm.svm_enterprise,jdk.graal.compiler,org.graalvm.nativeimage.builder \
--add-exports=jdk.internal.vm.ci/jdk.vm.ci.code.stack=jdk.graal.compiler,org.graalvm.nativeimage.builder \
--add-exports=jdk.internal.vm.ci/jdk.vm.ci.code=com.oracle.graal.graal_enterprise,com.oracle.svm.svm_enterprise,jdk.graal.compiler,jdk.graal.compiler.hostvmaccess,jdk.graal.compiler.vmaccess,org.graalvm.nativeimage.base,org.graalvm.nativeimage.builder,org.graalvm.nativeimage.objectfile,org.graalvm.nativeimage.pointsto,org.graalvm.truffle.compiler \
--add-exports=jdk.internal.vm.ci/jdk.vm.ci.common=com.oracle.graal.graal_enterprise,com.oracle.svm.svm_enterprise,jdk.graal.compiler,org.graalvm.nativeimage.builder,org.graalvm.nativeimage.pointsto \
--add-exports=jdk.internal.vm.ci/jdk.vm.ci.hotspot.aarch64=jdk.graal.compiler \
--add-exports=jdk.internal.vm.ci/jdk.vm.ci.hotspot.amd64=jdk.graal.compiler \
--add-exports=jdk.internal.vm.ci/jdk.vm.ci.hotspot.riscv64=jdk.graal.compiler \
--add-exports=jdk.internal.vm.ci/jdk.vm.ci.hotspot=com.oracle.graal.graal_enterprise,jdk.graal.compiler,org.graalvm.nativeimage.builder \
--add-exports=jdk.internal.vm.ci/jdk.vm.ci.meta.annotation=com.oracle.graal.graal_enterprise,com.oracle.svm.svm_enterprise,jdk.graal.compiler,jdk.graal.compiler.hostvmaccess,jdk.graal.compiler.vmaccess,org.graalvm.nativeimage.base,org.graalvm.nativeimage.builder,org.graalvm.nativeimage.configure,org.graalvm.nativeimage.guest.staging,org.graalvm.nativeimage.objectfile,org.graalvm.nativeimage.pointsto \
--add-exports=jdk.internal.vm.ci/jdk.vm.ci.meta=com.oracle.graal.graal_enterprise,com.oracle.svm.svm_enterprise,jdk.graal.compiler,jdk.graal.compiler.hostvmaccess,jdk.graal.compiler.vmaccess,org.graalvm.nativeimage.base,org.graalvm.nativeimage.builder,org.graalvm.nativeimage.configure,org.graalvm.nativeimage.guest.staging,org.graalvm.nativeimage.objectfile,org.graalvm.nativeimage.pointsto,org.graalvm.truffle.compiler \
--add-exports=jdk.internal.vm.ci/jdk.vm.ci.riscv64=com.oracle.svm.svm_enterprise,jdk.graal.compiler,org.graalvm.nativeimage.builder \
--add-exports=jdk.internal.vm.ci/jdk.vm.ci.runtime=com.oracle.graal.graal_enterprise,jdk.graal.compiler,jdk.graal.compiler.hostvmaccess,org.graalvm.nativeimage.base,org.graalvm.nativeimage.builder,org.graalvm.nativeimage.pointsto \
--add-exports=jdk.internal.vm.ci/jdk.vm.ci.services=com.oracle.graal.graal_enterprise,com.oracle.svm.svm_enterprise,jdk.graal.compiler,org.graalvm.nativeimage.builder \
--add-exports=jdk.jfr/jdk.jfr.events=org.graalvm.nativeimage.builder \
--add-exports=jdk.jfr/jdk.jfr.internal.event=org.graalvm.nativeimage.builder \
--add-exports=jdk.jfr/jdk.jfr.internal.jfc=com.oracle.svm.svm_enterprise,org.graalvm.nativeimage.builder \
--add-exports=jdk.jfr/jdk.jfr.internal.settings=org.graalvm.nativeimage.builder \
--add-exports=jdk.jfr/jdk.jfr.internal.tracing=org.graalvm.nativeimage.builder \
--add-exports=jdk.jfr/jdk.jfr.internal=com.oracle.svm.svm_enterprise,org.graalvm.nativeimage.builder \
--add-exports=jdk.management/com.sun.management.internal=org.graalvm.nativeimage.builder \
-XX:-UseJVMCICompiler \
-XX:MaxRAMPercentage=71.5222503651163 \
'-Dsvm.build.memoryUsageReasonText=22.29GiB of memory (71.5% of system memory, using all available memory)' \
-Xss10m \
-XX:+UseParallelGC \
-XX:GCTimeRatio=9 \
-XX:+ExitOnOutOfMemoryError \
-XX:+UseCompressedOops \
-Djava.awt.headless=true \
'-Dorg.graalvm.vendor=Oracle Corporation' \
-Dorg.graalvm.vendorurl=https://www.graalvm.org/ \
'-Dorg.graalvm.vendorversion=Oracle GraalVM 25.4.4.1.1-dev+1.1' \
-Dorg.graalvm.version=25.4.4.1.1-dev \
-Dcom.oracle.graalvm.isaot=true \
-Djava.system.class.loader=com.oracle.svm.hosted.NativeImageSystemClassLoader \
-Djava.util.concurrent.ForkJoinPool.common.exceptionHandler=com.oracle.svm.hosted.CommonPoolUncaughtExceptionHandler \
'-Djava.util.concurrent.ForkJoinPool.common.threadFactory=com.oracle.svm.hosted.NativeImageSystemClassLoader$NativeImageForkJoinWorkerThreadFactory' \
-Dorg.graalvm.nativeimage.imagecode=buildtime \
-Xshare:off \
-Djdk.internal.lambda.disableEagerInitialization=true \
-Djdk.internal.lambda.eagerlyInitialize=false \
-Djava.lang.invoke.InnerClassLambdaMetafactory.initializeLambdas=false \
-Djava.lang.invoke.MethodHandle.DONT_INLINE_THRESHOLD=-1 \
-Djava.lang.invoke.MethodHandle.PROFILE_GWT=false \
-Djunit.platform.listeners.uid.tracking.output.dir=/home/oracle/oracle/metadata2/graalvm-reachability-metadata/forge/local_repositories/forge_worktrees/9942-e11b9e47/tests/src/com.sun.xml.ws/policy/4.0.5/build/test-results/test/testlist \
-Dcom.oracle.svm.provided=/home/oracle/oracle/graal/sdk/mxbuild/linux-amd64/GRAALVM_NI_EE_JAVA25/graalvm-ni-ee-25.4.4.1.1-dev+1.1/lib/svm/svm-shared.jar:/home/oracle/oracle/graal/sdk/mxbuild/linux-amd64/GRAALVM_NI_EE_JAVA25/graalvm-ni-ee-25.4.4.1.1-dev+1.1/lib/svm/svm-guest.jar:/home/oracle/oracle/graal/sdk/mxbuild/linux-amd64/GRAALVM_NI_EE_JAVA25/graalvm-ni-ee-25.4.4.1.1-dev+1.1/lib/svm/library-support.jar:/home/oracle/oracle/graal/sdk/mxbuild/linux-amd64/GRAALVM_NI_EE_JAVA25/graalvm-ni-ee-25.4.4.1.1-dev+1.1/lib/svm/svm-guest-staging.jar:/home/oracle/oracle/graal/sdk/mxbuild/linux-amd64/GRAALVM_NI_EE_JAVA25/graalvm-ni-ee-25.4.4.1.1-dev+1.1/lib/svm/vmaccess-guest.jar \
--add-modules=ALL-DEFAULT \
--enable-native-access=org.graalvm.truffle.runtime,jdk.graal.compiler.hostvmaccess,com.oracle.truffle.enterprise.svm,org.graalvm.espresso.shared.svm,org.graalvm.truffle.runtime.svm,org.graalvm.truffle.compiler,org.graalvm.nativeimage.guest.staging,org.graalvm.nativeimage.shaded.capnproto,com.oracle.graal.reporter,org.graalvm.nativeimage.objectfile,org.graalvm.nativeimage.builder,org.graalvm.nativeimage.shared,org.graalvm.nativeimage.foreign,jdk.graal.compiler.vmaccess,org.graalvm.nativeimage.pointsto,org.graalvm.nativeimage.configure,org.graalvm.nativeimage.base,com.oracle.svm.svm_enterprise,org.graalvm.truffle,jdk.graal.compiler.vmaccess.guest \
--module-path \
/home/oracle/oracle/graal/sdk/mxbuild/linux-amd64/GRAALVM_NI_EE_JAVA25/graalvm-ni-ee-25.4.4.1.1-dev+1.1/lib/truffle/truffle-runtime.jar:/home/oracle/oracle/graal/sdk/mxbuild/linux-amd64/GRAALVM_NI_EE_JAVA25/graalvm-ni-ee-25.4.4.1.1-dev+1.1/lib/truffle/truffle-api.jar:/home/oracle/oracle/graal/sdk/mxbuild/linux-amd64/GRAALVM_NI_EE_JAVA25/graalvm-ni-ee-25.4.4.1.1-dev+1.1/lib/truffle/truffle-compiler.jar:/home/oracle/oracle/graal/sdk/mxbuild/linux-amd64/GRAALVM_NI_EE_JAVA25/graalvm-ni-ee-25.4.4.1.1-dev+1.1/lib/truffle/builder/truffle-runtime-svm.jar:/home/oracle/oracle/graal/sdk/mxbuild/linux-amd64/GRAALVM_NI_EE_JAVA25/graalvm-ni-ee-25.4.4.1.1-dev+1.1/lib/truffle/builder/truffle-enterprise-svm.jar:/home/oracle/oracle/graal/sdk/mxbuild/linux-amd64/GRAALVM_NI_EE_JAVA25/graalvm-ni-ee-25.4.4.1.1-dev+1.1/lib/svm/builder/pointsto.jar:/home/oracle/oracle/graal/sdk/mxbuild/linux-amd64/GRAALVM_NI_EE_JAVA25/graalvm-ni-ee-25.4.4.1.1-dev+1.1/lib/svm/builder/svm-shared.jar:/home/oracle/oracle/graal/sdk/mxbuild/linux-amd64/GRAALVM_NI_EE_JAVA25/graalvm-ni-ee-25.4.4.1.1-dev+1.1/lib/svm/builder/hostvmaccess.jar:/home/oracle/oracle/graal/sdk/mxbuild/linux-amd64/GRAALVM_NI_EE_JAVA25/graalvm-ni-ee-25.4.4.1.1-dev+1.1/lib/svm/builder/vmaccess.jar:/home/oracle/oracle/graal/sdk/mxbuild/linux-amd64/GRAALVM_NI_EE_JAVA25/graalvm-ni-ee-25.4.4.1.1-dev+1.1/lib/svm/builder/svm-foreign.jar:/home/oracle/oracle/graal/sdk/mxbuild/linux-amd64/GRAALVM_NI_EE_JAVA25/graalvm-ni-ee-25.4.4.1.1-dev+1.1/lib/svm/builder/native-image-base.jar:/home/oracle/oracle/graal/sdk/mxbuild/linux-amd64/GRAALVM_NI_EE_JAVA25/graalvm-ni-ee-25.4.4.1.1-dev+1.1/lib/svm/builder/reporter.jar:/home/oracle/oracle/graal/sdk/mxbuild/linux-amd64/GRAALVM_NI_EE_JAVA25/graalvm-ni-ee-25.4.4.1.1-dev+1.1/lib/svm/builder/svm-configure.jar:/home/oracle/oracle/graal/sdk/mxbuild/linux-amd64/GRAALVM_NI_EE_JAVA25/graalvm-ni-ee-25.4.4.1.1-dev+1.1/lib/svm/builder/svm-capnproto-runtime.jar:/home/oracle/oracle/graal/sdk/mxbuild/linux-amd64/GRAALVM_NI_EE_JAVA25/graalvm-ni-ee-25.4.4.1.1-dev+1.1/lib/svm/builder/espresso-svm.jar:/home/oracle/oracle/graal/sdk/mxbuild/linux-amd64/GRAALVM_NI_EE_JAVA25/graalvm-ni-ee-25.4.4.1.1-dev+1.1/lib/svm/builder/svm.jar:/home/oracle/oracle/graal/sdk/mxbuild/linux-amd64/GRAALVM_NI_EE_JAVA25/graalvm-ni-ee-25.4.4.1.1-dev+1.1/lib/svm/builder/svm-guest-staging.jar:/home/oracle/oracle/graal/sdk/mxbuild/linux-amd64/GRAALVM_NI_EE_JAVA25/graalvm-ni-ee-25.4.4.1.1-dev+1.1/lib/svm/builder/vmaccess-guest.jar:/home/oracle/oracle/graal/sdk/mxbuild/linux-amd64/GRAALVM_NI_EE_JAVA25/graalvm-ni-ee-25.4.4.1.1-dev+1.1/lib/svm/builder/svm-enterprise.jar:/home/oracle/oracle/graal/sdk/mxbuild/linux-amd64/GRAALVM_NI_EE_JAVA25/graalvm-ni-ee-25.4.4.1.1-dev+1.1/lib/svm/builder/objectfile.jar \
--module \
org.graalvm.nativeimage.builder/com.oracle.svm.hosted.NativeImageGeneratorRunner \
-keepalive \
/proc/941630/comm \
-imagecp \
/home/oracle/oracle/metadata2/graalvm-reachability-metadata/forge/local_repositories/forge_worktrees/9942-e11b9e47/tests/src/com.sun.xml.ws/policy/4.0.5/build/libs/com.sun.xml.ws.policy_tests.jar:/tmp/metadata-forge-gradle/078137237d3cc755/ro-dep-cache/modules-2/files-2.1/org.graalvm.buildtools/junit-platform-native/1.0.0/2974f834a2f0a0105f2284fba7ef16dc4d60de56/junit-platform-native-1.0.0.jar:/tmp/metadata-forge-gradle/078137237d3cc755/ro-dep-cache/modules-2/files-2.1/org.junit.jupiter/junit-jupiter/5.9.2/26c586fbe0ebd81b48c9f11f0d998124248697ae/junit-jupiter-5.9.2.jar:/tmp/metadata-forge-gradle/078137237d3cc755/ro-dep-cache/modules-2/files-2.1/org.junit.platform/junit-platform-reporting/1.9.2/8bea292e2a546e4c21071f6bee60917ffd9f0101/junit-platform-reporting-1.9.2.jar:/tmp/metadata-forge-gradle/078137237d3cc755/ro-dep-cache/modules-2/files-2.1/org.junit.platform/junit-platform-launcher/1.9.2/38e0bfad8c57d4cd1a8f27926c25ffe9543068d6/junit-platform-launcher-1.9.2.jar:/tmp/metadata-forge-gradle/078137237d3cc755/ro-dep-cache/modules-2/files-2.1/org.junit.vintage/junit-vintage-engine/5.9.2/53421816bde124a564a64ba005dcc0c8e66a9722/junit-vintage-engine-5.9.2.jar:/tmp/metadata-forge-gradle/078137237d3cc755/ro-dep-cache/modules-2/files-2.1/org.junit.jupiter/junit-jupiter-params/5.9.2/bc2765afb7b85b583c710dd259a11c6b8c39e912/junit-jupiter-params-5.9.2.jar:/tmp/metadata-forge-gradle/078137237d3cc755/ro-dep-cache/modules-2/files-2.1/org.junit.jupiter/junit-jupiter-engine/5.9.2/572f7a553b53f83ee59cc045ce1c3772864ab76c/junit-jupiter-engine-5.9.2.jar:/tmp/metadata-forge-gradle/078137237d3cc755/ro-dep-cache/modules-2/files-2.1/org.junit.jupiter/junit-jupiter-api/5.9.2/fed843581520eac594bc36bb4b0f55e7b947dda9/junit-jupiter-api-5.9.2.jar:/tmp/metadata-forge-gradle/078137237d3cc755/ro-dep-cache/modules-2/files-2.1/org.junit.platform/junit-platform-engine/1.9.2/40aeef2be7b04f96bb91e8b054affc28b7c7c935/junit-platform-engine-1.9.2.jar:/tmp/metadata-forge-gradle/078137237d3cc755/ro-dep-cache/modules-2/files-2.1/org.junit.platform/junit-platform-commons/1.9.2/6f9f8621d8230cd38aa42e58ccbc0c00569131ce/junit-platform-commons-1.9.2.jar:/tmp/metadata-forge-gradle/078137237d3cc755/ro-dep-cache/modules-2/files-2.1/org.junit.platform/junit-platform-console/1.9.2/5548148dd55e820c42bd817ab93c1eaa05ce37f6/junit-platform-console-1.9.2.jar:/home/oracle/oracle/metadata2/graalvm-reachability-metadata/forge/local_repositories/forge_worktrees/9942-e11b9e47/tests/tck-test-support/build/libs/tck-test-support-1.0.0-SNAPSHOT.jar:/tmp/metadata-forge-gradle/078137237d3cc755/worktree-homes/9942-e11b9e47-8fe6e73b/caches/modules-2/files-2.1/com.sun.xml.ws/policy/4.0.5/d3a3813dae0a4202b035fe03a0b8c0e9571dac12/policy-4.0.5.jar:/tmp/metadata-forge-gradle/078137237d3cc755/ro-dep-cache/modules-2/files-2.1/org.assertj/assertj-core/3.22.0/c300c0c6a24559f35fa0bd3a5472dc1edcd0111e/assertj-core-3.22.0.jar:/tmp/metadata-forge-gradle/078137237d3cc755/worktree-homes/9942-e11b9e47-8fe6e73b/caches/modules-2/files-2.1/org.glassfish.jaxb/jaxb-runtime/4.0.9/500c199572538675d2819c938fbafe34935d8d6b/jaxb-runtime-4.0.9.jar:/tmp/metadata-forge-gradle/078137237d3cc755/worktree-homes/9942-e11b9e47-8fe6e73b/caches/modules-2/files-2.1/jakarta.xml.ws/jakarta.xml.ws-api/4.0.3/30b8a7abd7b3958461d8256db31816dd2ae6eb85/jakarta.xml.ws-api-4.0.3.jar:/tmp/metadata-forge-gradle/078137237d3cc755/worktree-homes/9942-e11b9e47-8fe6e73b/caches/modules-2/files-2.1/org.glassfish.jaxb/jaxb-core/4.0.9/3f32ec949d109d666fa30994223d1c25a47b105f/jaxb-core-4.0.9.jar:/tmp/metadata-forge-gradle/078137237d3cc755/worktree-homes/9942-e11b9e47-8fe6e73b/caches/modules-2/files-2.1/jakarta.xml.bind/jakarta.xml.bind-api/4.0.5/161811f36cad3c65991502e80317f2f6703361df/jakarta.xml.bind-api-4.0.5.jar:/tmp/metadata-forge-gradle/078137237d3cc755/worktree-homes/9942-e11b9e47-8fe6e73b/caches/modules-2/files-2.1/jakarta.xml.soap/jakarta.xml.soap-api/3.0.2/445830286faf84fe40a3f47ccd7537d69cd58c4/jakarta.xml.soap-api-3.0.2.jar:/tmp/metadata-forge-gradle/078137237d3cc755/worktree-homes/9942-e11b9e47-8fe6e73b/caches/modules-2/files-2.1/jakarta.annotation/jakarta.annotation-api/3.0.0/54f928fadec906a99d558536756d171917b9d936/jakarta.annotation-api-3.0.0.jar:/tmp/metadata-forge-gradle/078137237d3cc755/ro-dep-cache/modules-2/files-2.1/junit/junit/4.13.2/8ac9e16d933b6fb43bc7f576336b8f4d7eb5ba12/junit-4.13.2.jar:/tmp/metadata-forge-gradle/078137237d3cc755/worktree-homes/9942-e11b9e47-8fe6e73b/caches/modules-2/files-2.1/org.eclipse.angus/angus-activation/2.0.3/7f80607ea5014fef0b1779e6c33d63a88a45a563/angus-activation-2.0.3.jar:/tmp/metadata-forge-gradle/078137237d3cc755/worktree-homes/9942-e11b9e47-8fe6e73b/caches/modules-2/files-2.1/jakarta.activation/jakarta.activation-api/2.1.4/9e5c2a0d75dde71a0bedc4dbdbe47b78a5dc50f8/jakarta.activation-api-2.1.4.jar:/tmp/metadata-forge-gradle/078137237d3cc755/ro-dep-cache/modules-2/files-2.1/org.opentest4j/opentest4j/1.2.0/28c11eb91f9b6d8e200631d46e20a7f407f2a046/opentest4j-1.2.0.jar:/tmp/metadata-forge-gradle/078137237d3cc755/ro-dep-cache/modules-2/files-2.1/org.hamcrest/hamcrest-core/1.3/42a25dc3219429f0e5d060061f71acb49bf010a0/hamcrest-core-1.3.jar:/tmp/metadata-forge-gradle/078137237d3cc755/worktree-homes/9942-e11b9e47-8fe6e73b/caches/modules-2/files-2.1/org.glassfish.jaxb/txw2/4.0.9/70325ebdebca3e7aae1dfa395fd41fc25d8a6f4e/txw2-4.0.9.jar:/tmp/metadata-forge-gradle/078137237d3cc755/worktree-homes/9942-e11b9e47-8fe6e73b/caches/modules-2/files-2.1/com.sun.istack/istack-commons-runtime/4.1.2/18ec117c85f3ba0ac65409136afa8e42bc74e739/istack-commons-runtime-4.1.2.jar:/home/oracle/oracle/metadata2/graalvm-reachability-metadata/forge/local_repositories/forge_worktrees/9942-e11b9e47/tests/src/com.sun.xml.ws/policy/4.0.5/build/classes/java/test:/home/oracle/oracle/metadata2/graalvm-reachability-metadata/forge/local_repositories/forge_worktrees/9942-e11b9e47/tests/src/com.sun.xml.ws/policy/4.0.5/build/resources/test:/home/oracle/oracle/metadata2/graalvm-reachability-metadata/forge/local_repositories/forge_worktrees/9942-e11b9e47/tests/src/com.sun.xml.ws/policy/4.0.5/build/test-results/test/testlist \
-imagemp \
/home/oracle/oracle/graal/sdk/mxbuild/linux-amd64/GRAALVM_NI_EE_JAVA25/graalvm-ni-ee-25.4.4.1.1-dev+1.1/lib/svm/library-support.jar:/home/oracle/oracle/graal/sdk/mxbuild/linux-amd64/GRAALVM_NI_EE_JAVA25/graalvm-ni-ee-25.4.4.1.1-dev+1.1/lib/svm/svm-guest.jar \
-H:CLibraryPath=/home/oracle/oracle/graal/sdk/mxbuild/linux-amd64/GRAALVM_NI_EE_JAVA25/graalvm-ni-ee-25.4.4.1.1-dev+1.1/lib/svm/clibraries/linux-amd64/glibc,/home/oracle/oracle/graal/sdk/mxbuild/linux-amd64/GRAALVM_NI_EE_JAVA25/graalvm-ni-ee-25.4.4.1.1-dev+1.1/lib/svm/clibraries/linux-amd64,/home/oracle/oracle/graal/sdk/mxbuild/linux-amd64/GRAALVM_NI_EE_JAVA25/graalvm-ni-ee-25.4.4.1.1-dev+1.1/lib/svm/clibraries \
-H:Path@driver=/home/oracle/oracle/metadata2/graalvm-reachability-metadata/forge/local_repositories/forge_worktrees/9942-e11b9e47/tests/src/com.sun.xml.ws/policy/4.0.5/build/native/nativeTestCompile \
-H:+UnlockExperimentalVMOptions@user \
-H:-OutlineStringBuilderAppends@user \
-H:-OutlineStringBufferAppends@user \
-H:-OutlineIndyStringConcatenations@user \
-H:-OutlineSBMaterializations@user \
'-H:Features@jar:file:///tmp/metadata-forge-gradle/078137237d3cc755/worktree-homes/9942-e11b9e47-8fe6e73b/caches/modules-2/files-2.1/org.eclipse.angus/angus-activation/2.0.3/7f80607ea5014fef0b1779e6c33d63a88a45a563/angus-activation-2.0.3.jar!/META-INF/native-image/org.eclipse.angus/angus-activation/native-image.properties+api=org.eclipse.angus.activation.nativeimage.AngusActivationFeature' \
'-H:ClassInitialization@jar:file:///tmp/metadata-forge-gradle/078137237d3cc755/worktree-homes/9942-e11b9e47-8fe6e73b/caches/modules-2/files-2.1/org.eclipse.angus/angus-activation/2.0.3/7f80607ea5014fef0b1779e6c33d63a88a45a563/angus-activation-2.0.3.jar!/META-INF/native-image/org.eclipse.angus/angus-activation/native-image.properties+api=org.eclipse.angus.activation.MailcapFile:build_time' \
'-H:ClassInitialization@jar:file:///tmp/metadata-forge-gradle/078137237d3cc755/worktree-homes/9942-e11b9e47-8fe6e73b/caches/modules-2/files-2.1/org.eclipse.angus/angus-activation/2.0.3/7f80607ea5014fef0b1779e6c33d63a88a45a563/angus-activation-2.0.3.jar!/META-INF/native-image/org.eclipse.angus/angus-activation/native-image.properties+api=org.eclipse.angus.activation.LogSupport:build_time' \
'-H:ResourceConfigurationResources@jar:file:///tmp/metadata-forge-gradle/078137237d3cc755/worktree-homes/9942-e11b9e47-8fe6e73b/caches/modules-2/files-2.1/org.eclipse.angus/angus-activation/2.0.3/7f80607ea5014fef0b1779e6c33d63a88a45a563/angus-activation-2.0.3.jar!/META-INF/native-image/org.eclipse.angus/angus-activation/resource-config.json+api=META-INF/native-image/org.eclipse.angus/angus-activation/resource-config.json' \
-H:FallbackThreshold@user+api=0 \
-H:Name@user+api=com.sun.xml.ws.policy_tests-tests \
-H:ConfigurationFileDirectories@user=/home/oracle/oracle/metadata2/graalvm-reachability-metadata/forge/local_repositories/forge_worktrees/9942-e11b9e47/tests/src/com.sun.xml.ws/policy/4.0.5/build/native/generated/generateTestResourcesConfigFile,/home/oracle/oracle/metadata2/graalvm-reachability-metadata/forge/local_repositories/forge_worktrees/9942-e11b9e47/metadata/org.junit.jupiter/junit-jupiter-api/5.8.2,/home/oracle/oracle/metadata2/graalvm-reachability-metadata/forge/local_repositories/forge_worktrees/9942-e11b9e47/metadata/org.opentest4j/opentest4j/1.2.0,/home/oracle/oracle/metadata2/graalvm-reachability-metadata/forge/local_repositories/forge_worktrees/9942-e11b9e47/metadata/org.junit.platform/junit-platform-commons/1.8.2,/home/oracle/oracle/metadata2/graalvm-reachability-metadata/forge/local_repositories/forge_worktrees/9942-e11b9e47/metadata/org.junit.jupiter/junit-jupiter-params/5.9.2,/home/oracle/oracle/metadata2/graalvm-reachability-metadata/forge/local_repositories/forge_worktrees/9942-e11b9e47/metadata/org.junit.jupiter/junit-jupiter-engine/5.8.2,/home/oracle/oracle/metadata2/graalvm-reachability-metadata/forge/local_repositories/forge_worktrees/9942-e11b9e47/metadata/org.junit.platform/junit-platform-engine/1.11.1,/home/oracle/oracle/metadata2/graalvm-reachability-metadata/forge/local_repositories/forge_worktrees/9942-e11b9e47/metadata/org.junit.platform/junit-platform-launcher/1.9.2,/home/oracle/oracle/metadata2/graalvm-reachability-metadata/forge/local_repositories/forge_worktrees/9942-e11b9e47/metadata/org.junit.platform/junit-platform-reporting/1.9.2,/home/oracle/oracle/metadata2/graalvm-reachability-metadata/forge/local_repositories/forge_worktrees/9942-e11b9e47/metadata/org.junit.vintage/junit-vintage-engine/5.9.1,/home/oracle/oracle/metadata2/graalvm-reachability-metadata/forge/local_repositories/forge_worktrees/9942-e11b9e47/metadata/junit/junit/4.13.2,/home/oracle/oracle/metadata2/graalvm-reachability-metadata/forge/local_repositories/forge_worktrees/9942-e11b9e47/metadata/org.hamcrest/hamcrest-core/1.3,/home/oracle/oracle/metadata2/graalvm-reachability-metadata/forge/local_repositories/forge_worktrees/9942-e11b9e47/metadata/com.sun.xml.ws/policy/4.0.5,/home/oracle/oracle/metadata2/graalvm-reachability-metadata/forge/local_repositories/forge_worktrees/9942-e11b9e47/metadata/org.glassfish.jaxb/jaxb-runtime/3.0.2,/home/oracle/oracle/metadata2/graalvm-reachability-metadata/forge/local_repositories/forge_worktrees/9942-e11b9e47/metadata/org.glassfish.jaxb/jaxb-core/3.0.0,/home/oracle/oracle/metadata2/graalvm-reachability-metadata/forge/local_repositories/forge_worktrees/9942-e11b9e47/metadata/jakarta.xml.bind/jakarta.xml.bind-api/4.0.0,/home/oracle/oracle/metadata2/graalvm-reachability-metadata/forge/local_repositories/forge_worktrees/9942-e11b9e47/metadata/jakarta.activation/jakarta.activation-api/1.2.1,/home/oracle/oracle/metadata2/graalvm-reachability-metadata/forge/local_repositories/forge_worktrees/9942-e11b9e47/metadata/org.eclipse.angus/angus-activation/2.0.0,/home/oracle/oracle/metadata2/graalvm-reachability-metadata/forge/local_repositories/forge_worktrees/9942-e11b9e47/metadata/org.glassfish.jaxb/txw2/2.3.1,/home/oracle/oracle/metadata2/graalvm-reachability-metadata/forge/local_repositories/forge_worktrees/9942-e11b9e47/metadata/com.sun.istack/istack-commons-runtime/4.0.0,/home/oracle/oracle/metadata2/graalvm-reachability-metadata/forge/local_repositories/forge_worktrees/9942-e11b9e47/metadata/jakarta.xml.soap/jakarta.xml.soap-api/3.0.2,/home/oracle/oracle/metadata2/graalvm-reachability-metadata/forge/local_repositories/forge_worktrees/9942-e11b9e47/metadata/jakarta.annotation/jakarta.annotation-api/3.0.0 \
-H:Optimize@user+api=b \
-H:+ReportExceptionStackTraces@user \
-H:TrackDynamicAccess@user=path=/tmp/metadata-forge-gradle/078137237d3cc755/worktree-homes/9942-e11b9e47-8fe6e73b/caches/modules-2/files-2.1/com.sun.xml.ws/policy/4.0.5/d3a3813dae0a4202b035fe03a0b8c0e9571dac12/policy-4.0.5.jar \
-H:Preserve@user=path=/tmp/metadata-forge-gradle/078137237d3cc755/worktree-homes/9942-e11b9e47-8fe6e73b/caches/modules-2/files-2.1/com.sun.xml.ws/policy/4.0.5/d3a3813dae0a4202b035fe03a0b8c0e9571dac12/policy-4.0.5.jar \
-H:Features@user+api=org.graalvm.junit.platform.JUnitPlatformFeature \
-H:-UnlockExperimentalVMOptions@user \
'-H:Class@explicit main-class=org.graalvm.junit.platform.NativeImageJUnitLauncher' \
-H:ImageBuildID@driver=2987b313-41ec-c72e-5193-d8193872b6e7 \
'-H:AddExports@jar:file:///home/oracle/oracle/graal/sdk/mxbuild/linux-amd64/GRAALVM_NI_EE_JAVA25/graalvm-ni-ee-25.4.4.1.1-dev+1.1/lib/svm/svm-guest.jar!/META-INF/native-image/org.graalvm.nativeimage.guest/native-image.properties+api=java.base/jdk.internal.misc=org.graalvm.nativeimage.guest' \
'-H:Features@jar:file:///home/oracle/oracle/graal/sdk/mxbuild/linux-amd64/GRAALVM_NI_EE_JAVA25/graalvm-ni-ee-25.4.4.1.1-dev+1.1/lib/svm/svm-guest.jar!/META-INF/native-image/org.graalvm.nativeimage.guest/native-image.properties+api=com.oracle.svm.guest.features.jdk.hosted.JavaNetHttpFeature' \
'-H:ClassInitialization@jar:file:///home/oracle/oracle/graal/sdk/mxbuild/linux-amd64/GRAALVM_NI_EE_JAVA25/graalvm-ni-ee-25.4.4.1.1-dev+1.1/lib/svm/svm-guest.jar!/META-INF/native-image/org.graalvm.nativeimage.guest/native-image.properties+api=sun.net.httpserver.simpleserver:run_time' \
'-H:Features@jar:file:///home/oracle/oracle/graal/sdk/mxbuild/linux-amd64/GRAALVM_NI_EE_JAVA25/graalvm-ni-ee-25.4.4.1.1-dev+1.1/lib/svm/library-support.jar!/META-INF/native-image/com.oracle.svm/polyglot/native-image.properties+api=com.oracle.svm.polyglot.groovy.GroovyIndyInterfaceFeature' \
'-H:ReachabilityMetadataResources@jar:file:///home/oracle/oracle/graal/sdk/mxbuild/linux-amd64/GRAALVM_NI_EE_JAVA25/graalvm-ni-ee-25.4.4.1.1-dev+1.1/lib/svm/svm-guest-staging.jar!/META-INF/native-image/org.graalvm.nativeimage.guest/reachability-metadata.json+api=META-INF/native-image/org.graalvm.nativeimage.guest/reachability-metadata.json' \
-H:DriverWarningsCount=2
]
Warning: Option 'FallbackThreshold' is deprecated and might be removed in a future release: It no longer has any effect, and no replacement is available. Please refer to the GraalVM release notes.
========================================================================================================================
GraalVM Native Image: Generating 'com.sun.xml.ws.policy_tests-tests' (executable)...
========================================================================================================================
For detailed information and explanations on the build output, visit:
https://github.com/oracle/graal/blob/master/docs/reference-manual/native-image/BuildOutput.md
------------------------------------------------------------------------------------------------------------------------
[1/8] Initializing...                                                                                   (5.7s @ 0.24GiB)
 Builder configuration:
 - Java version: 25.0.4.1.1+1-LTS, vendor version: Oracle GraalVM 25.4.4.1.1-dev+1.1
 - Graal compiler: optimization level: b, target machine: x86-64-v3, PGO: off
 - C compiler: gcc (linux, x86_64, 13.3.0)
 - Assertions: disabled, system assertions: disabled
 - 2 user-specific feature(s):
   - org.eclipse.angus.activation.nativeimage.AngusActivationFeature
   - org.graalvm.junit.platform.JUnitPlatformFeature
 Image configuration:
 - Garbage collector: Serial GC (max heap size: 80% of RAM)
 - Assertions: disabled (class-specific config may apply), system assertions: disabled
------------------------------------------------------------------------------------------------------------------------
 6 experimental option(s) unlocked:
 - '-H:-OutlineSBMaterializations' (origin(s): command line)
 - '-H:Preserve' (origin(s): command line)
 - '-H:-OutlineStringBufferAppends' (origin(s): command line)
 - '-H:-OutlineIndyStringConcatenations' (origin(s): command line)
 - '-H:-OutlineStringBuilderAppends' (origin(s): command line)
 - '-H:TrackDynamicAccess' (origin(s): command line)
------------------------------------------------------------------------------------------------------------------------
Build resources:
 - 22.29GiB of memory (71.5% of system memory, using all available memory)
 - 12 thread(s) (100.0% of 12 available processor(s), determined at start)
[junit-platform-native] Running in 'test listener' mode using files matching pattern [junit-platform-unique-ids*] found in folder [/home/oracle/oracle/metadata2/graalvm-reachability-metadata/forge/local_repositories/forge_worktrees/9942-e11b9e47/tests/src/com.sun.xml.ws/policy/4.0.5/build/test-results/test/testlist] and its subfolders.
[2/8] Performing analysis...  []                                                                        (2.3s @ 0.32GiB)
    1,648 types,   1,037 fields, and   3,235 methods found reachable

Error: jdk.graal.compiler.vmaccess.InvocationException: java.lang.RuntimeException: java.lang.reflect.InvocationTargetException
Caused by: jdk.graal.compiler.vmaccess.InvocationException: java.lang.RuntimeException: java.lang.reflect.InvocationTargetException
	at jdk.graal.compiler.hostvmaccess/jdk.graal.compiler.hostvmaccess.HostVMAccess.invoke(HostVMAccess.java:213)
	at org.graalvm.nativeimage.base/com.oracle.svm.util.GuestAccess.invoke(GuestAccess.java:704)
	at org.graalvm.nativeimage.builder/com.oracle.svm.hosted.ameta.FieldValueInterceptionSupport$WrappedFieldValueTransformer.transform(FieldValueInterceptionSupport.java:166)
	at org.graalvm.nativeimage.builder/com.oracle.svm.hosted.substitute.FieldValueTransformation.computeValue(FieldValueTransformation.java:115)
	at org.graalvm.nativeimage.builder/com.oracle.svm.hosted.substitute.FieldValueTransformation.readValue(FieldValueTransformation.java:102)
	at org.graalvm.nativeimage.builder/com.oracle.svm.hosted.ameta.FieldValueInterceptionSupport.readFieldValue(FieldValueInterceptionSupport.java:418)
	at org.graalvm.nativeimage.builder/com.oracle.svm.hosted.ameta.SVMHostedValueProvider.doReadValue(SVMHostedValueProvider.java:91)
	at org.graalvm.nativeimage.builder/com.oracle.svm.hosted.ameta.SVMHostedValueProvider.readFieldValue(SVMHostedValueProvider.java:71)
	at org.graalvm.nativeimage.pointsto/com.oracle.graal.pointsto.heap.ImageHeapScanner.readHostedFieldValue(ImageHeapScanner.java:708)
	at org.graalvm.nativeimage.pointsto/com.oracle.graal.pointsto.heap.ImageHeapScanner.lambda$createImageHeapInstance$0(ImageHeapScanner.java:428)
	at java.base/java.util.concurrent.Executors$RunnableAdapter.call(Executors.java:545)
	at java.base/java.util.concurrent.FutureTask.run(FutureTask.java:328)
	at org.graalvm.nativeimage.pointsto/com.oracle.graal.pointsto.util.AnalysisFuture.ensureDone(AnalysisFuture.java:69)
	at org.graalvm.nativeimage.pointsto/com.oracle.graal.pointsto.heap.ImageHeapConstant.ensureReaderInstalled(ImageHeapConstant.java:167)
	at org.graalvm.nativeimage.pointsto/com.oracle.graal.pointsto.heap.ImageHeapConstant.markReachable(ImageHeapConstant.java:186)
	at org.graalvm.nativeimage.pointsto/com.oracle.graal.pointsto.heap.ImageHeapScanner.markReachable(ImageHeapScanner.java:617)
	at org.graalvm.nativeimage.pointsto/com.oracle.graal.pointsto.heap.ImageHeapScanner.markReachable(ImageHeapScanner.java:611)
	at org.graalvm.nativeimage.pointsto/com.oracle.graal.pointsto.heap.ImageHeapScanner.markReachable(ImageHeapScanner.java:606)
	at org.graalvm.nativeimage.pointsto/com.oracle.graal.pointsto.heap.ImageHeapScanner.onStaticFieldRead(ImageHeapScanner.java:172)
	at org.graalvm.nativeimage.pointsto/com.oracle.graal.pointsto.heap.ImageHeapScanner.lambda$onFieldRead$0(ImageHeapScanner.java:149)
	at org.graalvm.nativeimage.pointsto/com.oracle.graal.pointsto.heap.ImageHeapScanner.lambda$postTask$0(ImageHeapScanner.java:989)
	at org.graalvm.nativeimage.pointsto/com.oracle.graal.pointsto.util.CompletionExecutor.executeCommand(CompletionExecutor.java:166)
	at org.graalvm.nativeimage.pointsto/com.oracle.graal.pointsto.util.CompletionExecutor.lambda$executeService$0(CompletionExecutor.java:152)
	at java.base/java.util.concurrent.ForkJoinTask$RunnableExecuteAction.compute(ForkJoinTask.java:1753)
	at java.base/java.util.concurrent.ForkJoinTask$RunnableExecuteAction.compute(ForkJoinTask.java:1745)
	at java.base/java.util.concurrent.ForkJoinTask$InterruptibleTask.exec(ForkJoinTask.java:1662)
	at java.base/java.util.concurrent.ForkJoinTask.doExec(ForkJoinTask.java:511)
	at java.base/java.util.concurrent.ForkJoinPool$WorkQueue.topLevelExec(ForkJoinPool.java:1450)
	at java.base/java.util.concurrent.ForkJoinPool.runWorker(ForkJoinPool.java:2019)
	at java.base/java.util.concurrent.ForkJoinWorkerThread.run(ForkJoinWorkerThread.java:187)
Caused by: java.lang.RuntimeException: java.lang.reflect.InvocationTargetException
	at jdk.graal.compiler.hostvmaccess/jdk.graal.compiler.hostvmaccess.HostVMResolvedJavaPackageImpl.getAnnotatedPackageInfo(HostVMResolvedJavaPackageImpl.java:121)
	at jdk.graal.compiler.hostvmaccess/jdk.graal.compiler.hostvmaccess.HostVMResolvedJavaPackageImpl.getDeclaredAnnotationInfo(HostVMResolvedJavaPackageImpl.java:109)
	at org.graalvm.nativeimage.base/com.oracle.svm.util.AnnotatedObjectAccess.getDeclaredAnnotationValuesFromRoot(AnnotatedObjectAccess.java:253)
	at org.graalvm.nativeimage.base/com.oracle.svm.util.AnnotatedObjectAccess.getAnnotationValues(AnnotatedObjectAccess.java:190)
	at org.graalvm.nativeimage.base/com.oracle.svm.util.AnnotatedObjectAccess.getAnnotationValue(AnnotatedObjectAccess.java:72)
	at org.graalvm.nativeimage.base/com.oracle.svm.util.GuestAnnotationAccess.getAnnotationValue(GuestAnnotationAccess.java:190)
	at org.graalvm.nativeimage.builder/com.oracle.svm.hosted.GuestTypes.isPlatformSupported0(GuestTypes.java:233)
	at org.graalvm.nativeimage.builder/com.oracle.svm.hosted.GuestTypes.isPlatformSupported(GuestTypes.java:210)
	at org.graalvm.nativeimage.builder/com.oracle.svm.hosted.ImageClassLoader.isPlatformSupported(ImageClassLoader.java:254)
	at org.graalvm.nativeimage.builder/com.oracle.svm.hosted.SVMHost.platformSupported(SVMHost.java:1004)
	at org.graalvm.nativeimage.pointsto/com.oracle.graal.pointsto.meta.AnalysisUniverse.createType(AnalysisUniverse.java:229)
	at org.graalvm.nativeimage.pointsto/com.oracle.graal.pointsto.meta.AnalysisUniverse.lookupAllowUnresolved(AnalysisUniverse.java:218)
	at org.graalvm.nativeimage.pointsto/com.oracle.graal.pointsto.meta.AnalysisUniverse.lookup(AnalysisUniverse.java:195)
	at org.graalvm.nativeimage.pointsto/com.oracle.graal.pointsto.meta.AnalysisMethod.<init>(AnalysisMethod.java:222)
	at org.graalvm.nativeimage.pointsto/com.oracle.graal.pointsto.meta.PointsToAnalysisMethod.<init>(PointsToAnalysisMethod.java:73)
	at org.graalvm.nativeimage.pointsto/com.oracle.graal.pointsto.meta.PointsToAnalysisFactory.createMethod(PointsToAnalysisFactory.java:35)
	at org.graalvm.nativeimage.pointsto/com.oracle.graal.pointsto.meta.AnalysisUniverse.createMethod(AnalysisUniverse.java:438)
	at org.graalvm.nativeimage.pointsto/com.oracle.graal.pointsto.meta.AnalysisUniverse.lookupAllowUnresolved(AnalysisUniverse.java:426)
	at org.graalvm.nativeimage.pointsto/com.oracle.graal.pointsto.meta.AnalysisUniverse.lookup(AnalysisUniverse.java:403)
	at org.graalvm.nativeimage.pointsto/com.oracle.graal.pointsto.meta.AnalysisUniverse.lookup(AnalysisUniverse.java:86)
	at org.graalvm.nativeimage.pointsto/com.oracle.graal.pointsto.infrastructure.UniverseMetaAccess.lookupJavaMethod(UniverseMetaAccess.java:98)
	at org.graalvm.nativeimage.pointsto/com.oracle.graal.pointsto.meta.AnalysisMetaAccess.lookupJavaMethod(AnalysisMetaAccess.java:101)
	at org.graalvm.nativeimage.builder/com.oracle.svm.hosted.reflect.ReflectionFeature.createAccessor(ReflectionFeature.java:230)
	at java.base/java.util.concurrent.ConcurrentHashMap.computeIfAbsent(ConcurrentHashMap.java:1724)
	at org.graalvm.nativeimage.builder/com.oracle.svm.hosted.reflect.ReflectionFeature.getOrCreateAccessor(ReflectionFeature.java:180)
	at org.graalvm.nativeimage.builder/com.oracle.svm.hosted.reflect.ReflectionFeature.getOrCreateAccessor(ReflectionFeature.java:166)
	at org.graalvm.nativeimage.builder/com.oracle.svm.core.reflect.target.ExecutableAccessorComputer.transform(ExecutableAccessorComputer.java:51)
	at java.base/jdk.internal.reflect.DirectMethodHandleAccessor.invoke(DirectMethodHandleAccessor.java:104)
	at java.base/java.lang.reflect.Method.invoke(Method.java:565)
	at jdk.graal.compiler.hostvmaccess/jdk.graal.compiler.hostvmaccess.HostVMAccess.invoke(HostVMAccess.java:196)
	... 29 more
Caused by: java.lang.reflect.InvocationTargetException
	at java.base/jdk.internal.reflect.DirectMethodHandleAccessor.invoke(DirectMethodHandleAccessor.java:116)
	at java.base/java.lang.reflect.Method.invoke(Method.java:565)
	at jdk.graal.compiler.hostvmaccess/jdk.graal.compiler.hostvmaccess.HostVMResolvedJavaPackageImpl.getAnnotatedPackageInfo(HostVMResolvedJavaPackageImpl.java:115)
	... 58 more
Caused by: java.lang.NullPointerException: Cannot invoke "java.io.InputStream.read(byte[], int, int)" because "in" is null
	at com.sun.xml.ws.policy.util.MethodUtil.readAllBytes(MethodUtil.java:165)
	at com.sun.xml.ws.policy.util.MethodUtil.findClass(MethodUtil.java:148)
	at java.base/java.lang.ClassLoader.findClass(ClassLoader.java:704)
	at java.base/java.lang.ClassLoader.loadClass(ClassLoader.java:602)
	at java.base/java.lang.Package.getPackageInfo(Package.java:420)
	at java.base/jdk.internal.reflect.DirectMethodHandleAccessor.invoke(DirectMethodHandleAccessor.java:104)
	... 60 more
Internal exception: com.oracle.graal.pointsto.util.AnalysisError: jdk.graal.compiler.vmaccess.InvocationException: java.lang.RuntimeException: java.lang.reflect.InvocationTargetException
	at org.graalvm.nativeimage.pointsto/com.oracle.graal.pointsto.util.AnalysisFuture.setException(AnalysisFuture.java:55)
	at java.base/java.util.concurrent.FutureTask.run(FutureTask.java:333)
	at org.graalvm.nativeimage.pointsto/com.oracle.graal.pointsto.util.AnalysisFuture.ensureDone(AnalysisFuture.java:69)
	at org.graalvm.nativeimage.pointsto/com.oracle.graal.pointsto.heap.ImageHeapConstant.ensureReaderInstalled(ImageHeapConstant.java:167)
	at org.graalvm.nativeimage.pointsto/com.oracle.graal.pointsto.heap.ImageHeapConstant.markReachable(ImageHeapConstant.java:186)
	at org.graalvm.nativeimage.pointsto/com.oracle.graal.pointsto.heap.ImageHeapScanner.markReachable(ImageHeapScanner.java:617)
	at org.graalvm.nativeimage.pointsto/com.oracle.graal.pointsto.heap.ImageHeapScanner.markReachable(ImageHeapScanner.java:611)
	at org.graalvm.nativeimage.pointsto/com.oracle.graal.pointsto.heap.ImageHeapScanner.markReachable(ImageHeapScanner.java:606)
	at org.graalvm.nativeimage.pointsto/com.oracle.graal.pointsto.heap.ImageHeapScanner.onStaticFieldRead(ImageHeapScanner.java:172)
	at org.graalvm.nativeimage.pointsto/com.oracle.graal.pointsto.heap.ImageHeapScanner.lambda$onFieldRead$0(ImageHeapScanner.java:149)
	at org.graalvm.nativeimage.pointsto/com.oracle.graal.pointsto.heap.ImageHeapScanner.lambda$postTask$0(ImageHeapScanner.java:989)
	at org.graalvm.nativeimage.pointsto/com.oracle.graal.pointsto.util.CompletionExecutor.executeCommand(CompletionExecutor.java:166)
	at org.graalvm.nativeimage.pointsto/com.oracle.graal.pointsto.util.CompletionExecutor.lambda$executeService$0(CompletionExecutor.java:152)
	at java.base/java.util.concurrent.ForkJoinTask$RunnableExecuteAction.compute(ForkJoinTask.java:1753)
	at java.base/java.util.concurrent.ForkJoinTask$RunnableExecuteAction.compute(ForkJoinTask.java:1745)
	at java.base/java.util.concurrent.ForkJoinTask$InterruptibleTask.exec(ForkJoinTask.java:1662)
	at java.base/java.util.concurrent.ForkJoinTask.doExec(ForkJoinTask.java:511)
	at java.base/java.util.concurrent.ForkJoinPool$WorkQueue.topLevelExec(ForkJoinPool.java:1450)
	at java.base/java.util.concurrent.ForkJoinPool.runWorker(ForkJoinPool.java:2019)
	at java.base/java.util.concurrent.ForkJoinWorkerThread.run(ForkJoinWorkerThread.java:187)
Caused by: jdk.graal.compiler.vmaccess.InvocationException: java.lang.RuntimeException: java.lang.reflect.InvocationTargetException
	at jdk.graal.compiler.hostvmaccess/jdk.graal.compiler.hostvmaccess.HostVMAccess.invoke(HostVMAccess.java:213)
	at org.graalvm.nativeimage.base/com.oracle.svm.util.GuestAccess.invoke(GuestAccess.java:704)
	at org.graalvm.nativeimage.builder/com.oracle.svm.hosted.ameta.FieldValueInterceptionSupport$WrappedFieldValueTransformer.transform(FieldValueInterceptionSupport.java:166)
	at org.graalvm.nativeimage.builder/com.oracle.svm.hosted.substitute.FieldValueTransformation.computeValue(FieldValueTransformation.java:115)
	at org.graalvm.nativeimage.builder/com.oracle.svm.hosted.substitute.FieldValueTransformation.readValue(FieldValueTransformation.java:102)
	at org.graalvm.nativeimage.builder/com.oracle.svm.hosted.ameta.FieldValueInterceptionSupport.readFieldValue(FieldValueInterceptionSupport.java:418)
	at org.graalvm.nativeimage.builder/com.oracle.svm.hosted.ameta.SVMHostedValueProvider.doReadValue(SVMHostedValueProvider.java:91)
	at org.graalvm.nativeimage.builder/com.oracle.svm.hosted.ameta.SVMHostedValueProvider.readFieldValue(SVMHostedValueProvider.java:71)
	at org.graalvm.nativeimage.pointsto/com.oracle.graal.pointsto.heap.ImageHeapScanner.readHostedFieldValue(ImageHeapScanner.java:708)
	at org.graalvm.nativeimage.pointsto/com.oracle.graal.pointsto.heap.ImageHeapScanner.lambda$createImageHeapInstance$0(ImageHeapScanner.java:428)
	at java.base/java.util.concurrent.Executors$RunnableAdapter.call(Executors.java:545)
	at java.base/java.util.concurrent.FutureTask.run(FutureTask.java:328)
	... 18 more
Caused by: java.lang.RuntimeException: java.lang.reflect.InvocationTargetException
	at jdk.graal.compiler.hostvmaccess/jdk.graal.compiler.hostvmaccess.HostVMResolvedJavaPackageImpl.getAnnotatedPackageInfo(HostVMResolvedJavaPackageImpl.java:121)
	at jdk.graal.compiler.hostvmaccess/jdk.graal.compiler.hostvmaccess.HostVMResolvedJavaPackageImpl.getDeclaredAnnotationInfo(HostVMResolvedJavaPackageImpl.java:109)
	at org.graalvm.nativeimage.base/com.oracle.svm.util.AnnotatedObjectAccess.getDeclaredAnnotationValuesFromRoot(AnnotatedObjectAccess.java:253)
	at org.graalvm.nativeimage.base/com.oracle.svm.util.AnnotatedObjectAccess.getAnnotationValues(AnnotatedObjectAccess.java:190)
	at org.graalvm.nativeimage.base/com.oracle.svm.util.AnnotatedObjectAccess.getAnnotationValue(AnnotatedObjectAccess.java:72)
	at org.graalvm.nativeimage.base/com.oracle.svm.util.GuestAnnotationAccess.getAnnotationValue(GuestAnnotationAccess.java:190)
	at org.graalvm.nativeimage.builder/com.oracle.svm.hosted.GuestTypes.isPlatformSupported0(GuestTypes.java:233)
	at org.graalvm.nativeimage.builder/com.oracle.svm.hosted.GuestTypes.isPlatformSupported(GuestTypes.java:210)
	at org.graalvm.nativeimage.builder/com.oracle.svm.hosted.ImageClassLoader.isPlatformSupported(ImageClassLoader.java:254)
	at org.graalvm.nativeimage.builder/com.oracle.svm.hosted.SVMHost.platformSupported(SVMHost.java:1004)
	at org.graalvm.nativeimage.pointsto/com.oracle.graal.pointsto.meta.AnalysisUniverse.createType(AnalysisUniverse.java:229)
	at org.graalvm.nativeimage.pointsto/com.oracle.graal.pointsto.meta.AnalysisUniverse.lookupAllowUnresolved(AnalysisUniverse.java:218)
	at org.graalvm.nativeimage.pointsto/com.oracle.graal.pointsto.meta.AnalysisUniverse.lookup(AnalysisUniverse.java:195)
	at org.graalvm.nativeimage.pointsto/com.oracle.graal.pointsto.meta.AnalysisMethod.<init>(AnalysisMethod.java:222)
	at org.graalvm.nativeimage.pointsto/com.oracle.graal.pointsto.meta.PointsToAnalysisMethod.<init>(PointsToAnalysisMethod.java:73)
	at org.graalvm.nativeimage.pointsto/com.oracle.graal.pointsto.meta.PointsToAnalysisFactory.createMethod(PointsToAnalysisFactory.java:35)
	at org.graalvm.nativeimage.pointsto/com.oracle.graal.pointsto.meta.AnalysisUniverse.createMethod(AnalysisUniverse.java:438)
	at org.graalvm.nativeimage.pointsto/com.oracle.graal.pointsto.meta.AnalysisUniverse.lookupAllowUnresolved(AnalysisUniverse.java:426)
	at org.graalvm.nativeimage.pointsto/com.oracle.graal.pointsto.meta.AnalysisUniverse.lookup(AnalysisUniverse.java:403)
	at org.graalvm.nativeimage.pointsto/com.oracle.graal.pointsto.meta.AnalysisUniverse.lookup(AnalysisUniverse.java:86)
	at org.graalvm.nativeimage.pointsto/com.oracle.graal.pointsto.infrastructure.UniverseMetaAccess.lookupJavaMethod(UniverseMetaAccess.java:98)
	at org.graalvm.nativeimage.pointsto/com.oracle.graal.pointsto.meta.AnalysisMetaAccess.lookupJavaMethod(AnalysisMetaAccess.java:101)
	at org.graalvm.nativeimage.builder/com.oracle.svm.hosted.reflect.ReflectionFeature.createAccessor(ReflectionFeature.java:230)
	at java.base/java.util.concurrent.ConcurrentHashMap.computeIfAbsent(ConcurrentHashMap.java:1724)
	at org.graalvm.nativeimage.builder/com.oracle.svm.hosted.reflect.ReflectionFeature.getOrCreateAccessor(ReflectionFeature.java:180)
	at org.graalvm.nativeimage.builder/com.oracle.svm.hosted.reflect.ReflectionFeature.getOrCreateAccessor(ReflectionFeature.java:166)
	at org.graalvm.nativeimage.builder/com.oracle.svm.core.reflect.target.ExecutableAccessorComputer.transform(ExecutableAccessorComputer.java:51)
	at java.base/jdk.internal.reflect.DirectMethodHandleAccessor.invoke(DirectMethodHandleAccessor.java:104)
	at java.base/java.lang.reflect.Method.invoke(Method.java:565)
	at jdk.graal.compiler.hostvmaccess/jdk.graal.compiler.hostvmaccess.HostVMAccess.invoke(HostVMAccess.java:196)
	... 29 more
Caused by: java.lang.reflect.InvocationTargetException
	at java.base/jdk.internal.reflect.DirectMethodHandleAccessor.invoke(DirectMethodHandleAccessor.java:116)
	at java.base/java.lang.reflect.Method.invoke(Method.java:565)
	at jdk.graal.compiler.hostvmaccess/jdk.graal.compiler.hostvmaccess.HostVMResolvedJavaPackageImpl.getAnnotatedPackageInfo(HostVMResolvedJavaPackageImpl.java:115)
	... 58 more
Caused by: java.lang.NullPointerException: Cannot invoke "java.io.InputStream.read(byte[], int, int)" because "in" is null
	at com.sun.xml.ws.policy.util.MethodUtil.readAllBytes(MethodUtil.java:165)
	at com.sun.xml.ws.policy.util.MethodUtil.findClass(MethodUtil.java:148)
	at java.base/java.lang.ClassLoader.findClass(ClassLoader.java:704)
	at java.base/java.lang.ClassLoader.loadClass(ClassLoader.java:602)
	at java.base/java.lang.Package.getPackageInfo(Package.java:420)
	at java.base/jdk.internal.reflect.DirectMethodHandleAccessor.invoke(DirectMethodHandleAccessor.java:104)
	... 60 more
------------------------------------------------------------------------------------------------------------------------
                       0.5s (4.5% of total time) in 24 GCs | Peak RSS: 962.37MiB | CPU load: 6.37
========================================================================================================================
Failed generating 'com.sun.xml.ws.policy_tests-tests' after 9.2s.

The build process encountered 3 warnings.

com.oracle.svm.driver.NativeImage$NativeImageError
	at org.graalvm.nativeimage.driver/com.oracle.svm.driver.NativeImage.showError(NativeImage.java:2525)
	at org.graalvm.nativeimage.driver/com.oracle.svm.driver.NativeImage.build(NativeImage.java:2088)
	at org.graalvm.nativeimage.driver/com.oracle.svm.driver.NativeImage.performBuild(NativeImage.java:2025)

	at org.graalvm.nativeimage.driver/com.oracle.svm.driver.NativeImage.main(NativeImage.java:2020)
FAILURE: 
> Task :nativeTestCompile FAILED
Build failed with an exception.

* What went wrong:
Execution failed for task ':nativeTestCompile'.
> Process 'command '/home/oracle/oracle/graal/sdk/mxbuild/linux-amd64/GRAALVM_NI_EE_JAVA25/graalvm-ni-ee-25.4.4.1.1-dev+1.1/bin/native-image'' finished with non-zero exit value 1

* Try:
> Run with --stacktrace option to get the stack trace.
> Run with --info or --debug option to get more log output.

> Run with --scan to generate a Build Scan (Powered by Develocity).
> Get more help at https://help.gradle.org.

BUILD FAILED in 16s
[Incubating] Problems report is available at: file:///home/oracle/oracle/metadata2/graalvm-reachability-metadata/forge/local_repositories/forge_worktrees/9942-e11b9e47/tests/src/com.sun.xml.ws/policy/4.0.5/build/reports/problems/problems-report.html

Deprecated Gradle features were used in this build, making it incompatible with Gradle 10.

You can use '--warning-mode all' to show the individual deprecation warnings and determine if they come from your own scripts or plugins.

For more on this, please refer to https://docs.gradle.org/9.1.0/userguide/command_line_interface.html#sec:command_line_warnings in the Gradle documentation.
17 actionable tasks: 2 executed, 15 up-to-date

FAILURE: Build failed with an exception.

* What went wrong:
Execution failed for task ':generateDynamicAccessReport'.
> Dynamic access listing failed for com.sun.xml.ws:policy:4.0.5 with exit code 1.

* Try:
> Run with --stacktrace option to get the stack trace.
> Run with --info or --debug option to get more log output.
> Run with --scan to generate a Build Scan (Powered by Develocity).
> Get more help at https://help.gradle.org.

BUILD FAILED in 19s

> Task :generateDynamicAccessReport FAILED

[Incubating] Problems report is available at: file:///home/oracle/oracle/metadata2/graalvm-reachability-metadata/forge/local_repositories/forge_worktrees/9942-e11b9e47/build/reports/problems/problems-report.html

Deprecated Gradle features were used in this build, making it incompatible with Gradle 10.

You can use '--warning-mode all' to show the individual deprecation warnings and determine if they come from your own scripts or plugins.

For more on this, please refer to https://docs.gradle.org/9.1.0/userguide/command_line_interface.html#sec:command_line_warnings in the Gradle documentation.
9 actionable tasks: 1 executed, 8 up-to-date
Dynamic access report generation failed for com.sun.xml.ws:policy:4.0.5 with exit code 1. Writing dynamicAccess as N/A.

> Task :generateDynamicAccessCoverageReport FAILED

[Incubating] Problems report is available at: file:///home/oracle/oracle/metadata2/graalvm-reachability-metadata/forge/local_repositories/forge_worktrees/9942-e11b9e47/build/reports/problems/problems-report.html

FAILURE: Build failed with an exception.

* What went wrong:
Execution failed for task ':generateDynamicAccessCoverageReport'.
> Dynamic-access input for com.sun.xml.ws:policy:4.0.5 was not produced: /home/oracle/oracle/metadata2/graalvm-reachability-metadata/forge/local_repositories/forge_worktrees/9942-e11b9e47/tests/src/com.sun.xml.ws/policy/4.0.5/build/native/nativeTestCompile/dynamic-access.
  The native test build must generate it before coverage can be reported; writing an empty report here would be indistinguishable from a library that has no dynamic access.

* Try:
> Run with --stacktrace option to get the stack trace.
> Run with --info or --debug option to get more log output.
> Run with --scan to generate a Build Scan (Powered by Develocity).
> Get more help at https://help.gradle.org.

Deprecated Gradle features were used in this build, making it incompatible with Gradle 10.

You can use '--warning-mode all' to show the individual deprecation warnings and determine if they come from your own scripts or plugins.

For more on this, please refer to https://docs.gradle.org/9.1.0/userguide/command_line_interface.html#sec:command_line_warnings in the Gradle documentation.

BUILD FAILED in 29s
9 actionable tasks: 1 executed, 8 up-to-date
