> Task :tck-build-logic:extractPluginRequests UP-TO-DATE
> Task :tck-build-logic:generatePluginAdapters UP-TO-DATE
> Task :tck-build-logic:compileJava UP-TO-DATE
> Task :tck-build-logic:compileGroovy UP-TO-DATE
> Task :tck-build-logic:compileGroovyPlugins UP-TO-DATE
> Task :tck-build-logic:pluginDescriptors UP-TO-DATE
> Task :tck-build-logic:processResources UP-TO-DATE
> Task :tck-build-logic:classes UP-TO-DATE
> Task :tck-build-logic:jar UP-TO-DATE

> Configure project :
GraalVM Reachability Metadata TCK
---------------------------------

> Task :populateArtifactURLs
All existing values verify and are non-blank, and the library is not language-specific, so `index.json` needs no change.

- **source-code-url:** the `-sources.jar` for 3.11.3 returns 200 on Maven Central.
- **documentation-url:** the `-javadoc.jar` for 3.11.3 returns 200 on Maven Central.
- **test-code-url:** the `3.11.3` tag exists in couchbase-jvm-clients, and `core-io/src/test` at that tag returns 200.
- **repository-url:** the canonical repository root, with no tag or branch in the path.
- **description:** already two sentences.
- **language:** left absent. core-io is a plain Java library, even though the Kotlin and Scala SDKs build on it.
Ran agent for com.couchbase.client:core-io:3.11.3 (exit 0). Log: /home/oracle/oracle/graalvm-reachability-metadata/forge/local_repositories/forge_worktrees/9736-2de9402b/build/agent-url-discovery-logs/com.couchbase.client-core-io-3.11.3.log
Completed populateArtifactURLs: invoked=1, prompted=0, skipped=0, overwriteExisting=false, verifyArtifactSources=false, limit=null

[Incubating] Problems report is available at: file:///home/oracle/oracle/graalvm-reachability-metadata/forge/local_repositories/forge_worktrees/9736-2de9402b/build/reports/problems/problems-report.html

Deprecated Gradle features were used in this build, making it incompatible with Gradle 10.

You can use '--warning-mode all' to show the individual deprecation warnings and determine if they come from your own scripts or plugins.

For more on this, please refer to https://docs.gradle.org/9.1.0/userguide/command_line_interface.html#sec:command_line_warnings in the Gradle documentation.

BUILD SUCCESSFUL in 17s
9 actionable tasks: 1 executed, 8 up-to-date
