> Task :tck-build-logic:extractPluginRequests UP-TO-DATE
> Task :tck-build-logic:generatePluginAdapters UP-TO-DATE
> Task :tck-build-logic:compileJava UP-TO-DATE
> Task :tck-build-logic:compileGroovy UP-TO-DATE
> Task :tck-build-logic:compileGroovyPlugins UP-TO-DATE
> Task :tck-build-logic:pluginDescriptors UP-TO-DATE
> Task :tck-build-logic:processResources UP-TO-DATE
> Task :tck-build-logic:classes UP-TO-DATE
> Task :tck-build-logic:jar UP-TO-DATE

> Configure project :
GraalVM Reachability Metadata TCK
---------------------------------

> Task :populateArtifactURLs
I changed one field in `index.json` for `io.smallrye.reactive:mutiny-zero` 1.3.1. The `documentation-url` is now `https://smallrye.io/smallrye-mutiny-zero/$version$/`.

The old value, `https://smallrye.io/smallrye-mutiny-zero/`, only redirects to `latest/`. The versioned page `https://smallrye.io/smallrye-mutiny-zero/1.3.1/` loads as the Mutiny Zero docs overview.

I left everything else as it was:
- **`source-code-url`:** The Maven sources jar for 1.3.1 returns HTTP 200.
- **`repository-url`:** I didn't fetch it, but it is the plain repository root with no tag or branch in the path.
- **`test-code-url`:** The `1.3.1` tag exists, and `mutiny-zero/src/test` at that tag contains `java` and `resources`. I could only check this through the GitHub API, because the sandbox can't reach github.com directly.
- **`description`:** It already has exactly two sentences.
- **`language`:** It stays absent. This is a plain Java library, not Kotlin, Groovy or Scala.

I didn't run any Gradle tasks or JSON validation. It was a one-line edit that keeps the existing formatting.
Ran agent for io.smallrye.reactive:mutiny-zero:1.3.1 (exit 0). Log: /home/oracle/oracle/graalvm-reachability-metadata/forge/local_repositories/forge_worktrees/10461-54644b1c/build/agent-url-discovery-logs/io.smallrye.reactive-mutiny-zero-1.3.1.log
Completed populateArtifactURLs: invoked=1, prompted=0, skipped=0, overwriteExisting=false, verifyArtifactSources=false, limit=null

[Incubating] Problems report is available at: file:///home/oracle/oracle/graalvm-reachability-metadata/forge/local_repositories/forge_worktrees/10461-54644b1c/build/reports/problems/problems-report.html

Deprecated Gradle features were used in this build, making it incompatible with Gradle 10.

You can use '--warning-mode all' to show the individual deprecation warnings and determine if they come from your own scripts or plugins.

For more on this, please refer to https://docs.gradle.org/9.1.0/userguide/command_line_interface.html#sec:command_line_warnings in the Gradle documentation.

BUILD SUCCESSFUL in 1m 51s
9 actionable tasks: 1 executed, 8 up-to-date
