Command: ./gradlew generateDynamicAccessCoverageReport -Pcoordinates=org.springframework:spring-aspects:6.0.0
Working directory: /home/oracle/oracle/graalvm-reachability-metadata/forge/local_repositories/forge_worktrees/9399-98de3fcc

--- output ---
> Task :tck-build-logic:extractPluginRequests UP-TO-DATE
> Task :tck-build-logic:generatePluginAdapters UP-TO-DATE
> Task :tck-build-logic:compileJava UP-TO-DATE
> Task :tck-build-logic:compileGroovy UP-TO-DATE
> Task :tck-build-logic:compileGroovyPlugins UP-TO-DATE
> Task :tck-build-logic:pluginDescriptors UP-TO-DATE
> Task :tck-build-logic:processResources UP-TO-DATE
> Task :tck-build-logic:classes UP-TO-DATE
> Task :tck-build-logic:jar UP-TO-DATE

> Configure project :
GraalVM Reachability Metadata TCK
---------------------------------

> Task :generateDynamicAccessCoverageReport
> Task :tck-build-logic:extractPluginRequests UP-TO-DATE
> Task :tck-build-logic:generatePluginAdapters UP-TO-DATE
> Task :tck-build-logic:compileJava UP-TO-DATE
> Task :tck-build-logic:compileGroovy UP-TO-DATE
> Task :tck-build-logic:compileGroovyPlugins UP-TO-DATE
> Task :tck-build-logic:pluginDescriptors UP-TO-DATE
> Task :tck-build-logic:processResources UP-TO-DATE
> Task :tck-build-logic:classes UP-TO-DATE
> Task :tck-build-logic:jar UP-TO-DATE

> Configure project :
GraalVM Reachability Metadata TCK
---------------------------------

> Task :jacocoCodeCoverageReport
Starting a Gradle Daemon, 2 busy and 26 stopped Daemons could not be reused, use --status for details
Shared read-only dependency cache is an incubating feature.
> Task :tck-build-logic:extractPluginRequests UP-TO-DATE
> Task :tck-build-logic:generatePluginAdapters UP-TO-DATE
> Task :tck-build-logic:compileJava UP-TO-DATE
> Task :tck-build-logic:compileGroovy UP-TO-DATE
> Task :tck-build-logic:compileGroovyPlugins UP-TO-DATE
> Task :tck-build-logic:pluginDescriptors UP-TO-DATE
> Task :tck-build-logic:processResources UP-TO-DATE
> Task :tck-build-logic:classes UP-TO-DATE
> Task :tck-build-logic:jar UP-TO-DATE
> Task :tck-test-support:compileJava UP-TO-DATE
> Task :checkTestTimeoutAnnotations
> Task :tck-test-support:processResources UP-TO-DATE
> Task :tck-test-support:classes UP-TO-DATE
> Task :compileCodeCoverageJava NO-SOURCE
> Task :tck-test-support:jar UP-TO-DATE
> Task :processCodeCoverageResources NO-SOURCE
> Task :codeCoverageClasses UP-TO-DATE
> Task :codeCoverageTest SKIPPED
> Task :compileJava NO-SOURCE
> Task :processResources NO-SOURCE
> Task :classes UP-TO-DATE
> Task :compileTestJava UP-TO-DATE
> Task :processTestResources UP-TO-DATE
> Task :testClasses UP-TO-DATE
> Task :test UP-TO-DATE
> Task :jacocoCodeCoverageReport

[Incubating] Problems report is available at: file:///home/oracle/oracle/graalvm-reachability-metadata/forge/local_repositories/forge_worktrees/9399-98de3fcc/tests/src/org.springframework/spring-aspects/5.3.31/build/reports/problems/problems-report.html

Deprecated Gradle features were used in this build, making it incompatible with Gradle 10.

You can use '--warning-mode all' to show the individual deprecation warnings and determine if they come from your own scripts or plugins.

For more on this, please refer to https://docs.gradle.org/9.1.0/userguide/command_line_interface.html#sec:command_line_warnings in the Gradle documentation.

BUILD SUCCESSFUL in 6s
16 actionable tasks: 2 executed, 14 up-to-date

[Incubating] Problems report is available at: file:///home/oracle/oracle/graalvm-reachability-metadata/forge/local_repositories/forge_worktrees/9399-98de3fcc/build/reports/problems/problems-report.html

Deprecated Gradle features were used in this build, making it incompatible with Gradle 10.

You can use '--warning-mode all' to show the individual deprecation warnings and determine if they come from your own scripts or plugins.

For more on this, please refer to https://docs.gradle.org/9.1.0/userguide/command_line_interface.html#sec:command_line_warnings in the Gradle documentation.

BUILD SUCCESSFUL in 7s
9 actionable tasks: 1 executed, 8 up-to-date
> Task :tck-build-logic:extractPluginRequests UP-TO-DATE
> Task :tck-build-logic:generatePluginAdapters UP-TO-DATE
> Task :tck-build-logic:compileJava UP-TO-DATE
> Task :tck-build-logic:compileGroovy UP-TO-DATE
> Task :tck-build-logic:compileGroovyPlugins UP-TO-DATE
> Task :tck-build-logic:pluginDescriptors UP-TO-DATE
> Task :tck-build-logic:processResources UP-TO-DATE
> Task :tck-build-logic:classes UP-TO-DATE
> Task :tck-build-logic:jar UP-TO-DATE

> Task :generateDynamicAccessReport
> Task :tck-build-logic:extractPluginRequests UP-TO-DATE
> Task :tck-build-logic:generatePluginAdapters UP-TO-DATE
> Task :tck-build-logic:compileJava UP-TO-DATE
> Task :tck-build-logic:compileGroovy UP-TO-DATE
> Task :tck-build-logic:compileGroovyPlugins UP-TO-DATE
> Task :tck-build-logic:pluginDescriptors UP-TO-DATE
> Task :tck-build-logic:processResources UP-TO-DATE
> Task :tck-build-logic:classes UP-TO-DATE
> Task :tck-build-logic:jar UP-TO-DATE
> Task :compileJava NO-SOURCE
> Task :processResources NO-SOURCE
> Task :classes UP-TO-DATE
> Task :tck-test-support:compileJava UP-TO-DATE
> Task :tck-test-support:processResources UP-TO-DATE
> Task :jar UP-TO-DATE
> Task :tck-test-support:classes UP-TO-DATE
> Task :tck-test-support:jar UP-TO-DATE
> Task :compileTestJava UP-TO-DATE
> Task :checkTestTimeoutAnnotations
> Task :processTestResources UP-TO-DATE
> Task :testClasses UP-TO-DATE
> Task :test UP-TO-DATE
> Task :generateTestResourcesConfigFile UP-TO-DATE

> Task :nativeTestCompile
[native-image-plugin] GraalVM Toolchain detection is disabled
[native-image-plugin] GraalVM location read from environment variable: GRAALVM_HOME
[native-image-plugin] Native Image executable path: /home/oracle/.local/graalvm/graalvm-25.4.4.1.1-dev+1.1/lib/svm/bin/native-image
Apply jar:file:///tmp/metadata-forge-gradle/dc7946488e7e4c64/ro-dep-cache/modules-2/files-2.1/org.springframework/spring-core/6.0.0/b374a930c61b606e2e73503cc107501e1e967a2b/spring-core-6.0.0.jar!/META-INF/native-image/org.springframework/spring-core/native-image.properties
Apply file:///home/oracle/oracle/graalvm-reachability-metadata/forge/local_repositories/forge_worktrees/9399-98de3fcc/tests/src/org.springframework/spring-aspects/5.3.31/build/resources/test/META-INF/native-image/reachability-metadata.json
Warning: Using a deprecated option --no-fallback from command line. No effect, no replacement available
Warning: The option '-H:TrackDynamicAccess=path=/tmp/metadata-forge-gradle/dc7946488e7e4c64/ro-dep-cache/modules-2/files-2.1/org.springframework/spring-aspects/6.0.0/632714d11afc67f0b4b53511f203c778e0df21db/spring-aspects-6.0.0.jar' is experimental and must be enabled via '-H:+UnlockExperimentalVMOptions' in the future.
Warning: The option '-H:Preserve=path=/tmp/metadata-forge-gradle/dc7946488e7e4c64/ro-dep-cache/modules-2/files-2.1/org.springframework/spring-aspects/6.0.0/632714d11afc67f0b4b53511f203c778e0df21db/spring-aspects-6.0.0.jar' is experimental and must be enabled via '-H:+UnlockExperimentalVMOptions' in the future.
Warning: Please re-evaluate whether any experimental option is required, and either remove or unlock it. The build output lists all active experimental options, including where they come from and possible alternatives. If you think an experimental option should be considered as stable, please file an issue.
Apply jar:file:///home/oracle/.local/graalvm/graalvm-25.4.4.1.1-dev+1.1/lib/svm/svm-guest.jar!/META-INF/native-image/org.graalvm.nativeimage.guest/native-image.properties
Apply jar:file:///home/oracle/.local/graalvm/graalvm-25.4.4.1.1-dev+1.1/lib/svm/svm-guest.jar!/META-INF/native-image/org.graalvm.nativeimage.guest/reachability-metadata.json
Apply jar:file:///home/oracle/.local/graalvm/graalvm-25.4.4.1.1-dev+1.1/lib/svm/library-support.jar!/META-INF/native-image/com.oracle.svm/polyglot/native-image.properties
Executing [
DRIVER_TEMP_DIR_ENV_VARIABLE=/tmp/driverRoot-11425331826118803334 \
HOME=/home/oracle \
LANG=en_US.UTF-8 \
LC_ADDRESS=sr_RS \
LC_IDENTIFICATION=sr_RS \
LC_MEASUREMENT=sr_RS \
LC_MONETARY=sr_RS \
LC_NAME=sr_RS \
LC_NUMERIC=sr_RS \
LC_PAPER=sr_RS \
LC_TELEPHONE=sr_RS \
LC_TIME=sr_RS \
PATH=/home/oracle/.local/graalvm/graalvm-25.4.4.1.1-dev+1.1/bin:/home/oracle/.cargo/bin:/home/oracle/.local/bin:/home/oracle/.local/share/pi-node/node-v22.23.2-linux-x64/bin:/home/oracle/.local/bin:/usr/local/sbin:/usr/local/bin:/usr/sbin:/usr/bin:/sbin:/bin:/usr/games:/usr/local/games:/snap/bin:/snap/bin:/home/oracle/oracle/mx \
PWD=/home/oracle/oracle/graalvm-reachability-metadata/forge/local_repositories/forge_worktrees/9399-98de3fcc/tests/src/org.springframework/spring-aspects/5.3.31 \
/home/oracle/.local/graalvm/graalvm-25.4.4.1.1-dev+1.1/bin/java \
-XX:+UnlockExperimentalVMOptions \
-XX:+EnableJVMCI \
-Dgraalvm.locatorDisabled=true \
-Dtruffle.TruffleRuntime=com.oracle.truffle.api.impl.DefaultTruffleRuntime \
-Dgraalvm.ForcePolyglotInvalid=true \
-Dsubstratevm.HostLibC=glibc \
--add-exports=java.base/com.sun.crypto.provider=org.graalvm.nativeimage.builder \
--add-exports=java.base/jdk.internal.access=jdk.graal.compiler.hostvmaccess,org.graalvm.nativeimage.builder \
--add-exports=java.base/jdk.internal.event=org.graalvm.nativeimage.builder \
--add-exports=java.base/jdk.internal.foreign=org.graalvm.nativeimage.builder \
--add-exports=java.base/jdk.internal.loader=jdk.graal.compiler.hostvmaccess,org.graalvm.nativeimage.base,org.graalvm.nativeimage.builder \
--add-exports=java.base/jdk.internal.logger=org.graalvm.nativeimage.builder \
--add-exports=java.base/jdk.internal.misc=com.oracle.graal.graal_enterprise,com.oracle.svm.svm_enterprise,jdk.graal.compiler,jdk.graal.compiler.hostvmaccess,org.graalvm.nativeimage.builder,org.graalvm.nativeimage.guest.staging,org.graalvm.nativeimage.objectfile,org.graalvm.nativeimage.pointsto \
--add-exports=java.base/jdk.internal.module=jdk.graal.compiler.hostvmaccess,jdk.graal.compiler.vmaccess,org.graalvm.nativeimage.base,org.graalvm.nativeimage.builder,org.graalvm.nativeimage.shared \
--add-exports=java.base/jdk.internal.perf=org.graalvm.nativeimage.builder \
--add-exports=java.base/jdk.internal.platform=org.graalvm.nativeimage.builder \
--add-exports=java.base/jdk.internal.ref=org.graalvm.nativeimage.builder,org.graalvm.nativeimage.objectfile \
--add-exports=java.base/jdk.internal.reflect=org.graalvm.nativeimage.builder \
--add-exports=java.base/jdk.internal.util=com.oracle.svm.svm_enterprise,org.graalvm.nativeimage.builder \
--add-exports=java.base/jdk.internal.vm.annotation=org.graalvm.nativeimage.builder \
--add-exports=java.base/jdk.internal.vm=org.graalvm.nativeimage.builder \
--add-exports=java.base/jdk.internal=org.graalvm.nativeimage.builder \
--add-exports=java.base/sun.invoke.util=org.graalvm.nativeimage.builder \
--add-exports=java.base/sun.net.www.protocol.file=org.graalvm.nativeimage.builder \
--add-exports=java.base/sun.net.www.protocol.ftp=org.graalvm.nativeimage.builder \
--add-exports=java.base/sun.net.www.protocol.http=org.graalvm.nativeimage.builder \
--add-exports=java.base/sun.net.www.protocol.https=org.graalvm.nativeimage.builder \
--add-exports=java.base/sun.net.www.protocol.jar=org.graalvm.nativeimage.builder \
--add-exports=java.base/sun.net.www.protocol.jmod=org.graalvm.nativeimage.builder \
--add-exports=java.base/sun.net.www.protocol.jrt=org.graalvm.nativeimage.builder \
--add-exports=java.base/sun.net.www.protocol.mailto=org.graalvm.nativeimage.builder \
--add-exports=java.base/sun.net.www=org.graalvm.nativeimage.builder \
--add-exports=java.base/sun.net=org.graalvm.nativeimage.builder \
--add-exports=java.base/sun.nio.ch=org.graalvm.nativeimage.builder,org.graalvm.nativeimage.objectfile \
--add-exports=java.base/sun.reflect.annotation=jdk.graal.compiler.vmaccess,org.graalvm.nativeimage.builder \
--add-exports=java.base/sun.reflect.generics.factory=org.graalvm.nativeimage.builder \
--add-exports=java.base/sun.reflect.generics.reflectiveObjects=org.graalvm.nativeimage.builder \
--add-exports=java.base/sun.reflect.generics.repository=org.graalvm.nativeimage.builder \
--add-exports=java.base/sun.reflect.generics.scope=org.graalvm.nativeimage.builder \
--add-exports=java.base/sun.reflect.generics.tree=org.graalvm.nativeimage.builder \
--add-exports=java.base/sun.security.jca=org.graalvm.nativeimage.builder \
--add-exports=java.base/sun.security.provider=org.graalvm.nativeimage.builder \
--add-exports=java.base/sun.security.rsa=org.graalvm.nativeimage.builder \
--add-exports=java.base/sun.security.ssl=org.graalvm.nativeimage.builder \
--add-exports=java.base/sun.security.util=org.graalvm.nativeimage.builder \
--add-exports=java.base/sun.security.x509=org.graalvm.nativeimage.builder \
--add-exports=java.base/sun.text.spi=org.graalvm.nativeimage.builder \
--add-exports=java.base/sun.util.calendar=org.graalvm.nativeimage.builder \
--add-exports=java.base/sun.util.cldr=org.graalvm.nativeimage.builder \
--add-exports=java.base/sun.util.locale.provider=org.graalvm.nativeimage.builder \
--add-exports=java.base/sun.util.locale=org.graalvm.nativeimage.builder \
--add-exports=java.base/sun.util.resources=org.graalvm.nativeimage.builder \
--add-exports=java.base/sun.util.spi=org.graalvm.nativeimage.builder \
--add-exports=java.base/sun.util=org.graalvm.nativeimage.builder \
--add-exports=java.management/com.sun.jmx.mbeanserver=org.graalvm.nativeimage.builder \
--add-exports=java.management/sun.management=org.graalvm.nativeimage.builder,org.graalvm.nativeimage.pointsto \
--add-exports=jdk.graal.compiler/jdk.graal.compiler.annotation=jdk.graal.compiler.hostvmaccess,jdk.graal.compiler.vmaccess \
--add-exports=jdk.graal.compiler/jdk.graal.compiler.api.replacements=jdk.graal.compiler.hostvmaccess \
--add-exports=jdk.graal.compiler/jdk.graal.compiler.api.runtime=jdk.graal.compiler.hostvmaccess \
--add-exports=jdk.graal.compiler/jdk.graal.compiler.core.target=jdk.graal.compiler.hostvmaccess \
--add-exports=jdk.graal.compiler/jdk.graal.compiler.phases.util=jdk.graal.compiler.hostvmaccess,jdk.graal.compiler.vmaccess \
--add-exports=jdk.graal.compiler/jdk.graal.compiler.runtime=jdk.graal.compiler.hostvmaccess \
--add-exports=jdk.graal.compiler/jdk.graal.compiler.util.json=com.oracle.graal.reporter \
--add-exports=jdk.internal.vm.ci/jdk.vm.ci.aarch64=com.oracle.graal.graal_enterprise,com.oracle.svm.svm_enterprise,jdk.graal.compiler,org.graalvm.nativeimage.builder,org.graalvm.nativeimage.objectfile \
--add-exports=jdk.internal.vm.ci/jdk.vm.ci.amd64=com.oracle.graal.graal_enterprise,com.oracle.svm.svm_enterprise,jdk.graal.compiler,org.graalvm.nativeimage.builder,org.graalvm.nativeimage.objectfile \
--add-exports=jdk.internal.vm.ci/jdk.vm.ci.code.site=com.oracle.svm.svm_enterprise,jdk.graal.compiler,org.graalvm.nativeimage.builder \
--add-exports=jdk.internal.vm.ci/jdk.vm.ci.code.stack=jdk.graal.compiler,org.graalvm.nativeimage.builder \
--add-exports=jdk.internal.vm.ci/jdk.vm.ci.code=com.oracle.graal.graal_enterprise,com.oracle.svm.svm_enterprise,jdk.graal.compiler,jdk.graal.compiler.hostvmaccess,jdk.graal.compiler.vmaccess,org.graalvm.nativeimage.base,org.graalvm.nativeimage.builder,org.graalvm.nativeimage.objectfile,org.graalvm.nativeimage.pointsto,org.graalvm.truffle.compiler \
--add-exports=jdk.internal.vm.ci/jdk.vm.ci.common=com.oracle.graal.graal_enterprise,com.oracle.svm.svm_enterprise,jdk.graal.compiler,org.graalvm.nativeimage.builder,org.graalvm.nativeimage.pointsto \
--add-exports=jdk.internal.vm.ci/jdk.vm.ci.hotspot.aarch64=jdk.graal.compiler \
--add-exports=jdk.internal.vm.ci/jdk.vm.ci.hotspot.amd64=jdk.graal.compiler \
--add-exports=jdk.internal.vm.ci/jdk.vm.ci.hotspot.riscv64=jdk.graal.compiler \
--add-exports=jdk.internal.vm.ci/jdk.vm.ci.hotspot=com.oracle.graal.graal_enterprise,jdk.graal.compiler,org.graalvm.nativeimage.builder \
--add-exports=jdk.internal.vm.ci/jdk.vm.ci.meta.annotation=com.oracle.graal.graal_enterprise,com.oracle.svm.svm_enterprise,jdk.graal.compiler,jdk.graal.compiler.hostvmaccess,jdk.graal.compiler.vmaccess,org.graalvm.nativeimage.base,org.graalvm.nativeimage.builder,org.graalvm.nativeimage.configure,org.graalvm.nativeimage.guest.staging,org.graalvm.nativeimage.objectfile,org.graalvm.nativeimage.pointsto \
--add-exports=jdk.internal.vm.ci/jdk.vm.ci.meta=com.oracle.graal.graal_enterprise,com.oracle.svm.svm_enterprise,jdk.graal.compiler,jdk.graal.compiler.hostvmaccess,jdk.graal.compiler.vmaccess,org.graalvm.nativeimage.base,org.graalvm.nativeimage.builder,org.graalvm.nativeimage.configure,org.graalvm.nativeimage.guest.staging,org.graalvm.nativeimage.objectfile,org.graalvm.nativeimage.pointsto,org.graalvm.truffle.compiler \
--add-exports=jdk.internal.vm.ci/jdk.vm.ci.riscv64=com.oracle.svm.svm_enterprise,jdk.graal.compiler,org.graalvm.nativeimage.builder \
--add-exports=jdk.internal.vm.ci/jdk.vm.ci.runtime=com.oracle.graal.graal_enterprise,jdk.graal.compiler,jdk.graal.compiler.hostvmaccess,org.graalvm.nativeimage.base,org.graalvm.nativeimage.builder,org.graalvm.nativeimage.pointsto \
--add-exports=jdk.internal.vm.ci/jdk.vm.ci.services=com.oracle.graal.graal_enterprise,com.oracle.svm.svm_enterprise,jdk.graal.compiler,org.graalvm.nativeimage.builder \
--add-exports=jdk.jfr/jdk.jfr.events=org.graalvm.nativeimage.builder \
--add-exports=jdk.jfr/jdk.jfr.internal.event=org.graalvm.nativeimage.builder \
--add-exports=jdk.jfr/jdk.jfr.internal.jfc=com.oracle.svm.svm_enterprise,org.graalvm.nativeimage.builder \
--add-exports=jdk.jfr/jdk.jfr.internal.settings=org.graalvm.nativeimage.builder \
--add-exports=jdk.jfr/jdk.jfr.internal.tracing=org.graalvm.nativeimage.builder \
--add-exports=jdk.jfr/jdk.jfr.internal=com.oracle.svm.svm_enterprise,org.graalvm.nativeimage.builder \
--add-exports=jdk.management/com.sun.management.internal=org.graalvm.nativeimage.builder \
-XX:+UseJVMCINativeLibrary \
-XX:MaxRAMPercentage=74.0859972847344 \
'-Dsvm.build.memoryUsageReasonText=23.09GiB of memory (74.1% of system memory, using all available memory)' \
-Xss10m \
-XX:+UseParallelGC \
-XX:GCTimeRatio=9 \
-XX:+ExitOnOutOfMemoryError \
-XX:+UseCompressedOops \
-Djava.awt.headless=true \
'-Dorg.graalvm.vendor=Oracle Corporation' \
-Dorg.graalvm.vendorurl=https://www.graalvm.org/ \
'-Dorg.graalvm.vendorversion=Oracle GraalVM 25.4.4.1.1-dev+1.1' \
-Dorg.graalvm.version=25.4.4.1.1-dev \
-Dcom.oracle.graalvm.isaot=true \
-Djava.system.class.loader=com.oracle.svm.hosted.NativeImageSystemClassLoader \
-Djava.util.concurrent.ForkJoinPool.common.exceptionHandler=com.oracle.svm.hosted.CommonPoolUncaughtExceptionHandler \
'-Djava.util.concurrent.ForkJoinPool.common.threadFactory=com.oracle.svm.hosted.NativeImageSystemClassLoader$NativeImageForkJoinWorkerThreadFactory' \
-Dorg.graalvm.nativeimage.imagecode=buildtime \
-Xshare:off \
-Djdk.internal.lambda.disableEagerInitialization=true \
-Djdk.internal.lambda.eagerlyInitialize=false \
-Djava.lang.invoke.InnerClassLambdaMetafactory.initializeLambdas=false \
-Djava.lang.invoke.MethodHandle.DONT_INLINE_THRESHOLD=-1 \
-Djava.lang.invoke.MethodHandle.PROFILE_GWT=false \
-Djunit.platform.listeners.uid.tracking.output.dir=/home/oracle/oracle/graalvm-reachability-metadata/forge/local_repositories/forge_worktrees/9399-98de3fcc/tests/src/org.springframework/spring-aspects/5.3.31/build/test-results/test/testlist \
-Dcom.oracle.svm.provided=/home/oracle/.local/graalvm/graalvm-25.4.4.1.1-dev+1.1/lib/svm/svm-shared.jar:/home/oracle/.local/graalvm/graalvm-25.4.4.1.1-dev+1.1/lib/svm/svm-guest.jar:/home/oracle/.local/graalvm/graalvm-25.4.4.1.1-dev+1.1/lib/svm/library-support.jar:/home/oracle/.local/graalvm/graalvm-25.4.4.1.1-dev+1.1/lib/svm/svm-guest-staging.jar:/home/oracle/.local/graalvm/graalvm-25.4.4.1.1-dev+1.1/lib/svm/vmaccess-guest.jar \
--add-modules=ALL-DEFAULT \
--enable-native-access=org.graalvm.espresso.shared.svm,com.oracle.graal.reporter,org.graalvm.nativeimage.shared,org.graalvm.nativeimage.configure,org.graalvm.nativeimage.pointsto,org.graalvm.nativeimage.objectfile,org.graalvm.nativeimage.guest.staging,jdk.graal.compiler.hostvmaccess,org.graalvm.nativeimage.shaded.capnproto,com.oracle.svm.svm_enterprise,org.graalvm.nativeimage.builder,jdk.graal.compiler.vmaccess,org.graalvm.nativeimage.foreign,jdk.graal.compiler.vmaccess.guest,org.graalvm.nativeimage.base \
--module-path \
/home/oracle/.local/graalvm/graalvm-25.4.4.1.1-dev+1.1/lib/svm/builder/pointsto.jar:/home/oracle/.local/graalvm/graalvm-25.4.4.1.1-dev+1.1/lib/svm/builder/svm-shared.jar:/home/oracle/.local/graalvm/graalvm-25.4.4.1.1-dev+1.1/lib/svm/builder/hostvmaccess.jar:/home/oracle/.local/graalvm/graalvm-25.4.4.1.1-dev+1.1/lib/svm/builder/vmaccess.jar:/home/oracle/.local/graalvm/graalvm-25.4.4.1.1-dev+1.1/lib/svm/builder/svm-foreign.jar:/home/oracle/.local/graalvm/graalvm-25.4.4.1.1-dev+1.1/lib/svm/builder/native-image-base.jar:/home/oracle/.local/graalvm/graalvm-25.4.4.1.1-dev+1.1/lib/svm/builder/reporter.jar:/home/oracle/.local/graalvm/graalvm-25.4.4.1.1-dev+1.1/lib/svm/builder/svm-configure.jar:/home/oracle/.local/graalvm/graalvm-25.4.4.1.1-dev+1.1/lib/svm/builder/svm-capnproto-runtime.jar:/home/oracle/.local/graalvm/graalvm-25.4.4.1.1-dev+1.1/lib/svm/builder/espresso-svm.jar:/home/oracle/.local/graalvm/graalvm-25.4.4.1.1-dev+1.1/lib/svm/builder/svm.jar:/home/oracle/.local/graalvm/graalvm-25.4.4.1.1-dev+1.1/lib/svm/builder/svm-guest-staging.jar:/home/oracle/.local/graalvm/graalvm-25.4.4.1.1-dev+1.1/lib/svm/builder/vmaccess-guest.jar:/home/oracle/.local/graalvm/graalvm-25.4.4.1.1-dev+1.1/lib/svm/builder/svm-enterprise.jar:/home/oracle/.local/graalvm/graalvm-25.4.4.1.1-dev+1.1/lib/svm/builder/objectfile.jar \
--module \
org.graalvm.nativeimage.builder/com.oracle.svm.hosted.NativeImageGeneratorRunner \
-keepalive \
/proc/3117858/comm \
-imagecp \
/home/oracle/oracle/graalvm-reachability-metadata/forge/local_repositories/forge_worktrees/9399-98de3fcc/tests/src/org.springframework/spring-aspects/5.3.31/build/libs/org.springframework.spring-aspects_tests.jar:/tmp/metadata-forge-gradle/dc7946488e7e4c64/ro-dep-cache/modules-2/files-2.1/org.graalvm.buildtools/junit-platform-native/1.0.0/2974f834a2f0a0105f2284fba7ef16dc4d60de56/junit-platform-native-1.0.0.jar:/tmp/metadata-forge-gradle/dc7946488e7e4c64/ro-dep-cache/modules-2/files-2.1/org.junit.jupiter/junit-jupiter/5.9.2/26c586fbe0ebd81b48c9f11f0d998124248697ae/junit-jupiter-5.9.2.jar:/tmp/metadata-forge-gradle/dc7946488e7e4c64/ro-dep-cache/modules-2/files-2.1/org.junit.platform/junit-platform-reporting/1.9.2/8bea292e2a546e4c21071f6bee60917ffd9f0101/junit-platform-reporting-1.9.2.jar:/tmp/metadata-forge-gradle/dc7946488e7e4c64/ro-dep-cache/modules-2/files-2.1/org.junit.platform/junit-platform-launcher/1.9.2/38e0bfad8c57d4cd1a8f27926c25ffe9543068d6/junit-platform-launcher-1.9.2.jar:/tmp/metadata-forge-gradle/dc7946488e7e4c64/ro-dep-cache/modules-2/files-2.1/org.junit.vintage/junit-vintage-engine/5.9.2/53421816bde124a564a64ba005dcc0c8e66a9722/junit-vintage-engine-5.9.2.jar:/tmp/metadata-forge-gradle/dc7946488e7e4c64/ro-dep-cache/modules-2/files-2.1/org.junit.jupiter/junit-jupiter-params/5.9.2/bc2765afb7b85b583c710dd259a11c6b8c39e912/junit-jupiter-params-5.9.2.jar:/tmp/metadata-forge-gradle/dc7946488e7e4c64/ro-dep-cache/modules-2/files-2.1/org.junit.jupiter/junit-jupiter-engine/5.9.2/572f7a553b53f83ee59cc045ce1c3772864ab76c/junit-jupiter-engine-5.9.2.jar:/tmp/metadata-forge-gradle/dc7946488e7e4c64/ro-dep-cache/modules-2/files-2.1/org.junit.jupiter/junit-jupiter-api/5.9.2/fed843581520eac594bc36bb4b0f55e7b947dda9/junit-jupiter-api-5.9.2.jar:/tmp/metadata-forge-gradle/dc7946488e7e4c64/ro-dep-cache/modules-2/files-2.1/org.junit.platform/junit-platform-engine/1.9.2/40aeef2be7b04f96bb91e8b054affc28b7c7c935/junit-platform-engine-1.9.2.jar:/tmp/metadata-forge-gradle/dc7946488e7e4c64/ro-dep-cache/modules-2/files-2.1/org.junit.platform/junit-platform-commons/1.9.2/6f9f8621d8230cd38aa42e58ccbc0c00569131ce/junit-platform-commons-1.9.2.jar:/tmp/metadata-forge-gradle/dc7946488e7e4c64/ro-dep-cache/modules-2/files-2.1/org.junit.platform/junit-platform-console/1.9.2/5548148dd55e820c42bd817ab93c1eaa05ce37f6/junit-platform-console-1.9.2.jar:/home/oracle/oracle/graalvm-reachability-metadata/forge/local_repositories/forge_worktrees/9399-98de3fcc/tests/tck-test-support/build/libs/tck-test-support-1.0.0-SNAPSHOT.jar:/tmp/metadata-forge-gradle/dc7946488e7e4c64/ro-dep-cache/modules-2/files-2.1/org.springframework/spring-aspects/6.0.0/632714d11afc67f0b4b53511f203c778e0df21db/spring-aspects-6.0.0.jar:/tmp/metadata-forge-gradle/dc7946488e7e4c64/ro-dep-cache/modules-2/files-2.1/org.springframework/spring-context/6.0.0/fadcb7cec5d3f68c01bb2607d2d88b4b1606106/spring-context-6.0.0.jar:/tmp/metadata-forge-gradle/dc7946488e7e4c64/ro-dep-cache/modules-2/files-2.1/org.springframework/spring-tx/6.0.0/759573b65e86c7111206388a1fb13997fdeec8af/spring-tx-6.0.0.jar:/tmp/metadata-forge-gradle/dc7946488e7e4c64/ro-dep-cache/modules-2/files-2.1/org.assertj/assertj-core/3.22.0/c300c0c6a24559f35fa0bd3a5472dc1edcd0111e/assertj-core-3.22.0.jar:/tmp/metadata-forge-gradle/dc7946488e7e4c64/ro-dep-cache/modules-2/files-2.1/org.aspectj/aspectjweaver/1.9.9.1/dcd2703279a94ad909fa3f3d08671cb0f2dabf7/aspectjweaver-1.9.9.1.jar:/tmp/metadata-forge-gradle/dc7946488e7e4c64/ro-dep-cache/modules-2/files-2.1/org.springframework/spring-aop/6.0.0/d7a33ecc6f7b77b22a0bdb11f336ca8d23412fb3/spring-aop-6.0.0.jar:/tmp/metadata-forge-gradle/dc7946488e7e4c64/ro-dep-cache/modules-2/files-2.1/org.springframework/spring-beans/6.0.0/88cb443c4ef133f0114edc94f1ab93f5a647a481/spring-beans-6.0.0.jar:/tmp/metadata-forge-gradle/dc7946488e7e4c64/ro-dep-cache/modules-2/files-2.1/org.springframework/spring-expression/6.0.0/1df27458e55c78d5a987c89d5d021a4486de69fa/spring-expression-6.0.0.jar:/tmp/metadata-forge-gradle/dc7946488e7e4c64/ro-dep-cache/modules-2/files-2.1/org.springframework/spring-core/6.0.0/b374a930c61b606e2e73503cc107501e1e967a2b/spring-core-6.0.0.jar:/tmp/metadata-forge-gradle/dc7946488e7e4c64/ro-dep-cache/modules-2/files-2.1/junit/junit/4.13.2/8ac9e16d933b6fb43bc7f576336b8f4d7eb5ba12/junit-4.13.2.jar:/tmp/metadata-forge-gradle/dc7946488e7e4c64/ro-dep-cache/modules-2/files-2.1/org.springframework/spring-jcl/6.0.0/7433b466690805ebea45df97dba7c5a1f81c9e7e/spring-jcl-6.0.0.jar:/tmp/metadata-forge-gradle/dc7946488e7e4c64/ro-dep-cache/modules-2/files-2.1/org.opentest4j/opentest4j/1.2.0/28c11eb91f9b6d8e200631d46e20a7f407f2a046/opentest4j-1.2.0.jar:/tmp/metadata-forge-gradle/dc7946488e7e4c64/ro-dep-cache/modules-2/files-2.1/org.hamcrest/hamcrest-core/1.3/42a25dc3219429f0e5d060061f71acb49bf010a0/hamcrest-core-1.3.jar:/home/oracle/oracle/graalvm-reachability-metadata/forge/local_repositories/forge_worktrees/9399-98de3fcc/tests/src/org.springframework/spring-aspects/5.3.31/build/classes/java/test:/home/oracle/oracle/graalvm-reachability-metadata/forge/local_repositories/forge_worktrees/9399-98de3fcc/tests/src/org.springframework/spring-aspects/5.3.31/build/resources/test:/home/oracle/oracle/graalvm-reachability-metadata/forge/local_repositories/forge_worktrees/9399-98de3fcc/tests/src/org.springframework/spring-aspects/5.3.31/build/test-results/test/testlist \
-imagemp \
/home/oracle/.local/graalvm/graalvm-25.4.4.1.1-dev+1.1/lib/svm/library-support.jar:/home/oracle/.local/graalvm/graalvm-25.4.4.1.1-dev+1.1/lib/svm/svm-guest.jar \
-H:CLibraryPath=/home/oracle/.local/graalvm/graalvm-25.4.4.1.1-dev+1.1/lib/svm/clibraries/linux-amd64/glibc,/home/oracle/.local/graalvm/graalvm-25.4.4.1.1-dev+1.1/lib/svm/clibraries/linux-amd64,/home/oracle/.local/graalvm/graalvm-25.4.4.1.1-dev+1.1/lib/svm/clibraries \
-H:Path@driver=/home/oracle/oracle/graalvm-reachability-metadata/forge/local_repositories/forge_worktrees/9399-98de3fcc/tests/src/org.springframework/spring-aspects/5.3.31/build/native/nativeTestCompile \
'-H:ClassInitialization@jar:file:///tmp/metadata-forge-gradle/dc7946488e7e4c64/ro-dep-cache/modules-2/files-2.1/org.springframework/spring-core/6.0.0/b374a930c61b606e2e73503cc107501e1e967a2b/spring-core-6.0.0.jar!/META-INF/native-image/org.springframework/spring-core/native-image.properties+api=org.springframework.aot.nativex.feature.ThrowawayClassLoader:build_time' \
'-H:Features@jar:file:///tmp/metadata-forge-gradle/dc7946488e7e4c64/ro-dep-cache/modules-2/files-2.1/org.springframework/spring-core/6.0.0/b374a930c61b606e2e73503cc107501e1e967a2b/spring-core-6.0.0.jar!/META-INF/native-image/org.springframework/spring-core/native-image.properties+api=org.springframework.aot.nativex.feature.PreComputeFieldFeature' \
-H:ReachabilityMetadataResources@file:///home/oracle/oracle/graalvm-reachability-metadata/forge/local_repositories/forge_worktrees/9399-98de3fcc/tests/src/org.springframework/spring-aspects/5.3.31/build/resources/test/META-INF/native-image/reachability-metadata.json+api=META-INF/native-image/reachability-metadata.json \
-H:FallbackThreshold@user+api=0 \
-H:Name@user+api=org.springframework.spring-aspects_tests-tests \
-H:ConfigurationFileDirectories@user=/home/oracle/oracle/graalvm-reachability-metadata/forge/local_repositories/forge_worktrees/9399-98de3fcc/tests/src/org.springframework/spring-aspects/5.3.31/build/native/generated/generateTestResourcesConfigFile,/home/oracle/oracle/graalvm-reachability-metadata/forge/local_repositories/forge_worktrees/9399-98de3fcc/metadata/org.junit.jupiter/junit-jupiter-api/5.8.2,/home/oracle/oracle/graalvm-reachability-metadata/forge/local_repositories/forge_worktrees/9399-98de3fcc/metadata/org.opentest4j/opentest4j/1.2.0,/home/oracle/oracle/graalvm-reachability-metadata/forge/local_repositories/forge_worktrees/9399-98de3fcc/metadata/org.junit.platform/junit-platform-commons/1.8.2,/home/oracle/oracle/graalvm-reachability-metadata/forge/local_repositories/forge_worktrees/9399-98de3fcc/metadata/org.junit.jupiter/junit-jupiter-params/5.9.2,/home/oracle/oracle/graalvm-reachability-metadata/forge/local_repositories/forge_worktrees/9399-98de3fcc/metadata/org.junit.jupiter/junit-jupiter-engine/5.8.2,/home/oracle/oracle/graalvm-reachability-metadata/forge/local_repositories/forge_worktrees/9399-98de3fcc/metadata/org.junit.platform/junit-platform-engine/1.11.1,/home/oracle/oracle/graalvm-reachability-metadata/forge/local_repositories/forge_worktrees/9399-98de3fcc/metadata/org.junit.platform/junit-platform-launcher/1.9.2,/home/oracle/oracle/graalvm-reachability-metadata/forge/local_repositories/forge_worktrees/9399-98de3fcc/metadata/org.junit.platform/junit-platform-reporting/1.9.2,/home/oracle/oracle/graalvm-reachability-metadata/forge/local_repositories/forge_worktrees/9399-98de3fcc/metadata/org.junit.vintage/junit-vintage-engine/5.9.1,/home/oracle/oracle/graalvm-reachability-metadata/forge/local_repositories/forge_worktrees/9399-98de3fcc/metadata/junit/junit/4.13.2,/home/oracle/oracle/graalvm-reachability-metadata/forge/local_repositories/forge_worktrees/9399-98de3fcc/metadata/org.hamcrest/hamcrest-core/1.3,/home/oracle/oracle/graalvm-reachability-metadata/forge/local_repositories/forge_worktrees/9399-98de3fcc/metadata/org.springframework/spring-aspects/6.0.0,/home/oracle/oracle/graalvm-reachability-metadata/forge/local_repositories/forge_worktrees/9399-98de3fcc/metadata/org.aspectj/aspectjweaver/1.9.7,/home/oracle/oracle/graalvm-reachability-metadata/forge/local_repositories/forge_worktrees/9399-98de3fcc/metadata/org.springframework/spring-context/6.0.0,/home/oracle/oracle/graalvm-reachability-metadata/forge/local_repositories/forge_worktrees/9399-98de3fcc/metadata/org.springframework/spring-aop/6.0.0,/home/oracle/oracle/graalvm-reachability-metadata/forge/local_repositories/forge_worktrees/9399-98de3fcc/metadata/org.springframework/spring-beans/5.3.15,/home/oracle/oracle/graalvm-reachability-metadata/forge/local_repositories/forge_worktrees/9399-98de3fcc/metadata/org.springframework/spring-core/5.3.15,/home/oracle/oracle/graalvm-reachability-metadata/forge/local_repositories/forge_worktrees/9399-98de3fcc/metadata/org.springframework/spring-jcl/5.3.15,/home/oracle/oracle/graalvm-reachability-metadata/forge/local_repositories/forge_worktrees/9399-98de3fcc/metadata/org.springframework/spring-expression/5.3.15,/home/oracle/oracle/graalvm-reachability-metadata/forge/local_repositories/forge_worktrees/9399-98de3fcc/metadata/org.springframework/spring-tx/6.0.0 \
-H:Optimize@user+api=b \
-H:+ReportExceptionStackTraces@user \
-H:TrackDynamicAccess@user=path=/tmp/metadata-forge-gradle/dc7946488e7e4c64/ro-dep-cache/modules-2/files-2.1/org.springframework/spring-aspects/6.0.0/632714d11afc67f0b4b53511f203c778e0df21db/spring-aspects-6.0.0.jar \
-H:Preserve@user=path=/tmp/metadata-forge-gradle/dc7946488e7e4c64/ro-dep-cache/modules-2/files-2.1/org.springframework/spring-aspects/6.0.0/632714d11afc67f0b4b53511f203c778e0df21db/spring-aspects-6.0.0.jar \
-H:Features@user+api=org.graalvm.junit.platform.JUnitPlatformFeature \
'-H:Class@explicit main-class=org.graalvm.junit.platform.NativeImageJUnitLauncher' \
-H:ImageBuildID@driver=2eae328f-5c50-289f-cca9-3854978a2d84 \
'-H:AddExports@jar:file:///home/oracle/.local/graalvm/graalvm-25.4.4.1.1-dev+1.1/lib/svm/svm-guest.jar!/META-INF/native-image/org.graalvm.nativeimage.guest/native-image.properties+api=java.base/jdk.internal.misc=org.graalvm.nativeimage.guest' \
'-H:Features@jar:file:///home/oracle/.local/graalvm/graalvm-25.4.4.1.1-dev+1.1/lib/svm/svm-guest.jar!/META-INF/native-image/org.graalvm.nativeimage.guest/native-image.properties+api=com.oracle.svm.guest.features.jdk.hosted.JavaNetHttpFeature' \
'-H:ClassInitialization@jar:file:///home/oracle/.local/graalvm/graalvm-25.4.4.1.1-dev+1.1/lib/svm/svm-guest.jar!/META-INF/native-image/org.graalvm.nativeimage.guest/native-image.properties+api=sun.net.httpserver.simpleserver:run_time' \
'-H:ReachabilityMetadataResources@jar:file:///home/oracle/.local/graalvm/graalvm-25.4.4.1.1-dev+1.1/lib/svm/svm-guest.jar!/META-INF/native-image/org.graalvm.nativeimage.guest/reachability-metadata.json+api=META-INF/native-image/org.graalvm.nativeimage.guest/reachability-metadata.json' \
'-H:Features@jar:file:///home/oracle/.local/graalvm/graalvm-25.4.4.1.1-dev+1.1/lib/svm/library-support.jar!/META-INF/native-image/com.oracle.svm/polyglot/native-image.properties+api=com.oracle.svm.polyglot.groovy.GroovyIndyInterfaceFeature' \
-H:DriverWarningsCount=4
]
Warning: Option 'FallbackThreshold' is deprecated and might be removed in a future release: It no longer has any effect, and no replacement is available. Please refer to the GraalVM release notes.
========================================================================================================================
GraalVM Native Image: Generating 'org.springframework.spring-aspects_tests-tests' (executable)...
========================================================================================================================
For detailed information and explanations on the build output, visit:
https://github.com/oracle/graal/blob/master/docs/reference-manual/native-image/BuildOutput.md
------------------------------------------------------------------------------------------------------------------------
[1/8] Initializing...                                                                                   (5.0s @ 0.22GiB)
 Builder configuration:
 - Java version: 25.0.4.1.1+1-LTS, vendor version: Oracle GraalVM 25.4.4.1.1-dev+1.1
 - Graal compiler: optimization level: b, target machine: x86-64-v3, PGO: off
 - C compiler: gcc (linux, x86_64, 13.3.0)
 - Assertions: disabled, system assertions: disabled
 - 2 user-specific feature(s):
   - org.graalvm.junit.platform.JUnitPlatformFeature
   - org.springframework.aot.nativex.feature.PreComputeFieldFeature
 Image configuration:
 - Garbage collector: Serial GC (max heap size: 80% of RAM)
 - Assertions: disabled (class-specific config may apply), system assertions: disabled
------------------------------------------------------------------------------------------------------------------------
 2 experimental option(s) unlocked:
 - '-H:Preserve' (origin(s): command line)
 - '-H:TrackDynamicAccess' (origin(s): command line)
------------------------------------------------------------------------------------------------------------------------
Build resources:
 - 23.09GiB of memory (74.1% of system memory, using all available memory)
 - 12 thread(s) (100.0% of 12 available processor(s), determined at start)
[junit-platform-native] Running in 'test listener' mode using files matching pattern [junit-platform-unique-ids*] found in folder [/home/oracle/oracle/graalvm-reachability-metadata/forge/local_repositories/forge_worktrees/9399-98de3fcc/tests/src/org.springframework/spring-aspects/5.3.31/build/test-results/test/testlist] and its subfolders.
Field org.springframework.transaction.interceptor.TransactionAspectSupport#vavrPresent set to false at build time
Field org.springframework.transaction.interceptor.TransactionAspectSupport#reactiveStreamsPresent set to false at build time
Field org.springframework.transaction.annotation.AnnotationTransactionAttributeSource#jta12Present set to false at build time
Field org.springframework.transaction.annotation.AnnotationTransactionAttributeSource#ejb3Present set to false at build time
Field org.springframework.core.KotlinDetector#kotlinPresent set to false at build time
Field org.springframework.core.KotlinDetector#kotlinReflectPresent set to false at build time
Field org.springframework.context.annotation.CommonAnnotationBeanPostProcessor#jndiPresent will be evaluated at runtime due to this error during build time evaluation: jakarta/annotation/Resource
Field org.springframework.core.NativeDetector#imageCode set to true at build time
[2/8] Performing analysis...  [*****]                                                                  (22.1s @ 0.95GiB)
    9,739 types,  11,346 fields, and  42,353 methods found reachable
      564 types,     167 fields, and   1,184 methods registered for reflection
      153 types,      90 fields, and     170 methods registered for JNI access
      194 resource accesses registered with 451.47KiB total size
        5 native libraries: dl, m, pthread, rt, z
[3/8] Building universe...                                                                              (2.9s @ 1.09GiB)
[4/8] Parsing methods...      [**]                                                                      (2.5s @ 0.80GiB)
[5/8] Inlining methods...     [***]                                                                     (1.0s @ 0.86GiB)
[6/8] Compiling methods...    [***]                                                                    (11.7s @ 1.02GiB)
[7/8] Laying out methods...   [**]                                                                      (4.0s @ 0.95GiB)
[8/8] Creating image...       [**]                                                                      (3.0s @ 1.12GiB)
  10.03MiB (37.29%) for code area:    26,721 compilation units
  13.88MiB (51.56%) for image heap:  215,575 objects and 55 resources
   3.00MiB (11.15%) for other data
  26.91MiB in total image size, 24.63MiB in total file size
------------------------------------------------------------------------------------------------------------------------
Top 10 origins of code area:                                Top 10 object types in image heap:
   1.09MiB o.g.n.runtime/com.oracle.svm.core.code              2.95MiB byte[] for string data
 750.65KiB java.base/java.util                                 2.91MiB byte[] for code metadata
 403.90KiB java.base/jdk.internal.classfile.impl               1.56MiB java.base/java.lang.String
 324.82KiB java.base/java.lang                                 1.14MiB java.base/java.lang.Class
 244.10KiB java.base/java.util.concurrent                      1.04MiB o.g.n.runtime/c.o.s.core.hub.DynamicHubCompanion
 228.93KiB org.springframework.asm                           652.72KiB byte[] for general heap data
 221.21KiB org.assertj.core.internal.bytebuddy.jar.asm       521.94KiB byte[] for reflection metadata
 219.98KiB java.base/java.text                               453.99KiB byte[] for embedded resources
 213.19KiB java.base/com.sun.crypto.provider                 383.16KiB java.base/java.lang.Object[]
 152.51KiB o.g.n.runtime/com.oracle.svm.core.genscavenge     232.01KiB java.base/java.lang.String[]
   6.25MiB for 384 more packages                               2.09MiB for 2176 more object types
                            Use '--emit build-report' to create a report with more details.
------------------------------------------------------------------------------------------------------------------------
Security report:
 - Binary includes Java deserialization.
 - CycloneDX SBOM with 27 component(s) is embedded in binary (1.35KiB). 7 type(s) could not be associated to a component.
 - Advanced obfuscation not enabled; enable with '-H:AdvancedObfuscation=""' (experimental support).
------------------------------------------------------------------------------------------------------------------------
Recommendations:
 G1GC: Use the G1 GC ('--gc=G1') for improved latency and throughput.
 PGO:  Use Profile-Guided Optimizations ('--pgo') for improved throughput.
 FUTR: Use '--future-defaults=all' to prepare for future releases.
 HEAP: Set max heap for improved and more predictable memory usage.
 CPU:  Enable more CPU features with '-march=native' for improved performance.
------------------------------------------------------------------------------------------------------------------------
                       3.8s (7.0% of total time) in 663 GCs | Peak RSS: 1.84GiB | CPU load: 9.07
------------------------------------------------------------------------------------------------------------------------
Build artifacts:
 /home/oracle/oracle/graalvm-reachability-metadata/forge/local_repositories/forge_worktrees/9399-98de3fcc/tests/src/org.springframework/spring-aspects/5.3.31/build/native/nativeTestCompile/libmanagement_ext.so (jdk_library, 32.23KiB)
 /home/oracle/oracle/graalvm-reachability-metadata/forge/local_repositories/forge_worktrees/9399-98de3fcc/tests/src/org.springframework/spring-aspects/5.3.31/build/native/nativeTestCompile/org.springframework.spring-aspects_tests-tests (executable, 24.63MiB)
========================================================================================================================
Finished generating 'org.springframework.spring-aspects_tests-tests' in 54.0s.

The build process encountered 5 warnings.

[native-image-plugin] Native Image written to: /home/oracle/oracle/graalvm-reachability-metadata/forge/local_repositories/forge_worktrees/9399-98de3fcc/tests/src/org.springframework/spring-aspects/5.3.31/build/native/nativeTestCompile

> Task :generateDynamicAccessReport

[Incubating] Problems report is available at: file:///home/oracle/oracle/graalvm-reachability-metadata/forge/local_repositories/forge_worktrees/9399-98de3fcc/tests/src/org.springframework/spring-aspects/5.3.31/build/reports/problems/problems-report.html

Deprecated Gradle features were used in this build, making it incompatible with Gradle 10.

You can use '--warning-mode all' to show the individual deprecation warnings and determine if they come from your own scripts or plugins.

For more on this, please refer to https://docs.gradle.org/9.1.0/userguide/command_line_interface.html#sec:command_line_warnings in the Gradle documentation.

BUILD SUCCESSFUL in 56s
18 actionable tasks: 2 executed, 16 up-to-date
Consider enabling configuration cache to speed up this build: https://docs.gradle.org/9.1.0/userguide/configuration_cache_enabling.html
No dynamic access JSON files were generated for org.springframework:spring-aspects:6.0.0 because the output directory is missing: /home/oracle/oracle/graalvm-reachability-metadata/forge/local_repositories/forge_worktrees/9399-98de3fcc/tests/src/org.springframework/spring-aspects/5.3.31/build/native/nativeTestCompile/dynamic-access

[Incubating] Problems report is available at: file:///home/oracle/oracle/graalvm-reachability-metadata/forge/local_repositories/forge_worktrees/9399-98de3fcc/build/reports/problems/problems-report.html

Deprecated Gradle features were used in this build, making it incompatible with Gradle 10.

You can use '--warning-mode all' to show the individual deprecation warnings and determine if they come from your own scripts or plugins.

For more on this, please refer to https://docs.gradle.org/9.1.0/userguide/command_line_interface.html#sec:command_line_warnings in the Gradle documentation.

BUILD SUCCESSFUL in 56s
9 actionable tasks: 1 executed, 8 up-to-date

> Task :generateDynamicAccessCoverageReport FAILED

[Incubating] Problems report is available at: file:///home/oracle/oracle/graalvm-reachability-metadata/forge/local_repositories/forge_worktrees/9399-98de3fcc/build/reports/problems/problems-report.html

FAILURE: Build failed with an exception.

* What went wrong:
Execution failed for task ':generateDynamicAccessCoverageReport'.
> Dynamic-access input for org.springframework:spring-aspects:6.0.0 was not produced: /home/oracle/oracle/graalvm-reachability-metadata/forge/local_repositories/forge_worktrees/9399-98de3fcc/tests/src/org.springframework/spring-aspects/5.3.31/build/native/nativeTestCompile/dynamic-access.
  The native test build must generate it before coverage can be reported; writing an empty report here would be indistinguishable from a library that has no dynamic access.

* Try:
> Run with --stacktrace option to get the stack trace.
> Run with --info or --debug option to get more log output.
> Run with --scan to generate a Build Scan (Powered by Develocity).
> Get more help at https://help.gradle.org.

Deprecated Gradle features were used in this build, making it incompatible with Gradle 10.

You can use '--warning-mode all' to show the individual deprecation warnings and determine if they come from your own scripts or plugins.

For more on this, please refer to https://docs.gradle.org/9.1.0/userguide/command_line_interface.html#sec:command_line_warnings in the Gradle documentation.

BUILD FAILED in 1m 5s
9 actionable tasks: 1 executed, 8 up-to-date
